Collecting jsonschema==4.23.0 (from -r tests/model/requirements-validation.txt (line 1))
  Downloading jsonschema-4.23.0-py3-none-any.whl.metadata (7.9 kB)
Collecting attrs==26.1.0 (from -r tests/model/requirements-validation.txt (line 2))
  Downloading attrs-26.1.0-py3-none-any.whl.metadata (8.8 kB)
Collecting jsonschema-specifications==2025.9.1 (from -r tests/model/requirements-validation.txt (line 3))
  Downloading jsonschema_specifications-2025.9.1-py3-none-any.whl.metadata (2.9 kB)
Collecting referencing==0.37.0 (from -r tests/model/requirements-validation.txt (line 4))
  Downloading referencing-0.37.0-py3-none-any.whl.metadata (2.8 kB)
Collecting rpds-py==2026.6.3 (from -r tests/model/requirements-validation.txt (line 5))
  Downloading rpds_py-2026.6.3-cp311-cp311-win_amd64.whl.metadata (4.2 kB)
Collecting typing_extensions==4.16.0 (from -r tests/model/requirements-validation.txt (line 6))
  Downloading typing_extensions-4.16.0-py3-none-any.whl.metadata (3.3 kB)
Downloading jsonschema-4.23.0-py3-none-any.whl (88 kB)
   ---------------------------------------- 88.5/88.5 kB 294.1 kB/s eta 0:00:00
Downloading attrs-26.1.0-py3-none-any.whl (67 kB)
   ---------------------------------------- 67.5/67.5 kB 1.2 MB/s eta 0:00:00
Downloading jsonschema_specifications-2025.9.1-py3-none-any.whl (18 kB)
Downloading referencing-0.37.0-py3-none-any.whl (26 kB)
Downloading rpds_py-2026.6.3-cp311-cp311-win_amd64.whl (223 kB)
   -------------------------------------- 223.2/223.2 kB 910.2 kB/s eta 0:00:00
Downloading typing_extensions-4.16.0-py3-none-any.whl (45 kB)
   ---------------------------------------- 45.6/45.6 kB ? eta 0:00:00
Saved e:\vs2019qt5.15\3d\build\python-wheel-cache\jsonschema-4.23.0-py3-none-any.whl
Saved e:\vs2019qt5.15\3d\build\python-wheel-cache\attrs-26.1.0-py3-none-any.whl
Saved e:\vs2019qt5.15\3d\build\python-wheel-cache\jsonschema_specifications-2025.9.1-py3-none-any.whl
Saved e:\vs2019qt5.15\3d\build\python-wheel-cache\referencing-0.37.0-py3-none-any.whl
Saved e:\vs2019qt5.15\3d\build\python-wheel-cache\rpds_py-2026.6.3-cp311-cp311-win_amd64.whl
Saved e:\vs2019qt5.15\3d\build\python-wheel-cache\typing_extensions-4.16.0-py3-none-any.whl
Successfully downloaded jsonschema attrs jsonschema-specifications referencing rpds-py typing_extensions
