CMake is re-running because J:/Code/Kernel_v2/build/b4-debug/tests/contract/native/CMakeFiles/generate.stamp is out-of-date.
  the file 'J:/Code/Kernel_v2/tests/contract/native/CMakeLists.txt'
  is newer than 'J:/Code/Kernel_v2/build/b4-debug/tests/contract/native/CMakeFiles/generate.stamp.depend'
  result='-1'
-- Configuring done (2.4s)
-- Generating done (0.3s)
-- Build files have been written to: J:/Code/Kernel_v2/build/b4-debug
适用于 .NET Framework MSBuild 版本 17.14.23+b0019275e

  ock_Adapter_CpuPool.vcxproj -> J:\Code\Kernel_v2\build\b4-debug\Debug\ock_Adapter_CpuPool.lib
  host_execution.cpp
  host.cpp
  invocation.cpp
  正在生成代码...
  ock_Runtime.vcxproj -> J:\Code\Kernel_v2\build\b4-debug\Debug\ock_Runtime.lib
  main.cpp
  ock_native_service.vcxproj -> J:\Code\Kernel_v2\build\b4-debug\examples\native_service\Debug\ock_native_service.exe
  native_tests.cpp
  execution_service_cases.cpp
J:\Code\Kernel_v2\packages\runtime\include\ock\runtime\detail\invocation.hpp(384,84): error C2662: “bool std::stop_source::request_stop(void) noexcept”: 不能将“this”指针从“const std::stop_source”转换为“std::stop_source &” [J:\Code\Kernel_v2\build\b4-debug\tests\contract\native\ock_native_tests.vcxproj]
  (编译源文件“../../../../../tests/contract/native/native_tests.cpp”)
      J:\Code\Kernel_v2\packages\runtime\include\ock\runtime\detail\invocation.hpp(384,77):
      转换丢失限定符
      E:\vs2022IDE\VC\Tools\MSVC\14.44.35207\include\stop_token(232,10):
      参见“std::stop_source::request_stop”的声明
      J:\Code\Kernel_v2\packages\runtime\include\ock\runtime\detail\invocation.hpp(384,84):
      尝试匹配参数列表“()”时
      J:\Code\Kernel_v2\packages\runtime\include\ock\runtime\detail\invocation.hpp(384,84):
      模板实例化上下文(最早的实例化上下文)为
          J:\Code\Kernel_v2\tests\contract\native\managed_cases.hpp(23,11):
          查看对正在编译的 类 模板 实例化“ock::runtime::executions::detail::InvocationRecord<int,int>”的引用
          J:\Code\Kernel_v2\packages\runtime\include\ock\runtime\detail\invocation.hpp(485,27):
          在编译 类 模板 成员函数“tl::expected<void,ock::foundation::Error> ock::runtime::executions::detail::InvocationRecord<int,int>::before_child_wait(std::span<const ock::runtime::resources::Claim,18446744073709551615>) const”时
          J:\Code\Kernel_v2\packages\runtime\include\ock\runtime\detail\invocation.hpp(355,9):
          在编译类“ock::runtime::executions::detail::InvocationRecord<int,int>::AsyncCall”时
          J:\Code\Kernel_v2\packages\runtime\include\ock\runtime\detail\invocation.hpp(391,46):
          查看对正在编译的 类 模板 实例化“std::optional<std::stop_callback<ock::runtime::executions::detail::InvocationRecord<int,int>::AsyncCall::Relay>>”的引用
          E:\vs2022IDE\VC\Tools\MSVC\14.44.35207\include\optional(227,26):
          查看对正在编译的 别名 模板 实例化“std::_SMF_control<std::_Optional_construct_base<_Ty>,_Ty>”的引用
          with
          [
              _Ty=std::stop_callback<ock::runtime::executions::detail::InvocationRecord<int,int>::AsyncCall::Relay>
          ]
          E:\vs2022IDE\VC\Tools\MSVC\14.44.35207\include\xsmf_control.h(159,22):
          查看对正在编译的 别名 模板 实例化“std::_SMF_control_move_assign<std::_Optional_construct_base<_Ty>,_Ty>”的引用
          with
          [
              _Ty=std::stop_callback<ock::runtime::executions::detail::InvocationRecord<int,int>::AsyncCall::Relay>
          ]
          E:\vs2022IDE\VC\Tools\MSVC\14.44.35207\include\xsmf_control.h(152,19):
          查看指向正在编译的变量模板“const bool conjunction_v<std::is_trivially_destructible<std::stop_callback<ock::runtime::executions::detail::InvocationRecord<int,int>::AsyncCall::Relay> >,std::is_trivially_move_constructible<std::stop_callback<ock::runtime::executions::detail::InvocationRecord<int,int>::AsyncCall::Relay> >,std::is_trivially_move_assignable<std::stop_callback<ock::runtime::executions::detail::InvocationRecord<int,int>::AsyncCall::Relay> > >”的引用
          E:\vs2022IDE\VC\Tools\MSVC\14.44.35207\include\xsmf_control.h(152,19):
          查看对正在编译的 类 模板 实例化“std::stop_callback<ock::runtime::executions::detail::InvocationRecord<int,int>::AsyncCall::Relay>”的引用
          J:\Code\Kernel_v2\packages\runtime\include\ock\runtime\detail\invocation.hpp(384,12):
          在编译类“ock::runtime::executions::detail::InvocationRecord<int,int>::AsyncCall::Relay”时
          J:\Code\Kernel_v2\packages\runtime\include\ock\runtime\detail\invocation.hpp(384,48):
          在编译 类 模板 成员函数“void ock::runtime::executions::detail::InvocationRecord<int,int>::AsyncCall::Relay::operator ()(void) noexcept const”时
              E:\vs2022IDE\VC\Tools\MSVC\14.44.35207\include\stop_token(383,73):
              请参阅 "std::stop_callback<ock::runtime::executions::detail::InvocationRecord<int,int>::AsyncCall::Relay>::_Invoke_by_stop" 中对 "ock::runtime::executions::detail::InvocationRecord<int,int>::AsyncCall::Relay::operator ()" 的第一个引用
              E:\vs2022IDE\VC\Tools\MSVC\14.44.35207\include\stop_token(364,30):
              请参阅 "std::stop_callback<ock::runtime::executions::detail::InvocationRecord<int,int>::AsyncCall::Relay>::stop_callback" 中对 "std::stop_callback<ock::runtime::executions::detail::InvocationRecord<int,int>::AsyncCall::Relay>::_Invoke_by_stop" 的第一个引用
              E:\vs2022IDE\VC\Tools\MSVC\14.44.35207\include\xutility(476,61):
              请参阅 "std::_Construct_in_place" 中对 "std::stop_callback<ock::runtime::executions::detail::InvocationRecord<int,int>::AsyncCall::Relay>::stop_callback" 的第一个引用
              E:\vs2022IDE\VC\Tools\MSVC\14.44.35207\include\optional(156,14):
              请参阅 "std::_Optional_construct_base<_Ty>::_Construct" 中对 "std::_Construct_in_place" 的第一个引用
          with
          [
              _Ty=std::stop_callback<ock::runtime::executions::detail::InvocationRecord<int,int>::AsyncCall::Relay>
          ]
              E:\vs2022IDE\VC\Tools\MSVC\14.44.35207\include\optional(354,9):
              请参阅 "std::optional<std::stop_callback<ock::runtime::executions::detail::InvocationRecord<int,int>::AsyncCall::Relay>>::emplace" 中对 "std::_Optional_construct_base<_Ty>::_Construct" 的第一个引用
          with
          [
              _Ty=std::stop_callback<ock::runtime::executions::detail::InvocationRecord<int,int>::AsyncCall::Relay>
          ]
              J:\Code\Kernel_v2\packages\runtime\include\ock\runtime\detail\invocation.hpp(373,24):
              请参阅 "ock::runtime::executions::detail::InvocationRecord<int,int>::AsyncCall::activate" 中对 "std::optional<std::stop_callback<ock::runtime::executions::detail::InvocationRecord<int,int>::AsyncCall::Relay>>::emplace" 的第一个引用
              J:\Code\Kernel_v2\packages\runtime\include\ock\runtime\detail\invocation.hpp(523,23):
              请参阅 "ock::runtime::executions::detail::InvocationRecord<int,int>::start_async" 中对 "ock::runtime::executions::detail::InvocationRecord<int,int>::AsyncCall::activate" 的第一个引用
              J:\Code\Kernel_v2\packages\runtime\include\ock\runtime\detail\invocation.hpp(449,23):
              请参阅 "ock::runtime::executions::detail::InvocationRecord<int,int>::run_once" 中对 "ock::runtime::executions::detail::InvocationRecord<int,int>::start_async" 的第一个引用
              J:\Code\Kernel_v2\tests\contract\native\managed_cases.hpp(48,3):
              请参阅 "native_test::managed_record" 中对 "ock::runtime::executions::detail::InvocationRecord<int,int>::run_once" 的第一个引用
  
J:\Code\Kernel_v2\packages\runtime\include\ock\runtime\detail\invocation.hpp(384,84): error C2662: “bool std::stop_source::request_stop(void) noexcept”: 不能将“this”指针从“const std::stop_source”转换为“std::stop_source &” [J:\Code\Kernel_v2\build\b4-debug\tests\contract\native\ock_native_tests.vcxproj]
  (编译源文件“../../../../../tests/contract/native/execution_service_cases.cpp”)
      J:\Code\Kernel_v2\packages\runtime\include\ock\runtime\detail\invocation.hpp(384,77):
      转换丢失限定符
      E:\vs2022IDE\VC\Tools\MSVC\14.44.35207\include\stop_token(232,10):
      参见“std::stop_source::request_stop”的声明
      J:\Code\Kernel_v2\packages\runtime\include\ock\runtime\detail\invocation.hpp(384,84):
      尝试匹配参数列表“()”时
      J:\Code\Kernel_v2\packages\runtime\include\ock\runtime\detail\invocation.hpp(384,84):
      模板实例化上下文(最早的实例化上下文)为
          J:\Code\Kernel_v2\tests\contract\native\execution_service_cases.cpp(30,11):
          查看对正在编译的 类 模板 实例化“ock::runtime::executions::detail::InvocationRecord<int,int>”的引用
          J:\Code\Kernel_v2\packages\runtime\include\ock\runtime\detail\invocation.hpp(485,27):
          在编译 类 模板 成员函数“tl::expected<void,ock::foundation::Error> ock::runtime::executions::detail::InvocationRecord<int,int>::before_child_wait(std::span<const ock::runtime::resources::Claim,18446744073709551615>) const”时
          J:\Code\Kernel_v2\packages\runtime\include\ock\runtime\detail\invocation.hpp(355,9):
          在编译类“ock::runtime::executions::detail::InvocationRecord<int,int>::AsyncCall”时
          J:\Code\Kernel_v2\packages\runtime\include\ock\runtime\detail\invocation.hpp(391,46):
          查看对正在编译的 类 模板 实例化“std::optional<std::stop_callback<ock::runtime::executions::detail::InvocationRecord<int,int>::AsyncCall::Relay>>”的引用
          E:\vs2022IDE\VC\Tools\MSVC\14.44.35207\include\optional(227,26):
          查看对正在编译的 别名 模板 实例化“std::_SMF_control<std::_Optional_construct_base<_Ty>,_Ty>”的引用
          with
          [
              _Ty=std::stop_callback<ock::runtime::executions::detail::InvocationRecord<int,int>::AsyncCall::Relay>
          ]
          E:\vs2022IDE\VC\Tools\MSVC\14.44.35207\include\xsmf_control.h(159,22):
          查看对正在编译的 别名 模板 实例化“std::_SMF_control_move_assign<std::_Optional_construct_base<_Ty>,_Ty>”的引用
          with
          [
              _Ty=std::stop_callback<ock::runtime::executions::detail::InvocationRecord<int,int>::AsyncCall::Relay>
          ]
          E:\vs2022IDE\VC\Tools\MSVC\14.44.35207\include\xsmf_control.h(152,19):
          查看指向正在编译的变量模板“const bool conjunction_v<std::is_trivially_destructible<std::stop_callback<ock::runtime::executions::detail::InvocationRecord<int,int>::AsyncCall::Relay> >,std::is_trivially_move_constructible<std::stop_callback<ock::runtime::executions::detail::InvocationRecord<int,int>::AsyncCall::Relay> >,std::is_trivially_move_assignable<std::stop_callback<ock::runtime::executions::detail::InvocationRecord<int,int>::AsyncCall::Relay> > >”的引用
          E:\vs2022IDE\VC\Tools\MSVC\14.44.35207\include\xsmf_control.h(152,19):
          查看对正在编译的 类 模板 实例化“std::stop_callback<ock::runtime::executions::detail::InvocationRecord<int,int>::AsyncCall::Relay>”的引用
          J:\Code\Kernel_v2\packages\runtime\include\ock\runtime\detail\invocation.hpp(384,12):
          在编译类“ock::runtime::executions::detail::InvocationRecord<int,int>::AsyncCall::Relay”时
          J:\Code\Kernel_v2\packages\runtime\include\ock\runtime\detail\invocation.hpp(384,48):
          在编译 类 模板 成员函数“void ock::runtime::executions::detail::InvocationRecord<int,int>::AsyncCall::Relay::operator ()(void) noexcept const”时
              E:\vs2022IDE\VC\Tools\MSVC\14.44.35207\include\stop_token(383,73):
              请参阅 "std::stop_callback<ock::runtime::executions::detail::InvocationRecord<int,int>::AsyncCall::Relay>::_Invoke_by_stop" 中对 "ock::runtime::executions::detail::InvocationRecord<int,int>::AsyncCall::Relay::operator ()" 的第一个引用
              E:\vs2022IDE\VC\Tools\MSVC\14.44.35207\include\stop_token(364,30):
              请参阅 "std::stop_callback<ock::runtime::executions::detail::InvocationRecord<int,int>::AsyncCall::Relay>::stop_callback" 中对 "std::stop_callback<ock::runtime::executions::detail::InvocationRecord<int,int>::AsyncCall::Relay>::_Invoke_by_stop" 的第一个引用
              E:\vs2022IDE\VC\Tools\MSVC\14.44.35207\include\xutility(476,61):
              请参阅 "std::_Construct_in_place" 中对 "std::stop_callback<ock::runtime::executions::detail::InvocationRecord<int,int>::AsyncCall::Relay>::stop_callback" 的第一个引用
              E:\vs2022IDE\VC\Tools\MSVC\14.44.35207\include\optional(156,14):
              请参阅 "std::_Optional_construct_base<_Ty>::_Construct" 中对 "std::_Construct_in_place" 的第一个引用
          with
          [
              _Ty=std::stop_callback<ock::runtime::executions::detail::InvocationRecord<int,int>::AsyncCall::Relay>
          ]
              E:\vs2022IDE\VC\Tools\MSVC\14.44.35207\include\optional(354,9):
              请参阅 "std::optional<std::stop_callback<ock::runtime::executions::detail::InvocationRecord<int,int>::AsyncCall::Relay>>::emplace" 中对 "std::_Optional_construct_base<_Ty>::_Construct" 的第一个引用
          with
          [
              _Ty=std::stop_callback<ock::runtime::executions::detail::InvocationRecord<int,int>::AsyncCall::Relay>
          ]
              J:\Code\Kernel_v2\packages\runtime\include\ock\runtime\detail\invocation.hpp(373,24):
              请参阅 "ock::runtime::executions::detail::InvocationRecord<int,int>::AsyncCall::activate" 中对 "std::optional<std::stop_callback<ock::runtime::executions::detail::InvocationRecord<int,int>::AsyncCall::Relay>>::emplace" 的第一个引用
              J:\Code\Kernel_v2\packages\runtime\include\ock\runtime\detail\invocation.hpp(523,23):
              请参阅 "ock::runtime::executions::detail::InvocationRecord<int,int>::start_async" 中对 "ock::runtime::executions::detail::InvocationRecord<int,int>::AsyncCall::activate" 的第一个引用
              J:\Code\Kernel_v2\packages\runtime\include\ock\runtime\detail\invocation.hpp(449,23):
              请参阅 "ock::runtime::executions::detail::InvocationRecord<int,int>::run_once" 中对 "ock::runtime::executions::detail::InvocationRecord<int,int>::start_async" 的第一个引用
  
  structured_cases.cpp
J:\Code\Kernel_v2\packages\runtime\include\ock\runtime\detail\invocation.hpp(384,84): error C2662: “bool std::stop_source::request_stop(void) noexcept”: 不能将“this”指针从“const std::stop_source”转换为“std::stop_source &” [J:\Code\Kernel_v2\build\b4-debug\tests\contract\native\ock_native_tests.vcxproj]
  (编译源文件“../../../../../tests/contract/native/structured_cases.cpp”)
      J:\Code\Kernel_v2\packages\runtime\include\ock\runtime\detail\invocation.hpp(384,77):
      转换丢失限定符
      E:\vs2022IDE\VC\Tools\MSVC\14.44.35207\include\stop_token(232,10):
      参见“std::stop_source::request_stop”的声明
      J:\Code\Kernel_v2\packages\runtime\include\ock\runtime\detail\invocation.hpp(384,84):
      尝试匹配参数列表“()”时
      J:\Code\Kernel_v2\packages\runtime\include\ock\runtime\detail\invocation.hpp(384,84):
      模板实例化上下文(最早的实例化上下文)为
          J:\Code\Kernel_v2\tests\contract\native\structured_cases.cpp(88,32):
          查看对正在编译的 类 模板 实例化“tl::expected<ock::runtime::host::HostBound<int,int>,ock::foundation::Error>”的引用
          J:\Code\Kernel_v2\build\d0.06-a\cache\sources\expected-fe3b18aecb84\include\tl\expected.hpp(1039,19):
          查看对正在编译的 类 模板 实例化“tl::detail::conjunction<std::is_trivially_destructible<T>,std::is_trivially_move_constructible<T>,std::is_trivially_move_assignable<T>>”的引用
          with
          [
              T=ock::runtime::host::HostBound<int,int>
          ]
          J:\Code\Kernel_v2\build\d0.06-a\cache\sources\expected-fe3b18aecb84\include\tl\expected.hpp(242,32):
          查看对正在编译的 类 模板 实例化“ock::runtime::host::HostBound<int,int>”的引用
          J:\Code\Kernel_v2\packages\runtime\include\ock\runtime\detail\host.hpp(84,73):
          在编译 类 模板 成员函数“ock::contracts::SubmitReply ock::runtime::host::HostBound<int,int>::submit(A,const ock::runtime::invocation::InvokeOptions &) const”时
          with
          [
              A=int
          ]
              J:\Code\Kernel_v2\tests\contract\native\structured_cases.cpp(115,17):
              请参阅 "native_test::host_structured_lifetime" 中对 "ock::runtime::host::HostBound<int,int>::submit" 的第一个引用
          J:\Code\Kernel_v2\packages\runtime\include\ock\runtime\detail\host.hpp(89,58):
          查看对正在编译的 类 模板 实例化“ock::runtime::executions::detail::InvocationRecord<A,R>”的引用
          with
          [
              A=int,
              R=int
          ]
          J:\Code\Kernel_v2\packages\runtime\include\ock\runtime\detail\invocation.hpp(485,27):
          在编译 类 模板 成员函数“tl::expected<void,ock::foundation::Error> ock::runtime::executions::detail::InvocationRecord<A,R>::before_child_wait(std::span<const ock::runtime::resources::Claim,18446744073709551615>) const”时
          with
          [
              A=int,
              R=int
          ]
          J:\Code\Kernel_v2\packages\runtime\include\ock\runtime\detail\invocation.hpp(355,9):
          在编译类“ock::runtime::executions::detail::InvocationRecord<A,R>::AsyncCall”时
          with
          [
              A=int,
              R=int
          ]
          J:\Code\Kernel_v2\packages\runtime\include\ock\runtime\detail\invocation.hpp(391,46):
          查看对正在编译的 类 模板 实例化“std::optional<std::stop_callback<ock::runtime::executions::detail::InvocationRecord<A,R>::AsyncCall::Relay>>”的引用
          with
          [
              A=int,
              R=int
          ]
          E:\vs2022IDE\VC\Tools\MSVC\14.44.35207\include\optional(227,26):
          查看对正在编译的 别名 模板 实例化“std::_SMF_control<std::_Optional_construct_base<_Ty>,_Ty>”的引用
          with
          [
              _Ty=std::stop_callback<ock::runtime::executions::detail::InvocationRecord<int,int>::AsyncCall::Relay>
          ]
          E:\vs2022IDE\VC\Tools\MSVC\14.44.35207\include\xsmf_control.h(159,22):
          查看对正在编译的 别名 模板 实例化“std::_SMF_control_move_assign<std::_Optional_construct_base<_Ty>,_Ty>”的引用
          with
          [
              _Ty=std::stop_callback<ock::runtime::executions::detail::InvocationRecord<int,int>::AsyncCall::Relay>
          ]
          E:\vs2022IDE\VC\Tools\MSVC\14.44.35207\include\xsmf_control.h(152,19):
          查看指向正在编译的变量模板“const bool conjunction_v<std::is_trivially_destructible<std::stop_callback<ock::runtime::executions::detail::InvocationRecord<int,int>::AsyncCall::Relay> >,std::is_trivially_move_constructible<std::stop_callback<ock::runtime::executions::detail::InvocationRecord<int,int>::AsyncCall::Relay> >,std::is_trivially_move_assignable<std::stop_callback<ock::runtime::executions::detail::InvocationRecord<int,int>::AsyncCall::Relay> > >”的引用
          E:\vs2022IDE\VC\Tools\MSVC\14.44.35207\include\xsmf_control.h(152,19):
          查看对正在编译的 类 模板 实例化“std::stop_callback<ock::runtime::executions::detail::InvocationRecord<A,R>::AsyncCall::Relay>”的引用
          with
          [
              A=int,
              R=int
          ]
          J:\Code\Kernel_v2\packages\runtime\include\ock\runtime\detail\invocation.hpp(384,12):
          在编译类“ock::runtime::executions::detail::InvocationRecord<A,R>::AsyncCall::Relay”时
          with
          [
              A=int,
              R=int
          ]
          J:\Code\Kernel_v2\packages\runtime\include\ock\runtime\detail\invocation.hpp(384,48):
          在编译 类 模板 成员函数“void ock::runtime::executions::detail::InvocationRecord<A,R>::AsyncCall::Relay::operator ()(void) noexcept const”时
          with
          [
              A=int,
              R=int
          ]
              E:\vs2022IDE\VC\Tools\MSVC\14.44.35207\include\stop_token(383,73):
              请参阅 "std::stop_callback<ock::runtime::executions::detail::InvocationRecord<A,R>::AsyncCall::Relay>::_Invoke_by_stop" 中对 "ock::runtime::executions::detail::InvocationRecord<A,R>::AsyncCall::Relay::operator ()" 的第一个引用
          with
          [
              A=int,
              R=int
          ]
              E:\vs2022IDE\VC\Tools\MSVC\14.44.35207\include\stop_token(364,30):
              请参阅 "std::stop_callback<ock::runtime::executions::detail::InvocationRecord<A,R>::AsyncCall::Relay>::stop_callback" 中对 "std::stop_callback<ock::runtime::executions::detail::InvocationRecord<A,R>::AsyncCall::Relay>::_Invoke_by_stop" 的第一个引用
          with
          [
              A=int,
              R=int
          ]
              E:\vs2022IDE\VC\Tools\MSVC\14.44.35207\include\xutility(476,61):
              请参阅 "std::_Construct_in_place" 中对 "std::stop_callback<ock::runtime::executions::detail::InvocationRecord<A,R>::AsyncCall::Relay>::stop_callback" 的第一个引用
          with
          [
              A=int,
              R=int
          ]
              E:\vs2022IDE\VC\Tools\MSVC\14.44.35207\include\optional(156,14):
              请参阅 "std::_Optional_construct_base<_Ty>::_Construct" 中对 "std::_Construct_in_place" 的第一个引用
          with
          [
              _Ty=std::stop_callback<ock::runtime::executions::detail::InvocationRecord<int,int>::AsyncCall::Relay>
          ]
              E:\vs2022IDE\VC\Tools\MSVC\14.44.35207\include\optional(354,9):
              请参阅 "std::optional<std::stop_callback<ock::runtime::executions::detail::InvocationRecord<A,R>::AsyncCall::Relay>>::emplace" 中对 "std::_Optional_construct_base<_Ty>::_Construct" 的第一个引用
          with
          [
              A=int,
              R=int
          ]
          and
          [
              _Ty=std::stop_callback<ock::runtime::executions::detail::InvocationRecord<int,int>::AsyncCall::Relay>
          ]
              J:\Code\Kernel_v2\packages\runtime\include\ock\runtime\detail\invocation.hpp(373,24):
              请参阅 "ock::runtime::executions::detail::InvocationRecord<A,R>::AsyncCall::activate" 中对 "std::optional<std::stop_callback<ock::runtime::executions::detail::InvocationRecord<A,R>::AsyncCall::Relay>>::emplace" 的第一个引用
          with
          [
              A=int,
              R=int
          ]
              J:\Code\Kernel_v2\packages\runtime\include\ock\runtime\detail\invocation.hpp(523,23):
              请参阅 "ock::runtime::executions::detail::InvocationRecord<A,R>::start_async" 中对 "ock::runtime::executions::detail::InvocationRecord<A,R>::AsyncCall::activate" 的第一个引用
          with
          [
              A=int,
              R=int
          ]
              J:\Code\Kernel_v2\packages\runtime\include\ock\runtime\detail\invocation.hpp(449,23):
              请参阅 "ock::runtime::executions::detail::InvocationRecord<A,R>::run_once" 中对 "ock::runtime::executions::detail::InvocationRecord<A,R>::start_async" 的第一个引用
          with
          [
              A=int,
              R=int
          ]
  
  async_cases.cpp
J:\Code\Kernel_v2\tests\contract\native\async_cases.cpp(9,6): error C2039: "mutex": 不是 "std" 的成员 [J:\Code\Kernel_v2\build\b4-debug\tests\contract\native\ock_native_tests.vcxproj]
      E:\vs2022IDE\VC\Tools\MSVC\14.44.35207\include\thread(37,1):
      参见“std”的声明
  
J:\Code\Kernel_v2\tests\contract\native\async_cases.cpp(9,6): error C4430: 缺少类型说明符 - 假定为 int。注意: C++ 不支持默认 int [J:\Code\Kernel_v2\build\b4-debug\tests\contract\native\ock_native_tests.vcxproj]
J:\Code\Kernel_v2\tests\contract\native\async_cases.cpp(9,12): error C2146: 语法错误: 缺少“;”(在标识符“async_mutex”的前面) [J:\Code\Kernel_v2\build\b4-debug\tests\contract\native\ock_native_tests.vcxproj]
J:\Code\Kernel_v2\tests\contract\native\async_cases.cpp(14,56): error C2039: "lock_guard": 不是 "std" 的成员 [J:\Code\Kernel_v2\build\b4-debug\tests\contract\native\ock_native_tests.vcxproj]
      E:\vs2022IDE\VC\Tools\MSVC\14.44.35207\include\thread(37,1):
      参见“std”的声明
  
J:\Code\Kernel_v2\tests\contract\native\async_cases.cpp(14,56): error C2065: “lock_guard”: 未声明的标识符 [J:\Code\Kernel_v2\build\b4-debug\tests\contract\native\ock_native_tests.vcxproj]
J:\Code\Kernel_v2\tests\contract\native\async_cases.cpp(14,67): error C2146: 语法错误: 缺少“;”(在标识符“lock”的前面) [J:\Code\Kernel_v2\build\b4-debug\tests\contract\native\ock_native_tests.vcxproj]
J:\Code\Kernel_v2\tests\contract\native\async_cases.cpp(14,72): error C2065: “async_mutex”: 未声明的标识符 [J:\Code\Kernel_v2\build\b4-debug\tests\contract\native\ock_native_tests.vcxproj]
J:\Code\Kernel_v2\tests\contract\native\async_cases.cpp(14,67): error C3861: “lock”: 找不到标识符 [J:\Code\Kernel_v2\build\b4-debug\tests\contract\native\ock_native_tests.vcxproj]
J:\Code\Kernel_v2\tests\contract\native\async_cases.cpp(15,50): error C2039: "lock_guard": 不是 "std" 的成员 [J:\Code\Kernel_v2\build\b4-debug\tests\contract\native\ock_native_tests.vcxproj]
      E:\vs2022IDE\VC\Tools\MSVC\14.44.35207\include\thread(37,1):
      参见“std”的声明
  
J:\Code\Kernel_v2\tests\contract\native\async_cases.cpp(15,50): error C2065: “lock_guard”: 未声明的标识符 [J:\Code\Kernel_v2\build\b4-debug\tests\contract\native\ock_native_tests.vcxproj]
J:\Code\Kernel_v2\tests\contract\native\async_cases.cpp(15,61): error C2146: 语法错误: 缺少“;”(在标识符“lock”的前面) [J:\Code\Kernel_v2\build\b4-debug\tests\contract\native\ock_native_tests.vcxproj]
J:\Code\Kernel_v2\tests\contract\native\async_cases.cpp(15,66): error C2065: “async_mutex”: 未声明的标识符 [J:\Code\Kernel_v2\build\b4-debug\tests\contract\native\ock_native_tests.vcxproj]
J:\Code\Kernel_v2\tests\contract\native\async_cases.cpp(15,61): error C3861: “lock”: 找不到标识符 [J:\Code\Kernel_v2\build\b4-debug\tests\contract\native\ock_native_tests.vcxproj]
J:\Code\Kernel_v2\tests\contract\native\async_cases.cpp(18,9): error C2039: "lock_guard": 不是 "std" 的成员 [J:\Code\Kernel_v2\build\b4-debug\tests\contract\native\ock_native_tests.vcxproj]
      E:\vs2022IDE\VC\Tools\MSVC\14.44.35207\include\thread(37,1):
      参见“std”的声明
  
J:\Code\Kernel_v2\tests\contract\native\async_cases.cpp(18,9): error C2065: “lock_guard”: 未声明的标识符 [J:\Code\Kernel_v2\build\b4-debug\tests\contract\native\ock_native_tests.vcxproj]
J:\Code\Kernel_v2\tests\contract\native\async_cases.cpp(18,20): error C2146: 语法错误: 缺少“;”(在标识符“lock”的前面) [J:\Code\Kernel_v2\build\b4-debug\tests\contract\native\ock_native_tests.vcxproj]
J:\Code\Kernel_v2\tests\contract\native\async_cases.cpp(18,25): error C2065: “async_mutex”: 未声明的标识符 [J:\Code\Kernel_v2\build\b4-debug\tests\contract\native\ock_native_tests.vcxproj]
J:\Code\Kernel_v2\tests\contract\native\async_cases.cpp(18,20): error C3861: “lock”: 找不到标识符 [J:\Code\Kernel_v2\build\b4-debug\tests\contract\native\ock_native_tests.vcxproj]
  正在生成代码...
