Internal ctest changing into directory: J:/Code/Kernel_v2/build/b4-debug
Test project J:/Code/Kernel_v2/build/b4-debug
      Start 100: T02.native.registered_compute
 1/12 Test #100: T02.native.registered_compute .........   Passed    0.05 sec
      Start 101: T02.native.registered_read
 2/12 Test #101: T02.native.registered_read ............   Passed    0.06 sec
      Start 103: T03.native.cancel_and_budget
 3/12 Test #103: T03.native.cancel_and_budget ..........   Passed    0.05 sec
      Start 106: T03.native.managed_resources
 4/12 Test #106: T03.native.managed_resources ..........   Passed    0.04 sec
      Start 110: T03.native.reentrant_and_concurrent
 5/12 Test #110: T03.native.reentrant_and_concurrent ...   Passed    0.06 sec
      Start 111: T03.native.resource_lifetime
 6/12 Test #111: T03.native.resource_lifetime ..........   Passed    0.05 sec
      Start 112: T03.native.thread_modes
 7/12 Test #112: T03.native.thread_modes ...............   Passed    0.05 sec
      Start 115: T06.native.authority_origin
 8/12 Test #115: T06.native.authority_origin ...........   Passed    0.06 sec
      Start 119: T06.native.managed_admission
 9/12 Test #119: T06.native.managed_admission ..........   Passed    0.04 sec
      Start 123: T06.native.revoke_and_regrant
10/12 Test #123: T06.native.revoke_and_regrant .........   Passed    0.08 sec
      Start 125: T06.native.target_binding
11/12 Test #125: T06.native.target_binding .............   Passed    0.05 sec
      Start 129: T23.native.allocation_steady
12/12 Test #129: T23.native.allocation_steady ..........   Passed    0.21 sec

100% tests passed, 0 tests failed out of 12

Label Time Summary:
D1.05    =   0.79 sec*proc (12 tests)

Total Test time (real) =   0.82 sec
