适用于 .NET Framework MSBuild 版本 17.14.23+b0019275e

  payload.cpp
  ock_probe_jsoncons.vcxproj -> J:\Code\Kernel_v2\build\b2-sdk-debug\Debug\ock_probe_jsoncons.exe
  policy.cpp
  ock_probe_expected.vcxproj -> J:\Code\Kernel_v2\build\b2-sdk-debug\Debug\ock_probe_expected.exe
  ock_probe_toolchain.vcxproj -> J:\Code\Kernel_v2\build\b2-sdk-debug\Debug\ock_probe_toolchain.exe
  sdk_metadata.cpp
  ock_sdk_metadata_probe.vcxproj -> J:\Code\Kernel_v2\build\b2-sdk-debug\Debug\ock_sdk_metadata_probe.exe
  ock_Data.vcxproj -> J:\Code\Kernel_v2\build\b2-sdk-debug\Debug\ock_Data.lib
  ock_Runtime.vcxproj -> J:\Code\Kernel_v2\build\b2-sdk-debug\Debug\ock_Runtime.lib
  payload.cpp
  observation_wire.cpp
  parser_seed_contract.vcxproj -> J:\Code\Kernel_v2\build\b2-sdk-debug\tests\unit\data\Debug\parser_seed_contract.exe
  schema.cpp
  outcome_wire.cpp
  payload_contract.vcxproj -> J:\Code\Kernel_v2\build\b2-sdk-debug\tests\unit\data\Debug\payload_contract.exe
  protocol.cpp
  正在生成代码...
  ock_ControlProtocol.vcxproj -> J:\Code\Kernel_v2\build\b2-sdk-debug\Debug\ock_ControlProtocol.lib
  frame.cpp
  observation_wire.cpp
  ock_Dynamic.vcxproj -> J:\Code\Kernel_v2\build\b2-sdk-debug\Debug\ock_Dynamic.lib
  protocol_contract.vcxproj -> J:\Code\Kernel_v2\build\b2-sdk-debug\tests\unit\data\Debug\protocol_contract.exe
  subscription.cpp
  observation_wire_contract.vcxproj -> J:\Code\Kernel_v2\build\b2-sdk-debug\tests\unit\data\Debug\observation_wire_contract.exe
  binding_parity.vcxproj -> J:\Code\Kernel_v2\build\b2-sdk-debug\tests\unit\data\Debug\binding_parity.exe
  cursor.cpp
  schema_contract.vcxproj -> J:\Code\Kernel_v2\build\b2-sdk-debug\tests\unit\data\Debug\schema_contract.exe
  正在生成代码...
  outcome_wire_contract.vcxproj -> J:\Code\Kernel_v2\build\b2-sdk-debug\tests\unit\data\Debug\outcome_wire_contract.exe
  ock_Control.vcxproj -> J:\Code\Kernel_v2\build\b2-sdk-debug\Debug\ock_Control.lib
  subscription.cpp
  native.cpp
  catalog_contract.vcxproj -> J:\Code\Kernel_v2\build\b2-sdk-debug\tests\unit\data\Debug\catalog_contract.exe
  get_contract.vcxproj -> J:\Code\Kernel_v2\build\b2-sdk-debug\tests\unit\data\Debug\get_contract.exe
  router_contract.vcxproj -> J:\Code\Kernel_v2\build\b2-sdk-debug\tests\unit\data\Debug\router_contract.exe
  cursor_contract.vcxproj -> J:\Code\Kernel_v2\build\b2-sdk-debug\tests\unit\data\Debug\cursor_contract.exe
  list_contract.vcxproj -> J:\Code\Kernel_v2\build\b2-sdk-debug\tests\unit\data\Debug\list_contract.exe
  subscription_contract.vcxproj -> J:\Code\Kernel_v2\build\b2-sdk-debug\tests\unit\data\Debug\subscription_contract.exe
  dynamic_native_contract.vcxproj -> J:\Code\Kernel_v2\build\b2-sdk-debug\tests\unit\data\Debug\dynamic_native_contract.exe
