Internal ctest changing into directory: E:/VS2019Qt5.15/3D/build/d1.03-debug-integration
Test project E:/VS2019Qt5.15/3D/build/d1.03-debug-integration
      Start 289: T02.registration.atomic_candidate_contract
 1/25 Test #289: T02.registration.atomic_candidate_contract ......   Passed    0.02 sec
      Start 290: T02.registration.batch_k_failure_atomic
 2/25 Test #290: T02.registration.batch_k_failure_atomic .........   Passed    0.02 sec
      Start 291: T02.registration.callback_exception_cleanup
 3/25 Test #291: T02.registration.callback_exception_cleanup .....   Passed    0.02 sec
      Start 292: T02.registration.declared_operations_complete
 4/25 Test #292: T02.registration.declared_operations_complete ...   Passed    0.02 sec
      Start 293: T02.registration.error_budget_sticky
 5/25 Test #293: T02.registration.error_budget_sticky ............   Passed    0.03 sec
      Start 294: T02.registration.exact_operation_versions
 6/25 Test #294: T02.registration.exact_operation_versions .......   Passed    0.02 sec
      Start 295: T02.registration.execution_capabilities
 7/25 Test #295: T02.registration.execution_capabilities .........   Passed    0.02 sec
      Start 296: T02.registration.ignored_errors_sticky
 8/25 Test #296: T02.registration.ignored_errors_sticky ..........   Passed    0.03 sec
      Start 297: T02.registration.manifest_owned_budget
 9/25 Test #297: T02.registration.manifest_owned_budget ..........   Passed   35.12 sec
      Start 298: T02.registration.module_cycles_rejected
10/25 Test #298: T02.registration.module_cycles_rejected .........   Passed    0.04 sec
      Start 299: T02.registration.module_dag_order
11/25 Test #299: T02.registration.module_dag_order ...............   Passed    0.02 sec
      Start 300: T02.registration.module_identity_versions
12/25 Test #300: T02.registration.module_identity_versions .......   Passed    0.02 sec
      Start 301: T02.registration.provider_binding
13/25 Test #301: T02.registration.provider_binding ...............   Passed    0.02 sec
      Start 302: T02.registration.schema_capability_absent
14/25 Test #302: T02.registration.schema_capability_absent .......   Passed    0.03 sec
      Start 303: T02.registration.service_binding
15/25 Test #303: T02.registration.service_binding ................   Passed    0.02 sec
      Start 304: T02.registration.shape_compile_contract
16/25 Test #304: T02.registration.shape_compile_contract .........   Passed   54.86 sec
      Start 305: T05.registration.exact_fingerprint
17/25 Test #305: T05.registration.exact_fingerprint ..............   Passed    0.03 sec
      Start 306: T05.registration.failure_preserves_catalog
18/25 Test #306: T05.registration.failure_preserves_catalog ......   Passed    0.02 sec
      Start 307: T05.registration.publish_once_freeze
19/25 Test #307: T05.registration.publish_once_freeze ............   Passed    0.02 sec
      Start 308: T05.registration.registry_generation
20/25 Test #308: T05.registration.registry_generation ............   Passed    0.03 sec
      Start 309: T05.registration.snapshot_lifetime
21/25 Test #309: T05.registration.snapshot_lifetime ..............   Passed    0.02 sec
      Start 310: T05.registration.typed_binding_success
22/25 Test #310: T05.registration.typed_binding_success ..........   Passed    0.03 sec
      Start 311: T24.registration.cold_docs_separation
23/25 Test #311: T24.registration.cold_docs_separation ...........   Passed    0.25 sec
      Start 312: T24.registration.handler_not_exposed
24/25 Test #312: T24.registration.handler_not_exposed ............   Passed   48.76 sec
      Start 313: T24.registration.internal_component_boundary
25/25 Test #313: T24.registration.internal_component_boundary ....   Passed    6.28 sec

100% tests passed, 0 tests failed out of 25

Label Time Summary:
D1.03    = 145.71 sec*proc (25 tests)

Total Test time (real) = 145.88 sec
