Internal ctest changing into directory: J:/Code/Kernel_v2/build/b2-sdk-debug
Test project J:/Code/Kernel_v2/build/b2-sdk-debug
    Start  1: T24.b2.installed_consumer
1/7 Test  #1: T24.b2.installed_consumer ........   Passed   23.28 sec
    Start 14: T20.ipc.two_process
2/7 Test #14: T20.ipc.two_process ..............   Passed    0.65 sec
    Start 15: T19.ipc.authorization_start
3/7 Test #15: T19.ipc.authorization_start ......   Passed    0.45 sec
    Start 16: T22.ipc.backpressure
4/7 Test #16: T22.ipc.backpressure .............   Passed    3.44 sec
    Start 17: T20.ipc.remote_rejection
5/7 Test #17: T20.ipc.remote_rejection .........   Passed    0.22 sec
    Start 20: T20.ipc.router_security
6/7 Test #20: T20.ipc.router_security ..........   Passed    1.37 sec
    Start 57: T03.host.catalog_context
7/7 Test #57: T03.host.catalog_context .........   Passed    0.35 sec

100% tests passed, 0 tests failed out of 7

Label Time Summary:
B2       =  23.28 sec*proc (1 test)
B3       =   6.12 sec*proc (5 tests)
D1.06    =   0.35 sec*proc (1 test)
D2.05    =   6.12 sec*proc (5 tests)

Total Test time (real) =  29.76 sec
