适用于 .NET Framework MSBuild 版本 17.14.40+3e7442088

  1>Checking Build System
  Building Custom Rule E:/VS2019Qt5.15/3D/CMakeLists.txt
  catch_amalgamated.cpp
  Building Custom Rule E:/VS2019Qt5.15/3D/CMakeLists.txt
  asio.cpp
  Building Custom Rule E:/VS2019Qt5.15/3D/CMakeLists.txt
  sqlite3.c
  ock_probe_asio.vcxproj -> E:\VS2019Qt5.15\3D\build\win-msvc-release\Release\ock_probe_asio.exe
  Building Custom Rule E:/VS2019Qt5.15/3D/build/d0.06-a/cache/sources/benchmark-17fbd9d8ea36/src/CMakeLists.txt
  benchmark.cc
  ock_dep_catch2.vcxproj -> E:\VS2019Qt5.15\3D\build\win-msvc-release\Release\ock_dep_catch2.lib
  Building Custom Rule E:/VS2019Qt5.15/3D/CMakeLists.txt
  catch2.cpp
  benchmark_api_internal.cc
  benchmark_name.cc
  benchmark_register.cc
  benchmark_runner.cc
  check.cc
  colorprint.cc
  commandlineflags.cc
  complexity.cc
  console_reporter.cc
  counter.cc
  csv_reporter.cc
  json_reporter.cc
  perf_counters.cc
  reporter.cc
  statistics.cc
  string_util.cc
  sysinfo.cc
  timers.cc
  ock_probe_catch2.vcxproj -> E:\VS2019Qt5.15\3D\build\win-msvc-release\Release\ock_probe_catch2.exe
  Building Custom Rule E:/VS2019Qt5.15/3D/CMakeLists.txt
  cli11.cpp
  benchmark.vcxproj -> E:\VS2019Qt5.15\3D\build\win-msvc-release\_upstream\benchmark\src\Release\benchmark.lib
  Building Custom Rule E:/VS2019Qt5.15/3D/CMakeLists.txt
  benchmark.cpp
  ock_probe_benchmark.vcxproj -> E:\VS2019Qt5.15\3D\build\win-msvc-release\Release\ock_probe_benchmark.exe
  Building Custom Rule E:/VS2019Qt5.15/3D/CMakeLists.txt
  expected.cpp
  Building Custom Rule E:/VS2019Qt5.15/3D/build/d0.06-a/cache/sources/fmt-95f89f1eb3b5/CMakeLists.txt
  ock_probe_expected.vcxproj -> E:\VS2019Qt5.15\3D\build\win-msvc-release\Release\ock_probe_expected.exe
  format.cc
  ock_probe_cli11.vcxproj -> E:\VS2019Qt5.15\3D\build\win-msvc-release\Release\ock_probe_cli11.exe
  os.cc
  ock_dep_sqlite.vcxproj -> E:\VS2019Qt5.15\3D\build\win-msvc-release\Release\ock_dep_sqlite.lib
  Building Custom Rule E:/VS2019Qt5.15/3D/CMakeLists.txt
  immer.cpp
  正在生成代码...
  Building Custom Rule E:/VS2019Qt5.15/3D/CMakeLists.txt
  jsoncons.cpp
  fmt.vcxproj -> E:\VS2019Qt5.15\3D\build\win-msvc-release\_upstream\fmt\Release\fmt.lib
  Building Custom Rule E:/VS2019Qt5.15/3D/CMakeLists.txt
  fmt.cpp
  ock_probe_immer.vcxproj -> E:\VS2019Qt5.15\3D\build\win-msvc-release\Release\ock_probe_immer.exe
  ock_probe_fmt.vcxproj -> E:\VS2019Qt5.15\3D\build\win-msvc-release\Release\ock_probe_fmt.exe
  Building Custom Rule E:/VS2019Qt5.15/3D/build/d0.06-a/cache/sources/spdlog-8730cb1e8f30/CMakeLists.txt
  spdlog.cpp
  Building Custom Rule E:/VS2019Qt5.15/3D/CMakeLists.txt
  thread_pool.cpp
  stdout_sinks.cpp
  ock_probe_thread_pool.vcxproj -> E:\VS2019Qt5.15\3D\build\win-msvc-release\Release\ock_probe_thread_pool.exe
  color_sinks.cpp
  Building Custom Rule E:/VS2019Qt5.15/3D/CMakeLists.txt
  toml11.cpp
  file_sinks.cpp
  async.cpp
  cfg.cpp
  ock_probe_jsoncons.vcxproj -> E:\VS2019Qt5.15\3D\build\win-msvc-release\Release\ock_probe_jsoncons.exe
  Building Custom Rule E:/VS2019Qt5.15/3D/CMakeLists.txt
  sqlite.cpp
  正在生成代码...
  ock_probe_toml11.vcxproj -> E:\VS2019Qt5.15\3D\build\win-msvc-release\Release\ock_probe_toml11.exe
  Building Custom Rule E:/VS2019Qt5.15/3D/CMakeLists.txt
  toolchain.cpp
  ock_probe_sqlite.vcxproj -> E:\VS2019Qt5.15\3D\build\win-msvc-release\Release\ock_probe_sqlite.exe
  ock_probe_toolchain.vcxproj -> E:\VS2019Qt5.15\3D\build\win-msvc-release\Release\ock_probe_toolchain.exe
  Building Custom Rule E:/VS2019Qt5.15/3D/CMakeLists.txt
  sdk_metadata.cpp
  spdlog.vcxproj -> E:\VS2019Qt5.15\3D\build\win-msvc-release\_upstream\spdlog\Release\spdlog.lib
  Building Custom Rule E:/VS2019Qt5.15/3D/CMakeLists.txt
  spdlog.cpp
  ock_sdk_metadata_probe.vcxproj -> E:\VS2019Qt5.15\3D\build\win-msvc-release\Release\ock_sdk_metadata_probe.exe
  ock_probe_spdlog.vcxproj -> E:\VS2019Qt5.15\3D\build\win-msvc-release\Release\ock_probe_spdlog.exe
  Building Custom Rule E:/VS2019Qt5.15/3D/CMakeLists.txt
