适用于 .NET Framework MSBuild 版本 17.14.40+3e7442088

  1>Checking Build System
  Building Custom Rule E:/VS2019Qt5.15/3D/CMakeLists.txt
  asan.cpp
  Building Custom Rule E:/VS2019Qt5.15/3D/build/d0.06-a/cache/sources/fmt-95f89f1eb3b5/CMakeLists.txt
  format.cc
  ock_probe_asan.vcxproj -> E:\VS2019Qt5.15\3D\build\win-msvc-asan\Debug\ock_probe_asan.exe
  Building Custom Rule E:/VS2019Qt5.15/3D/CMakeLists.txt
  expected.cpp
  os.cc
  正在生成代码...
  ock_probe_expected.vcxproj -> E:\VS2019Qt5.15\3D\build\win-msvc-asan\Debug\ock_probe_expected.exe
  fmt.vcxproj -> E:\VS2019Qt5.15\3D\build\win-msvc-asan\_upstream\fmt\Debug\fmtd.lib
  Building Custom Rule E:/VS2019Qt5.15/3D/build/d0.06-a/cache/sources/spdlog-8730cb1e8f30/CMakeLists.txt
  Building Custom Rule E:/VS2019Qt5.15/3D/CMakeLists.txt
  fmt.cpp
  spdlog.cpp
  ock_probe_fmt.vcxproj -> E:\VS2019Qt5.15\3D\build\win-msvc-asan\Debug\ock_probe_fmt.exe
  Building Custom Rule E:/VS2019Qt5.15/3D/CMakeLists.txt
  thread_pool.cpp
  Building Custom Rule E:/VS2019Qt5.15/3D/CMakeLists.txt
  toolchain.cpp
  stdout_sinks.cpp
  Building Custom Rule E:/VS2019Qt5.15/3D/CMakeLists.txt
  ock_probe_toolchain.vcxproj -> E:\VS2019Qt5.15\3D\build\win-msvc-asan\Debug\ock_probe_toolchain.exe
  sdk_metadata.cpp
  ock_sdk_metadata_probe.vcxproj -> E:\VS2019Qt5.15\3D\build\win-msvc-asan\Debug\ock_sdk_metadata_probe.exe
  color_sinks.cpp
  ock_probe_thread_pool.vcxproj -> E:\VS2019Qt5.15\3D\build\win-msvc-asan\Debug\ock_probe_thread_pool.exe
  file_sinks.cpp
  async.cpp
  cfg.cpp
  正在生成代码...
  spdlog.vcxproj -> E:\VS2019Qt5.15\3D\build\win-msvc-asan\_upstream\spdlog\Debug\spdlogd.lib
  Building Custom Rule E:/VS2019Qt5.15/3D/CMakeLists.txt
  spdlog.cpp
  ock_probe_spdlog.vcxproj -> E:\VS2019Qt5.15\3D\build\win-msvc-asan\Debug\ock_probe_spdlog.exe
  Building Custom Rule E:/VS2019Qt5.15/3D/CMakeLists.txt
