Internal ctest changing into directory: J:/Code/Kernel_v2/build/b2-sdk-debug
Test project J:/Code/Kernel_v2/build/b2-sdk-debug
    Start 15: T19.ipc.authorization_start
1/1 Test #15: T19.ipc.authorization_start ......***Failed    0.30 sec
revoked server exit 1 output  errors message authenticated
watch subscribed
pump revoked ock.policy:8
closed ready=1
pumped==runtime::policy::StartResult::NotStarted

revoked  message authenticated
watch subscribed
pump revoked ock.policy:8
closed ready=1
pumped==runtime::policy::StartResult::NotStarted

Traceback (most recent call last):
  File "J:\Code\Kernel_v2\tests\integration\windows_ipc\observation.py", line 36, in <module>
    header = read_exact(pipe, 12)
             ^^^^^^^^^^^^^^^^^^^^
  File "J:\Code\Kernel_v2\tests\integration\windows_ipc\observation.py", line 22, in read_exact
    assert chunk, "truncated frame"
           ^^^^^
AssertionError: truncated frame


0% tests passed, 1 tests failed out of 1

Label Time Summary:
B3       =   0.30 sec*proc (1 test)
D2.05    =   0.30 sec*proc (1 test)

Total Test time (real) =   0.31 sec

The following tests FAILED:
	 15 - T19.ipc.authorization_start (Failed)              B3 D2.05
