适用于 .NET Framework MSBuild 版本 17.14.40+3e7442088

  1>Checking Build System
  Building Custom Rule E:/VS2019Qt5.15/3D/tests/dependencies/CMakeLists.txt
  正在扫描源以查找模块依赖项...
  asan.cpp
  Building Custom Rule E:/VS2019Qt5.15/3D/build/d0.06-a/cache/sources/fmt-95f89f1eb3b5/CMakeLists.txt
  format.cc
  Building Custom Rule E:/VS2019Qt5.15/3D/tests/dependencies/CMakeLists.txt
  正在扫描源以查找模块依赖项...
  thread_pool.cpp
  正在编译...
  正在编译...
  asan.cpp
  thread_pool.cpp
  Building Custom Rule E:/VS2019Qt5.15/3D/tests/dependencies/CMakeLists.txt
  Building Custom Rule E:/VS2019Qt5.15/3D/tests/dependencies/CMakeLists.txt
  正在扫描源以查找模块依赖项...
  正在扫描源以查找模块依赖项...
  expected.cpp
  toolchain.cpp
  os.cc
  正在编译...
  expected.cpp
  ock_probe_asan.vcxproj -> E:\VS2019Qt5.15\3D\build\d0.06-a\asan\Debug\ock_probe_asan.exe
  正在编译...
  toolchain.cpp
  正在生成代码...
  ock_probe_expected.vcxproj -> E:\VS2019Qt5.15\3D\build\d0.06-a\asan\Debug\ock_probe_expected.exe
  ock_probe_toolchain.vcxproj -> E:\VS2019Qt5.15\3D\build\d0.06-a\asan\Debug\ock_probe_toolchain.exe
  fmt.vcxproj -> E:\VS2019Qt5.15\3D\build\d0.06-a\asan\_upstream\fmt\Debug\fmtd.lib
  ock_probe_thread_pool.vcxproj -> E:\VS2019Qt5.15\3D\build\d0.06-a\asan\Debug\ock_probe_thread_pool.exe
  Building Custom Rule E:/VS2019Qt5.15/3D/tests/dependencies/CMakeLists.txt
  Building Custom Rule E:/VS2019Qt5.15/3D/build/d0.06-a/cache/sources/spdlog-8730cb1e8f30/CMakeLists.txt
  正在扫描源以查找模块依赖项...
  spdlog.cpp
  fmt.cpp
  正在编译...
  fmt.cpp
  ock_probe_fmt.vcxproj -> E:\VS2019Qt5.15\3D\build\d0.06-a\asan\Debug\ock_probe_fmt.exe
  stdout_sinks.cpp
  color_sinks.cpp
  file_sinks.cpp
  async.cpp
  cfg.cpp
  正在生成代码...
  spdlog.vcxproj -> E:\VS2019Qt5.15\3D\build\d0.06-a\asan\_upstream\spdlog\Debug\spdlogd.lib
  Building Custom Rule E:/VS2019Qt5.15/3D/tests/dependencies/CMakeLists.txt
  CMake is re-running because E:/VS2019Qt5.15/3D/build/d0.06-a/asan/CMakeFiles/generate.stamp is out-of-date.
    the file 'E:/VS2019Qt5.15/3D/cmake/Dependencies.cmake'
    is newer than 'E:/VS2019Qt5.15/3D/build/d0.06-a/asan/CMakeFiles/generate.stamp.depend'
    result='-1'
  -- {fmt} version: 11.1.4
  -- Build type: 
  -- Build spdlog: 1.15.1
  -- Build type: 
  -- Configuring done (2.4s)
  -- Generating done (1.5s)
  -- Build files have been written to: E:/VS2019Qt5.15/3D/build/d0.06-a/asan
  正在扫描源以查找模块依赖项...
  spdlog.cpp
  正在编译...
  spdlog.cpp
  ock_probe_spdlog.vcxproj -> E:\VS2019Qt5.15\3D\build\d0.06-a\asan\Debug\ock_probe_spdlog.exe
  Building Custom Rule E:/VS2019Qt5.15/3D/tests/dependencies/CMakeLists.txt
