适用于 .NET Framework MSBuild 版本 17.14.23+b0019275e

__________________________________________________
项目“J:\Code\Kernel_v2\build\b4-debug\tests\contract\native\ock_native_tests.vcxproj”(默认目标):

__________________________________________________
项目“J:\Code\Kernel_v2\build\b4-debug\tests\contract\native\ock_native_tests.vcxproj”正在生成“J:\Code\Kernel_v2\build\b4-debug\ZERO_CHECK.vcxproj”(默认目标):

__________________________________________________
项目“J:\Code\Kernel_v2\build\b4-debug\ZERO_CHECK.vcxproj”正在生成“J:\Code\Kernel_v2\build\b4-debug\ock_Adapter_CpuPool.vcxproj”(默认目标):

__________________________________________________
项目“J:\Code\Kernel_v2\build\b4-debug\ock_Adapter_CpuPool.vcxproj”正在生成“J:\Code\Kernel_v2\build\b4-debug\ZERO_CHECK.vcxproj”(默认目标):

__________________________________________________
项目“J:\Code\Kernel_v2\build\b4-debug\ZERO_CHECK.vcxproj”正在生成“J:\Code\Kernel_v2\build\b4-debug\ZERO_CHECK.vcxproj”(GetNativeManifest 目标):

__________________________________________________
项目“J:\Code\Kernel_v2\build\b4-debug\ZERO_CHECK.vcxproj”正在生成“J:\Code\Kernel_v2\build\b4-debug\ZERO_CHECK.vcxproj”(GetProjectInfoForReference 目标):

ock_Adapter_CpuPool.vcxproj -> J:\Code\Kernel_v2\build\b4-debug\Debug\ock_Adapter_CpuPool.lib
__________________________________________________
项目“J:\Code\Kernel_v2\build\b4-debug\ZERO_CHECK.vcxproj”正在生成“J:\Code\Kernel_v2\build\b4-debug\ZERO_CHECK.vcxproj”(GetCopyToOutputDirectoryItems 目标):

__________________________________________________
项目“J:\Code\Kernel_v2\build\b4-debug\ZERO_CHECK.vcxproj”正在生成“J:\Code\Kernel_v2\build\b4-debug\ock_Runtime.vcxproj”(默认目标):

__________________________________________________
项目“J:\Code\Kernel_v2\build\b4-debug\ock_Runtime.vcxproj”正在生成“J:\Code\Kernel_v2\build\b4-debug\ZERO_CHECK.vcxproj”(默认目标):

__________________________________________________
项目“J:\Code\Kernel_v2\build\b4-debug\ZERO_CHECK.vcxproj”正在生成“J:\Code\Kernel_v2\build\b4-debug\ZERO_CHECK.vcxproj”(GetNativeManifest 目标):

__________________________________________________
项目“J:\Code\Kernel_v2\build\b4-debug\ZERO_CHECK.vcxproj”正在生成“J:\Code\Kernel_v2\build\b4-debug\ZERO_CHECK.vcxproj”(GetProjectInfoForReference 目标):

J:/Code/Kernel_v2/build/msvc-validation/e8697b7e3597a578/bin/CL.exe /c /IJ:\Code\Kernel_v2\packages\runtime\include /IJ:\Code\Kernel_v2 /IJ:\Code\Kernel_v2\packages\contracts\include /IJ:\Code\Kernel_v2\packages\foundation\include /Z7 /nologo /W1 /WX- /diagnostics:column /Od /Ob0 /D _MBCS /D WIN32 /D _WINDOWS /D "CMAKE_INTDIR=\"Debug\"" /EHsc /RTC1 /MDd /GS /fp:precise /Zc:wchar_t /Zc:forScope /Zc:inline /std:c++20 /permissive- /Fo"ock_Runtime.dir\Debug\\" /Fd"J:\Code\Kernel_v2\build\b4-debug\Debug\ock_Runtime.pdb" /external:W0 /Gd /TP /errorReport:queue  /external:I "J:/Code/Kernel_v2/build/d0.06-a/cache/sources/expected-fe3b18aecb84/include" /utf-8 /Zc:__cplusplus J:\Code\Kernel_v2\packages\runtime\executions\host_execution.cpp J:\Code\Kernel_v2\packages\runtime\host\host.cpp
host_execution.cpp
host.cpp
正在生成代码...
J:/Code/Kernel_v2/build/msvc-validation/e8697b7e3597a578/bin/Lib.exe /OUT:"J:\Code\Kernel_v2\build\b4-debug\Debug\ock_Runtime.lib" /NOLOGO /MACHINE:X64  /machine:x64 ock_Runtime.dir\Debug\registry.obj
ock_Runtime.dir\Debug\policy.obj
ock_Runtime.dir\Debug\invocation.obj
ock_Runtime.dir\Debug\host.obj
ock_Runtime.dir\Debug\scheduler.obj
ock_Runtime.dir\Debug\resources.obj
ock_Runtime.dir\Debug\resource_wait_binding.obj
ock_Runtime.dir\Debug\execution_identity.obj
ock_Runtime.dir\Debug\host_execution.obj
ock_Runtime.dir\Debug\logging.obj
ock_Runtime.vcxproj -> J:\Code\Kernel_v2\build\b4-debug\Debug\ock_Runtime.lib
__________________________________________________
项目“J:\Code\Kernel_v2\build\b4-debug\ZERO_CHECK.vcxproj”正在生成“J:\Code\Kernel_v2\build\b4-debug\ZERO_CHECK.vcxproj”(GetCopyToOutputDirectoryItems 目标):

__________________________________________________
项目“J:\Code\Kernel_v2\build\b4-debug\ZERO_CHECK.vcxproj”正在生成“J:\Code\Kernel_v2\build\b4-debug\examples\native_service\ock_native_service.vcxproj”(默认目标):

__________________________________________________
项目“J:\Code\Kernel_v2\build\b4-debug\examples\native_service\ock_native_service.vcxproj”正在生成“J:\Code\Kernel_v2\build\b4-debug\ZERO_CHECK.vcxproj”(默认目标):

__________________________________________________
项目“J:\Code\Kernel_v2\build\b4-debug\ZERO_CHECK.vcxproj”正在生成“J:\Code\Kernel_v2\build\b4-debug\ock_Runtime.vcxproj”(默认目标):

__________________________________________________
项目“J:\Code\Kernel_v2\build\b4-debug\ock_Runtime.vcxproj”正在生成“J:\Code\Kernel_v2\build\b4-debug\ZERO_CHECK.vcxproj”(GetNativeManifest 目标):

__________________________________________________
项目“J:\Code\Kernel_v2\build\b4-debug\ZERO_CHECK.vcxproj”正在生成“J:\Code\Kernel_v2\build\b4-debug\ock_Runtime.vcxproj”(GetNativeManifest 目标):

__________________________________________________
项目“J:\Code\Kernel_v2\build\b4-debug\ock_Runtime.vcxproj”正在生成“J:\Code\Kernel_v2\build\b4-debug\ZERO_CHECK.vcxproj”(GetProjectInfoForReference 目标):

__________________________________________________
项目“J:\Code\Kernel_v2\build\b4-debug\ZERO_CHECK.vcxproj”正在生成“J:\Code\Kernel_v2\build\b4-debug\ock_Runtime.vcxproj”(GetProjectInfoForReference 目标):

J:/Code/Kernel_v2/build/msvc-validation/e8697b7e3597a578/bin/link.exe /ERRORREPORT:QUEUE /OUT:"J:\Code\Kernel_v2\build\b4-debug\examples\native_service\Debug\ock_native_service.exe" /INCREMENTAL /ILK:"ock_native_service.dir\Debug\ock_native_service.ilk" /NOLOGO ..\..\Debug\ock_Runtime.lib ..\..\Debug\ock_Runtime.lib ..\..\Debug\ock_Runtime.lib bcrypt.lib kernel32.lib user32.lib gdi32.lib winspool.lib shell32.lib ole32.lib oleaut32.lib uuid.lib comdlg32.lib advapi32.lib /MANIFEST /MANIFESTUAC:"level='asInvoker' uiAccess='false'" /manifest:embed /DEBUG /PDB:"J:/Code/Kernel_v2/build/b4-debug/examples/native_service/Debug/ock_native_service.pdb" /SUBSYSTEM:CONSOLE /TLBID:1 /DYNAMICBASE /NXCOMPAT /IMPLIB:"J:/Code/Kernel_v2/build/b4-debug/examples/native_service/Debug/ock_native_service.lib" /MACHINE:X64  /machine:x64 ock_native_service.dir\Debug\main.obj
ock_native_service.vcxproj -> J:\Code\Kernel_v2\build\b4-debug\examples\native_service\Debug\ock_native_service.exe
__________________________________________________
项目“J:\Code\Kernel_v2\build\b4-debug\ock_Runtime.vcxproj”正在生成“J:\Code\Kernel_v2\build\b4-debug\ZERO_CHECK.vcxproj”(GetCopyToOutputDirectoryItems 目标):

__________________________________________________
项目“J:\Code\Kernel_v2\build\b4-debug\ZERO_CHECK.vcxproj”正在生成“J:\Code\Kernel_v2\build\b4-debug\ock_Runtime.vcxproj”(GetCopyToOutputDirectoryItems 目标):

__________________________________________________
项目“J:\Code\Kernel_v2\build\b4-debug\ock_Runtime.vcxproj”正在生成“J:\Code\Kernel_v2\build\b4-debug\ZERO_CHECK.vcxproj”(GetNativeManifest 目标):

__________________________________________________
项目“J:\Code\Kernel_v2\build\b4-debug\ZERO_CHECK.vcxproj”正在生成“J:\Code\Kernel_v2\build\b4-debug\ock_Runtime.vcxproj”(GetNativeManifest 目标):

__________________________________________________
项目“J:\Code\Kernel_v2\build\b4-debug\ock_Runtime.vcxproj”正在生成“J:\Code\Kernel_v2\build\b4-debug\ock_Adapter_CpuPool.vcxproj”(GetNativeManifest 目标):

__________________________________________________
项目“J:\Code\Kernel_v2\build\b4-debug\ock_Adapter_CpuPool.vcxproj”正在生成“J:\Code\Kernel_v2\build\b4-debug\examples\native_service\ock_native_service.vcxproj”(GetNativeManifest 目标):

__________________________________________________
项目“J:\Code\Kernel_v2\build\b4-debug\examples\native_service\ock_native_service.vcxproj”正在生成“J:\Code\Kernel_v2\build\b4-debug\ZERO_CHECK.vcxproj”(GetProjectInfoForReference 目标):

__________________________________________________
项目“J:\Code\Kernel_v2\build\b4-debug\ZERO_CHECK.vcxproj”正在生成“J:\Code\Kernel_v2\build\b4-debug\ock_Runtime.vcxproj”(GetProjectInfoForReference 目标):

__________________________________________________
项目“J:\Code\Kernel_v2\build\b4-debug\ock_Runtime.vcxproj”正在生成“J:\Code\Kernel_v2\build\b4-debug\ock_Adapter_CpuPool.vcxproj”(GetProjectInfoForReference 目标):

__________________________________________________
项目“J:\Code\Kernel_v2\build\b4-debug\ock_Adapter_CpuPool.vcxproj”正在生成“J:\Code\Kernel_v2\build\b4-debug\examples\native_service\ock_native_service.vcxproj”(GetProjectInfoForReference 目标):

J:/Code/Kernel_v2/build/msvc-validation/e8697b7e3597a578/bin/CL.exe /c /IJ:\Code\Kernel_v2 /IJ:\Code\Kernel_v2\tests\compile\contracts /IJ:\Code\Kernel_v2\packages\runtime\include /IJ:\Code\Kernel_v2\packages\contracts\include /IJ:\Code\Kernel_v2\packages\foundation\include /IJ:\Code\Kernel_v2\packages\adapters\cpu_pool\include /Z7 /nologo /W1 /WX- /diagnostics:column /Od /Ob0 /D _MBCS /D WIN32 /D _WINDOWS /D OCK_NATIVE_EXECUTION_SERVICE_TESTS=1 /D "OCK_NATIVE_CONFIGURATION=\"Debug\"" /D "CMAKE_INTDIR=\"Debug\"" /EHsc /RTC1 /MDd /GS /fp:precise /Zc:wchar_t /Zc:forScope /Zc:inline /std:c++20 /permissive- /Fo"ock_native_tests.dir\Debug\\" /Fd"ock_native_tests.dir\Debug\vc143.pdb" /external:W0 /Gd /TP /errorReport:queue  /external:I "J:/Code/Kernel_v2/build/d0.06-a/cache/sources/expected-fe3b18aecb84/include" /utf-8 /Zc:__cplusplus /Zc:nrvo- /bigobj J:\Code\Kernel_v2\tests\contract\native\async_cases.cpp J:\Code\Kernel_v2\tests\contract\native\execution_service_cases.cpp J:\Code\Kernel_v2\tests\contract\native\native_tests.cpp J:\Code\Kernel_v2\tests\contract\native\session_cases.cpp J:\Code\Kernel_v2\tests\contract\native\structured_cases.cpp
async_cases.cpp
execution_service_cases.cpp
native_tests.cpp
session_cases.cpp
structured_cases.cpp
正在生成代码...
J:/Code/Kernel_v2/build/msvc-validation/e8697b7e3597a578/bin/link.exe /ERRORREPORT:QUEUE /OUT:"J:\Code\Kernel_v2\build\b4-debug\tests\contract\native\Debug\ock_native_tests.exe" /INCREMENTAL /ILK:"ock_native_tests.dir\Debug\ock_native_tests.ilk" /NOLOGO ..\..\..\Debug\ock_Runtime.lib ..\..\..\Debug\ock_Runtime.lib ..\..\..\Debug\ock_Runtime.lib ..\..\..\Debug\ock_Adapter_CpuPool.lib bcrypt.lib kernel32.lib user32.lib gdi32.lib winspool.lib shell32.lib ole32.lib oleaut32.lib uuid.lib comdlg32.lib advapi32.lib /MANIFEST /MANIFESTUAC:"level='asInvoker' uiAccess='false'" /manifest:embed /DEBUG /PDB:"J:/Code/Kernel_v2/build/b4-debug/tests/contract/native/Debug/ock_native_tests.pdb" /SUBSYSTEM:CONSOLE /TLBID:1 /DYNAMICBASE /NXCOMPAT /IMPLIB:"J:/Code/Kernel_v2/build/b4-debug/tests/contract/native/Debug/ock_native_tests.lib" /MACHINE:X64  /machine:x64 ock_native_tests.dir\Debug\native_tests.obj
ock_native_tests.dir\Debug\allocation_probe.obj
ock_native_tests.dir\Debug\execution_service_cases.obj
ock_native_tests.dir\Debug\structured_cases.obj
ock_native_tests.dir\Debug\async_cases.obj
ock_native_tests.dir\Debug\session_cases.obj
ock_native_tests.vcxproj -> J:\Code\Kernel_v2\build\b4-debug\tests\contract\native\Debug\ock_native_tests.exe
__________________________________________________
项目“J:\Code\Kernel_v2\build\b4-debug\examples\native_service\ock_native_service.vcxproj”正在生成“J:\Code\Kernel_v2\build\b4-debug\ZERO_CHECK.vcxproj”(GetCopyToOutputDirectoryItems 目标):

__________________________________________________
项目“J:\Code\Kernel_v2\build\b4-debug\ZERO_CHECK.vcxproj”正在生成“J:\Code\Kernel_v2\build\b4-debug\ock_Adapter_CpuPool.vcxproj”(GetCopyToOutputDirectoryItems 目标):

__________________________________________________
项目“J:\Code\Kernel_v2\build\b4-debug\ock_Adapter_CpuPool.vcxproj”正在生成“J:\Code\Kernel_v2\build\b4-debug\ock_Runtime.vcxproj”(GetCopyToOutputDirectoryItems 目标):

__________________________________________________
项目“J:\Code\Kernel_v2\build\b4-debug\ock_Runtime.vcxproj”正在生成“J:\Code\Kernel_v2\build\b4-debug\examples\native_service\ock_native_service.vcxproj”(GetCopyToOutputDirectoryItems 目标):

setlocal
J:\Code\Kernel_v2\build\runtime\python311\python.exe -X utf8 J:/Code/Kernel_v2/tests/contract/native/discover.py --binary J:/Code/Kernel_v2/build/b4-debug/tests/contract/native/Debug/ock_native_tests.exe --output J:/Code/Kernel_v2/build/b4-debug/tests/contract/native/native-tests-Debug.cmake --runtime-dir J:/Code/Kernel_v2/build/msvc-validation/e8697b7e3597a578/bin --includes "J:/Code/Kernel_v2|J:/Code/Kernel_v2/tests/compile/contracts|J:/Code/Kernel_v2/packages/runtime/include|J:/Code/Kernel_v2/packages/contracts/include|J:/Code/Kernel_v2/packages/foundation/include|J:/Code/Kernel_v2/build/d0.06-a/cache/sources/expected-fe3b18aecb84/include|J:/Code/Kernel_v2/packages/adapters/cpu_pool/include" --generator "Visual Studio 17 2022" --platform x64 --toolset v143,version=14.44.35207 --sdk 10.0.26100.0 --config Debug --work J:/Code/Kernel_v2/build/b4-debug/tests/contract/native/child-runs --root-build J:/Code/Kernel_v2/build/b4-debug --target-metadata J:/Code/Kernel_v2/build/b4-debug/tests/contract/native/native-target-Debug.json --example J:/Code/Kernel_v2/build/b4-debug/examples/native_service/Debug/ock_native_service.exe
if %errorlevel% neq 0 goto :cmEnd
:cmEnd
endlocal & call :cmErrorLevel %errorlevel% & goto :cmDone
:cmErrorLevel
exit /b %1
:cmDone
if %errorlevel% neq 0 goto :VCEnd
:VCEnd
{"actual_cases": ["T02.native.candidate_read_dispatch", "T02.native.exact_binding", "T02.native.invalid_input", "T02.native.private_dispatch", "T02.native.registered_compute", "T02.native.registered_read", "T02.native.validation_exception", "T03.native.cancel_and_budget", "T03.native.component_boundary", "T03.native.example_consumer", "T03.native.execution_service_control", "T03.native.execution_table_ownership", "T03.native.host_async_completion", "T03.native.host_async_deadline", "T03.native.host_async_drain", "T03.native.host_cached_result_sessions", "T03.native.host_execution_lifecycle", "T03.native.host_execution_resources", "T03.native.host_required_record", "T03.native.host_required_record_drain", "T03.native.host_structured_lifetime", "T03.native.managed_execution_path", "T03.native.managed_execution_resource_wait", "T03.native.managed_record", "T03.native.managed_record_ownership", "T03.native.managed_resources", "T03.native.no_self_wait", "T03.native.no_task_path", "T03.native.provider_unavailable", "T03.native.reentrant_and_concurrent", "T03.native.resource_lifetime", "T03.native.thread_modes", "T03.native.thread_origin", "T06.native.admission_order", "T06.native.authority_origin", "T06.native.business_failure", "T06.native.execution_source_observation", "T06.native.host_structured_admission", "T06.native.invalid_output", "T06.native.lifecycle_replacement", "T06.native.managed_admission", "T06.native.outcome_consistency", "T06.native.permission_intersection", "T06.native.policy_contract_alignment", "T06.native.revoke_and_regrant", "T06.native.session_and_deadline", "T06.native.target_binding", "T23.native.allocation_governance", "T23.native.allocation_other_costs", "T23.native.allocation_probe", "T23.native.allocation_steady"], "count": 51}
