CMake is re-running because J:/Code/Kernel_v2/build/b2-data-asan/CMakeFiles/generate.stamp is out-of-date.
  the file 'J:/Code/Kernel_v2/tests/unit/data/CMakeLists.txt'
  is newer than 'J:/Code/Kernel_v2/build/b2-data-asan/CMakeFiles/generate.stamp.depend'
  result='-1'
-- Configuring done (1.4s)
-- Generating done (0.1s)
-- Build files have been written to: J:/Code/Kernel_v2/build/b2-data-asan
适用于 .NET Framework MSBuild 版本 17.14.23+b0019275e

  payload.cpp
  ock_data_contract.vcxproj -> J:\Code\Kernel_v2\build\b2-data-asan\Debug\ock_data_contract.lib
  schema.cpp
  ock_binding_contract.vcxproj -> J:\Code\Kernel_v2\build\b2-data-asan\Debug\ock_binding_contract.lib
  binding.cpp
  binding_parity.vcxproj -> J:\Code\Kernel_v2\build\b2-data-asan\Debug\binding_parity.exe
  Building Custom Rule J:/Code/Kernel_v2/tests/unit/data/CMakeLists.txt
  catalog.cpp
  policy.cpp
  正在生成代码...
  ock_catalog_contract.vcxproj -> J:\Code\Kernel_v2\build\b2-data-asan\Debug\ock_catalog_contract.lib
  Building Custom Rule J:/Code/Kernel_v2/tests/unit/data/CMakeLists.txt
  catalog.cpp
  catalog_contract.vcxproj -> J:\Code\Kernel_v2\build\b2-data-asan\Debug\catalog_contract.exe
  Building Custom Rule J:/Code/Kernel_v2/tests/unit/data/CMakeLists.txt
  protocol.cpp
  ock_protocol_contract.vcxproj -> J:\Code\Kernel_v2\build\b2-data-asan\Debug\ock_protocol_contract.lib
  Building Custom Rule J:/Code/Kernel_v2/tests/unit/data/CMakeLists.txt
  cursor.cpp
  ock_cursor_contract.vcxproj -> J:\Code\Kernel_v2\build\b2-data-asan\Debug\ock_cursor_contract.lib
  Building Custom Rule J:/Code/Kernel_v2/tests/unit/data/CMakeLists.txt
  cursor.cpp
  cursor_contract.vcxproj -> J:\Code\Kernel_v2\build\b2-data-asan\Debug\cursor_contract.exe
  payload.cpp
E:\Windows Kits\10\Include\10.0.26100.0\um\DbgHelp.h(91,27): error C3646: “ModuleName”: 未知重写说明符 [J:\Code\Kernel_v2\build\b2-data-asan\payload_contract.vcxproj]
  (编译源文件“../../tests/unit/data/payload.cpp”)
  
E:\Windows Kits\10\Include\10.0.26100.0\um\DbgHelp.h(92,27): error C3646: “hFile”: 未知重写说明符 [J:\Code\Kernel_v2\build\b2-data-asan\payload_contract.vcxproj]
  (编译源文件“../../tests/unit/data/payload.cpp”)
  
E:\Windows Kits\10\Include\10.0.26100.0\um\DbgHelp.h(93,27): error C3646: “MappedAddress”: 未知重写说明符 [J:\Code\Kernel_v2\build\b2-data-asan\payload_contract.vcxproj]
  (编译源文件“../../tests/unit/data/payload.cpp”)
  
E:\Windows Kits\10\Include\10.0.26100.0\um\DbgHelp.h(95,27): error C3646: “FileHeader”: 未知重写说明符 [J:\Code\Kernel_v2\build\b2-data-asan\payload_contract.vcxproj]
  (编译源文件“../../tests/unit/data/payload.cpp”)
  
E:\Windows Kits\10\Include\10.0.26100.0\um\DbgHelp.h(99,27): error C3646: “LastRvaSection”: 未知重写说明符 [J:\Code\Kernel_v2\build\b2-data-asan\payload_contract.vcxproj]
  (编译源文件“../../tests/unit/data/payload.cpp”)
  
E:\Windows Kits\10\Include\10.0.26100.0\um\DbgHelp.h(100,27): error C3646: “NumberOfSections”: 未知重写说明符 [J:\Code\Kernel_v2\build\b2-data-asan\payload_contract.vcxproj]
  (编译源文件“../../tests/unit/data/payload.cpp”)
  
E:\Windows Kits\10\Include\10.0.26100.0\um\DbgHelp.h(101,27): error C3646: “Sections”: 未知重写说明符 [J:\Code\Kernel_v2\build\b2-data-asan\payload_contract.vcxproj]
  (编译源文件“../../tests/unit/data/payload.cpp”)
  
E:\Windows Kits\10\Include\10.0.26100.0\um\DbgHelp.h(102,27): error C3646: “Characteristics”: 未知重写说明符 [J:\Code\Kernel_v2\build\b2-data-asan\payload_contract.vcxproj]
  (编译源文件“../../tests/unit/data/payload.cpp”)
  
E:\Windows Kits\10\Include\10.0.26100.0\um\DbgHelp.h(103,27): error C3646: “fSystemImage”: 未知重写说明符 [J:\Code\Kernel_v2\build\b2-data-asan\payload_contract.vcxproj]
  (编译源文件“../../tests/unit/data/payload.cpp”)
  
E:\Windows Kits\10\Include\10.0.26100.0\um\DbgHelp.h(104,27): error C3646: “fDOSImage”: 未知重写说明符 [J:\Code\Kernel_v2\build\b2-data-asan\payload_contract.vcxproj]
  (编译源文件“../../tests/unit/data/payload.cpp”)
  
E:\Windows Kits\10\Include\10.0.26100.0\um\DbgHelp.h(105,27): error C3646: “fReadOnly”: 未知重写说明符 [J:\Code\Kernel_v2\build\b2-data-asan\payload_contract.vcxproj]
  (编译源文件“../../tests/unit/data/payload.cpp”)
  
E:\Windows Kits\10\Include\10.0.26100.0\um\DbgHelp.h(106,27): error C3646: “Version”: 未知重写说明符 [J:\Code\Kernel_v2\build\b2-data-asan\payload_contract.vcxproj]
  (编译源文件“../../tests/unit/data/payload.cpp”)
  
E:\Windows Kits\10\Include\10.0.26100.0\um\DbgHelp.h(107,27): error C3646: “Links”: 未知重写说明符 [J:\Code\Kernel_v2\build\b2-data-asan\payload_contract.vcxproj]
  (编译源文件“../../tests/unit/data/payload.cpp”)
  
E:\Windows Kits\10\Include\10.0.26100.0\um\DbgHelp.h(108,27): error C3646: “SizeOfImage”: 未知重写说明符 [J:\Code\Kernel_v2\build\b2-data-asan\payload_contract.vcxproj]
  (编译源文件“../../tests/unit/data/payload.cpp”)
  
E:\Windows Kits\10\Include\10.0.26100.0\um\DbgHelp.h(135,2): error C2065: “CALLBACK”: 未声明的标识符 [J:\Code\Kernel_v2\build\b2-data-asan\payload_contract.vcxproj]
  (编译源文件“../../tests/unit/data/payload.cpp”)
  
E:\Windows Kits\10\Include\10.0.26100.0\um\DbgHelp.h(135,12): error C2065: “PFIND_DEBUG_FILE_CALLBACK”: 未声明的标识符 [J:\Code\Kernel_v2\build\b2-data-asan\payload_contract.vcxproj]
  (编译源文件“../../tests/unit/data/payload.cpp”)
  
E:\Windows Kits\10\Include\10.0.26100.0\um\DbgHelp.h(134,9): error C2513: “int”: 在“=”前没有声明变量 [J:\Code\Kernel_v2\build\b2-data-asan\payload_contract.vcxproj]
  (编译源文件“../../tests/unit/data/payload.cpp”)
  
E:\Windows Kits\10\Include\10.0.26100.0\um\DbgHelp.h(135,38): error C2143: 语法错误: 缺少“;”(在“(”的前面) [J:\Code\Kernel_v2\build\b2-data-asan\payload_contract.vcxproj]
  (编译源文件“../../tests/unit/data/payload.cpp”)
  
E:\Windows Kits\10\Include\10.0.26100.0\um\DbgHelp.h(136,17): error C2146: 语法错误: 缺少“)”(在标识符“FileHandle”的前面) [J:\Code\Kernel_v2\build\b2-data-asan\payload_contract.vcxproj]
  (编译源文件“../../tests/unit/data/payload.cpp”)
  
E:\Windows Kits\10\Include\10.0.26100.0\um\DbgHelp.h(136,17): error C2146: 语法错误: 缺少“;”(在标识符“FileHandle”的前面) [J:\Code\Kernel_v2\build\b2-data-asan\payload_contract.vcxproj]
  (编译源文件“../../tests/unit/data/payload.cpp”)
  
E:\Windows Kits\10\Include\10.0.26100.0\um\DbgHelp.h(139,5): error C2059: 语法错误:“)” [J:\Code\Kernel_v2\build\b2-data-asan\payload_contract.vcxproj]
  (编译源文件“../../tests/unit/data/payload.cpp”)
  
E:\Windows Kits\10\Include\10.0.26100.0\um\DbgHelp.h(141,1): error C2086: “int HANDLE”: 重定义 [J:\Code\Kernel_v2\build\b2-data-asan\payload_contract.vcxproj]
  (编译源文件“../../tests/unit/data/payload.cpp”)
      E:\Windows Kits\10\Include\10.0.26100.0\um\DbgHelp.h(136,10):
      参见“HANDLE”的声明
  
E:\Windows Kits\10\Include\10.0.26100.0\um\DbgHelp.h(142,1): error C2146: 语法错误: 缺少“;”(在标识符“DECLSPEC_IMPORT”的前面) [J:\Code\Kernel_v2\build\b2-data-asan\payload_contract.vcxproj]
  (编译源文件“../../tests/unit/data/payload.cpp”)
  
E:\Windows Kits\10\Include\10.0.26100.0\um\DbgHelp.h(152,11): error C2143: 语法错误: 缺少“)”(在“*”的前面) [J:\Code\Kernel_v2\build\b2-data-asan\payload_contract.vcxproj]
  (编译源文件“../../tests/unit/data/payload.cpp”)
  
E:\Windows Kits\10\Include\10.0.26100.0\um\DbgHelp.h(152,11): error C2143: 语法错误: 缺少“;”(在“*”的前面) [J:\Code\Kernel_v2\build\b2-data-asan\payload_contract.vcxproj]
  (编译源文件“../../tests/unit/data/payload.cpp”)
  
E:\Windows Kits\10\Include\10.0.26100.0\um\DbgHelp.h(152,38): error C2059: 语法错误:“)” [J:\Code\Kernel_v2\build\b2-data-asan\payload_contract.vcxproj]
  (编译源文件“../../tests/unit/data/payload.cpp”)
  
E:\Windows Kits\10\Include\10.0.26100.0\um\DbgHelp.h(153,17): error C2146: 语法错误: 缺少“)”(在标识符“FileHandle”的前面) [J:\Code\Kernel_v2\build\b2-data-asan\payload_contract.vcxproj]
  (编译源文件“../../tests/unit/data/payload.cpp”)
  
E:\Windows Kits\10\Include\10.0.26100.0\um\DbgHelp.h(158,1): error C2086: “int HANDLE”: 重定义 [J:\Code\Kernel_v2\build\b2-data-asan\payload_contract.vcxproj]
  (编译源文件“../../tests/unit/data/payload.cpp”)
      E:\Windows Kits\10\Include\10.0.26100.0\um\DbgHelp.h(136,10):
      参见“HANDLE”的声明
  
E:\Windows Kits\10\Include\10.0.26100.0\um\DbgHelp.h(159,1): error C2146: 语法错误: 缺少“;”(在标识符“DECLSPEC_IMPORT”的前面) [J:\Code\Kernel_v2\build\b2-data-asan\payload_contract.vcxproj]
  (编译源文件“../../tests/unit/data/payload.cpp”)
  
E:\Windows Kits\10\Include\10.0.26100.0\um\DbgHelp.h(168,1): error C2086: “int HANDLE”: 重定义 [J:\Code\Kernel_v2\build\b2-data-asan\payload_contract.vcxproj]
  (编译源文件“../../tests/unit/data/payload.cpp”)
      E:\Windows Kits\10\Include\10.0.26100.0\um\DbgHelp.h(136,10):
      参见“HANDLE”的声明
  
E:\Windows Kits\10\Include\10.0.26100.0\um\DbgHelp.h(169,1): error C2146: 语法错误: 缺少“;”(在标识符“DECLSPEC_IMPORT”的前面) [J:\Code\Kernel_v2\build\b2-data-asan\payload_contract.vcxproj]
  (编译源文件“../../tests/unit/data/payload.cpp”)
  
E:\Windows Kits\10\Include\10.0.26100.0\um\DbgHelp.h(176,1): error C2086: “int HANDLE”: 重定义 [J:\Code\Kernel_v2\build\b2-data-asan\payload_contract.vcxproj]
  (编译源文件“../../tests/unit/data/payload.cpp”)
      E:\Windows Kits\10\Include\10.0.26100.0\um\DbgHelp.h(136,10):
      参见“HANDLE”的声明
  
E:\Windows Kits\10\Include\10.0.26100.0\um\DbgHelp.h(177,1): error C2146: 语法错误: 缺少“;”(在标识符“DECLSPEC_IMPORT”的前面) [J:\Code\Kernel_v2\build\b2-data-asan\payload_contract.vcxproj]
  (编译源文件“../../tests/unit/data/payload.cpp”)
  
E:\Windows Kits\10\Include\10.0.26100.0\um\DbgHelp.h(186,1): error C2086: “int HANDLE”: 重定义 [J:\Code\Kernel_v2\build\b2-data-asan\payload_contract.vcxproj]
  (编译源文件“../../tests/unit/data/payload.cpp”)
      E:\Windows Kits\10\Include\10.0.26100.0\um\DbgHelp.h(136,10):
      参见“HANDLE”的声明
  
E:\Windows Kits\10\Include\10.0.26100.0\um\DbgHelp.h(187,1): error C2146: 语法错误: 缺少“;”(在标识符“DECLSPEC_IMPORT”的前面) [J:\Code\Kernel_v2\build\b2-data-asan\payload_contract.vcxproj]
  (编译源文件“../../tests/unit/data/payload.cpp”)
  
E:\Windows Kits\10\Include\10.0.26100.0\um\DbgHelp.h(197,11): error C2143: 语法错误: 缺少“)”(在“*”的前面) [J:\Code\Kernel_v2\build\b2-data-asan\payload_contract.vcxproj]
  (编译源文件“../../tests/unit/data/payload.cpp”)
  
E:\Windows Kits\10\Include\10.0.26100.0\um\DbgHelp.h(197,11): error C2143: 语法错误: 缺少“;”(在“*”的前面) [J:\Code\Kernel_v2\build\b2-data-asan\payload_contract.vcxproj]
  (编译源文件“../../tests/unit/data/payload.cpp”)
  
E:\Windows Kits\10\Include\10.0.26100.0\um\DbgHelp.h(197,35): error C2059: 语法错误:“)” [J:\Code\Kernel_v2\build\b2-data-asan\payload_contract.vcxproj]
  (编译源文件“../../tests/unit/data/payload.cpp”)
  
E:\Windows Kits\10\Include\10.0.26100.0\um\DbgHelp.h(198,10): error C2065: “PCSTR”: 未声明的标识符 [J:\Code\Kernel_v2\build\b2-data-asan\payload_contract.vcxproj]
  (编译源文件“../../tests/unit/data/payload.cpp”)
  
E:\Windows Kits\10\Include\10.0.26100.0\um\DbgHelp.h(198,16): error C2146: 语法错误: 缺少“)”(在标识符“filename”的前面) [J:\Code\Kernel_v2\build\b2-data-asan\payload_contract.vcxproj]
  (编译源文件“../../tests/unit/data/payload.cpp”)
  
E:\Windows Kits\10\Include\10.0.26100.0\um\DbgHelp.h(203,1): error C2143: 语法错误: 缺少“;”(在“__cdecl”的前面) [J:\Code\Kernel_v2\build\b2-data-asan\payload_contract.vcxproj]
  (编译源文件“../../tests/unit/data/payload.cpp”)
  
E:\Windows Kits\10\Include\10.0.26100.0\um\DbgHelp.h(205,17): error C2146: 语法错误: 缺少“)”(在标识符“hprocess”的前面) [J:\Code\Kernel_v2\build\b2-data-asan\payload_contract.vcxproj]
  (编译源文件“../../tests/unit/data/payload.cpp”)
  
E:\Windows Kits\10\Include\10.0.26100.0\um\DbgHelp.h(218,11): error C2143: 语法错误: 缺少“)”(在“*”的前面) [J:\Code\Kernel_v2\build\b2-data-asan\payload_contract.vcxproj]
  (编译源文件“../../tests/unit/data/payload.cpp”)
  
E:\Windows Kits\10\Include\10.0.26100.0\um\DbgHelp.h(218,11): error C2143: 语法错误: 缺少“;”(在“*”的前面) [J:\Code\Kernel_v2\build\b2-data-asan\payload_contract.vcxproj]
  (编译源文件“../../tests/unit/data/payload.cpp”)
  
E:\Windows Kits\10\Include\10.0.26100.0\um\DbgHelp.h(218,36): error C2059: 语法错误:“)” [J:\Code\Kernel_v2\build\b2-data-asan\payload_contract.vcxproj]
  (编译源文件“../../tests/unit/data/payload.cpp”)
  
E:\Windows Kits\10\Include\10.0.26100.0\um\DbgHelp.h(219,10): error C2065: “PCWSTR”: 未声明的标识符 [J:\Code\Kernel_v2\build\b2-data-asan\payload_contract.vcxproj]
  (编译源文件“../../tests/unit/data/payload.cpp”)
  
E:\Windows Kits\10\Include\10.0.26100.0\um\DbgHelp.h(219,17): error C2146: 语法错误: 缺少“)”(在标识符“filename”的前面) [J:\Code\Kernel_v2\build\b2-data-asan\payload_contract.vcxproj]
  (编译源文件“../../tests/unit/data/payload.cpp”)
  
E:\Windows Kits\10\Include\10.0.26100.0\um\DbgHelp.h(224,1): error C2143: 语法错误: 缺少“;”(在“__cdecl”的前面) [J:\Code\Kernel_v2\build\b2-data-asan\payload_contract.vcxproj]
  (编译源文件“../../tests/unit/data/payload.cpp”)
  
E:\Windows Kits\10\Include\10.0.26100.0\um\DbgHelp.h(224,1): error C2086: “BOOL DECLSPEC_IMPORT”: 重定义 [J:\Code\Kernel_v2\build\b2-data-asan\payload_contract.vcxproj]
  (编译源文件“../../tests/unit/data/payload.cpp”)
      E:\Windows Kits\10\Include\10.0.26100.0\um\DbgHelp.h(203,1):
      参见“DECLSPEC_IMPORT”的声明
  
E:\Windows Kits\10\Include\10.0.26100.0\um\DbgHelp.h(226,17): error C2146: 语法错误: 缺少“)”(在标识符“hprocess”的前面) [J:\Code\Kernel_v2\build\b2-data-asan\payload_contract.vcxproj]
  (编译源文件“../../tests/unit/data/payload.cpp”)
  
E:\Windows Kits\10\Include\10.0.26100.0\um\DbgHelp.h(239,11): error C2143: 语法错误: 缺少“)”(在“*”的前面) [J:\Code\Kernel_v2\build\b2-data-asan\payload_contract.vcxproj]
  (编译源文件“../../tests/unit/data/payload.cpp”)
  
E:\Windows Kits\10\Include\10.0.26100.0\um\DbgHelp.h(239,11): error C2143: 语法错误: 缺少“;”(在“*”的前面) [J:\Code\Kernel_v2\build\b2-data-asan\payload_contract.vcxproj]
  (编译源文件“../../tests/unit/data/payload.cpp”)
  
E:\Windows Kits\10\Include\10.0.26100.0\um\DbgHelp.h(239,35): error C2059: 语法错误:“)” [J:\Code\Kernel_v2\build\b2-data-asan\payload_contract.vcxproj]
  (编译源文件“../../tests/unit/data/payload.cpp”)
  
E:\Windows Kits\10\Include\10.0.26100.0\um\DbgHelp.h(240,17): error C2146: 语法错误: 缺少“)”(在标识符“FileHandle”的前面) [J:\Code\Kernel_v2\build\b2-data-asan\payload_contract.vcxproj]
  (编译源文件“../../tests/unit/data/payload.cpp”)
  
E:\Windows Kits\10\Include\10.0.26100.0\um\DbgHelp.h(245,1): error C2086: “int HANDLE”: 重定义 [J:\Code\Kernel_v2\build\b2-data-asan\payload_contract.vcxproj]
  (编译源文件“../../tests/unit/data/payload.cpp”)
      E:\Windows Kits\10\Include\10.0.26100.0\um\DbgHelp.h(136,10):
      参见“HANDLE”的声明
  
E:\Windows Kits\10\Include\10.0.26100.0\um\DbgHelp.h(246,1): error C2146: 语法错误: 缺少“;”(在标识符“DECLSPEC_IMPORT”的前面) [J:\Code\Kernel_v2\build\b2-data-asan\payload_contract.vcxproj]
  (编译源文件“../../tests/unit/data/payload.cpp”)
  
E:\Windows Kits\10\Include\10.0.26100.0\um\DbgHelp.h(256,11): error C2143: 语法错误: 缺少“)”(在“*”的前面) [J:\Code\Kernel_v2\build\b2-data-asan\payload_contract.vcxproj]
  (编译源文件“../../tests/unit/data/payload.cpp”)
  
E:\Windows Kits\10\Include\10.0.26100.0\um\DbgHelp.h(256,11): error C2143: 语法错误: 缺少“;”(在“*”的前面) [J:\Code\Kernel_v2\build\b2-data-asan\payload_contract.vcxproj]
  (编译源文件“../../tests/unit/data/payload.cpp”)
  
E:\Windows Kits\10\Include\10.0.26100.0\um\DbgHelp.h(256,36): error C2059: 语法错误:“)” [J:\Code\Kernel_v2\build\b2-data-asan\payload_contract.vcxproj]
  (编译源文件“../../tests/unit/data/payload.cpp”)
  
E:\Windows Kits\10\Include\10.0.26100.0\um\DbgHelp.h(257,17): error C2146: 语法错误: 缺少“)”(在标识符“FileHandle”的前面) [J:\Code\Kernel_v2\build\b2-data-asan\payload_contract.vcxproj]
  (编译源文件“../../tests/unit/data/payload.cpp”)
  
E:\Windows Kits\10\Include\10.0.26100.0\um\DbgHelp.h(262,1): error C2086: “int HANDLE”: 重定义 [J:\Code\Kernel_v2\build\b2-data-asan\payload_contract.vcxproj]
  (编译源文件“../../tests/unit/data/payload.cpp”)
      E:\Windows Kits\10\Include\10.0.26100.0\um\DbgHelp.h(136,10):
      参见“HANDLE”的声明
  
E:\Windows Kits\10\Include\10.0.26100.0\um\DbgHelp.h(263,1): error C2146: 语法错误: 缺少“;”(在标识符“DECLSPEC_IMPORT”的前面) [J:\Code\Kernel_v2\build\b2-data-asan\payload_contract.vcxproj]
  (编译源文件“../../tests/unit/data/payload.cpp”)
  
E:\Windows Kits\10\Include\10.0.26100.0\um\DbgHelp.h(272,1): error C2086: “int HANDLE”: 重定义 [J:\Code\Kernel_v2\build\b2-data-asan\payload_contract.vcxproj]
  (编译源文件“../../tests/unit/data/payload.cpp”)
      E:\Windows Kits\10\Include\10.0.26100.0\um\DbgHelp.h(136,10):
      参见“HANDLE”的声明
  
E:\Windows Kits\10\Include\10.0.26100.0\um\DbgHelp.h(273,1): error C2146: 语法错误: 缺少“;”(在标识符“DECLSPEC_IMPORT”的前面) [J:\Code\Kernel_v2\build\b2-data-asan\payload_contract.vcxproj]
  (编译源文件“../../tests/unit/data/payload.cpp”)
  
E:\Windows Kits\10\Include\10.0.26100.0\um\DbgHelp.h(280,1): error C2086: “int HANDLE”: 重定义 [J:\Code\Kernel_v2\build\b2-data-asan\payload_contract.vcxproj]
  (编译源文件“../../tests/unit/data/payload.cpp”)
      E:\Windows Kits\10\Include\10.0.26100.0\um\DbgHelp.h(136,10):
      参见“HANDLE”的声明
  
E:\Windows Kits\10\Include\10.0.26100.0\um\DbgHelp.h(281,1): error C2146: 语法错误: 缺少“;”(在标识符“DECLSPEC_IMPORT”的前面) [J:\Code\Kernel_v2\build\b2-data-asan\payload_contract.vcxproj]
  (编译源文件“../../tests/unit/data/payload.cpp”)
  
E:\Windows Kits\10\Include\10.0.26100.0\um\DbgHelp.h(290,1): error C2086: “int HANDLE”: 重定义 [J:\Code\Kernel_v2\build\b2-data-asan\payload_contract.vcxproj]
  (编译源文件“../../tests/unit/data/payload.cpp”)
      E:\Windows Kits\10\Include\10.0.26100.0\um\DbgHelp.h(136,10):
      参见“HANDLE”的声明
  
E:\Windows Kits\10\Include\10.0.26100.0\um\DbgHelp.h(291,1): error C2146: 语法错误: 缺少“;”(在标识符“DECLSPEC_IMPORT”的前面) [J:\Code\Kernel_v2\build\b2-data-asan\payload_contract.vcxproj]
  (编译源文件“../../tests/unit/data/payload.cpp”)
  
E:\Windows Kits\10\Include\10.0.26100.0\um\DbgHelp.h(301,1): error C2146: 语法错误: 缺少“;”(在标识符“DECLSPEC_IMPORT”的前面) [J:\Code\Kernel_v2\build\b2-data-asan\payload_contract.vcxproj]
  (编译源文件“../../tests/unit/data/payload.cpp”)
  
E:\Windows Kits\10\Include\10.0.26100.0\um\DbgHelp.h(307,1): error C2146: 语法错误: 缺少“;”(在标识符“DECLSPEC_IMPORT”的前面) [J:\Code\Kernel_v2\build\b2-data-asan\payload_contract.vcxproj]
  (编译源文件“../../tests/unit/data/payload.cpp”)
  
E:\Windows Kits\10\Include\10.0.26100.0\um\DbgHelp.h(316,1): error C2086: “int PVOID”: 重定义 [J:\Code\Kernel_v2\build\b2-data-asan\payload_contract.vcxproj]
  (编译源文件“../../tests/unit/data/payload.cpp”)
      E:\Windows Kits\10\Include\10.0.26100.0\um\DbgHelp.h(306,1):
      参见“PVOID”的声明
  
E:\Windows Kits\10\Include\10.0.26100.0\um\DbgHelp.h(317,1): error C2146: 语法错误: 缺少“;”(在标识符“DECLSPEC_IMPORT”的前面) [J:\Code\Kernel_v2\build\b2-data-asan\payload_contract.vcxproj]
  (编译源文件“../../tests/unit/data/payload.cpp”)
  
E:\Windows Kits\10\Include\10.0.26100.0\um\DbgHelp.h(326,1): error C2146: 语法错误: 缺少“;”(在标识符“DECLSPEC_IMPORT”的前面) [J:\Code\Kernel_v2\build\b2-data-asan\payload_contract.vcxproj]
  (编译源文件“../../tests/unit/data/payload.cpp”)
  
E:\Windows Kits\10\Include\10.0.26100.0\um\DbgHelp.h(333,1): error C2086: “int PVOID”: 重定义 [J:\Code\Kernel_v2\build\b2-data-asan\payload_contract.vcxproj]
  (编译源文件“../../tests/unit/data/payload.cpp”)
      E:\Windows Kits\10\Include\10.0.26100.0\um\DbgHelp.h(306,1):
      参见“PVOID”的声明
  
E:\Windows Kits\10\Include\10.0.26100.0\um\DbgHelp.h(334,1): error C2146: 语法错误: 缺少“;”(在标识符“DECLSPEC_IMPORT”的前面) [J:\Code\Kernel_v2\build\b2-data-asan\payload_contract.vcxproj]
  (编译源文件“../../tests/unit/data/payload.cpp”)
  
E:\Windows Kits\10\Include\10.0.26100.0\um\DbgHelp.h(410,1): error C2143: 语法错误: 缺少“;”(在“__cdecl”的前面) [J:\Code\Kernel_v2\build\b2-data-asan\payload_contract.vcxproj]
  (编译源文件“../../tests/unit/data/payload.cpp”)
  
E:\Windows Kits\10\Include\10.0.26100.0\um\DbgHelp.h(410,1): error C2086: “BOOL DECLSPEC_IMPORT”: 重定义 [J:\Code\Kernel_v2\build\b2-data-asan\payload_contract.vcxproj]
  (编译源文件“../../tests/unit/data/payload.cpp”)
      E:\Windows Kits\10\Include\10.0.26100.0\um\DbgHelp.h(203,1):
      参见“DECLSPEC_IMPORT”的声明
  
E:\Windows Kits\10\Include\10.0.26100.0\um\DbgHelp.h(412,10): error C2065: “PCSTR”: 未声明的标识符 [J:\Code\Kernel_v2\build\b2-data-asan\payload_contract.vcxproj]
  (编译源文件“../../tests/unit/data/payload.cpp”)
  
E:\Windows Kits\10\Include\10.0.26100.0\um\DbgHelp.h(412,16): error C2146: 语法错误: 缺少“)”(在标识符“RootPath”的前面) [J:\Code\Kernel_v2\build\b2-data-asan\payload_contract.vcxproj]
  (编译源文件“../../tests/unit/data/payload.cpp”)
  
E:\Windows Kits\10\Include\10.0.26100.0\um\DbgHelp.h(418,1): error C2143: 语法错误: 缺少“;”(在“__cdecl”的前面) [J:\Code\Kernel_v2\build\b2-data-asan\payload_contract.vcxproj]
  (编译源文件“../../tests/unit/data/payload.cpp”)
  
E:\Windows Kits\10\Include\10.0.26100.0\um\DbgHelp.h(418,1): error C2086: “BOOL DECLSPEC_IMPORT”: 重定义 [J:\Code\Kernel_v2\build\b2-data-asan\payload_contract.vcxproj]
  (编译源文件“../../tests/unit/data/payload.cpp”)
      E:\Windows Kits\10\Include\10.0.26100.0\um\DbgHelp.h(203,1):
      参见“DECLSPEC_IMPORT”的声明
  
E:\Windows Kits\10\Include\10.0.26100.0\um\DbgHelp.h(420,10): error C2065: “PCWSTR”: 未声明的标识符 [J:\Code\Kernel_v2\build\b2-data-asan\payload_contract.vcxproj]
  (编译源文件“../../tests/unit/data/payload.cpp”)
  
E:\Windows Kits\10\Include\10.0.26100.0\um\DbgHelp.h(420,17): error C2146: 语法错误: 缺少“)”(在标识符“RootPath”的前面) [J:\Code\Kernel_v2\build\b2-data-asan\payload_contract.vcxproj]
  (编译源文件“../../tests/unit/data/payload.cpp”)
  
E:\Windows Kits\10\Include\10.0.26100.0\um\DbgHelp.h(426,11): error C2143: 语法错误: 缺少“)”(在“*”的前面) [J:\Code\Kernel_v2\build\b2-data-asan\payload_contract.vcxproj]
  (编译源文件“../../tests/unit/data/payload.cpp”)
  
E:\Windows Kits\10\Include\10.0.26100.0\um\DbgHelp.h(426,11): error C2143: 语法错误: 缺少“;”(在“*”的前面) [J:\Code\Kernel_v2\build\b2-data-asan\payload_contract.vcxproj]
  (编译源文件“../../tests/unit/data/payload.cpp”)
  
E:\Windows Kits\10\Include\10.0.26100.0\um\DbgHelp.h(426,33): error C2059: 语法错误:“)” [J:\Code\Kernel_v2\build\b2-data-asan\payload_contract.vcxproj]
  (编译源文件“../../tests/unit/data/payload.cpp”)
  
E:\Windows Kits\10\Include\10.0.26100.0\um\DbgHelp.h(426,33): error C1003: 错误计数超过 100；正在停止编译 [J:\Code\Kernel_v2\build\b2-data-asan\payload_contract.vcxproj]
  (编译源文件“../../tests/unit/data/payload.cpp”)
  
  Building Custom Rule J:/Code/Kernel_v2/tests/unit/data/CMakeLists.txt
  frame.cpp
  protocol_contract.vcxproj -> J:\Code\Kernel_v2\build\b2-data-asan\Debug\protocol_contract.exe
  schema.cpp
  schema_contract.vcxproj -> J:\Code\Kernel_v2\build\b2-data-asan\Debug\schema_contract.exe
