适用于 .NET Framework MSBuild 版本 17.14.23+b0019275e

  ock_data_contract.vcxproj -> J:\Code\Kernel_v2\build\b2-data-debug\Debug\ock_data_contract.lib
  schema.cpp
  ock_binding_contract.vcxproj -> J:\Code\Kernel_v2\build\b2-data-debug\Debug\ock_binding_contract.lib
  outcome_wire.cpp
  ock_protocol_contract.vcxproj -> J:\Code\Kernel_v2\build\b2-data-debug\Debug\ock_protocol_contract.lib
  outcome.cpp
  outcome_wire_contract.vcxproj -> J:\Code\Kernel_v2\build\b2-data-debug\Debug\outcome_wire_contract.exe
适用于 .NET Framework MSBuild 版本 17.14.23+b0019275e

  ock_data_contract.vcxproj -> J:\Code\Kernel_v2\build\b2-data-debug\Debug\ock_data_contract.lib
  ock_binding_contract.vcxproj -> J:\Code\Kernel_v2\build\b2-data-debug\Debug\ock_binding_contract.lib
  schema_contract.vcxproj -> J:\Code\Kernel_v2\build\b2-data-debug\Debug\schema_contract.exe
适用于 .NET Framework MSBuild 版本 17.14.23+b0019275e

  ock_data_contract.vcxproj -> J:\Code\Kernel_v2\build\b2-data-debug\Debug\ock_data_contract.lib
  ock_binding_contract.vcxproj -> J:\Code\Kernel_v2\build\b2-data-debug\Debug\ock_binding_contract.lib
  binding_parity.vcxproj -> J:\Code\Kernel_v2\build\b2-data-debug\Debug\binding_parity.exe
适用于 .NET Framework MSBuild 版本 17.14.23+b0019275e

  ock_data_contract.vcxproj -> J:\Code\Kernel_v2\build\b2-data-debug\Debug\ock_data_contract.lib
  ock_binding_contract.vcxproj -> J:\Code\Kernel_v2\build\b2-data-debug\Debug\ock_binding_contract.lib
  ock_catalog_contract.vcxproj -> J:\Code\Kernel_v2\build\b2-data-debug\Debug\ock_catalog_contract.lib
  catalog.cpp
  catalog_contract.vcxproj -> J:\Code\Kernel_v2\build\b2-data-debug\Debug\catalog_contract.exe
适用于 .NET Framework MSBuild 版本 17.14.23+b0019275e

  ock_data_contract.vcxproj -> J:\Code\Kernel_v2\build\b2-data-debug\Debug\ock_data_contract.lib
  ock_binding_contract.vcxproj -> J:\Code\Kernel_v2\build\b2-data-debug\Debug\ock_binding_contract.lib
  ock_catalog_contract.vcxproj -> J:\Code\Kernel_v2\build\b2-data-debug\Debug\ock_catalog_contract.lib
  ock_protocol_contract.vcxproj -> J:\Code\Kernel_v2\build\b2-data-debug\Debug\ock_protocol_contract.lib
  ock_router_contract.vcxproj -> J:\Code\Kernel_v2\build\b2-data-debug\Debug\ock_router_contract.lib
  router_contract.vcxproj -> J:\Code\Kernel_v2\build\b2-data-debug\Debug\router_contract.exe
适用于 .NET Framework MSBuild 版本 17.14.23+b0019275e

  ock_data_contract.vcxproj -> J:\Code\Kernel_v2\build\b2-data-debug\Debug\ock_data_contract.lib
  ock_binding_contract.vcxproj -> J:\Code\Kernel_v2\build\b2-data-debug\Debug\ock_binding_contract.lib
  ock_catalog_contract.vcxproj -> J:\Code\Kernel_v2\build\b2-data-debug\Debug\ock_catalog_contract.lib
  ock_protocol_contract.vcxproj -> J:\Code\Kernel_v2\build\b2-data-debug\Debug\ock_protocol_contract.lib
  ock_router_contract.vcxproj -> J:\Code\Kernel_v2\build\b2-data-debug\Debug\ock_router_contract.lib
  subscription.cpp
  subscription_methods.cpp
  正在生成代码...
  ock_subscription_contract.vcxproj -> J:\Code\Kernel_v2\build\b2-data-debug\Debug\ock_subscription_contract.lib
  subscription.cpp
  subscription_contract.vcxproj -> J:\Code\Kernel_v2\build\b2-data-debug\Debug\subscription_contract.exe
适用于 .NET Framework MSBuild 版本 17.14.23+b0019275e

  ock_data_contract.vcxproj -> J:\Code\Kernel_v2\build\b2-data-debug\Debug\ock_data_contract.lib
  ock_binding_contract.vcxproj -> J:\Code\Kernel_v2\build\b2-data-debug\Debug\ock_binding_contract.lib
  ock_catalog_contract.vcxproj -> J:\Code\Kernel_v2\build\b2-data-debug\Debug\ock_catalog_contract.lib
  ock_protocol_contract.vcxproj -> J:\Code\Kernel_v2\build\b2-data-debug\Debug\ock_protocol_contract.lib
  ock_cursor_contract.vcxproj -> J:\Code\Kernel_v2\build\b2-data-debug\Debug\ock_cursor_contract.lib
  ock_router_contract.vcxproj -> J:\Code\Kernel_v2\build\b2-data-debug\Debug\ock_router_contract.lib
  ock_list_contract.vcxproj -> J:\Code\Kernel_v2\build\b2-data-debug\Debug\ock_list_contract.lib
  list_contract.vcxproj -> J:\Code\Kernel_v2\build\b2-data-debug\Debug\list_contract.exe
适用于 .NET Framework MSBuild 版本 17.14.23+b0019275e

  ock_data_contract.vcxproj -> J:\Code\Kernel_v2\build\b2-data-debug\Debug\ock_data_contract.lib
  ock_binding_contract.vcxproj -> J:\Code\Kernel_v2\build\b2-data-debug\Debug\ock_binding_contract.lib
  ock_catalog_contract.vcxproj -> J:\Code\Kernel_v2\build\b2-data-debug\Debug\ock_catalog_contract.lib
  ock_host_contract.vcxproj -> J:\Code\Kernel_v2\build\b2-data-debug\Debug\ock_host_contract.lib
  dynamic_native_contract.vcxproj -> J:\Code\Kernel_v2\build\b2-data-debug\Debug\dynamic_native_contract.exe
