Traceback (most recent call last):
  File "E:\VS2019Qt5.15\3D\build\d0.06-a\research\download_candidates.py", line 21, in <module>
    for result in pool.map(fetch,candidates):rows.append(result)
  File "C:\Users\xrx10\AppData\Local\Programs\Python\Python311\Lib\concurrent\futures\_base.py", line 619, in result_iterator
    yield _result_or_cancel(fs.pop())
          ^^^^^^^^^^^^^^^^^^^^^^^^^^^
  File "C:\Users\xrx10\AppData\Local\Programs\Python\Python311\Lib\concurrent\futures\_base.py", line 317, in _result_or_cancel
    return fut.result(timeout)
           ^^^^^^^^^^^^^^^^^^^
  File "C:\Users\xrx10\AppData\Local\Programs\Python\Python311\Lib\concurrent\futures\_base.py", line 449, in result
    return self.__get_result()
           ^^^^^^^^^^^^^^^^^^^
  File "C:\Users\xrx10\AppData\Local\Programs\Python\Python311\Lib\concurrent\futures\_base.py", line 401, in __get_result
    raise self._exception
  File "C:\Users\xrx10\AppData\Local\Programs\Python\Python311\Lib\concurrent\futures\thread.py", line 58, in run
    result = self.fn(*self.args, **self.kwargs)
             ^^^^^^^^^^^^^^^^^^^^^^^^^^^^^^^^^^
  File "E:\VS2019Qt5.15\3D\build\d0.06-a\research\download_candidates.py", line 9, in fetch
    data=download(row["source_url"]);fmt="zip" if row["name"]=="sqlite" else "tar.gz";tree=archive_tree(data,fmt);sha=digest(data)
                                                                                           ^^^^^^^^^^^^^^^^^^^^^^
  File "E:\VS2019Qt5.15\3D\tools\dependencies\prepare.py", line 66, in archive_tree
    require(item.isfile() or item.isdir(),"links and special archive entries are forbidden")
  File "E:\VS2019Qt5.15\3D\tools\dependencies\prepare.py", line 23, in require
    if not value:raise LockError(reason)
                 ^^^^^^^^^^^^^^^^^^^^^^^
prepare.LockError: links and special archive entries are forbidden
