CMake is re-running because J:/Code/Kernel_v2/build/b4-asan/CMakeFiles/generate.stamp is out-of-date.
  the file 'J:/Code/Kernel_v2/CMakeLists.txt'
  is newer than 'J:/Code/Kernel_v2/build/b4-asan/CMakeFiles/generate.stamp.depend'
  result='-1'
-- Configuring done (2.2s)
-- Generating done (0.8s)
-- Build files have been written to: J:/Code/Kernel_v2/build/b4-asan
适用于 .NET Framework MSBuild 版本 17.14.23+b0019275e

__________________________________________________
项目“J:\Code\Kernel_v2\build\b4-asan\examples\managed_service\ock_managed_service.vcxproj”(默认目标):

__________________________________________________
项目“J:\Code\Kernel_v2\build\b4-asan\examples\managed_service\ock_managed_service.vcxproj”正在生成“J:\Code\Kernel_v2\build\b4-asan\ZERO_CHECK.vcxproj”(默认目标):

1>Checking Build System
__________________________________________________
项目“J:\Code\Kernel_v2\build\b4-asan\ZERO_CHECK.vcxproj”正在生成“J:\Code\Kernel_v2\build\b4-asan\ock_Adapter_CpuPool.vcxproj”(默认目标):

__________________________________________________
项目“J:\Code\Kernel_v2\build\b4-asan\ock_Adapter_CpuPool.vcxproj”正在生成“J:\Code\Kernel_v2\build\b4-asan\ZERO_CHECK.vcxproj”(默认目标):

__________________________________________________
项目“J:\Code\Kernel_v2\build\b4-asan\ZERO_CHECK.vcxproj”正在生成“J:\Code\Kernel_v2\build\b4-asan\ZERO_CHECK.vcxproj”(GetNativeManifest 目标):

__________________________________________________
项目“J:\Code\Kernel_v2\build\b4-asan\ZERO_CHECK.vcxproj”正在生成“J:\Code\Kernel_v2\build\b4-asan\ZERO_CHECK.vcxproj”(GetProjectInfoForReference 目标):

ock_Adapter_CpuPool.vcxproj -> J:\Code\Kernel_v2\build\b4-asan\RelWithDebInfo\ock_Adapter_CpuPool.lib
__________________________________________________
项目“J:\Code\Kernel_v2\build\b4-asan\ZERO_CHECK.vcxproj”正在生成“J:\Code\Kernel_v2\build\b4-asan\ZERO_CHECK.vcxproj”(GetCopyToOutputDirectoryItems 目标):

__________________________________________________
项目“J:\Code\Kernel_v2\build\b4-asan\ZERO_CHECK.vcxproj”正在生成“J:\Code\Kernel_v2\build\b4-asan\ock_Adapter_LocalIPC.vcxproj”(默认目标):

__________________________________________________
项目“J:\Code\Kernel_v2\build\b4-asan\ock_Adapter_LocalIPC.vcxproj”正在生成“J:\Code\Kernel_v2\build\b4-asan\ZERO_CHECK.vcxproj”(默认目标):

__________________________________________________
项目“J:\Code\Kernel_v2\build\b4-asan\ZERO_CHECK.vcxproj”正在生成“J:\Code\Kernel_v2\build\b4-asan\ock_ControlProtocol.vcxproj”(默认目标):

__________________________________________________
项目“J:\Code\Kernel_v2\build\b4-asan\ock_ControlProtocol.vcxproj”正在生成“J:\Code\Kernel_v2\build\b4-asan\ZERO_CHECK.vcxproj”(默认目标):

__________________________________________________
项目“J:\Code\Kernel_v2\build\b4-asan\ZERO_CHECK.vcxproj”正在生成“J:\Code\Kernel_v2\build\b4-asan\ock_Data.vcxproj”(默认目标):

__________________________________________________
项目“J:\Code\Kernel_v2\build\b4-asan\ock_Data.vcxproj”正在生成“J:\Code\Kernel_v2\build\b4-asan\ZERO_CHECK.vcxproj”(默认目标):

__________________________________________________
项目“J:\Code\Kernel_v2\build\b4-asan\ZERO_CHECK.vcxproj”正在生成“J:\Code\Kernel_v2\build\b4-asan\ZERO_CHECK.vcxproj”(GetNativeManifest 目标):

__________________________________________________
项目“J:\Code\Kernel_v2\build\b4-asan\ZERO_CHECK.vcxproj”正在生成“J:\Code\Kernel_v2\build\b4-asan\ZERO_CHECK.vcxproj”(GetProjectInfoForReference 目标):

ock_Data.vcxproj -> J:\Code\Kernel_v2\build\b4-asan\RelWithDebInfo\ock_Data.lib
__________________________________________________
项目“J:\Code\Kernel_v2\build\b4-asan\ZERO_CHECK.vcxproj”正在生成“J:\Code\Kernel_v2\build\b4-asan\ZERO_CHECK.vcxproj”(GetCopyToOutputDirectoryItems 目标):

__________________________________________________
项目“J:\Code\Kernel_v2\build\b4-asan\ZERO_CHECK.vcxproj”正在生成“J:\Code\Kernel_v2\build\b4-asan\ock_Data.vcxproj”(默认目标):

__________________________________________________
项目“J:\Code\Kernel_v2\build\b4-asan\ock_Data.vcxproj”正在生成“J:\Code\Kernel_v2\build\b4-asan\ock_Data.vcxproj”(默认目标):

__________________________________________________
项目“J:\Code\Kernel_v2\build\b4-asan\ock_Data.vcxproj”正在生成“J:\Code\Kernel_v2\build\b4-asan\ZERO_CHECK.vcxproj”(GetNativeManifest 目标):

__________________________________________________
项目“J:\Code\Kernel_v2\build\b4-asan\ZERO_CHECK.vcxproj”正在生成“J:\Code\Kernel_v2\build\b4-asan\ock_Data.vcxproj”(GetNativeManifest 目标):

__________________________________________________
项目“J:\Code\Kernel_v2\build\b4-asan\ock_Data.vcxproj”正在生成“J:\Code\Kernel_v2\build\b4-asan\ZERO_CHECK.vcxproj”(GetProjectInfoForReference 目标):

__________________________________________________
项目“J:\Code\Kernel_v2\build\b4-asan\ZERO_CHECK.vcxproj”正在生成“J:\Code\Kernel_v2\build\b4-asan\ock_Data.vcxproj”(GetProjectInfoForReference 目标):

ock_ControlProtocol.vcxproj -> J:\Code\Kernel_v2\build\b4-asan\RelWithDebInfo\ock_ControlProtocol.lib
__________________________________________________
项目“J:\Code\Kernel_v2\build\b4-asan\ock_Data.vcxproj”正在生成“J:\Code\Kernel_v2\build\b4-asan\ZERO_CHECK.vcxproj”(GetCopyToOutputDirectoryItems 目标):

__________________________________________________
项目“J:\Code\Kernel_v2\build\b4-asan\ZERO_CHECK.vcxproj”正在生成“J:\Code\Kernel_v2\build\b4-asan\ock_Data.vcxproj”(GetCopyToOutputDirectoryItems 目标):

__________________________________________________
项目“J:\Code\Kernel_v2\build\b4-asan\ock_Data.vcxproj”正在生成“J:\Code\Kernel_v2\build\b4-asan\ock_ControlProtocol.vcxproj”(默认目标):

__________________________________________________
项目“J:\Code\Kernel_v2\build\b4-asan\ock_ControlProtocol.vcxproj”正在生成“J:\Code\Kernel_v2\build\b4-asan\ZERO_CHECK.vcxproj”(GetNativeManifest 目标):

__________________________________________________
项目“J:\Code\Kernel_v2\build\b4-asan\ZERO_CHECK.vcxproj”正在生成“J:\Code\Kernel_v2\build\b4-asan\ock_Data.vcxproj”(GetNativeManifest 目标):

__________________________________________________
项目“J:\Code\Kernel_v2\build\b4-asan\ock_Data.vcxproj”正在生成“J:\Code\Kernel_v2\build\b4-asan\ock_ControlProtocol.vcxproj”(GetNativeManifest 目标):

__________________________________________________
项目“J:\Code\Kernel_v2\build\b4-asan\ock_ControlProtocol.vcxproj”正在生成“J:\Code\Kernel_v2\build\b4-asan\ZERO_CHECK.vcxproj”(GetProjectInfoForReference 目标):

__________________________________________________
项目“J:\Code\Kernel_v2\build\b4-asan\ZERO_CHECK.vcxproj”正在生成“J:\Code\Kernel_v2\build\b4-asan\ock_Data.vcxproj”(GetProjectInfoForReference 目标):

__________________________________________________
项目“J:\Code\Kernel_v2\build\b4-asan\ock_Data.vcxproj”正在生成“J:\Code\Kernel_v2\build\b4-asan\ock_ControlProtocol.vcxproj”(GetProjectInfoForReference 目标):

J:/Code/Kernel_v2/build/msvc-validation/e8697b7e3597a578/bin/CL.exe /c /IJ:\Code\Kernel_v2\packages\adapters\local_ipc\include /IJ:\Code\Kernel_v2 /IJ:\Code\Kernel_v2\packages\control\protocol\include /IJ:\Code\Kernel_v2\packages\contracts\include /IJ:\Code\Kernel_v2\packages\foundation\include /IJ:\Code\Kernel_v2\packages\dynamic\data\include /Z7 /nologo /W1 /WX- /diagnostics:column /fsanitize=address /O2 /Ob1 /D _MBCS /D WIN32 /D _WINDOWS /D NDEBUG /D ASIO_STANDALONE=1 /D _WIN32_WINNT=0x0A00 /D "CMAKE_INTDIR=\"RelWithDebInfo\"" /EHsc /MD /GS /fp:precise /Zc:wchar_t /Zc:forScope /Zc:inline /std:c++20 /permissive- /Fo"ock_Adapter_LocalIPC.dir\RelWithDebInfo\\" /Fd"J:\Code\Kernel_v2\build\b4-asan\RelWithDebInfo\ock_Adapter_LocalIPC.pdb" /external:W0 /Gd /TP /errorReport:queue  /external:I "J:/Code/Kernel_v2/build/d0.06-a/cache/sources/asio-269344e5d511/asio/include" /external:I "J:/Code/Kernel_v2/build/d0.06-a/cache/sources/expected-fe3b18aecb84/include" /fsanitize=address /utf-8 /Zc:__cplusplus J:\Code\Kernel_v2\packages\adapters\local_ipc\native_security.cpp J:\Code\Kernel_v2\packages\adapters\local_ipc\pipe.cpp
native_security.cpp
pipe.cpp
正在生成代码...
J:/Code/Kernel_v2/build/msvc-validation/e8697b7e3597a578/bin/Lib.exe /OUT:"J:\Code\Kernel_v2\build\b4-asan\RelWithDebInfo\ock_Adapter_LocalIPC.lib" /NOLOGO /MACHINE:X64  /machine:x64 ock_Adapter_LocalIPC.dir\RelWithDebInfo\native_security.obj
ock_Adapter_LocalIPC.dir\RelWithDebInfo\pipe.obj
ock_Adapter_LocalIPC.vcxproj -> J:\Code\Kernel_v2\build\b4-asan\RelWithDebInfo\ock_Adapter_LocalIPC.lib
__________________________________________________
项目“J:\Code\Kernel_v2\build\b4-asan\ock_ControlProtocol.vcxproj”正在生成“J:\Code\Kernel_v2\build\b4-asan\ZERO_CHECK.vcxproj”(GetCopyToOutputDirectoryItems 目标):

__________________________________________________
项目“J:\Code\Kernel_v2\build\b4-asan\ZERO_CHECK.vcxproj”正在生成“J:\Code\Kernel_v2\build\b4-asan\ock_ControlProtocol.vcxproj”(GetCopyToOutputDirectoryItems 目标):

__________________________________________________
项目“J:\Code\Kernel_v2\build\b4-asan\ock_ControlProtocol.vcxproj”正在生成“J:\Code\Kernel_v2\build\b4-asan\ock_Data.vcxproj”(GetCopyToOutputDirectoryItems 目标):

__________________________________________________
项目“J:\Code\Kernel_v2\build\b4-asan\ock_Data.vcxproj”正在生成“J:\Code\Kernel_v2\build\b4-asan\ock_Control.vcxproj”(默认目标):

__________________________________________________
项目“J:\Code\Kernel_v2\build\b4-asan\ock_Control.vcxproj”正在生成“J:\Code\Kernel_v2\build\b4-asan\ZERO_CHECK.vcxproj”(默认目标):

__________________________________________________
项目“J:\Code\Kernel_v2\build\b4-asan\ZERO_CHECK.vcxproj”正在生成“J:\Code\Kernel_v2\build\b4-asan\ock_ControlProtocol.vcxproj”(默认目标):

__________________________________________________
项目“J:\Code\Kernel_v2\build\b4-asan\ock_ControlProtocol.vcxproj”正在生成“J:\Code\Kernel_v2\build\b4-asan\ock_Data.vcxproj”(默认目标):

__________________________________________________
项目“J:\Code\Kernel_v2\build\b4-asan\ock_Data.vcxproj”正在生成“J:\Code\Kernel_v2\build\b4-asan\ock_Dynamic.vcxproj”(默认目标):

__________________________________________________
项目“J:\Code\Kernel_v2\build\b4-asan\ock_Dynamic.vcxproj”正在生成“J:\Code\Kernel_v2\build\b4-asan\ZERO_CHECK.vcxproj”(默认目标):

__________________________________________________
项目“J:\Code\Kernel_v2\build\b4-asan\ZERO_CHECK.vcxproj”正在生成“J:\Code\Kernel_v2\build\b4-asan\ock_Data.vcxproj”(默认目标):

__________________________________________________
项目“J:\Code\Kernel_v2\build\b4-asan\ock_Data.vcxproj”正在生成“J:\Code\Kernel_v2\build\b4-asan\ock_Runtime.vcxproj”(默认目标):

__________________________________________________
项目“J:\Code\Kernel_v2\build\b4-asan\ock_Runtime.vcxproj”正在生成“J:\Code\Kernel_v2\build\b4-asan\ZERO_CHECK.vcxproj”(默认目标):

__________________________________________________
项目“J:\Code\Kernel_v2\build\b4-asan\ZERO_CHECK.vcxproj”正在生成“J:\Code\Kernel_v2\build\b4-asan\ZERO_CHECK.vcxproj”(GetNativeManifest 目标):

__________________________________________________
项目“J:\Code\Kernel_v2\build\b4-asan\ZERO_CHECK.vcxproj”正在生成“J:\Code\Kernel_v2\build\b4-asan\ZERO_CHECK.vcxproj”(GetProjectInfoForReference 目标):

ock_Runtime.vcxproj -> J:\Code\Kernel_v2\build\b4-asan\RelWithDebInfo\ock_Runtime.lib
__________________________________________________
项目“J:\Code\Kernel_v2\build\b4-asan\ZERO_CHECK.vcxproj”正在生成“J:\Code\Kernel_v2\build\b4-asan\ZERO_CHECK.vcxproj”(GetCopyToOutputDirectoryItems 目标):

__________________________________________________
项目“J:\Code\Kernel_v2\build\b4-asan\ZERO_CHECK.vcxproj”正在生成“J:\Code\Kernel_v2\build\b4-asan\ock_Runtime.vcxproj”(默认目标):

__________________________________________________
项目“J:\Code\Kernel_v2\build\b4-asan\ock_Runtime.vcxproj”正在生成“J:\Code\Kernel_v2\build\b4-asan\ock_Runtime.vcxproj”(默认目标):

__________________________________________________
项目“J:\Code\Kernel_v2\build\b4-asan\ock_Runtime.vcxproj”正在生成“J:\Code\Kernel_v2\build\b4-asan\ZERO_CHECK.vcxproj”(GetNativeManifest 目标):

__________________________________________________
项目“J:\Code\Kernel_v2\build\b4-asan\ZERO_CHECK.vcxproj”正在生成“J:\Code\Kernel_v2\build\b4-asan\ock_Data.vcxproj”(GetNativeManifest 目标):

__________________________________________________
项目“J:\Code\Kernel_v2\build\b4-asan\ock_Data.vcxproj”正在生成“J:\Code\Kernel_v2\build\b4-asan\ock_Runtime.vcxproj”(GetNativeManifest 目标):

__________________________________________________
项目“J:\Code\Kernel_v2\build\b4-asan\ock_Runtime.vcxproj”正在生成“J:\Code\Kernel_v2\build\b4-asan\ZERO_CHECK.vcxproj”(GetProjectInfoForReference 目标):

__________________________________________________
项目“J:\Code\Kernel_v2\build\b4-asan\ZERO_CHECK.vcxproj”正在生成“J:\Code\Kernel_v2\build\b4-asan\ock_Data.vcxproj”(GetProjectInfoForReference 目标):

__________________________________________________
项目“J:\Code\Kernel_v2\build\b4-asan\ock_Data.vcxproj”正在生成“J:\Code\Kernel_v2\build\b4-asan\ock_Runtime.vcxproj”(GetProjectInfoForReference 目标):

ock_Dynamic.vcxproj -> J:\Code\Kernel_v2\build\b4-asan\RelWithDebInfo\ock_Dynamic.lib
__________________________________________________
项目“J:\Code\Kernel_v2\build\b4-asan\ock_Runtime.vcxproj”正在生成“J:\Code\Kernel_v2\build\b4-asan\ZERO_CHECK.vcxproj”(GetCopyToOutputDirectoryItems 目标):

__________________________________________________
项目“J:\Code\Kernel_v2\build\b4-asan\ZERO_CHECK.vcxproj”正在生成“J:\Code\Kernel_v2\build\b4-asan\ock_Data.vcxproj”(GetCopyToOutputDirectoryItems 目标):

__________________________________________________
项目“J:\Code\Kernel_v2\build\b4-asan\ock_Data.vcxproj”正在生成“J:\Code\Kernel_v2\build\b4-asan\ock_Runtime.vcxproj”(GetCopyToOutputDirectoryItems 目标):

__________________________________________________
项目“J:\Code\Kernel_v2\build\b4-asan\ock_Runtime.vcxproj”正在生成“J:\Code\Kernel_v2\build\b4-asan\ock_Dynamic.vcxproj”(默认目标):

__________________________________________________
项目“J:\Code\Kernel_v2\build\b4-asan\ock_Dynamic.vcxproj”正在生成“J:\Code\Kernel_v2\build\b4-asan\ZERO_CHECK.vcxproj”(GetNativeManifest 目标):

__________________________________________________
项目“J:\Code\Kernel_v2\build\b4-asan\ZERO_CHECK.vcxproj”正在生成“J:\Code\Kernel_v2\build\b4-asan\ock_ControlProtocol.vcxproj”(GetNativeManifest 目标):

__________________________________________________
项目“J:\Code\Kernel_v2\build\b4-asan\ock_ControlProtocol.vcxproj”正在生成“J:\Code\Kernel_v2\build\b4-asan\ock_Data.vcxproj”(GetNativeManifest 目标):

__________________________________________________
项目“J:\Code\Kernel_v2\build\b4-asan\ock_Data.vcxproj”正在生成“J:\Code\Kernel_v2\build\b4-asan\ock_Runtime.vcxproj”(GetNativeManifest 目标):

__________________________________________________
项目“J:\Code\Kernel_v2\build\b4-asan\ock_Runtime.vcxproj”正在生成“J:\Code\Kernel_v2\build\b4-asan\ock_Dynamic.vcxproj”(GetNativeManifest 目标):

__________________________________________________
项目“J:\Code\Kernel_v2\build\b4-asan\ock_Dynamic.vcxproj”正在生成“J:\Code\Kernel_v2\build\b4-asan\ZERO_CHECK.vcxproj”(GetProjectInfoForReference 目标):

__________________________________________________
项目“J:\Code\Kernel_v2\build\b4-asan\ZERO_CHECK.vcxproj”正在生成“J:\Code\Kernel_v2\build\b4-asan\ock_ControlProtocol.vcxproj”(GetProjectInfoForReference 目标):

__________________________________________________
项目“J:\Code\Kernel_v2\build\b4-asan\ock_ControlProtocol.vcxproj”正在生成“J:\Code\Kernel_v2\build\b4-asan\ock_Data.vcxproj”(GetProjectInfoForReference 目标):

__________________________________________________
项目“J:\Code\Kernel_v2\build\b4-asan\ock_Data.vcxproj”正在生成“J:\Code\Kernel_v2\build\b4-asan\ock_Runtime.vcxproj”(GetProjectInfoForReference 目标):

__________________________________________________
项目“J:\Code\Kernel_v2\build\b4-asan\ock_Runtime.vcxproj”正在生成“J:\Code\Kernel_v2\build\b4-asan\ock_Dynamic.vcxproj”(GetProjectInfoForReference 目标):

ock_Control.vcxproj -> J:\Code\Kernel_v2\build\b4-asan\RelWithDebInfo\ock_Control.lib
__________________________________________________
项目“J:\Code\Kernel_v2\build\b4-asan\ock_Dynamic.vcxproj”正在生成“J:\Code\Kernel_v2\build\b4-asan\ZERO_CHECK.vcxproj”(GetCopyToOutputDirectoryItems 目标):

__________________________________________________
项目“J:\Code\Kernel_v2\build\b4-asan\ZERO_CHECK.vcxproj”正在生成“J:\Code\Kernel_v2\build\b4-asan\ock_ControlProtocol.vcxproj”(GetCopyToOutputDirectoryItems 目标):

__________________________________________________
项目“J:\Code\Kernel_v2\build\b4-asan\ock_ControlProtocol.vcxproj”正在生成“J:\Code\Kernel_v2\build\b4-asan\ock_Data.vcxproj”(GetCopyToOutputDirectoryItems 目标):

__________________________________________________
项目“J:\Code\Kernel_v2\build\b4-asan\ock_Data.vcxproj”正在生成“J:\Code\Kernel_v2\build\b4-asan\ock_Dynamic.vcxproj”(GetCopyToOutputDirectoryItems 目标):

__________________________________________________
项目“J:\Code\Kernel_v2\build\b4-asan\ock_Dynamic.vcxproj”正在生成“J:\Code\Kernel_v2\build\b4-asan\ock_Runtime.vcxproj”(GetCopyToOutputDirectoryItems 目标):

__________________________________________________
项目“J:\Code\Kernel_v2\build\b4-asan\ock_Runtime.vcxproj”正在生成“J:\Code\Kernel_v2\build\b4-asan\ZERO_CHECK.vcxproj”(GetNativeManifest 目标):

__________________________________________________
项目“J:\Code\Kernel_v2\build\b4-asan\ZERO_CHECK.vcxproj”正在生成“J:\Code\Kernel_v2\build\b4-asan\ock_ControlProtocol.vcxproj”(GetNativeManifest 目标):

__________________________________________________
项目“J:\Code\Kernel_v2\build\b4-asan\ock_ControlProtocol.vcxproj”正在生成“J:\Code\Kernel_v2\build\b4-asan\ock_Data.vcxproj”(GetNativeManifest 目标):

__________________________________________________
项目“J:\Code\Kernel_v2\build\b4-asan\ock_Data.vcxproj”正在生成“J:\Code\Kernel_v2\build\b4-asan\ock_Dynamic.vcxproj”(GetNativeManifest 目标):

__________________________________________________
项目“J:\Code\Kernel_v2\build\b4-asan\ock_Dynamic.vcxproj”正在生成“J:\Code\Kernel_v2\build\b4-asan\ock_Runtime.vcxproj”(GetNativeManifest 目标):

__________________________________________________
项目“J:\Code\Kernel_v2\build\b4-asan\ock_Runtime.vcxproj”正在生成“J:\Code\Kernel_v2\build\b4-asan\ock_Adapter_CpuPool.vcxproj”(GetNativeManifest 目标):

__________________________________________________
项目“J:\Code\Kernel_v2\build\b4-asan\ock_Adapter_CpuPool.vcxproj”正在生成“J:\Code\Kernel_v2\build\b4-asan\ock_Adapter_LocalIPC.vcxproj”(GetNativeManifest 目标):

__________________________________________________
项目“J:\Code\Kernel_v2\build\b4-asan\ock_Adapter_LocalIPC.vcxproj”正在生成“J:\Code\Kernel_v2\build\b4-asan\ock_Control.vcxproj”(GetNativeManifest 目标):

Building Custom Rule J:/Code/Kernel_v2/examples/managed_service/CMakeLists.txt
__________________________________________________
项目“J:\Code\Kernel_v2\build\b4-asan\ock_Control.vcxproj”正在生成“J:\Code\Kernel_v2\build\b4-asan\ZERO_CHECK.vcxproj”(GetProjectInfoForReference 目标):

__________________________________________________
项目“J:\Code\Kernel_v2\build\b4-asan\ZERO_CHECK.vcxproj”正在生成“J:\Code\Kernel_v2\build\b4-asan\ock_ControlProtocol.vcxproj”(GetProjectInfoForReference 目标):

__________________________________________________
项目“J:\Code\Kernel_v2\build\b4-asan\ock_ControlProtocol.vcxproj”正在生成“J:\Code\Kernel_v2\build\b4-asan\ock_Data.vcxproj”(GetProjectInfoForReference 目标):

__________________________________________________
项目“J:\Code\Kernel_v2\build\b4-asan\ock_Data.vcxproj”正在生成“J:\Code\Kernel_v2\build\b4-asan\ock_Dynamic.vcxproj”(GetProjectInfoForReference 目标):

__________________________________________________
项目“J:\Code\Kernel_v2\build\b4-asan\ock_Dynamic.vcxproj”正在生成“J:\Code\Kernel_v2\build\b4-asan\ock_Runtime.vcxproj”(GetProjectInfoForReference 目标):

__________________________________________________
项目“J:\Code\Kernel_v2\build\b4-asan\ock_Runtime.vcxproj”正在生成“J:\Code\Kernel_v2\build\b4-asan\ock_Adapter_CpuPool.vcxproj”(GetProjectInfoForReference 目标):

__________________________________________________
项目“J:\Code\Kernel_v2\build\b4-asan\ock_Adapter_CpuPool.vcxproj”正在生成“J:\Code\Kernel_v2\build\b4-asan\ock_Adapter_LocalIPC.vcxproj”(GetProjectInfoForReference 目标):

__________________________________________________
项目“J:\Code\Kernel_v2\build\b4-asan\ock_Adapter_LocalIPC.vcxproj”正在生成“J:\Code\Kernel_v2\build\b4-asan\ock_Control.vcxproj”(GetProjectInfoForReference 目标):

J:/Code/Kernel_v2/build/msvc-validation/e8697b7e3597a578/bin/CL.exe /c /IJ:\Code\Kernel_v2\packages\control\server\include /IJ:\Code\Kernel_v2\packages\runtime\include /IJ:\Code\Kernel_v2\packages\contracts\include /IJ:\Code\Kernel_v2\packages\foundation\include /IJ:\Code\Kernel_v2\packages\dynamic\include /IJ:\Code\Kernel_v2\packages\dynamic\data\include /IJ:\Code\Kernel_v2\packages\control\protocol\include /IJ:\Code\Kernel_v2\packages\adapters\local_ipc\include /IJ:\Code\Kernel_v2\packages\adapters\cpu_pool\include /Z7 /nologo /W1 /WX- /diagnostics:column /fsanitize=address /O2 /Ob1 /D _MBCS /D WIN32 /D _WINDOWS /D NDEBUG /D "CMAKE_INTDIR=\"RelWithDebInfo\"" /EHsc /MD /GS /fp:precise /Zc:wchar_t /Zc:forScope /Zc:inline /std:c++20 /permissive- /Fo"ock_managed_service.dir\RelWithDebInfo\\" /Fd"ock_managed_service.dir\RelWithDebInfo\vc143.pdb" /external:W0 /Gd /TP /errorReport:queue  /external:I "J:/Code/Kernel_v2/build/d0.06-a/cache/sources/expected-fe3b18aecb84/include" /fsanitize=address /utf-8 /Zc:__cplusplus J:\Code\Kernel_v2\examples\managed_service\main.cpp J:\Code\Kernel_v2\examples\managed_service\service.cpp
main.cpp
service.cpp
正在生成代码...
J:/Code/Kernel_v2/build/msvc-validation/e8697b7e3597a578/bin/link.exe /ERRORREPORT:QUEUE /OUT:"J:\Code\Kernel_v2\build\b4-asan\examples\managed_service\RelWithDebInfo\ock_managed_service.exe" /INCREMENTAL:NO /NOLOGO ..\..\RelWithDebInfo\ock_Control.lib ..\..\RelWithDebInfo\ock_Adapter_LocalIPC.lib ..\..\RelWithDebInfo\ock_Adapter_CpuPool.lib ..\..\RelWithDebInfo\ock_Dynamic.lib ..\..\RelWithDebInfo\ock_Runtime.lib bcrypt.lib ..\..\RelWithDebInfo\ock_ControlProtocol.lib ..\..\RelWithDebInfo\ock_Data.lib advapi32.lib kernel32.lib user32.lib gdi32.lib winspool.lib shell32.lib ole32.lib oleaut32.lib uuid.lib comdlg32.lib advapi32.lib /MANIFEST /MANIFESTUAC:"level='asInvoker' uiAccess='false'" /manifest:embed /DEBUG /PDB:"J:/Code/Kernel_v2/build/b4-asan/examples/managed_service/RelWithDebInfo/ock_managed_service.pdb" /SUBSYSTEM:CONSOLE /TLBID:1 /DYNAMICBASE /NXCOMPAT /IMPLIB:"J:/Code/Kernel_v2/build/b4-asan/examples/managed_service/RelWithDebInfo/ock_managed_service.lib" /MACHINE:X64  /machine:x64 ock_managed_service.dir\RelWithDebInfo\main.obj
ock_managed_service.dir\RelWithDebInfo\service.obj
ock_managed_service.vcxproj -> J:\Code\Kernel_v2\build\b4-asan\examples\managed_service\RelWithDebInfo\ock_managed_service.exe
适用于 .NET Framework MSBuild 版本 17.14.23+b0019275e

__________________________________________________
项目“J:\Code\Kernel_v2\build\b4-asan\apps\ock\ock.vcxproj”(默认目标):

__________________________________________________
项目“J:\Code\Kernel_v2\build\b4-asan\apps\ock\ock.vcxproj”正在生成“J:\Code\Kernel_v2\build\b4-asan\ZERO_CHECK.vcxproj”(默认目标):

__________________________________________________
项目“J:\Code\Kernel_v2\build\b4-asan\ZERO_CHECK.vcxproj”正在生成“J:\Code\Kernel_v2\build\b4-asan\ock_Adapter_LocalIPC.vcxproj”(默认目标):

__________________________________________________
项目“J:\Code\Kernel_v2\build\b4-asan\ock_Adapter_LocalIPC.vcxproj”正在生成“J:\Code\Kernel_v2\build\b4-asan\ZERO_CHECK.vcxproj”(默认目标):

__________________________________________________
项目“J:\Code\Kernel_v2\build\b4-asan\ZERO_CHECK.vcxproj”正在生成“J:\Code\Kernel_v2\build\b4-asan\ock_ControlProtocol.vcxproj”(默认目标):

__________________________________________________
项目“J:\Code\Kernel_v2\build\b4-asan\ock_ControlProtocol.vcxproj”正在生成“J:\Code\Kernel_v2\build\b4-asan\ZERO_CHECK.vcxproj”(默认目标):

__________________________________________________
项目“J:\Code\Kernel_v2\build\b4-asan\ZERO_CHECK.vcxproj”正在生成“J:\Code\Kernel_v2\build\b4-asan\ock_Data.vcxproj”(默认目标):

__________________________________________________
项目“J:\Code\Kernel_v2\build\b4-asan\ock_Data.vcxproj”正在生成“J:\Code\Kernel_v2\build\b4-asan\ZERO_CHECK.vcxproj”(默认目标):

__________________________________________________
项目“J:\Code\Kernel_v2\build\b4-asan\ZERO_CHECK.vcxproj”正在生成“J:\Code\Kernel_v2\build\b4-asan\ZERO_CHECK.vcxproj”(GetNativeManifest 目标):

__________________________________________________
项目“J:\Code\Kernel_v2\build\b4-asan\ZERO_CHECK.vcxproj”正在生成“J:\Code\Kernel_v2\build\b4-asan\ZERO_CHECK.vcxproj”(GetProjectInfoForReference 目标):

ock_Data.vcxproj -> J:\Code\Kernel_v2\build\b4-asan\RelWithDebInfo\ock_Data.lib
__________________________________________________
项目“J:\Code\Kernel_v2\build\b4-asan\ZERO_CHECK.vcxproj”正在生成“J:\Code\Kernel_v2\build\b4-asan\ZERO_CHECK.vcxproj”(GetCopyToOutputDirectoryItems 目标):

__________________________________________________
项目“J:\Code\Kernel_v2\build\b4-asan\ZERO_CHECK.vcxproj”正在生成“J:\Code\Kernel_v2\build\b4-asan\ock_Data.vcxproj”(默认目标):

__________________________________________________
项目“J:\Code\Kernel_v2\build\b4-asan\ock_Data.vcxproj”正在生成“J:\Code\Kernel_v2\build\b4-asan\ock_Data.vcxproj”(默认目标):

__________________________________________________
项目“J:\Code\Kernel_v2\build\b4-asan\ock_Data.vcxproj”正在生成“J:\Code\Kernel_v2\build\b4-asan\ZERO_CHECK.vcxproj”(GetNativeManifest 目标):

__________________________________________________
项目“J:\Code\Kernel_v2\build\b4-asan\ZERO_CHECK.vcxproj”正在生成“J:\Code\Kernel_v2\build\b4-asan\ock_Data.vcxproj”(GetNativeManifest 目标):

__________________________________________________
项目“J:\Code\Kernel_v2\build\b4-asan\ock_Data.vcxproj”正在生成“J:\Code\Kernel_v2\build\b4-asan\ZERO_CHECK.vcxproj”(GetProjectInfoForReference 目标):

__________________________________________________
项目“J:\Code\Kernel_v2\build\b4-asan\ZERO_CHECK.vcxproj”正在生成“J:\Code\Kernel_v2\build\b4-asan\ock_Data.vcxproj”(GetProjectInfoForReference 目标):

ock_ControlProtocol.vcxproj -> J:\Code\Kernel_v2\build\b4-asan\RelWithDebInfo\ock_ControlProtocol.lib
__________________________________________________
项目“J:\Code\Kernel_v2\build\b4-asan\ock_Data.vcxproj”正在生成“J:\Code\Kernel_v2\build\b4-asan\ZERO_CHECK.vcxproj”(GetCopyToOutputDirectoryItems 目标):

__________________________________________________
项目“J:\Code\Kernel_v2\build\b4-asan\ZERO_CHECK.vcxproj”正在生成“J:\Code\Kernel_v2\build\b4-asan\ock_Data.vcxproj”(GetCopyToOutputDirectoryItems 目标):

__________________________________________________
项目“J:\Code\Kernel_v2\build\b4-asan\ock_Data.vcxproj”正在生成“J:\Code\Kernel_v2\build\b4-asan\ock_ControlProtocol.vcxproj”(默认目标):

__________________________________________________
项目“J:\Code\Kernel_v2\build\b4-asan\ock_ControlProtocol.vcxproj”正在生成“J:\Code\Kernel_v2\build\b4-asan\ZERO_CHECK.vcxproj”(GetNativeManifest 目标):

__________________________________________________
项目“J:\Code\Kernel_v2\build\b4-asan\ZERO_CHECK.vcxproj”正在生成“J:\Code\Kernel_v2\build\b4-asan\ock_Data.vcxproj”(GetNativeManifest 目标):

__________________________________________________
项目“J:\Code\Kernel_v2\build\b4-asan\ock_Data.vcxproj”正在生成“J:\Code\Kernel_v2\build\b4-asan\ock_ControlProtocol.vcxproj”(GetNativeManifest 目标):

__________________________________________________
项目“J:\Code\Kernel_v2\build\b4-asan\ock_ControlProtocol.vcxproj”正在生成“J:\Code\Kernel_v2\build\b4-asan\ZERO_CHECK.vcxproj”(GetProjectInfoForReference 目标):

__________________________________________________
项目“J:\Code\Kernel_v2\build\b4-asan\ZERO_CHECK.vcxproj”正在生成“J:\Code\Kernel_v2\build\b4-asan\ock_Data.vcxproj”(GetProjectInfoForReference 目标):

__________________________________________________
项目“J:\Code\Kernel_v2\build\b4-asan\ock_Data.vcxproj”正在生成“J:\Code\Kernel_v2\build\b4-asan\ock_ControlProtocol.vcxproj”(GetProjectInfoForReference 目标):

ock_Adapter_LocalIPC.vcxproj -> J:\Code\Kernel_v2\build\b4-asan\RelWithDebInfo\ock_Adapter_LocalIPC.lib
__________________________________________________
项目“J:\Code\Kernel_v2\build\b4-asan\ock_ControlProtocol.vcxproj”正在生成“J:\Code\Kernel_v2\build\b4-asan\ZERO_CHECK.vcxproj”(GetCopyToOutputDirectoryItems 目标):

__________________________________________________
项目“J:\Code\Kernel_v2\build\b4-asan\ZERO_CHECK.vcxproj”正在生成“J:\Code\Kernel_v2\build\b4-asan\ock_ControlProtocol.vcxproj”(GetCopyToOutputDirectoryItems 目标):

__________________________________________________
项目“J:\Code\Kernel_v2\build\b4-asan\ock_ControlProtocol.vcxproj”正在生成“J:\Code\Kernel_v2\build\b4-asan\ock_Data.vcxproj”(GetCopyToOutputDirectoryItems 目标):

__________________________________________________
项目“J:\Code\Kernel_v2\build\b4-asan\ock_Data.vcxproj”正在生成“J:\Code\Kernel_v2\build\b4-asan\ock_ControlClient.vcxproj”(默认目标):

__________________________________________________
项目“J:\Code\Kernel_v2\build\b4-asan\ock_ControlClient.vcxproj”正在生成“J:\Code\Kernel_v2\build\b4-asan\ZERO_CHECK.vcxproj”(默认目标):

__________________________________________________
项目“J:\Code\Kernel_v2\build\b4-asan\ZERO_CHECK.vcxproj”正在生成“J:\Code\Kernel_v2\build\b4-asan\ock_ControlProtocol.vcxproj”(默认目标):

__________________________________________________
项目“J:\Code\Kernel_v2\build\b4-asan\ock_ControlProtocol.vcxproj”正在生成“J:\Code\Kernel_v2\build\b4-asan\ock_Data.vcxproj”(默认目标):

__________________________________________________
项目“J:\Code\Kernel_v2\build\b4-asan\ock_Data.vcxproj”正在生成“J:\Code\Kernel_v2\build\b4-asan\ZERO_CHECK.vcxproj”(GetNativeManifest 目标):

__________________________________________________
项目“J:\Code\Kernel_v2\build\b4-asan\ZERO_CHECK.vcxproj”正在生成“J:\Code\Kernel_v2\build\b4-asan\ock_ControlProtocol.vcxproj”(GetNativeManifest 目标):

__________________________________________________
项目“J:\Code\Kernel_v2\build\b4-asan\ock_ControlProtocol.vcxproj”正在生成“J:\Code\Kernel_v2\build\b4-asan\ock_Data.vcxproj”(GetNativeManifest 目标):

__________________________________________________
项目“J:\Code\Kernel_v2\build\b4-asan\ock_Data.vcxproj”正在生成“J:\Code\Kernel_v2\build\b4-asan\ZERO_CHECK.vcxproj”(GetProjectInfoForReference 目标):

__________________________________________________
项目“J:\Code\Kernel_v2\build\b4-asan\ZERO_CHECK.vcxproj”正在生成“J:\Code\Kernel_v2\build\b4-asan\ock_ControlProtocol.vcxproj”(GetProjectInfoForReference 目标):

__________________________________________________
项目“J:\Code\Kernel_v2\build\b4-asan\ock_ControlProtocol.vcxproj”正在生成“J:\Code\Kernel_v2\build\b4-asan\ock_Data.vcxproj”(GetProjectInfoForReference 目标):

ock_ControlClient.vcxproj -> J:\Code\Kernel_v2\build\b4-asan\RelWithDebInfo\ock_ControlClient.lib
__________________________________________________
项目“J:\Code\Kernel_v2\build\b4-asan\ock_Data.vcxproj”正在生成“J:\Code\Kernel_v2\build\b4-asan\ZERO_CHECK.vcxproj”(GetCopyToOutputDirectoryItems 目标):

__________________________________________________
项目“J:\Code\Kernel_v2\build\b4-asan\ZERO_CHECK.vcxproj”正在生成“J:\Code\Kernel_v2\build\b4-asan\ock_ControlProtocol.vcxproj”(GetCopyToOutputDirectoryItems 目标):

__________________________________________________
项目“J:\Code\Kernel_v2\build\b4-asan\ock_ControlProtocol.vcxproj”正在生成“J:\Code\Kernel_v2\build\b4-asan\ock_Data.vcxproj”(GetCopyToOutputDirectoryItems 目标):

__________________________________________________
项目“J:\Code\Kernel_v2\build\b4-asan\ock_Data.vcxproj”正在生成“J:\Code\Kernel_v2\build\b4-asan\ZERO_CHECK.vcxproj”(GetNativeManifest 目标):

__________________________________________________
项目“J:\Code\Kernel_v2\build\b4-asan\ZERO_CHECK.vcxproj”正在生成“J:\Code\Kernel_v2\build\b4-asan\ock_ControlProtocol.vcxproj”(GetNativeManifest 目标):

__________________________________________________
项目“J:\Code\Kernel_v2\build\b4-asan\ock_ControlProtocol.vcxproj”正在生成“J:\Code\Kernel_v2\build\b4-asan\ock_Data.vcxproj”(GetNativeManifest 目标):

__________________________________________________
项目“J:\Code\Kernel_v2\build\b4-asan\ock_Data.vcxproj”正在生成“J:\Code\Kernel_v2\build\b4-asan\ock_Adapter_LocalIPC.vcxproj”(GetNativeManifest 目标):

__________________________________________________
项目“J:\Code\Kernel_v2\build\b4-asan\ock_Adapter_LocalIPC.vcxproj”正在生成“J:\Code\Kernel_v2\build\b4-asan\ock_ControlClient.vcxproj”(GetNativeManifest 目标):

__________________________________________________
项目“J:\Code\Kernel_v2\build\b4-asan\ock_ControlClient.vcxproj”正在生成“J:\Code\Kernel_v2\build\b4-asan\ZERO_CHECK.vcxproj”(GetProjectInfoForReference 目标):

__________________________________________________
项目“J:\Code\Kernel_v2\build\b4-asan\ZERO_CHECK.vcxproj”正在生成“J:\Code\Kernel_v2\build\b4-asan\ock_ControlProtocol.vcxproj”(GetProjectInfoForReference 目标):

__________________________________________________
项目“J:\Code\Kernel_v2\build\b4-asan\ock_ControlProtocol.vcxproj”正在生成“J:\Code\Kernel_v2\build\b4-asan\ock_Data.vcxproj”(GetProjectInfoForReference 目标):

__________________________________________________
项目“J:\Code\Kernel_v2\build\b4-asan\ock_Data.vcxproj”正在生成“J:\Code\Kernel_v2\build\b4-asan\ock_Adapter_LocalIPC.vcxproj”(GetProjectInfoForReference 目标):

__________________________________________________
项目“J:\Code\Kernel_v2\build\b4-asan\ock_Adapter_LocalIPC.vcxproj”正在生成“J:\Code\Kernel_v2\build\b4-asan\ock_ControlClient.vcxproj”(GetProjectInfoForReference 目标):

J:/Code/Kernel_v2/build/msvc-validation/e8697b7e3597a578/bin/CL.exe /c /IJ:\Code\Kernel_v2\packages\control\client\include /IJ:\Code\Kernel_v2\packages\control\protocol\include /IJ:\Code\Kernel_v2\packages\contracts\include /IJ:\Code\Kernel_v2\packages\foundation\include /IJ:\Code\Kernel_v2\packages\dynamic\data\include /IJ:\Code\Kernel_v2\packages\adapters\local_ipc\include /Z7 /nologo /W1 /WX- /diagnostics:column /fsanitize=address /O2 /Ob1 /D _MBCS /D WIN32 /D _WINDOWS /D NDEBUG /D "CMAKE_INTDIR=\"RelWithDebInfo\"" /EHsc /MD /GS /fp:precise /Zc:wchar_t /Zc:forScope /Zc:inline /std:c++20 /permissive- /Fo"ock.dir\RelWithDebInfo\\" /Fd"ock.dir\RelWithDebInfo\vc143.pdb" /external:W0 /Gd /TP /errorReport:queue  /external:I "J:/Code/Kernel_v2/build/d0.06-a/cache/sources/cli11-c91e8768600e/include" /external:I "J:/Code/Kernel_v2/build/d0.06-a/cache/sources/expected-fe3b18aecb84/include" /fsanitize=address /utf-8 /Zc:__cplusplus J:\Code\Kernel_v2\apps\ock\main.cpp
main.cpp
J:/Code/Kernel_v2/build/msvc-validation/e8697b7e3597a578/bin/link.exe /ERRORREPORT:QUEUE /OUT:"J:\Code\Kernel_v2\build\b4-asan\apps\ock\RelWithDebInfo\ock.exe" /INCREMENTAL:NO /NOLOGO ..\..\RelWithDebInfo\ock_ControlClient.lib ..\..\RelWithDebInfo\ock_Adapter_LocalIPC.lib bcrypt.lib ..\..\RelWithDebInfo\ock_ControlProtocol.lib ..\..\RelWithDebInfo\ock_Data.lib advapi32.lib kernel32.lib user32.lib gdi32.lib winspool.lib shell32.lib ole32.lib oleaut32.lib uuid.lib comdlg32.lib advapi32.lib /MANIFEST /MANIFESTUAC:"level='asInvoker' uiAccess='false'" /manifest:embed /DEBUG /PDB:"J:/Code/Kernel_v2/build/b4-asan/apps/ock/RelWithDebInfo/ock.pdb" /MAP /SUBSYSTEM:CONSOLE /TLBID:1 /DYNAMICBASE /NXCOMPAT /IMPLIB:"J:/Code/Kernel_v2/build/b4-asan/apps/ock/RelWithDebInfo/ock.lib" /MACHINE:X64  /machine:x64 ock.dir\RelWithDebInfo\main.obj
ock.vcxproj -> J:\Code\Kernel_v2\build\b4-asan\apps\ock\RelWithDebInfo\ock.exe
适用于 .NET Framework MSBuild 版本 17.14.23+b0019275e

__________________________________________________
项目“J:\Code\Kernel_v2\build\b4-asan\tests\integration\windows_ipc\ock_ipc_peer.vcxproj”(默认目标):

__________________________________________________
项目“J:\Code\Kernel_v2\build\b4-asan\tests\integration\windows_ipc\ock_ipc_peer.vcxproj”正在生成“J:\Code\Kernel_v2\build\b4-asan\ZERO_CHECK.vcxproj”(默认目标):

__________________________________________________
项目“J:\Code\Kernel_v2\build\b4-asan\ZERO_CHECK.vcxproj”正在生成“J:\Code\Kernel_v2\build\b4-asan\ock_Adapter_LocalIPC.vcxproj”(默认目标):

__________________________________________________
项目“J:\Code\Kernel_v2\build\b4-asan\ock_Adapter_LocalIPC.vcxproj”正在生成“J:\Code\Kernel_v2\build\b4-asan\ZERO_CHECK.vcxproj”(默认目标):

__________________________________________________
项目“J:\Code\Kernel_v2\build\b4-asan\ZERO_CHECK.vcxproj”正在生成“J:\Code\Kernel_v2\build\b4-asan\ock_ControlProtocol.vcxproj”(默认目标):

__________________________________________________
项目“J:\Code\Kernel_v2\build\b4-asan\ock_ControlProtocol.vcxproj”正在生成“J:\Code\Kernel_v2\build\b4-asan\ZERO_CHECK.vcxproj”(默认目标):

__________________________________________________
项目“J:\Code\Kernel_v2\build\b4-asan\ZERO_CHECK.vcxproj”正在生成“J:\Code\Kernel_v2\build\b4-asan\ock_Data.vcxproj”(默认目标):

__________________________________________________
项目“J:\Code\Kernel_v2\build\b4-asan\ock_Data.vcxproj”正在生成“J:\Code\Kernel_v2\build\b4-asan\ZERO_CHECK.vcxproj”(默认目标):

__________________________________________________
项目“J:\Code\Kernel_v2\build\b4-asan\ZERO_CHECK.vcxproj”正在生成“J:\Code\Kernel_v2\build\b4-asan\ZERO_CHECK.vcxproj”(GetNativeManifest 目标):

__________________________________________________
项目“J:\Code\Kernel_v2\build\b4-asan\ZERO_CHECK.vcxproj”正在生成“J:\Code\Kernel_v2\build\b4-asan\ZERO_CHECK.vcxproj”(GetProjectInfoForReference 目标):

ock_Data.vcxproj -> J:\Code\Kernel_v2\build\b4-asan\RelWithDebInfo\ock_Data.lib
__________________________________________________
项目“J:\Code\Kernel_v2\build\b4-asan\ZERO_CHECK.vcxproj”正在生成“J:\Code\Kernel_v2\build\b4-asan\ZERO_CHECK.vcxproj”(GetCopyToOutputDirectoryItems 目标):

__________________________________________________
项目“J:\Code\Kernel_v2\build\b4-asan\ZERO_CHECK.vcxproj”正在生成“J:\Code\Kernel_v2\build\b4-asan\ock_Data.vcxproj”(默认目标):

__________________________________________________
项目“J:\Code\Kernel_v2\build\b4-asan\ock_Data.vcxproj”正在生成“J:\Code\Kernel_v2\build\b4-asan\ock_Data.vcxproj”(默认目标):

__________________________________________________
项目“J:\Code\Kernel_v2\build\b4-asan\ock_Data.vcxproj”正在生成“J:\Code\Kernel_v2\build\b4-asan\ZERO_CHECK.vcxproj”(GetNativeManifest 目标):

__________________________________________________
项目“J:\Code\Kernel_v2\build\b4-asan\ZERO_CHECK.vcxproj”正在生成“J:\Code\Kernel_v2\build\b4-asan\ock_Data.vcxproj”(GetNativeManifest 目标):

__________________________________________________
项目“J:\Code\Kernel_v2\build\b4-asan\ock_Data.vcxproj”正在生成“J:\Code\Kernel_v2\build\b4-asan\ZERO_CHECK.vcxproj”(GetProjectInfoForReference 目标):

__________________________________________________
项目“J:\Code\Kernel_v2\build\b4-asan\ZERO_CHECK.vcxproj”正在生成“J:\Code\Kernel_v2\build\b4-asan\ock_Data.vcxproj”(GetProjectInfoForReference 目标):

ock_ControlProtocol.vcxproj -> J:\Code\Kernel_v2\build\b4-asan\RelWithDebInfo\ock_ControlProtocol.lib
__________________________________________________
项目“J:\Code\Kernel_v2\build\b4-asan\ock_Data.vcxproj”正在生成“J:\Code\Kernel_v2\build\b4-asan\ZERO_CHECK.vcxproj”(GetCopyToOutputDirectoryItems 目标):

__________________________________________________
项目“J:\Code\Kernel_v2\build\b4-asan\ZERO_CHECK.vcxproj”正在生成“J:\Code\Kernel_v2\build\b4-asan\ock_Data.vcxproj”(GetCopyToOutputDirectoryItems 目标):

__________________________________________________
项目“J:\Code\Kernel_v2\build\b4-asan\ock_Data.vcxproj”正在生成“J:\Code\Kernel_v2\build\b4-asan\ock_ControlProtocol.vcxproj”(默认目标):

__________________________________________________
项目“J:\Code\Kernel_v2\build\b4-asan\ock_ControlProtocol.vcxproj”正在生成“J:\Code\Kernel_v2\build\b4-asan\ZERO_CHECK.vcxproj”(GetNativeManifest 目标):

__________________________________________________
项目“J:\Code\Kernel_v2\build\b4-asan\ZERO_CHECK.vcxproj”正在生成“J:\Code\Kernel_v2\build\b4-asan\ock_Data.vcxproj”(GetNativeManifest 目标):

__________________________________________________
项目“J:\Code\Kernel_v2\build\b4-asan\ock_Data.vcxproj”正在生成“J:\Code\Kernel_v2\build\b4-asan\ock_ControlProtocol.vcxproj”(GetNativeManifest 目标):

__________________________________________________
项目“J:\Code\Kernel_v2\build\b4-asan\ock_ControlProtocol.vcxproj”正在生成“J:\Code\Kernel_v2\build\b4-asan\ZERO_CHECK.vcxproj”(GetProjectInfoForReference 目标):

__________________________________________________
项目“J:\Code\Kernel_v2\build\b4-asan\ZERO_CHECK.vcxproj”正在生成“J:\Code\Kernel_v2\build\b4-asan\ock_Data.vcxproj”(GetProjectInfoForReference 目标):

__________________________________________________
项目“J:\Code\Kernel_v2\build\b4-asan\ock_Data.vcxproj”正在生成“J:\Code\Kernel_v2\build\b4-asan\ock_ControlProtocol.vcxproj”(GetProjectInfoForReference 目标):

ock_Adapter_LocalIPC.vcxproj -> J:\Code\Kernel_v2\build\b4-asan\RelWithDebInfo\ock_Adapter_LocalIPC.lib
__________________________________________________
项目“J:\Code\Kernel_v2\build\b4-asan\ock_ControlProtocol.vcxproj”正在生成“J:\Code\Kernel_v2\build\b4-asan\ZERO_CHECK.vcxproj”(GetCopyToOutputDirectoryItems 目标):

__________________________________________________
项目“J:\Code\Kernel_v2\build\b4-asan\ZERO_CHECK.vcxproj”正在生成“J:\Code\Kernel_v2\build\b4-asan\ock_ControlProtocol.vcxproj”(GetCopyToOutputDirectoryItems 目标):

__________________________________________________
项目“J:\Code\Kernel_v2\build\b4-asan\ock_ControlProtocol.vcxproj”正在生成“J:\Code\Kernel_v2\build\b4-asan\ock_Data.vcxproj”(GetCopyToOutputDirectoryItems 目标):

__________________________________________________
项目“J:\Code\Kernel_v2\build\b4-asan\ock_Data.vcxproj”正在生成“J:\Code\Kernel_v2\build\b4-asan\ZERO_CHECK.vcxproj”(GetNativeManifest 目标):

__________________________________________________
项目“J:\Code\Kernel_v2\build\b4-asan\ZERO_CHECK.vcxproj”正在生成“J:\Code\Kernel_v2\build\b4-asan\ock_ControlProtocol.vcxproj”(GetNativeManifest 目标):

__________________________________________________
项目“J:\Code\Kernel_v2\build\b4-asan\ock_ControlProtocol.vcxproj”正在生成“J:\Code\Kernel_v2\build\b4-asan\ock_Data.vcxproj”(GetNativeManifest 目标):

__________________________________________________
项目“J:\Code\Kernel_v2\build\b4-asan\ock_Data.vcxproj”正在生成“J:\Code\Kernel_v2\build\b4-asan\ock_Adapter_LocalIPC.vcxproj”(GetNativeManifest 目标):

Building Custom Rule J:/Code/Kernel_v2/tests/integration/windows_ipc/CMakeLists.txt
__________________________________________________
项目“J:\Code\Kernel_v2\build\b4-asan\ock_Adapter_LocalIPC.vcxproj”正在生成“J:\Code\Kernel_v2\build\b4-asan\ZERO_CHECK.vcxproj”(GetProjectInfoForReference 目标):

__________________________________________________
项目“J:\Code\Kernel_v2\build\b4-asan\ZERO_CHECK.vcxproj”正在生成“J:\Code\Kernel_v2\build\b4-asan\ock_ControlProtocol.vcxproj”(GetProjectInfoForReference 目标):

__________________________________________________
项目“J:\Code\Kernel_v2\build\b4-asan\ock_ControlProtocol.vcxproj”正在生成“J:\Code\Kernel_v2\build\b4-asan\ock_Data.vcxproj”(GetProjectInfoForReference 目标):

__________________________________________________
项目“J:\Code\Kernel_v2\build\b4-asan\ock_Data.vcxproj”正在生成“J:\Code\Kernel_v2\build\b4-asan\ock_Adapter_LocalIPC.vcxproj”(GetProjectInfoForReference 目标):

J:/Code/Kernel_v2/build/msvc-validation/e8697b7e3597a578/bin/CL.exe /c /IJ:\Code\Kernel_v2\packages\adapters\local_ipc\include /IJ:\Code\Kernel_v2\packages\control\protocol\include /IJ:\Code\Kernel_v2\packages\contracts\include /IJ:\Code\Kernel_v2\packages\foundation\include /IJ:\Code\Kernel_v2\packages\dynamic\data\include /Z7 /nologo /W1 /WX- /diagnostics:column /fsanitize=address /O2 /Ob1 /D _MBCS /D WIN32 /D _WINDOWS /D NDEBUG /D "CMAKE_INTDIR=\"RelWithDebInfo\"" /EHsc /MD /GS /fp:precise /Zc:wchar_t /Zc:forScope /Zc:inline /std:c++20 /permissive- /Fo"ock_ipc_peer.dir\RelWithDebInfo\\" /Fd"ock_ipc_peer.dir\RelWithDebInfo\vc143.pdb" /external:W0 /Gd /TP /errorReport:queue  /external:I "J:/Code/Kernel_v2/build/d0.06-a/cache/sources/expected-fe3b18aecb84/include" /fsanitize=address /utf-8 /Zc:__cplusplus J:\Code\Kernel_v2\tests\integration\windows_ipc\peer.cpp
peer.cpp
J:/Code/Kernel_v2/build/msvc-validation/e8697b7e3597a578/bin/link.exe /ERRORREPORT:QUEUE /OUT:"J:\Code\Kernel_v2\build\b4-asan\tests\integration\windows_ipc\RelWithDebInfo\ock_ipc_peer.exe" /INCREMENTAL:NO /NOLOGO ..\..\..\RelWithDebInfo\ock_Adapter_LocalIPC.lib ..\..\..\RelWithDebInfo\ock_ControlProtocol.lib ..\..\..\RelWithDebInfo\ock_Data.lib advapi32.lib kernel32.lib user32.lib gdi32.lib winspool.lib shell32.lib ole32.lib oleaut32.lib uuid.lib comdlg32.lib advapi32.lib /MANIFEST /MANIFESTUAC:"level='asInvoker' uiAccess='false'" /manifest:embed /DEBUG /PDB:"J:/Code/Kernel_v2/build/b4-asan/tests/integration/windows_ipc/RelWithDebInfo/ock_ipc_peer.pdb" /SUBSYSTEM:CONSOLE /TLBID:1 /DYNAMICBASE /NXCOMPAT /IMPLIB:"J:/Code/Kernel_v2/build/b4-asan/tests/integration/windows_ipc/RelWithDebInfo/ock_ipc_peer.lib" /MACHINE:X64  /machine:x64 ock_ipc_peer.dir\RelWithDebInfo\peer.obj
ock_ipc_peer.vcxproj -> J:\Code\Kernel_v2\build\b4-asan\tests\integration\windows_ipc\RelWithDebInfo\ock_ipc_peer.exe
适用于 .NET Framework MSBuild 版本 17.14.23+b0019275e

__________________________________________________
项目“J:\Code\Kernel_v2\build\b4-asan\tests\integration\windows_ipc\ock_ipc_observation_peer.vcxproj”(默认目标):

__________________________________________________
项目“J:\Code\Kernel_v2\build\b4-asan\tests\integration\windows_ipc\ock_ipc_observation_peer.vcxproj”正在生成“J:\Code\Kernel_v2\build\b4-asan\ZERO_CHECK.vcxproj”(默认目标):

__________________________________________________
项目“J:\Code\Kernel_v2\build\b4-asan\ZERO_CHECK.vcxproj”正在生成“J:\Code\Kernel_v2\build\b4-asan\ock_Adapter_LocalIPC.vcxproj”(默认目标):

__________________________________________________
项目“J:\Code\Kernel_v2\build\b4-asan\ock_Adapter_LocalIPC.vcxproj”正在生成“J:\Code\Kernel_v2\build\b4-asan\ZERO_CHECK.vcxproj”(默认目标):

__________________________________________________
项目“J:\Code\Kernel_v2\build\b4-asan\ZERO_CHECK.vcxproj”正在生成“J:\Code\Kernel_v2\build\b4-asan\ock_ControlProtocol.vcxproj”(默认目标):

__________________________________________________
项目“J:\Code\Kernel_v2\build\b4-asan\ock_ControlProtocol.vcxproj”正在生成“J:\Code\Kernel_v2\build\b4-asan\ZERO_CHECK.vcxproj”(默认目标):

__________________________________________________
项目“J:\Code\Kernel_v2\build\b4-asan\ZERO_CHECK.vcxproj”正在生成“J:\Code\Kernel_v2\build\b4-asan\ock_Data.vcxproj”(默认目标):

__________________________________________________
项目“J:\Code\Kernel_v2\build\b4-asan\ock_Data.vcxproj”正在生成“J:\Code\Kernel_v2\build\b4-asan\ZERO_CHECK.vcxproj”(默认目标):

__________________________________________________
项目“J:\Code\Kernel_v2\build\b4-asan\ZERO_CHECK.vcxproj”正在生成“J:\Code\Kernel_v2\build\b4-asan\ZERO_CHECK.vcxproj”(GetNativeManifest 目标):

__________________________________________________
项目“J:\Code\Kernel_v2\build\b4-asan\ZERO_CHECK.vcxproj”正在生成“J:\Code\Kernel_v2\build\b4-asan\ZERO_CHECK.vcxproj”(GetProjectInfoForReference 目标):

ock_Data.vcxproj -> J:\Code\Kernel_v2\build\b4-asan\RelWithDebInfo\ock_Data.lib
__________________________________________________
项目“J:\Code\Kernel_v2\build\b4-asan\ZERO_CHECK.vcxproj”正在生成“J:\Code\Kernel_v2\build\b4-asan\ZERO_CHECK.vcxproj”(GetCopyToOutputDirectoryItems 目标):

__________________________________________________
项目“J:\Code\Kernel_v2\build\b4-asan\ZERO_CHECK.vcxproj”正在生成“J:\Code\Kernel_v2\build\b4-asan\ock_Data.vcxproj”(默认目标):

__________________________________________________
项目“J:\Code\Kernel_v2\build\b4-asan\ock_Data.vcxproj”正在生成“J:\Code\Kernel_v2\build\b4-asan\ock_Data.vcxproj”(默认目标):

__________________________________________________
项目“J:\Code\Kernel_v2\build\b4-asan\ock_Data.vcxproj”正在生成“J:\Code\Kernel_v2\build\b4-asan\ZERO_CHECK.vcxproj”(GetNativeManifest 目标):

__________________________________________________
项目“J:\Code\Kernel_v2\build\b4-asan\ZERO_CHECK.vcxproj”正在生成“J:\Code\Kernel_v2\build\b4-asan\ock_Data.vcxproj”(GetNativeManifest 目标):

__________________________________________________
项目“J:\Code\Kernel_v2\build\b4-asan\ock_Data.vcxproj”正在生成“J:\Code\Kernel_v2\build\b4-asan\ZERO_CHECK.vcxproj”(GetProjectInfoForReference 目标):

__________________________________________________
项目“J:\Code\Kernel_v2\build\b4-asan\ZERO_CHECK.vcxproj”正在生成“J:\Code\Kernel_v2\build\b4-asan\ock_Data.vcxproj”(GetProjectInfoForReference 目标):

ock_ControlProtocol.vcxproj -> J:\Code\Kernel_v2\build\b4-asan\RelWithDebInfo\ock_ControlProtocol.lib
__________________________________________________
项目“J:\Code\Kernel_v2\build\b4-asan\ock_Data.vcxproj”正在生成“J:\Code\Kernel_v2\build\b4-asan\ZERO_CHECK.vcxproj”(GetCopyToOutputDirectoryItems 目标):

__________________________________________________
项目“J:\Code\Kernel_v2\build\b4-asan\ZERO_CHECK.vcxproj”正在生成“J:\Code\Kernel_v2\build\b4-asan\ock_Data.vcxproj”(GetCopyToOutputDirectoryItems 目标):

__________________________________________________
项目“J:\Code\Kernel_v2\build\b4-asan\ock_Data.vcxproj”正在生成“J:\Code\Kernel_v2\build\b4-asan\ock_ControlProtocol.vcxproj”(默认目标):

__________________________________________________
项目“J:\Code\Kernel_v2\build\b4-asan\ock_ControlProtocol.vcxproj”正在生成“J:\Code\Kernel_v2\build\b4-asan\ZERO_CHECK.vcxproj”(GetNativeManifest 目标):

__________________________________________________
项目“J:\Code\Kernel_v2\build\b4-asan\ZERO_CHECK.vcxproj”正在生成“J:\Code\Kernel_v2\build\b4-asan\ock_Data.vcxproj”(GetNativeManifest 目标):

__________________________________________________
项目“J:\Code\Kernel_v2\build\b4-asan\ock_Data.vcxproj”正在生成“J:\Code\Kernel_v2\build\b4-asan\ock_ControlProtocol.vcxproj”(GetNativeManifest 目标):

__________________________________________________
项目“J:\Code\Kernel_v2\build\b4-asan\ock_ControlProtocol.vcxproj”正在生成“J:\Code\Kernel_v2\build\b4-asan\ZERO_CHECK.vcxproj”(GetProjectInfoForReference 目标):

__________________________________________________
项目“J:\Code\Kernel_v2\build\b4-asan\ZERO_CHECK.vcxproj”正在生成“J:\Code\Kernel_v2\build\b4-asan\ock_Data.vcxproj”(GetProjectInfoForReference 目标):

__________________________________________________
项目“J:\Code\Kernel_v2\build\b4-asan\ock_Data.vcxproj”正在生成“J:\Code\Kernel_v2\build\b4-asan\ock_ControlProtocol.vcxproj”(GetProjectInfoForReference 目标):

ock_Adapter_LocalIPC.vcxproj -> J:\Code\Kernel_v2\build\b4-asan\RelWithDebInfo\ock_Adapter_LocalIPC.lib
__________________________________________________
项目“J:\Code\Kernel_v2\build\b4-asan\ock_ControlProtocol.vcxproj”正在生成“J:\Code\Kernel_v2\build\b4-asan\ZERO_CHECK.vcxproj”(GetCopyToOutputDirectoryItems 目标):

__________________________________________________
项目“J:\Code\Kernel_v2\build\b4-asan\ZERO_CHECK.vcxproj”正在生成“J:\Code\Kernel_v2\build\b4-asan\ock_ControlProtocol.vcxproj”(GetCopyToOutputDirectoryItems 目标):

__________________________________________________
项目“J:\Code\Kernel_v2\build\b4-asan\ock_ControlProtocol.vcxproj”正在生成“J:\Code\Kernel_v2\build\b4-asan\ock_Data.vcxproj”(GetCopyToOutputDirectoryItems 目标):

__________________________________________________
项目“J:\Code\Kernel_v2\build\b4-asan\ock_Data.vcxproj”正在生成“J:\Code\Kernel_v2\build\b4-asan\ock_Control.vcxproj”(默认目标):

__________________________________________________
项目“J:\Code\Kernel_v2\build\b4-asan\ock_Control.vcxproj”正在生成“J:\Code\Kernel_v2\build\b4-asan\ZERO_CHECK.vcxproj”(默认目标):

__________________________________________________
项目“J:\Code\Kernel_v2\build\b4-asan\ZERO_CHECK.vcxproj”正在生成“J:\Code\Kernel_v2\build\b4-asan\ock_ControlProtocol.vcxproj”(默认目标):

__________________________________________________
项目“J:\Code\Kernel_v2\build\b4-asan\ock_ControlProtocol.vcxproj”正在生成“J:\Code\Kernel_v2\build\b4-asan\ock_Data.vcxproj”(默认目标):

__________________________________________________
项目“J:\Code\Kernel_v2\build\b4-asan\ock_Data.vcxproj”正在生成“J:\Code\Kernel_v2\build\b4-asan\ock_Dynamic.vcxproj”(默认目标):

__________________________________________________
项目“J:\Code\Kernel_v2\build\b4-asan\ock_Dynamic.vcxproj”正在生成“J:\Code\Kernel_v2\build\b4-asan\ZERO_CHECK.vcxproj”(默认目标):

__________________________________________________
项目“J:\Code\Kernel_v2\build\b4-asan\ZERO_CHECK.vcxproj”正在生成“J:\Code\Kernel_v2\build\b4-asan\ock_Data.vcxproj”(默认目标):

__________________________________________________
项目“J:\Code\Kernel_v2\build\b4-asan\ock_Data.vcxproj”正在生成“J:\Code\Kernel_v2\build\b4-asan\ock_Runtime.vcxproj”(默认目标):

__________________________________________________
项目“J:\Code\Kernel_v2\build\b4-asan\ock_Runtime.vcxproj”正在生成“J:\Code\Kernel_v2\build\b4-asan\ZERO_CHECK.vcxproj”(默认目标):

__________________________________________________
项目“J:\Code\Kernel_v2\build\b4-asan\ZERO_CHECK.vcxproj”正在生成“J:\Code\Kernel_v2\build\b4-asan\ZERO_CHECK.vcxproj”(GetNativeManifest 目标):

__________________________________________________
项目“J:\Code\Kernel_v2\build\b4-asan\ZERO_CHECK.vcxproj”正在生成“J:\Code\Kernel_v2\build\b4-asan\ZERO_CHECK.vcxproj”(GetProjectInfoForReference 目标):

ock_Runtime.vcxproj -> J:\Code\Kernel_v2\build\b4-asan\RelWithDebInfo\ock_Runtime.lib
__________________________________________________
项目“J:\Code\Kernel_v2\build\b4-asan\ZERO_CHECK.vcxproj”正在生成“J:\Code\Kernel_v2\build\b4-asan\ZERO_CHECK.vcxproj”(GetCopyToOutputDirectoryItems 目标):

__________________________________________________
项目“J:\Code\Kernel_v2\build\b4-asan\ZERO_CHECK.vcxproj”正在生成“J:\Code\Kernel_v2\build\b4-asan\ock_Runtime.vcxproj”(默认目标):

__________________________________________________
项目“J:\Code\Kernel_v2\build\b4-asan\ock_Runtime.vcxproj”正在生成“J:\Code\Kernel_v2\build\b4-asan\ock_Runtime.vcxproj”(默认目标):

__________________________________________________
项目“J:\Code\Kernel_v2\build\b4-asan\ock_Runtime.vcxproj”正在生成“J:\Code\Kernel_v2\build\b4-asan\ZERO_CHECK.vcxproj”(GetNativeManifest 目标):

__________________________________________________
项目“J:\Code\Kernel_v2\build\b4-asan\ZERO_CHECK.vcxproj”正在生成“J:\Code\Kernel_v2\build\b4-asan\ock_Data.vcxproj”(GetNativeManifest 目标):

__________________________________________________
项目“J:\Code\Kernel_v2\build\b4-asan\ock_Data.vcxproj”正在生成“J:\Code\Kernel_v2\build\b4-asan\ock_Runtime.vcxproj”(GetNativeManifest 目标):

__________________________________________________
项目“J:\Code\Kernel_v2\build\b4-asan\ock_Runtime.vcxproj”正在生成“J:\Code\Kernel_v2\build\b4-asan\ZERO_CHECK.vcxproj”(GetProjectInfoForReference 目标):

__________________________________________________
项目“J:\Code\Kernel_v2\build\b4-asan\ZERO_CHECK.vcxproj”正在生成“J:\Code\Kernel_v2\build\b4-asan\ock_Data.vcxproj”(GetProjectInfoForReference 目标):

__________________________________________________
项目“J:\Code\Kernel_v2\build\b4-asan\ock_Data.vcxproj”正在生成“J:\Code\Kernel_v2\build\b4-asan\ock_Runtime.vcxproj”(GetProjectInfoForReference 目标):

ock_Dynamic.vcxproj -> J:\Code\Kernel_v2\build\b4-asan\RelWithDebInfo\ock_Dynamic.lib
__________________________________________________
项目“J:\Code\Kernel_v2\build\b4-asan\ock_Runtime.vcxproj”正在生成“J:\Code\Kernel_v2\build\b4-asan\ZERO_CHECK.vcxproj”(GetCopyToOutputDirectoryItems 目标):

__________________________________________________
项目“J:\Code\Kernel_v2\build\b4-asan\ZERO_CHECK.vcxproj”正在生成“J:\Code\Kernel_v2\build\b4-asan\ock_Data.vcxproj”(GetCopyToOutputDirectoryItems 目标):

__________________________________________________
项目“J:\Code\Kernel_v2\build\b4-asan\ock_Data.vcxproj”正在生成“J:\Code\Kernel_v2\build\b4-asan\ock_Runtime.vcxproj”(GetCopyToOutputDirectoryItems 目标):

__________________________________________________
项目“J:\Code\Kernel_v2\build\b4-asan\ock_Runtime.vcxproj”正在生成“J:\Code\Kernel_v2\build\b4-asan\ock_Dynamic.vcxproj”(默认目标):

__________________________________________________
项目“J:\Code\Kernel_v2\build\b4-asan\ock_Dynamic.vcxproj”正在生成“J:\Code\Kernel_v2\build\b4-asan\ZERO_CHECK.vcxproj”(GetNativeManifest 目标):

__________________________________________________
项目“J:\Code\Kernel_v2\build\b4-asan\ZERO_CHECK.vcxproj”正在生成“J:\Code\Kernel_v2\build\b4-asan\ock_ControlProtocol.vcxproj”(GetNativeManifest 目标):

__________________________________________________
项目“J:\Code\Kernel_v2\build\b4-asan\ock_ControlProtocol.vcxproj”正在生成“J:\Code\Kernel_v2\build\b4-asan\ock_Data.vcxproj”(GetNativeManifest 目标):

__________________________________________________
项目“J:\Code\Kernel_v2\build\b4-asan\ock_Data.vcxproj”正在生成“J:\Code\Kernel_v2\build\b4-asan\ock_Runtime.vcxproj”(GetNativeManifest 目标):

__________________________________________________
项目“J:\Code\Kernel_v2\build\b4-asan\ock_Runtime.vcxproj”正在生成“J:\Code\Kernel_v2\build\b4-asan\ock_Dynamic.vcxproj”(GetNativeManifest 目标):

__________________________________________________
项目“J:\Code\Kernel_v2\build\b4-asan\ock_Dynamic.vcxproj”正在生成“J:\Code\Kernel_v2\build\b4-asan\ZERO_CHECK.vcxproj”(GetProjectInfoForReference 目标):

__________________________________________________
项目“J:\Code\Kernel_v2\build\b4-asan\ZERO_CHECK.vcxproj”正在生成“J:\Code\Kernel_v2\build\b4-asan\ock_ControlProtocol.vcxproj”(GetProjectInfoForReference 目标):

__________________________________________________
项目“J:\Code\Kernel_v2\build\b4-asan\ock_ControlProtocol.vcxproj”正在生成“J:\Code\Kernel_v2\build\b4-asan\ock_Data.vcxproj”(GetProjectInfoForReference 目标):

__________________________________________________
项目“J:\Code\Kernel_v2\build\b4-asan\ock_Data.vcxproj”正在生成“J:\Code\Kernel_v2\build\b4-asan\ock_Runtime.vcxproj”(GetProjectInfoForReference 目标):

__________________________________________________
项目“J:\Code\Kernel_v2\build\b4-asan\ock_Runtime.vcxproj”正在生成“J:\Code\Kernel_v2\build\b4-asan\ock_Dynamic.vcxproj”(GetProjectInfoForReference 目标):

ock_Control.vcxproj -> J:\Code\Kernel_v2\build\b4-asan\RelWithDebInfo\ock_Control.lib
__________________________________________________
项目“J:\Code\Kernel_v2\build\b4-asan\ock_Dynamic.vcxproj”正在生成“J:\Code\Kernel_v2\build\b4-asan\ZERO_CHECK.vcxproj”(GetCopyToOutputDirectoryItems 目标):

__________________________________________________
项目“J:\Code\Kernel_v2\build\b4-asan\ZERO_CHECK.vcxproj”正在生成“J:\Code\Kernel_v2\build\b4-asan\ock_ControlProtocol.vcxproj”(GetCopyToOutputDirectoryItems 目标):

__________________________________________________
项目“J:\Code\Kernel_v2\build\b4-asan\ock_ControlProtocol.vcxproj”正在生成“J:\Code\Kernel_v2\build\b4-asan\ock_Data.vcxproj”(GetCopyToOutputDirectoryItems 目标):

__________________________________________________
项目“J:\Code\Kernel_v2\build\b4-asan\ock_Data.vcxproj”正在生成“J:\Code\Kernel_v2\build\b4-asan\ock_Dynamic.vcxproj”(GetCopyToOutputDirectoryItems 目标):

__________________________________________________
项目“J:\Code\Kernel_v2\build\b4-asan\ock_Dynamic.vcxproj”正在生成“J:\Code\Kernel_v2\build\b4-asan\ock_Runtime.vcxproj”(GetCopyToOutputDirectoryItems 目标):

__________________________________________________
项目“J:\Code\Kernel_v2\build\b4-asan\ock_Runtime.vcxproj”正在生成“J:\Code\Kernel_v2\build\b4-asan\ZERO_CHECK.vcxproj”(GetNativeManifest 目标):

__________________________________________________
项目“J:\Code\Kernel_v2\build\b4-asan\ZERO_CHECK.vcxproj”正在生成“J:\Code\Kernel_v2\build\b4-asan\ock_ControlProtocol.vcxproj”(GetNativeManifest 目标):

__________________________________________________
项目“J:\Code\Kernel_v2\build\b4-asan\ock_ControlProtocol.vcxproj”正在生成“J:\Code\Kernel_v2\build\b4-asan\ock_Data.vcxproj”(GetNativeManifest 目标):

__________________________________________________
项目“J:\Code\Kernel_v2\build\b4-asan\ock_Data.vcxproj”正在生成“J:\Code\Kernel_v2\build\b4-asan\ock_Dynamic.vcxproj”(GetNativeManifest 目标):

__________________________________________________
项目“J:\Code\Kernel_v2\build\b4-asan\ock_Dynamic.vcxproj”正在生成“J:\Code\Kernel_v2\build\b4-asan\ock_Runtime.vcxproj”(GetNativeManifest 目标):

__________________________________________________
项目“J:\Code\Kernel_v2\build\b4-asan\ock_Runtime.vcxproj”正在生成“J:\Code\Kernel_v2\build\b4-asan\ock_Adapter_LocalIPC.vcxproj”(GetNativeManifest 目标):

__________________________________________________
项目“J:\Code\Kernel_v2\build\b4-asan\ock_Adapter_LocalIPC.vcxproj”正在生成“J:\Code\Kernel_v2\build\b4-asan\ock_Control.vcxproj”(GetNativeManifest 目标):

Building Custom Rule J:/Code/Kernel_v2/tests/integration/windows_ipc/CMakeLists.txt
__________________________________________________
项目“J:\Code\Kernel_v2\build\b4-asan\ock_Control.vcxproj”正在生成“J:\Code\Kernel_v2\build\b4-asan\ZERO_CHECK.vcxproj”(GetProjectInfoForReference 目标):

__________________________________________________
项目“J:\Code\Kernel_v2\build\b4-asan\ZERO_CHECK.vcxproj”正在生成“J:\Code\Kernel_v2\build\b4-asan\ock_ControlProtocol.vcxproj”(GetProjectInfoForReference 目标):

__________________________________________________
项目“J:\Code\Kernel_v2\build\b4-asan\ock_ControlProtocol.vcxproj”正在生成“J:\Code\Kernel_v2\build\b4-asan\ock_Data.vcxproj”(GetProjectInfoForReference 目标):

__________________________________________________
项目“J:\Code\Kernel_v2\build\b4-asan\ock_Data.vcxproj”正在生成“J:\Code\Kernel_v2\build\b4-asan\ock_Dynamic.vcxproj”(GetProjectInfoForReference 目标):

__________________________________________________
项目“J:\Code\Kernel_v2\build\b4-asan\ock_Dynamic.vcxproj”正在生成“J:\Code\Kernel_v2\build\b4-asan\ock_Runtime.vcxproj”(GetProjectInfoForReference 目标):

__________________________________________________
项目“J:\Code\Kernel_v2\build\b4-asan\ock_Runtime.vcxproj”正在生成“J:\Code\Kernel_v2\build\b4-asan\ock_Adapter_LocalIPC.vcxproj”(GetProjectInfoForReference 目标):

__________________________________________________
项目“J:\Code\Kernel_v2\build\b4-asan\ock_Adapter_LocalIPC.vcxproj”正在生成“J:\Code\Kernel_v2\build\b4-asan\ock_Control.vcxproj”(GetProjectInfoForReference 目标):

J:/Code/Kernel_v2/build/msvc-validation/e8697b7e3597a578/bin/CL.exe /c /IJ:\Code\Kernel_v2 /IJ:\Code\Kernel_v2\packages\control\server\include /IJ:\Code\Kernel_v2\packages\runtime\include /IJ:\Code\Kernel_v2\packages\contracts\include /IJ:\Code\Kernel_v2\packages\foundation\include /IJ:\Code\Kernel_v2\packages\dynamic\include /IJ:\Code\Kernel_v2\packages\dynamic\data\include /IJ:\Code\Kernel_v2\packages\control\protocol\include /IJ:\Code\Kernel_v2\packages\adapters\local_ipc\include /Z7 /nologo /W1 /WX- /diagnostics:column /fsanitize=address /O2 /Ob1 /D _MBCS /D WIN32 /D _WINDOWS /D NDEBUG /D "CMAKE_INTDIR=\"RelWithDebInfo\"" /EHsc /MD /GS /fp:precise /Zc:wchar_t /Zc:forScope /Zc:inline /std:c++20 /permissive- /Fo"ock_ipc_observation_peer.dir\RelWithDebInfo\\" /Fd"ock_ipc_observation_peer.dir\RelWithDebInfo\vc143.pdb" /external:W0 /Gd /TP /errorReport:queue  /external:I "J:/Code/Kernel_v2/build/d0.06-a/cache/sources/expected-fe3b18aecb84/include" /fsanitize=address /utf-8 /Zc:__cplusplus J:\Code\Kernel_v2\tests\integration\windows_ipc\observation_peer.cpp
observation_peer.cpp
J:/Code/Kernel_v2/build/msvc-validation/e8697b7e3597a578/bin/link.exe /ERRORREPORT:QUEUE /OUT:"J:\Code\Kernel_v2\build\b4-asan\tests\integration\windows_ipc\RelWithDebInfo\ock_ipc_observation_peer.exe" /INCREMENTAL:NO /NOLOGO ..\..\..\RelWithDebInfo\ock_Control.lib ..\..\..\RelWithDebInfo\ock_Adapter_LocalIPC.lib ..\..\..\RelWithDebInfo\ock_Dynamic.lib ..\..\..\RelWithDebInfo\ock_Runtime.lib bcrypt.lib ..\..\..\RelWithDebInfo\ock_ControlProtocol.lib ..\..\..\RelWithDebInfo\ock_Data.lib advapi32.lib kernel32.lib user32.lib gdi32.lib winspool.lib shell32.lib ole32.lib oleaut32.lib uuid.lib comdlg32.lib advapi32.lib /MANIFEST /MANIFESTUAC:"level='asInvoker' uiAccess='false'" /manifest:embed /DEBUG /PDB:"J:/Code/Kernel_v2/build/b4-asan/tests/integration/windows_ipc/RelWithDebInfo/ock_ipc_observation_peer.pdb" /SUBSYSTEM:CONSOLE /TLBID:1 /DYNAMICBASE /NXCOMPAT /IMPLIB:"J:/Code/Kernel_v2/build/b4-asan/tests/integration/windows_ipc/RelWithDebInfo/ock_ipc_observation_peer.lib" /MACHINE:X64  /machine:x64 ock_ipc_observation_peer.dir\RelWithDebInfo\observation_peer.obj
ock_ipc_observation_peer.vcxproj -> J:\Code\Kernel_v2\build\b4-asan\tests\integration\windows_ipc\RelWithDebInfo\ock_ipc_observation_peer.exe
