Internal ctest changing into directory: J:/Code/Kernel_v2/build/b2-sdk-debug
Test project J:/Code/Kernel_v2/build/b2-sdk-debug
      Start  1: T24.b2.installed_consumer
 1/26 Test  #1: T24.b2.installed_consumer ........   Passed   22.65 sec
      Start  2: T24.sdk.version_header
 2/26 Test  #2: T24.sdk.version_header ...........   Passed    0.13 sec
      Start  6: T04.data.parser_seeds
 3/26 Test  #6: T04.data.parser_seeds ............   Passed    0.21 sec
      Start  7: T04.binding.field_parity
 4/26 Test  #7: T04.binding.field_parity .........   Passed    0.23 sec
      Start  8: T23.binding.schema_concurrent
 5/26 Test  #8: T23.binding.schema_concurrent ....   Passed    0.45 sec
      Start  9: T05.catalog.visibility
 6/26 Test  #9: T05.catalog.visibility ...........   Passed    0.27 sec
      Start 10: T06.protocol.frames
 7/26 Test #10: T06.protocol.frames ..............   Passed    0.17 sec
      Start 11: T20.protocol.cursor
 8/26 Test #11: T20.protocol.cursor ..............   Passed    0.18 sec
      Start 12: T06.protocol.router
 9/26 Test #12: T06.protocol.router ..............   Passed    0.25 sec
      Start 13: T19.protocol.observation_wire
10/26 Test #13: T19.protocol.observation_wire ....   Passed    0.18 sec
      Start 14: T19.protocol.subscription
11/26 Test #14: T19.protocol.subscription ........   Passed    0.49 sec
      Start 15: T20.protocol.list
12/26 Test #15: T20.protocol.list ................   Passed    0.36 sec
      Start 16: T06.binding.native
13/26 Test #16: T06.binding.native ...............   Passed    0.33 sec
      Start 17: T06.protocol.outcome
14/26 Test #17: T06.protocol.outcome .............   Passed    0.67 sec
      Start 18: T04.data.values
15/26 Test #18: T04.data.values ..................   Passed    0.18 sec
      Start 19: T04.data.duplicate
16/26 Test #19: T04.data.duplicate ...............   Passed    0.07 sec
      Start 20: T04.data.invalid
17/26 Test #20: T04.data.invalid .................   Passed    0.07 sec
      Start 21: T04.data.budgets
18/26 Test #21: T04.data.budgets .................   Passed    0.08 sec
      Start 22: T04.data.freeze
19/26 Test #22: T04.data.freeze ..................   Passed    0.09 sec
      Start 23: T04.data.allocation_failures
20/26 Test #23: T04.data.allocation_failures .....   Passed    0.07 sec
      Start 24: T04.data.ownership
21/26 Test #24: T04.data.ownership ...............   Passed    0.09 sec
      Start 25: T04.data.builder_numbers
22/26 Test #25: T04.data.builder_numbers .........   Passed    0.08 sec
      Start 26: T04.data.encode
23/26 Test #26: T04.data.encode ..................   Passed    0.08 sec
      Start 27: T04.data.concurrent
24/26 Test #27: T04.data.concurrent ..............   Passed    0.09 sec
      Start 28: T04.data.buffer
25/26 Test #28: T04.data.buffer ..................   Passed    0.07 sec
      Start 29: T04.data.growth_cleanup
26/26 Test #29: T04.data.growth_cleanup ..........   Passed    0.06 sec

100% tests passed, 0 tests failed out of 26

Label Time Summary:
B2       =  22.65 sec*proc (1 test)
D0.02    =   0.13 sec*proc (1 test)

Total Test time (real) =  27.64 sec
