适用于 .NET Framework MSBuild 版本 17.14.23+b0019275e

  1>Checking Build System
  Building Custom Rule J:/Code/Kernel_v2/CMakeLists.txt
  ock_Data.vcxproj -> J:\Code\Kernel_v2\build\b4-release\Release\ock_Data.lib
  Building Custom Rule J:/Code/Kernel_v2/CMakeLists.txt
  Building Custom Rule J:/Code/Kernel_v2/CMakeLists.txt
  Building Custom Rule J:/Code/Kernel_v2/CMakeLists.txt
  consumer.cpp
  Building Custom Rule J:/Code/Kernel_v2/CMakeLists.txt
  Building Custom Rule J:/Code/Kernel_v2/CMakeLists.txt
  Building Custom Rule J:/Code/Kernel_v2/CMakeLists.txt
  registry.cpp
  executor.cpp
  ock_probe_asio.vcxproj -> J:\Code\Kernel_v2\build\b4-release\Release\ock_probe_asio.exe
  ock_probe_expected.vcxproj -> J:\Code\Kernel_v2\build\b4-release\Release\ock_probe_expected.exe
  Building Custom Rule J:/Code/Kernel_v2/CMakeLists.txt
  ock_probe_cli11.vcxproj -> J:\Code\Kernel_v2\build\b4-release\Release\ock_probe_cli11.exe
  Building Custom Rule J:/Code/Kernel_v2/CMakeLists.txt
  Building Custom Rule J:/Code/Kernel_v2/CMakeLists.txt
  ock_probe_jsoncons.vcxproj -> J:\Code\Kernel_v2\build\b4-release\Release\ock_probe_jsoncons.exe
  ock_probe_thread_pool.vcxproj -> J:\Code\Kernel_v2\build\b4-release\Release\ock_probe_thread_pool.exe
  ock_probe_toolchain.vcxproj -> J:\Code\Kernel_v2\build\b4-release\Release\ock_probe_toolchain.exe
  Building Custom Rule J:/Code/Kernel_v2/CMakeLists.txt
  Building Custom Rule J:/Code/Kernel_v2/tests/unit/data/CMakeLists.txt
  Building Custom Rule J:/Code/Kernel_v2/tests/unit/data/CMakeLists.txt
  sdk_metadata.cpp
  payload.cpp
  parser_seeds.cpp
  ock_sdk_metadata_probe.vcxproj -> J:\Code\Kernel_v2\build\b4-release\Release\ock_sdk_metadata_probe.exe
  observation_wire.cpp
  ock_executor_consumer.vcxproj -> J:\Code\Kernel_v2\build\b4-release\tests\contract\executor\Release\ock_executor_consumer.exe
  policy.cpp
  ock_Adapter_CpuPool.vcxproj -> J:\Code\Kernel_v2\build\b4-release\Release\ock_Adapter_CpuPool.lib
  contract.cpp
  lifecycle.cpp
  parser_seed_contract.vcxproj -> J:\Code\Kernel_v2\build\b4-release\tests\unit\data\Release\parser_seed_contract.exe
  payload_contract.vcxproj -> J:\Code\Kernel_v2\build\b4-release\tests\unit\data\Release\payload_contract.exe
  outcome_wire.cpp
  invocation.cpp
  正在生成代码...
  ock_executor_lifecycle.vcxproj -> J:\Code\Kernel_v2\build\b4-release\tests\contract\executor\Release\ock_executor_lifecycle.exe
  ock_ControlProtocol.vcxproj -> J:\Code\Kernel_v2\build\b4-release\Release\ock_ControlProtocol.lib
  Building Custom Rule J:/Code/Kernel_v2/tests/unit/data/CMakeLists.txt
  Building Custom Rule J:/Code/Kernel_v2/tests/unit/data/CMakeLists.txt
  ock_executor_contract.vcxproj -> J:\Code\Kernel_v2\build\b4-release\tests\conformance\executor\Release\ock_executor_contract.exe
  Building Custom Rule J:/Code/Kernel_v2/CMakeLists.txt
  observation_wire.cpp
  frame.cpp
  client.cpp
  Building Custom Rule J:/Code/Kernel_v2/CMakeLists.txt
  native_security.cpp
  host.cpp
  watch.cpp
  protocol_contract.vcxproj -> J:\Code\Kernel_v2\build\b4-release\tests\unit\data\Release\protocol_contract.exe
  pipe.cpp
  observation_wire_contract.vcxproj -> J:\Code\Kernel_v2\build\b4-release\tests\unit\data\Release\observation_wire_contract.exe
  正在生成代码...
  ock_ControlClient.vcxproj -> J:\Code\Kernel_v2\build\b4-release\Release\ock_ControlClient.lib
  client_contract.cpp
  正在生成代码...
  ock_Adapter_LocalIPC.vcxproj -> J:\Code\Kernel_v2\build\b4-release\Release\ock_Adapter_LocalIPC.lib
  pressure_peer.cpp
  main.cpp
  scheduler.cpp
  peer.cpp
  ock_client_contract.vcxproj -> J:\Code\Kernel_v2\build\b4-release\tests\integration\cli\Release\ock_client_contract.exe
  ock_ipc_pressure_peer.vcxproj -> J:\Code\Kernel_v2\build\b4-release\tests\integration\windows_ipc\Release\ock_ipc_pressure_peer.exe
  ock_ipc_peer.vcxproj -> J:\Code\Kernel_v2\build\b4-release\tests\integration\windows_ipc\Release\ock_ipc_peer.exe
  resources.cpp
  ock.vcxproj -> J:\Code\Kernel_v2\build\b4-release\apps\ock\Release\ock.exe
  resource_wait_binding.cpp
  execution_identity.cpp
  host_execution.cpp
  正在生成代码...
  ock_Runtime.vcxproj -> J:\Code\Kernel_v2\build\b4-release\Release\ock_Runtime.lib
  Building Custom Rule J:/Code/Kernel_v2/examples/native_service/CMakeLists.txt
  Building Custom Rule J:/Code/Kernel_v2/CMakeLists.txt
  main.cpp
  catalog.cpp
  contract.cpp
  contract.cpp
  ock_Dynamic.vcxproj -> J:\Code\Kernel_v2\build\b4-release\Release\ock_Dynamic.lib
  Building Custom Rule J:/Code/Kernel_v2/tests/unit/data/CMakeLists.txt
  Building Custom Rule J:/Code/Kernel_v2/tests/unit/data/CMakeLists.txt
  Building Custom Rule J:/Code/Kernel_v2/CMakeLists.txt
  binding.cpp
  schema.cpp
  cursor.cpp
  Building Custom Rule J:/Code/Kernel_v2/tests/unit/data/CMakeLists.txt
  outcome.cpp
  router.cpp
  ock_native_service.vcxproj -> J:\Code\Kernel_v2\build\b4-release\examples\native_service\Release\ock_native_service.exe
  ock_scheduler_contract.vcxproj -> J:\Code\Kernel_v2\build\b4-release\tests\unit\scheduler\Release\ock_scheduler_contract.exe
  Building Custom Rule J:/Code/Kernel_v2/tests/contract/native/CMakeLists.txt
  native_tests.cpp
  ock_resources_contract.vcxproj -> J:\Code\Kernel_v2\build\b4-release\tests\contract\resources\Release\ock_resources_contract.exe
  schema_contract.vcxproj -> J:\Code\Kernel_v2\build\b4-release\tests\unit\data\Release\schema_contract.exe
  binding_parity.vcxproj -> J:\Code\Kernel_v2\build\b4-release\tests\unit\data\Release\binding_parity.exe
  invoke_method.cpp
  catalog_methods.cpp
  outcome_wire_contract.vcxproj -> J:\Code\Kernel_v2\build\b4-release\tests\unit\data\Release\outcome_wire_contract.exe
  allocation_probe.cpp
  execution_service_cases.cpp
  subscription.cpp
  subscription_methods.cpp
  structured_cases.cpp
  list_method.cpp
  get_method.cpp
  async_cases.cpp
  observation_transport.cpp
  session_cases.cpp
  execution_method.cpp
  正在生成代码...
  observation_cases.cpp
  ock_Control.vcxproj -> J:\Code\Kernel_v2\build\b4-release\Release\ock_Control.lib
  Building Custom Rule J:/Code/Kernel_v2/tests/unit/data/CMakeLists.txt
  Building Custom Rule J:/Code/Kernel_v2/tests/unit/data/CMakeLists.txt
  Building Custom Rule J:/Code/Kernel_v2/tests/unit/data/CMakeLists.txt
  Building Custom Rule J:/Code/Kernel_v2/tests/unit/data/CMakeLists.txt
  Building Custom Rule J:/Code/Kernel_v2/tests/unit/data/CMakeLists.txt
  Building Custom Rule J:/Code/Kernel_v2/tests/unit/data/CMakeLists.txt
  Building Custom Rule J:/Code/Kernel_v2/tests/unit/data/CMakeLists.txt
  Building Custom Rule J:/Code/Kernel_v2/examples/managed_service/CMakeLists.txt
  cursor.cpp
  get.cpp
  router.cpp
  control_main.cpp
  main.cpp
  observation_peer.cpp
  combined_cases.cpp
  service.cpp
  service.cpp
  service.cpp
  list.cpp
  ock_ipc_observation_peer.vcxproj -> J:\Code\Kernel_v2\build\b4-release\tests\integration\windows_ipc\Release\ock_ipc_observation_peer.exe
  router_contract.vcxproj -> J:\Code\Kernel_v2\build\b4-release\tests\unit\data\Release\router_contract.exe
  catalog.cpp
  正在生成代码...
  正在生成代码...
  cost_samples.cpp
  正在生成代码...
  list_contract.vcxproj -> J:\Code\Kernel_v2\build\b4-release\tests\unit\data\Release\list_contract.exe
  Building Custom Rule J:/Code/Kernel_v2/tests/unit/data/CMakeLists.txt
  subscription.cpp
  cursor_contract.vcxproj -> J:\Code\Kernel_v2\build\b4-release\tests\unit\data\Release\cursor_contract.exe
  catalog_contract.vcxproj -> J:\Code\Kernel_v2\build\b4-release\tests\unit\data\Release\catalog_contract.exe
  submit.cpp
  ock_stateless_service.vcxproj -> J:\Code\Kernel_v2\build\b4-release\examples\stateless_service\Release\ock_stateless_service.exe
  get_contract.vcxproj -> J:\Code\Kernel_v2\build\b4-release\tests\unit\data\Release\get_contract.exe
  native.cpp
  subscription_contract.vcxproj -> J:\Code\Kernel_v2\build\b4-release\tests\unit\data\Release\subscription_contract.exe
  ock_managed_service.vcxproj -> J:\Code\Kernel_v2\build\b4-release\examples\managed_service\Release\ock_managed_service.exe
  ock_b3_cost_samples.vcxproj -> J:\Code\Kernel_v2\build\b4-release\tests\integration\cli\Release\ock_b3_cost_samples.exe
  dynamic_submit_contract.vcxproj -> J:\Code\Kernel_v2\build\b4-release\tests\unit\data\Release\dynamic_submit_contract.exe
  正在生成代码...
  dynamic_native_contract.vcxproj -> J:\Code\Kernel_v2\build\b4-release\tests\unit\data\Release\dynamic_native_contract.exe
  ock_native_tests.vcxproj -> J:\Code\Kernel_v2\build\b4-release\tests\contract\native\Release\ock_native_tests.exe
  {"actual_cases": ["T02.native.candidate_read_dispatch", "T02.native.exact_binding", "T02.native.invalid_input", "T02.native.private_dispatch", "T02.native.registered_compute", "T02.native.registered_read", "T02.native.validation_exception", "T03.native.cancel_and_budget", "T03.native.component_boundary", "T03.native.example_consumer", "T03.native.execution_service_control", "T03.native.execution_table_ownership", "T03.native.host_async_completion", "T03.native.host_async_deadline", "T03.native.host_async_drain", "T03.native.host_cached_result_sessions", "T03.native.host_combined_drain", "T03.native.host_execution_lifecycle", "T03.native.host_execution_resources", "T03.native.host_observation_drain", "T03.native.host_required_record", "T03.native.host_required_record_drain", "T03.native.host_structured_lifetime", "T03.native.managed_execution_path", "T03.native.managed_execution_resource_wait", "T03.native.managed_record", "T03.native.managed_record_ownership", "T03.native.managed_resources", "T03.native.no_self_wait", "T03.native.no_task_path", "T03.native.observation_lease_drain", "T03.native.provider_unavailable", "T03.native.reentrant_and_concurrent", "T03.native.resource_lifetime", "T03.native.thread_modes", "T03.native.thread_origin", "T06.native.admission_order", "T06.native.authority_origin", "T06.native.business_failure", "T06.native.execution_source_observation", "T06.native.host_structured_admission", "T06.native.invalid_output", "T06.native.lifecycle_replacement", "T06.native.managed_admission", "T06.native.observation_journal", "T06.native.outcome_consistency", "T06.native.permission_intersection", "T06.native.policy_contract_alignment", "T06.native.revoke_and_regrant", "T06.native.session_and_deadline", "T06.native.target_binding", "T23.native.allocation_governance", "T23.native.allocation_other_costs", "T23.native.allocation_probe", "T23.native.allocation_steady"], "count": 55}
  Building Custom Rule J:/Code/Kernel_v2/CMakeLists.txt
