Internal ctest changing into directory: J:/Code/Kernel_v2/build/b2-sdk-debug
Test project J:/Code/Kernel_v2/build/b2-sdk-debug
    Start 17: T20.protocol.cursor
1/7 Test #17: T20.protocol.cursor ..............   Passed    0.06 sec
    Start 20: T19.protocol.subscription
2/7 Test #20: T19.protocol.subscription ........   Passed    0.18 sec
    Start 21: T20.protocol.list
3/7 Test #21: T20.protocol.list ................   Passed    0.29 sec
    Start 42: T03.host.native_results
4/7 Test #42: T03.host.native_results ..........   Passed    0.17 sec
    Start 46: T19.host.logging_ownership
5/7 Test #46: T19.host.logging_ownership .......   Passed    0.05 sec
    Start 55: T03.host.start_failures
6/7 Test #55: T03.host.start_failures ..........   Passed    0.48 sec
    Start 56: T22.host.shutdown_errors
7/7 Test #56: T22.host.shutdown_errors .........   Passed    0.28 sec

100% tests passed, 0 tests failed out of 7

Label Time Summary:
D1.06    =   0.97 sec*proc (4 tests)

Total Test time (real) =   1.82 sec
