CMake is re-running because J:/Code/Kernel_v2/build/b4-debug/CMakeFiles/generate.stamp is out-of-date.
  the file 'J:/Code/Kernel_v2/CMakeLists.txt'
  is newer than 'J:/Code/Kernel_v2/build/b4-debug/CMakeFiles/generate.stamp.depend'
  result='-1'
-- Configuring done (2.4s)
-- Generating done (0.2s)
-- Build files have been written to: J:/Code/Kernel_v2/build/b4-debug
适用于 .NET Framework MSBuild 版本 17.14.23+b0019275e

  Building Custom Rule J:/Code/Kernel_v2/CMakeLists.txt
  ock_executor_consumer.vcxproj -> J:\Code\Kernel_v2\build\b4-debug\tests\contract\executor\Debug\ock_executor_consumer.exe
  payload.cpp
  executor.cpp
  resources.cpp
  Building Custom Rule J:/Code/Kernel_v2/CMakeLists.txt
  Building Custom Rule J:/Code/Kernel_v2/CMakeLists.txt
  Building Custom Rule J:/Code/Kernel_v2/CMakeLists.txt
  cli11.cpp
  asio.cpp
  expected.cpp
  ock_probe_expected.vcxproj -> J:\Code\Kernel_v2\build\b4-debug\Debug\ock_probe_expected.exe
  Building Custom Rule J:/Code/Kernel_v2/CMakeLists.txt
  Building Custom Rule J:/Code/Kernel_v2/CMakeLists.txt
  jsoncons.cpp
  thread_pool.cpp
  ock_Adapter_CpuPool.vcxproj -> J:\Code\Kernel_v2\build\b4-debug\Debug\ock_Adapter_CpuPool.lib
  ock_Runtime.vcxproj -> J:\Code\Kernel_v2\build\b4-debug\Debug\ock_Runtime.lib
  Building Custom Rule J:/Code/Kernel_v2/CMakeLists.txt
  Building Custom Rule J:/Code/Kernel_v2/CMakeLists.txt
  toolchain.cpp
  ock_Data.vcxproj -> J:\Code\Kernel_v2\build\b4-debug\Debug\ock_Data.lib
  sdk_metadata.cpp
  ock_probe_cli11.vcxproj -> J:\Code\Kernel_v2\build\b4-debug\Debug\ock_probe_cli11.exe
  Building Custom Rule J:/Code/Kernel_v2/CMakeLists.txt
  protocol.cpp
  ock_probe_asio.vcxproj -> J:\Code\Kernel_v2\build\b4-debug\Debug\ock_probe_asio.exe
  Building Custom Rule J:/Code/Kernel_v2/CMakeLists.txt
  ock_probe_thread_pool.vcxproj -> J:\Code\Kernel_v2\build\b4-debug\Debug\ock_probe_thread_pool.exe
  ock_executor_lifecycle.vcxproj -> J:\Code\Kernel_v2\build\b4-debug\tests\contract\executor\Debug\ock_executor_lifecycle.exe
  observation_wire.cpp
  ock_executor_contract.vcxproj -> J:\Code\Kernel_v2\build\b4-debug\tests\conformance\executor\Debug\ock_executor_contract.exe
  ock_probe_toolchain.vcxproj -> J:\Code\Kernel_v2\build\b4-debug\Debug\ock_probe_toolchain.exe
  ock_sdk_metadata_probe.vcxproj -> J:\Code\Kernel_v2\build\b4-debug\Debug\ock_sdk_metadata_probe.exe
  ock_resources_contract.vcxproj -> J:\Code\Kernel_v2\build\b4-debug\tests\contract\resources\Debug\ock_resources_contract.exe
  ock_scheduler_contract.vcxproj -> J:\Code\Kernel_v2\build\b4-debug\tests\unit\scheduler\Debug\ock_scheduler_contract.exe
  schema.cpp
  outcome_wire.cpp
  正在生成代码...
  ock_probe_jsoncons.vcxproj -> J:\Code\Kernel_v2\build\b4-debug\Debug\ock_probe_jsoncons.exe
  ock_ControlProtocol.vcxproj -> J:\Code\Kernel_v2\build\b4-debug\Debug\ock_ControlProtocol.lib
  Building Custom Rule J:/Code/Kernel_v2/CMakeLists.txt
  Building Custom Rule J:/Code/Kernel_v2/CMakeLists.txt
  client.cpp
  native_security.cpp
  catalog.cpp
  intent.cpp
  pipe.cpp
  正在生成代码...
  watch.cpp
  ock_Dynamic.vcxproj -> J:\Code\Kernel_v2\build\b4-debug\Debug\ock_Dynamic.lib
  Building Custom Rule J:/Code/Kernel_v2/CMakeLists.txt
  cursor.cpp
  正在生成代码...
  正在生成代码...
  ock_Adapter_LocalIPC.vcxproj -> J:\Code\Kernel_v2\build\b4-debug\Debug\ock_Adapter_LocalIPC.lib
  router.cpp
  ock_ControlClient.vcxproj -> J:\Code\Kernel_v2\build\b4-debug\Debug\ock_ControlClient.lib
  Building Custom Rule J:/Code/Kernel_v2/tests/integration/windows_ipc/CMakeLists.txt
  Building Custom Rule J:/Code/Kernel_v2/tests/integration/cli/CMakeLists.txt
  Building Custom Rule J:/Code/Kernel_v2/apps/ock/CMakeLists.txt
  Building Custom Rule J:/Code/Kernel_v2/tests/integration/windows_ipc/CMakeLists.txt
  pressure_peer.cpp
  peer.cpp
  main.cpp
  client_contract.cpp
  invoke_method.cpp
  ock_ipc_pressure_peer.vcxproj -> J:\Code\Kernel_v2\build\b4-debug\tests\integration\windows_ipc\Debug\ock_ipc_pressure_peer.exe
  ock_ipc_peer.vcxproj -> J:\Code\Kernel_v2\build\b4-debug\tests\integration\windows_ipc\Debug\ock_ipc_peer.exe
  ock_client_contract.vcxproj -> J:\Code\Kernel_v2\build\b4-debug\tests\integration\cli\Debug\ock_client_contract.exe
  catalog_methods.cpp
  ock.vcxproj -> J:\Code\Kernel_v2\build\b4-debug\apps\ock\Debug\ock.exe
  subscription.cpp
  subscription_methods.cpp
  list_method.cpp
  get_method.cpp
  observation_transport.cpp
  正在生成代码...
  ock_Control.vcxproj -> J:\Code\Kernel_v2\build\b4-debug\Debug\ock_Control.lib
  Building Custom Rule J:/Code/Kernel_v2/tests/integration/cli/CMakeLists.txt
  Building Custom Rule J:/Code/Kernel_v2/tests/integration/windows_ipc/CMakeLists.txt
  observation_peer.cpp
  cost_samples.cpp
  Building Custom Rule J:/Code/Kernel_v2/examples/stateless_service/CMakeLists.txt
  control_main.cpp
  service.cpp
  service.cpp
  ock_ipc_observation_peer.vcxproj -> J:\Code\Kernel_v2\build\b4-debug\tests\integration\windows_ipc\Debug\ock_ipc_observation_peer.exe
  allocation_probe.cpp
  正在生成代码...
  正在生成代码...
  ock_stateless_service.vcxproj -> J:\Code\Kernel_v2\build\b4-debug\examples\stateless_service\Debug\ock_stateless_service.exe
  ock_b3_cost_samples.vcxproj -> J:\Code\Kernel_v2\build\b4-debug\tests\integration\cli\Debug\ock_b3_cost_samples.exe
  Building Custom Rule J:/Code/Kernel_v2/CMakeLists.txt
