{
  "backtraceGraph" : 
  {
    "commands" : 
    [
      "add_test",
      "ock_add_dependency_probes",
      "include"
    ],
    "files" : 
    [
      "E:/VS2019Qt5.15/3D/cmake/DependencyProbes.cmake",
      "E:/VS2019Qt5.15/3D/CMakeLists.txt",
      "E:/VS2019Qt5.15/3D/build/win-msvc-asan/G0Tests.cmake"
    ],
    "nodes" : 
    [
      {
        "file" : 1
      },
      {
        "command" : 1,
        "file" : 1,
        "line" : 40,
        "parent" : 0
      },
      {
        "command" : 0,
        "file" : 0,
        "line" : 18,
        "parent" : 1
      },
      {
        "file" : 1
      },
      {
        "command" : 1,
        "file" : 1,
        "line" : 40,
        "parent" : 3
      },
      {
        "command" : 0,
        "file" : 0,
        "line" : 18,
        "parent" : 4
      },
      {
        "file" : 1
      },
      {
        "command" : 1,
        "file" : 1,
        "line" : 40,
        "parent" : 6
      },
      {
        "command" : 0,
        "file" : 0,
        "line" : 18,
        "parent" : 7
      },
      {
        "file" : 1
      },
      {
        "command" : 1,
        "file" : 1,
        "line" : 40,
        "parent" : 9
      },
      {
        "command" : 0,
        "file" : 0,
        "line" : 18,
        "parent" : 10
      },
      {
        "file" : 1
      },
      {
        "command" : 1,
        "file" : 1,
        "line" : 40,
        "parent" : 12
      },
      {
        "command" : 0,
        "file" : 0,
        "line" : 22,
        "parent" : 13
      },
      {
        "file" : 1
      },
      {
        "command" : 1,
        "file" : 1,
        "line" : 40,
        "parent" : 15
      },
      {
        "command" : 0,
        "file" : 0,
        "line" : 23,
        "parent" : 16
      },
      {
        "file" : 1
      },
      {
        "command" : 1,
        "file" : 1,
        "line" : 40,
        "parent" : 18
      },
      {
        "command" : 0,
        "file" : 0,
        "line" : 31,
        "parent" : 19
      },
      {
        "file" : 1
      },
      {
        "command" : 1,
        "file" : 1,
        "line" : 40,
        "parent" : 21
      },
      {
        "command" : 0,
        "file" : 0,
        "line" : 32,
        "parent" : 22
      },
      {
        "file" : 1
      },
      {
        "command" : 0,
        "file" : 1,
        "line" : 46,
        "parent" : 24
      },
      {
        "file" : 1
      },
      {
        "command" : 2,
        "file" : 1,
        "line" : 54,
        "parent" : 26
      },
      {
        "file" : 2,
        "parent" : 27
      },
      {
        "command" : 0,
        "file" : 2,
        "line" : 127,
        "parent" : 28
      },
      {
        "file" : 1
      },
      {
        "command" : 2,
        "file" : 1,
        "line" : 54,
        "parent" : 30
      },
      {
        "file" : 2,
        "parent" : 31
      },
      {
        "command" : 0,
        "file" : 2,
        "line" : 129,
        "parent" : 32
      },
      {
        "file" : 1
      },
      {
        "command" : 2,
        "file" : 1,
        "line" : 54,
        "parent" : 34
      },
      {
        "file" : 2,
        "parent" : 35
      },
      {
        "command" : 0,
        "file" : 2,
        "line" : 131,
        "parent" : 36
      },
      {
        "file" : 1
      },
      {
        "command" : 2,
        "file" : 1,
        "line" : 54,
        "parent" : 38
      },
      {
        "file" : 2,
        "parent" : 39
      },
      {
        "command" : 0,
        "file" : 2,
        "line" : 133,
        "parent" : 40
      },
      {
        "file" : 1
      },
      {
        "command" : 2,
        "file" : 1,
        "line" : 54,
        "parent" : 42
      },
      {
        "file" : 2,
        "parent" : 43
      },
      {
        "command" : 0,
        "file" : 2,
        "line" : 135,
        "parent" : 44
      },
      {
        "file" : 1
      },
      {
        "command" : 2,
        "file" : 1,
        "line" : 54,
        "parent" : 46
      },
      {
        "file" : 2,
        "parent" : 47
      },
      {
        "command" : 0,
        "file" : 2,
        "line" : 137,
        "parent" : 48
      },
      {
        "file" : 1
      },
      {
        "command" : 2,
        "file" : 1,
        "line" : 54,
        "parent" : 50
      },
      {
        "file" : 2,
        "parent" : 51
      },
      {
        "command" : 0,
        "file" : 2,
        "line" : 139,
        "parent" : 52
      },
      {
        "file" : 1
      },
      {
        "command" : 2,
        "file" : 1,
        "line" : 54,
        "parent" : 54
      },
      {
        "file" : 2,
        "parent" : 55
      },
      {
        "command" : 0,
        "file" : 2,
        "line" : 141,
        "parent" : 56
      },
      {
        "file" : 1
      },
      {
        "command" : 2,
        "file" : 1,
        "line" : 54,
        "parent" : 58
      },
      {
        "file" : 2,
        "parent" : 59
      },
      {
        "command" : 0,
        "file" : 2,
        "line" : 143,
        "parent" : 60
      },
      {
        "file" : 1
      },
      {
        "command" : 2,
        "file" : 1,
        "line" : 54,
        "parent" : 62
      },
      {
        "file" : 2,
        "parent" : 63
      },
      {
        "command" : 0,
        "file" : 2,
        "line" : 145,
        "parent" : 64
      },
      {
        "file" : 1
      },
      {
        "command" : 2,
        "file" : 1,
        "line" : 54,
        "parent" : 66
      },
      {
        "file" : 2,
        "parent" : 67
      },
      {
        "command" : 0,
        "file" : 2,
        "line" : 147,
        "parent" : 68
      },
      {
        "file" : 1
      },
      {
        "command" : 2,
        "file" : 1,
        "line" : 54,
        "parent" : 70
      },
      {
        "file" : 2,
        "parent" : 71
      },
      {
        "command" : 0,
        "file" : 2,
        "line" : 149,
        "parent" : 72
      },
      {
        "file" : 1
      },
      {
        "command" : 2,
        "file" : 1,
        "line" : 54,
        "parent" : 74
      },
      {
        "file" : 2,
        "parent" : 75
      },
      {
        "command" : 0,
        "file" : 2,
        "line" : 151,
        "parent" : 76
      },
      {
        "file" : 1
      },
      {
        "command" : 2,
        "file" : 1,
        "line" : 54,
        "parent" : 78
      },
      {
        "file" : 2,
        "parent" : 79
      },
      {
        "command" : 0,
        "file" : 2,
        "line" : 153,
        "parent" : 80
      },
      {
        "file" : 1
      },
      {
        "command" : 2,
        "file" : 1,
        "line" : 54,
        "parent" : 82
      },
      {
        "file" : 2,
        "parent" : 83
      },
      {
        "command" : 0,
        "file" : 2,
        "line" : 155,
        "parent" : 84
      },
      {
        "file" : 1
      },
      {
        "command" : 2,
        "file" : 1,
        "line" : 54,
        "parent" : 86
      },
      {
        "file" : 2,
        "parent" : 87
      },
      {
        "command" : 0,
        "file" : 2,
        "line" : 157,
        "parent" : 88
      },
      {
        "file" : 1
      },
      {
        "command" : 2,
        "file" : 1,
        "line" : 54,
        "parent" : 90
      },
      {
        "file" : 2,
        "parent" : 91
      },
      {
        "command" : 0,
        "file" : 2,
        "line" : 159,
        "parent" : 92
      },
      {
        "file" : 1
      },
      {
        "command" : 2,
        "file" : 1,
        "line" : 54,
        "parent" : 94
      },
      {
        "file" : 2,
        "parent" : 95
      },
      {
        "command" : 0,
        "file" : 2,
        "line" : 161,
        "parent" : 96
      },
      {
        "file" : 1
      },
      {
        "command" : 2,
        "file" : 1,
        "line" : 54,
        "parent" : 98
      },
      {
        "file" : 2,
        "parent" : 99
      },
      {
        "command" : 0,
        "file" : 2,
        "line" : 163,
        "parent" : 100
      },
      {
        "file" : 1
      },
      {
        "command" : 2,
        "file" : 1,
        "line" : 54,
        "parent" : 102
      },
      {
        "file" : 2,
        "parent" : 103
      },
      {
        "command" : 0,
        "file" : 2,
        "line" : 165,
        "parent" : 104
      },
      {
        "file" : 1
      },
      {
        "command" : 2,
        "file" : 1,
        "line" : 54,
        "parent" : 106
      },
      {
        "file" : 2,
        "parent" : 107
      },
      {
        "command" : 0,
        "file" : 2,
        "line" : 167,
        "parent" : 108
      },
      {
        "file" : 1
      },
      {
        "command" : 2,
        "file" : 1,
        "line" : 54,
        "parent" : 110
      },
      {
        "file" : 2,
        "parent" : 111
      },
      {
        "command" : 0,
        "file" : 2,
        "line" : 169,
        "parent" : 112
      },
      {
        "file" : 1
      },
      {
        "command" : 2,
        "file" : 1,
        "line" : 54,
        "parent" : 114
      },
      {
        "file" : 2,
        "parent" : 115
      },
      {
        "command" : 0,
        "file" : 2,
        "line" : 171,
        "parent" : 116
      },
      {
        "file" : 1
      },
      {
        "command" : 2,
        "file" : 1,
        "line" : 54,
        "parent" : 118
      },
      {
        "file" : 2,
        "parent" : 119
      },
      {
        "command" : 0,
        "file" : 2,
        "line" : 173,
        "parent" : 120
      },
      {
        "file" : 1
      },
      {
        "command" : 2,
        "file" : 1,
        "line" : 54,
        "parent" : 122
      },
      {
        "file" : 2,
        "parent" : 123
      },
      {
        "command" : 0,
        "file" : 2,
        "line" : 175,
        "parent" : 124
      },
      {
        "file" : 1
      },
      {
        "command" : 2,
        "file" : 1,
        "line" : 54,
        "parent" : 126
      },
      {
        "file" : 2,
        "parent" : 127
      },
      {
        "command" : 0,
        "file" : 2,
        "line" : 177,
        "parent" : 128
      },
      {
        "file" : 1
      },
      {
        "command" : 2,
        "file" : 1,
        "line" : 54,
        "parent" : 130
      },
      {
        "file" : 2,
        "parent" : 131
      },
      {
        "command" : 0,
        "file" : 2,
        "line" : 179,
        "parent" : 132
      },
      {
        "file" : 1
      },
      {
        "command" : 2,
        "file" : 1,
        "line" : 54,
        "parent" : 134
      },
      {
        "file" : 2,
        "parent" : 135
      },
      {
        "command" : 0,
        "file" : 2,
        "line" : 181,
        "parent" : 136
      },
      {
        "file" : 1
      },
      {
        "command" : 2,
        "file" : 1,
        "line" : 54,
        "parent" : 138
      },
      {
        "file" : 2,
        "parent" : 139
      },
      {
        "command" : 0,
        "file" : 2,
        "line" : 183,
        "parent" : 140
      },
      {
        "file" : 1
      },
      {
        "command" : 2,
        "file" : 1,
        "line" : 54,
        "parent" : 142
      },
      {
        "file" : 2,
        "parent" : 143
      },
      {
        "command" : 0,
        "file" : 2,
        "line" : 185,
        "parent" : 144
      },
      {
        "file" : 1
      },
      {
        "command" : 2,
        "file" : 1,
        "line" : 54,
        "parent" : 146
      },
      {
        "file" : 2,
        "parent" : 147
      },
      {
        "command" : 0,
        "file" : 2,
        "line" : 187,
        "parent" : 148
      },
      {
        "file" : 1
      },
      {
        "command" : 2,
        "file" : 1,
        "line" : 54,
        "parent" : 150
      },
      {
        "file" : 2,
        "parent" : 151
      },
      {
        "command" : 0,
        "file" : 2,
        "line" : 189,
        "parent" : 152
      },
      {
        "file" : 1
      },
      {
        "command" : 2,
        "file" : 1,
        "line" : 54,
        "parent" : 154
      },
      {
        "file" : 2,
        "parent" : 155
      },
      {
        "command" : 0,
        "file" : 2,
        "line" : 191,
        "parent" : 156
      },
      {
        "file" : 1
      },
      {
        "command" : 2,
        "file" : 1,
        "line" : 54,
        "parent" : 158
      },
      {
        "file" : 2,
        "parent" : 159
      },
      {
        "command" : 0,
        "file" : 2,
        "line" : 193,
        "parent" : 160
      },
      {
        "file" : 1
      },
      {
        "command" : 2,
        "file" : 1,
        "line" : 54,
        "parent" : 162
      },
      {
        "file" : 2,
        "parent" : 163
      },
      {
        "command" : 0,
        "file" : 2,
        "line" : 195,
        "parent" : 164
      },
      {
        "file" : 1
      },
      {
        "command" : 2,
        "file" : 1,
        "line" : 54,
        "parent" : 166
      },
      {
        "file" : 2,
        "parent" : 167
      },
      {
        "command" : 0,
        "file" : 2,
        "line" : 197,
        "parent" : 168
      },
      {
        "file" : 1
      },
      {
        "command" : 2,
        "file" : 1,
        "line" : 54,
        "parent" : 170
      },
      {
        "file" : 2,
        "parent" : 171
      },
      {
        "command" : 0,
        "file" : 2,
        "line" : 199,
        "parent" : 172
      },
      {
        "file" : 1
      },
      {
        "command" : 2,
        "file" : 1,
        "line" : 54,
        "parent" : 174
      },
      {
        "file" : 2,
        "parent" : 175
      },
      {
        "command" : 0,
        "file" : 2,
        "line" : 201,
        "parent" : 176
      },
      {
        "file" : 1
      },
      {
        "command" : 2,
        "file" : 1,
        "line" : 54,
        "parent" : 178
      },
      {
        "file" : 2,
        "parent" : 179
      },
      {
        "command" : 0,
        "file" : 2,
        "line" : 203,
        "parent" : 180
      },
      {
        "file" : 1
      },
      {
        "command" : 2,
        "file" : 1,
        "line" : 54,
        "parent" : 182
      },
      {
        "file" : 2,
        "parent" : 183
      },
      {
        "command" : 0,
        "file" : 2,
        "line" : 205,
        "parent" : 184
      },
      {
        "file" : 1
      },
      {
        "command" : 2,
        "file" : 1,
        "line" : 54,
        "parent" : 186
      },
      {
        "file" : 2,
        "parent" : 187
      },
      {
        "command" : 0,
        "file" : 2,
        "line" : 207,
        "parent" : 188
      },
      {
        "file" : 1
      },
      {
        "command" : 2,
        "file" : 1,
        "line" : 54,
        "parent" : 190
      },
      {
        "file" : 2,
        "parent" : 191
      },
      {
        "command" : 0,
        "file" : 2,
        "line" : 209,
        "parent" : 192
      },
      {
        "file" : 1
      },
      {
        "command" : 2,
        "file" : 1,
        "line" : 54,
        "parent" : 194
      },
      {
        "file" : 2,
        "parent" : 195
      },
      {
        "command" : 0,
        "file" : 2,
        "line" : 211,
        "parent" : 196
      },
      {
        "file" : 1
      },
      {
        "command" : 2,
        "file" : 1,
        "line" : 54,
        "parent" : 198
      },
      {
        "file" : 2,
        "parent" : 199
      },
      {
        "command" : 0,
        "file" : 2,
        "line" : 213,
        "parent" : 200
      },
      {
        "file" : 1
      },
      {
        "command" : 2,
        "file" : 1,
        "line" : 54,
        "parent" : 202
      },
      {
        "file" : 2,
        "parent" : 203
      },
      {
        "command" : 0,
        "file" : 2,
        "line" : 215,
        "parent" : 204
      },
      {
        "file" : 1
      },
      {
        "command" : 2,
        "file" : 1,
        "line" : 54,
        "parent" : 206
      },
      {
        "file" : 2,
        "parent" : 207
      },
      {
        "command" : 0,
        "file" : 2,
        "line" : 217,
        "parent" : 208
      },
      {
        "file" : 1
      },
      {
        "command" : 2,
        "file" : 1,
        "line" : 54,
        "parent" : 210
      },
      {
        "file" : 2,
        "parent" : 211
      },
      {
        "command" : 0,
        "file" : 2,
        "line" : 219,
        "parent" : 212
      },
      {
        "file" : 1
      },
      {
        "command" : 2,
        "file" : 1,
        "line" : 54,
        "parent" : 214
      },
      {
        "file" : 2,
        "parent" : 215
      },
      {
        "command" : 0,
        "file" : 2,
        "line" : 221,
        "parent" : 216
      },
      {
        "file" : 1
      },
      {
        "command" : 2,
        "file" : 1,
        "line" : 54,
        "parent" : 218
      },
      {
        "file" : 2,
        "parent" : 219
      },
      {
        "command" : 0,
        "file" : 2,
        "line" : 223,
        "parent" : 220
      },
      {
        "file" : 1
      },
      {
        "command" : 2,
        "file" : 1,
        "line" : 54,
        "parent" : 222
      },
      {
        "file" : 2,
        "parent" : 223
      },
      {
        "command" : 0,
        "file" : 2,
        "line" : 225,
        "parent" : 224
      },
      {
        "file" : 1
      },
      {
        "command" : 2,
        "file" : 1,
        "line" : 54,
        "parent" : 226
      },
      {
        "file" : 2,
        "parent" : 227
      },
      {
        "command" : 0,
        "file" : 2,
        "line" : 227,
        "parent" : 228
      },
      {
        "file" : 1
      },
      {
        "command" : 2,
        "file" : 1,
        "line" : 54,
        "parent" : 230
      },
      {
        "file" : 2,
        "parent" : 231
      },
      {
        "command" : 0,
        "file" : 2,
        "line" : 229,
        "parent" : 232
      },
      {
        "file" : 1
      },
      {
        "command" : 2,
        "file" : 1,
        "line" : 54,
        "parent" : 234
      },
      {
        "file" : 2,
        "parent" : 235
      },
      {
        "command" : 0,
        "file" : 2,
        "line" : 231,
        "parent" : 236
      },
      {
        "file" : 1
      },
      {
        "command" : 2,
        "file" : 1,
        "line" : 54,
        "parent" : 238
      },
      {
        "file" : 2,
        "parent" : 239
      },
      {
        "command" : 0,
        "file" : 2,
        "line" : 233,
        "parent" : 240
      }
    ]
  },
  "kind" : "ctestInfo",
  "tests" : 
  [
    {
      "backtrace" : 2,
      "command" : 
      [
        "E:/VS2019Qt5.15/3D/build/win-msvc-asan/Debug/ock_probe_expected.exe"
      ],
      "config" : "Debug",
      "name" : "T01.dependencies.expected",
      "properties" : 
      [
        {
          "name" : "ENVIRONMENT",
          "value" : 
          [
            "MSBUILDDISABLENODEREUSE=1"
          ]
        },
        {
          "name" : "ENVIRONMENT_MODIFICATION",
          "value" : 
          [
            "PATH=path_list_prepend:F:/VS2022/VS2022/VC/Tools/MSVC/14.44.35207/bin/Hostx64/x64"
          ]
        },
        {
          "name" : "LABELS",
          "value" : 
          [
            "D0.06-a"
          ]
        },
        {
          "name" : "TIMEOUT",
          "value" : 60.0
        },
        {
          "name" : "WORKING_DIRECTORY",
          "value" : "E:/VS2019Qt5.15/3D/build/win-msvc-asan/dependency-probe-work"
        }
      ]
    },
    {
      "backtrace" : 5,
      "command" : 
      [
        "E:/VS2019Qt5.15/3D/build/win-msvc-asan/Debug/ock_probe_fmt.exe"
      ],
      "config" : "Debug",
      "name" : "T01.dependencies.fmt",
      "properties" : 
      [
        {
          "name" : "ENVIRONMENT",
          "value" : 
          [
            "MSBUILDDISABLENODEREUSE=1"
          ]
        },
        {
          "name" : "ENVIRONMENT_MODIFICATION",
          "value" : 
          [
            "PATH=path_list_prepend:F:/VS2022/VS2022/VC/Tools/MSVC/14.44.35207/bin/Hostx64/x64"
          ]
        },
        {
          "name" : "LABELS",
          "value" : 
          [
            "D0.06-a"
          ]
        },
        {
          "name" : "TIMEOUT",
          "value" : 60.0
        },
        {
          "name" : "WORKING_DIRECTORY",
          "value" : "E:/VS2019Qt5.15/3D/build/win-msvc-asan/dependency-probe-work"
        }
      ]
    },
    {
      "backtrace" : 8,
      "command" : 
      [
        "E:/VS2019Qt5.15/3D/build/win-msvc-asan/Debug/ock_probe_spdlog.exe"
      ],
      "config" : "Debug",
      "name" : "T01.dependencies.spdlog",
      "properties" : 
      [
        {
          "name" : "ENVIRONMENT",
          "value" : 
          [
            "MSBUILDDISABLENODEREUSE=1"
          ]
        },
        {
          "name" : "ENVIRONMENT_MODIFICATION",
          "value" : 
          [
            "PATH=path_list_prepend:F:/VS2022/VS2022/VC/Tools/MSVC/14.44.35207/bin/Hostx64/x64"
          ]
        },
        {
          "name" : "LABELS",
          "value" : 
          [
            "D0.06-a"
          ]
        },
        {
          "name" : "TIMEOUT",
          "value" : 60.0
        },
        {
          "name" : "WORKING_DIRECTORY",
          "value" : "E:/VS2019Qt5.15/3D/build/win-msvc-asan/dependency-probe-work"
        }
      ]
    },
    {
      "backtrace" : 11,
      "command" : 
      [
        "E:/VS2019Qt5.15/3D/build/win-msvc-asan/Debug/ock_probe_thread_pool.exe"
      ],
      "config" : "Debug",
      "name" : "T01.dependencies.thread_pool",
      "properties" : 
      [
        {
          "name" : "ENVIRONMENT",
          "value" : 
          [
            "MSBUILDDISABLENODEREUSE=1"
          ]
        },
        {
          "name" : "ENVIRONMENT_MODIFICATION",
          "value" : 
          [
            "PATH=path_list_prepend:F:/VS2022/VS2022/VC/Tools/MSVC/14.44.35207/bin/Hostx64/x64"
          ]
        },
        {
          "name" : "LABELS",
          "value" : 
          [
            "D0.06-a"
          ]
        },
        {
          "name" : "TIMEOUT",
          "value" : 60.0
        },
        {
          "name" : "WORKING_DIRECTORY",
          "value" : "E:/VS2019Qt5.15/3D/build/win-msvc-asan/dependency-probe-work"
        }
      ]
    },
    {
      "backtrace" : 14,
      "command" : 
      [
        "E:/VS2019Qt5.15/3D/build/win-msvc-asan/Debug/ock_probe_toolchain.exe"
      ],
      "config" : "Debug",
      "name" : "T01.dependencies.toolchain",
      "properties" : 
      [
        {
          "name" : "ENVIRONMENT",
          "value" : 
          [
            "MSBUILDDISABLENODEREUSE=1"
          ]
        },
        {
          "name" : "ENVIRONMENT_MODIFICATION",
          "value" : 
          [
            "PATH=path_list_prepend:F:/VS2022/VS2022/VC/Tools/MSVC/14.44.35207/bin/Hostx64/x64"
          ]
        },
        {
          "name" : "LABELS",
          "value" : 
          [
            "D0.06-a"
          ]
        },
        {
          "name" : "TIMEOUT",
          "value" : 60.0
        },
        {
          "name" : "WORKING_DIRECTORY",
          "value" : "E:/VS2019Qt5.15/3D/build/win-msvc-asan/dependency-probe-work"
        }
      ]
    },
    {
      "backtrace" : 17,
      "command" : 
      [
        "C:/Users/xrx10/AppData/Local/Programs/Python/Python311/python.exe",
        "-X",
        "utf8",
        "-m",
        "unittest",
        "discover",
        "-s",
        "E:/VS2019Qt5.15/3D/tests/dependencies",
        "-p",
        "test_lock.py",
        "-v"
      ],
      "config" : "Debug",
      "name" : "T01.dependencies.lock_contracts",
      "properties" : 
      [
        {
          "name" : "ENVIRONMENT",
          "value" : 
          [
            "MSBUILDDISABLENODEREUSE=1"
          ]
        },
        {
          "name" : "ENVIRONMENT_MODIFICATION",
          "value" : 
          [
            "PATH=path_list_prepend:F:/VS2022/VS2022/VC/Tools/MSVC/14.44.35207/bin/Hostx64/x64"
          ]
        },
        {
          "name" : "LABELS",
          "value" : 
          [
            "D0.06-a"
          ]
        },
        {
          "name" : "TIMEOUT",
          "value" : 60.0
        },
        {
          "name" : "WORKING_DIRECTORY",
          "value" : "E:/VS2019Qt5.15/3D/build/win-msvc-asan/dependency-probe-work"
        }
      ]
    },
    {
      "backtrace" : 20,
      "command" : 
      [
        "E:/VS2019Qt5.15/3D/build/win-msvc-asan/Debug/ock_probe_asan.exe"
      ],
      "config" : "Debug",
      "name" : "T23.dependencies.asan_healthy",
      "properties" : 
      [
        {
          "name" : "ENVIRONMENT",
          "value" : 
          [
            "MSBUILDDISABLENODEREUSE=1"
          ]
        },
        {
          "name" : "ENVIRONMENT_MODIFICATION",
          "value" : 
          [
            "PATH=path_list_prepend:F:/VS2022/VS2022/VC/Tools/MSVC/14.44.35207/bin/Hostx64/x64"
          ]
        },
        {
          "name" : "LABELS",
          "value" : 
          [
            "D0.06-a"
          ]
        },
        {
          "name" : "TIMEOUT",
          "value" : 60.0
        },
        {
          "name" : "WORKING_DIRECTORY",
          "value" : "E:/VS2019Qt5.15/3D/build/win-msvc-asan/dependency-probe-work"
        }
      ]
    },
    {
      "backtrace" : 23,
      "command" : 
      [
        "C:/Users/xrx10/AppData/Local/Programs/Python/Python311/python.exe",
        "-X",
        "utf8",
        "E:/VS2019Qt5.15/3D/tools/dependencies/check_probe_failure.py",
        "--mode",
        "asan",
        "--",
        "E:/VS2019Qt5.15/3D/build/win-msvc-asan/Debug/ock_probe_asan.exe",
        "fault"
      ],
      "config" : "Debug",
      "name" : "T23.dependencies.asan_detects_heap_overflow",
      "properties" : 
      [
        {
          "name" : "ENVIRONMENT",
          "value" : 
          [
            "MSBUILDDISABLENODEREUSE=1"
          ]
        },
        {
          "name" : "ENVIRONMENT_MODIFICATION",
          "value" : 
          [
            "PATH=path_list_prepend:F:/VS2022/VS2022/VC/Tools/MSVC/14.44.35207/bin/Hostx64/x64"
          ]
        },
        {
          "name" : "LABELS",
          "value" : 
          [
            "D0.06-a"
          ]
        },
        {
          "name" : "TIMEOUT",
          "value" : 60.0
        },
        {
          "name" : "WORKING_DIRECTORY",
          "value" : "E:/VS2019Qt5.15/3D/build/win-msvc-asan/dependency-probe-work"
        }
      ]
    },
    {
      "backtrace" : 25,
      "command" : 
      [
        "C:/Users/xrx10/AppData/Local/Programs/Python/Python311/python.exe",
        "-X",
        "utf8",
        "-m",
        "unittest",
        "discover",
        "-s",
        "E:/VS2019Qt5.15/3D/tests/tools/bootstrap",
        "-v"
      ],
      "config" : "Debug",
      "name" : "T23.adapter.contract_guards",
      "properties" : 
      [
        {
          "name" : "ENVIRONMENT",
          "value" : 
          [
            "MSBUILDDISABLENODEREUSE=1"
          ]
        },
        {
          "name" : "LABELS",
          "value" : 
          [
            "D0.06"
          ]
        },
        {
          "name" : "TIMEOUT",
          "value" : 90.0
        },
        {
          "name" : "WORKING_DIRECTORY",
          "value" : "E:/VS2019Qt5.15/3D"
        }
      ]
    },
    {
      "backtrace" : 29,
      "command" : 
      [
        "C:/Users/xrx10/AppData/Local/Programs/Python/Python311/python.exe",
        "-X",
        "utf8",
        "E:/VS2019Qt5.15/3D/tools/testing/g0_cases.py",
        "--case",
        "test_process.ProcessTests.test_T23_process_nonfinite_timeout_rejected"
      ],
      "config" : "Debug",
      "name" : "T23.process.nonfinite_timeout_rejected",
      "properties" : 
      [
        {
          "name" : "ENVIRONMENT",
          "value" : 
          [
            "MSBUILDDISABLENODEREUSE=1"
          ]
        },
        {
          "name" : "LABELS",
          "value" : 
          [
            "D0.06"
          ]
        },
        {
          "name" : "TIMEOUT",
          "value" : 240.0
        },
        {
          "name" : "WORKING_DIRECTORY",
          "value" : "E:/VS2019Qt5.15/3D"
        }
      ]
    },
    {
      "backtrace" : 33,
      "command" : 
      [
        "C:/Users/xrx10/AppData/Local/Programs/Python/Python311/python.exe",
        "-X",
        "utf8",
        "E:/VS2019Qt5.15/3D/tools/testing/g0_cases.py",
        "--case",
        "test_process.ProcessTests.test_T23_process_raw_bytes"
      ],
      "config" : "Debug",
      "name" : "T23.process.raw_bytes",
      "properties" : 
      [
        {
          "name" : "ENVIRONMENT",
          "value" : 
          [
            "MSBUILDDISABLENODEREUSE=1"
          ]
        },
        {
          "name" : "LABELS",
          "value" : 
          [
            "D0.06"
          ]
        },
        {
          "name" : "TIMEOUT",
          "value" : 240.0
        },
        {
          "name" : "WORKING_DIRECTORY",
          "value" : "E:/VS2019Qt5.15/3D"
        }
      ]
    },
    {
      "backtrace" : 37,
      "command" : 
      [
        "C:/Users/xrx10/AppData/Local/Programs/Python/Python311/python.exe",
        "-X",
        "utf8",
        "E:/VS2019Qt5.15/3D/tools/testing/g0_cases.py",
        "--case",
        "test_process.ProcessTests.test_T23_process_printed_success_nonzero"
      ],
      "config" : "Debug",
      "name" : "T23.process.printed_success_nonzero",
      "properties" : 
      [
        {
          "name" : "ENVIRONMENT",
          "value" : 
          [
            "MSBUILDDISABLENODEREUSE=1"
          ]
        },
        {
          "name" : "LABELS",
          "value" : 
          [
            "D0.06"
          ]
        },
        {
          "name" : "TIMEOUT",
          "value" : 240.0
        },
        {
          "name" : "WORKING_DIRECTORY",
          "value" : "E:/VS2019Qt5.15/3D"
        }
      ]
    },
    {
      "backtrace" : 41,
      "command" : 
      [
        "C:/Users/xrx10/AppData/Local/Programs/Python/Python311/python.exe",
        "-X",
        "utf8",
        "E:/VS2019Qt5.15/3D/tools/testing/g0_cases.py",
        "--case",
        "test_process.ProcessTests.test_T23_process_launch_failure"
      ],
      "config" : "Debug",
      "name" : "T23.process.launch_failure",
      "properties" : 
      [
        {
          "name" : "ENVIRONMENT",
          "value" : 
          [
            "MSBUILDDISABLENODEREUSE=1"
          ]
        },
        {
          "name" : "LABELS",
          "value" : 
          [
            "D0.06"
          ]
        },
        {
          "name" : "TIMEOUT",
          "value" : 240.0
        },
        {
          "name" : "WORKING_DIRECTORY",
          "value" : "E:/VS2019Qt5.15/3D"
        }
      ]
    },
    {
      "backtrace" : 45,
      "command" : 
      [
        "C:/Users/xrx10/AppData/Local/Programs/Python/Python311/python.exe",
        "-X",
        "utf8",
        "E:/VS2019Qt5.15/3D/tools/testing/g0_cases.py",
        "--case",
        "test_process.ProcessTests.test_T23_process_crashed_exit"
      ],
      "config" : "Debug",
      "name" : "T23.process.crashed_exit",
      "properties" : 
      [
        {
          "name" : "ENVIRONMENT",
          "value" : 
          [
            "MSBUILDDISABLENODEREUSE=1"
          ]
        },
        {
          "name" : "LABELS",
          "value" : 
          [
            "D0.06"
          ]
        },
        {
          "name" : "TIMEOUT",
          "value" : 240.0
        },
        {
          "name" : "WORKING_DIRECTORY",
          "value" : "E:/VS2019Qt5.15/3D"
        }
      ]
    },
    {
      "backtrace" : 49,
      "command" : 
      [
        "C:/Users/xrx10/AppData/Local/Programs/Python/Python311/python.exe",
        "-X",
        "utf8",
        "E:/VS2019Qt5.15/3D/tools/testing/g0_cases.py",
        "--case",
        "test_process.ProcessTests.test_T23_process_timeout_tree"
      ],
      "config" : "Debug",
      "name" : "T23.process.timeout_tree",
      "properties" : 
      [
        {
          "name" : "ENVIRONMENT",
          "value" : 
          [
            "MSBUILDDISABLENODEREUSE=1"
          ]
        },
        {
          "name" : "LABELS",
          "value" : 
          [
            "D0.06"
          ]
        },
        {
          "name" : "TIMEOUT",
          "value" : 240.0
        },
        {
          "name" : "WORKING_DIRECTORY",
          "value" : "E:/VS2019Qt5.15/3D"
        }
      ]
    },
    {
      "backtrace" : 53,
      "command" : 
      [
        "C:/Users/xrx10/AppData/Local/Programs/Python/Python311/python.exe",
        "-X",
        "utf8",
        "E:/VS2019Qt5.15/3D/tools/testing/g0_cases.py",
        "--case",
        "test_process.ProcessTests.test_T23_process_leaked_child_rejected"
      ],
      "config" : "Debug",
      "name" : "T23.process.leaked_child_rejected",
      "properties" : 
      [
        {
          "name" : "ENVIRONMENT",
          "value" : 
          [
            "MSBUILDDISABLENODEREUSE=1"
          ]
        },
        {
          "name" : "LABELS",
          "value" : 
          [
            "D0.06"
          ]
        },
        {
          "name" : "TIMEOUT",
          "value" : 240.0
        },
        {
          "name" : "WORKING_DIRECTORY",
          "value" : "E:/VS2019Qt5.15/3D"
        }
      ]
    },
    {
      "backtrace" : 57,
      "command" : 
      [
        "C:/Users/xrx10/AppData/Local/Programs/Python/Python311/python.exe",
        "-X",
        "utf8",
        "E:/VS2019Qt5.15/3D/tools/testing/g0_cases.py",
        "--case",
        "test_runner.EvidenceTests.test_T23_evidence_actual_execution"
      ],
      "config" : "Debug",
      "name" : "T23.evidence.actual_execution",
      "properties" : 
      [
        {
          "name" : "ENVIRONMENT",
          "value" : 
          [
            "MSBUILDDISABLENODEREUSE=1"
          ]
        },
        {
          "name" : "LABELS",
          "value" : 
          [
            "D0.06"
          ]
        },
        {
          "name" : "TIMEOUT",
          "value" : 240.0
        },
        {
          "name" : "WORKING_DIRECTORY",
          "value" : "E:/VS2019Qt5.15/3D"
        }
      ]
    },
    {
      "backtrace" : 61,
      "command" : 
      [
        "C:/Users/xrx10/AppData/Local/Programs/Python/Python311/python.exe",
        "-X",
        "utf8",
        "E:/VS2019Qt5.15/3D/tools/testing/g0_cases.py",
        "--case",
        "test_runner.EvidenceTests.test_T23_evidence_print_success_exit_failure"
      ],
      "config" : "Debug",
      "name" : "T23.evidence.print_success_exit_failure",
      "properties" : 
      [
        {
          "name" : "ENVIRONMENT",
          "value" : 
          [
            "MSBUILDDISABLENODEREUSE=1"
          ]
        },
        {
          "name" : "LABELS",
          "value" : 
          [
            "D0.06"
          ]
        },
        {
          "name" : "TIMEOUT",
          "value" : 240.0
        },
        {
          "name" : "WORKING_DIRECTORY",
          "value" : "E:/VS2019Qt5.15/3D"
        }
      ]
    },
    {
      "backtrace" : 65,
      "command" : 
      [
        "C:/Users/xrx10/AppData/Local/Programs/Python/Python311/python.exe",
        "-X",
        "utf8",
        "E:/VS2019Qt5.15/3D/tools/testing/g0_cases.py",
        "--case",
        "test_runner.EvidenceTests.test_T23_evidence_zero_tests"
      ],
      "config" : "Debug",
      "name" : "T23.evidence.zero_tests",
      "properties" : 
      [
        {
          "name" : "ENVIRONMENT",
          "value" : 
          [
            "MSBUILDDISABLENODEREUSE=1"
          ]
        },
        {
          "name" : "LABELS",
          "value" : 
          [
            "D0.06"
          ]
        },
        {
          "name" : "TIMEOUT",
          "value" : 240.0
        },
        {
          "name" : "WORKING_DIRECTORY",
          "value" : "E:/VS2019Qt5.15/3D"
        }
      ]
    },
    {
      "backtrace" : 69,
      "command" : 
      [
        "C:/Users/xrx10/AppData/Local/Programs/Python/Python311/python.exe",
        "-X",
        "utf8",
        "E:/VS2019Qt5.15/3D/tools/testing/g0_cases.py",
        "--case",
        "test_runner.EvidenceTests.test_T23_evidence_wrong_filter"
      ],
      "config" : "Debug",
      "name" : "T23.evidence.wrong_filter",
      "properties" : 
      [
        {
          "name" : "ENVIRONMENT",
          "value" : 
          [
            "MSBUILDDISABLENODEREUSE=1"
          ]
        },
        {
          "name" : "LABELS",
          "value" : 
          [
            "D0.06"
          ]
        },
        {
          "name" : "TIMEOUT",
          "value" : 240.0
        },
        {
          "name" : "WORKING_DIRECTORY",
          "value" : "E:/VS2019Qt5.15/3D"
        }
      ]
    },
    {
      "backtrace" : 73,
      "command" : 
      [
        "C:/Users/xrx10/AppData/Local/Programs/Python/Python311/python.exe",
        "-X",
        "utf8",
        "E:/VS2019Qt5.15/3D/tools/testing/g0_cases.py",
        "--case",
        "test_runner.EvidenceTests.test_T23_evidence_removed_expected_case"
      ],
      "config" : "Debug",
      "name" : "T23.evidence.removed_expected_case",
      "properties" : 
      [
        {
          "name" : "ENVIRONMENT",
          "value" : 
          [
            "MSBUILDDISABLENODEREUSE=1"
          ]
        },
        {
          "name" : "LABELS",
          "value" : 
          [
            "D0.06"
          ]
        },
        {
          "name" : "TIMEOUT",
          "value" : 240.0
        },
        {
          "name" : "WORKING_DIRECTORY",
          "value" : "E:/VS2019Qt5.15/3D"
        }
      ]
    },
    {
      "backtrace" : 77,
      "command" : 
      [
        "C:/Users/xrx10/AppData/Local/Programs/Python/Python311/python.exe",
        "-X",
        "utf8",
        "E:/VS2019Qt5.15/3D/tools/testing/g0_cases.py",
        "--case",
        "test_runner.EvidenceTests.test_T23_evidence_skip_rejected"
      ],
      "config" : "Debug",
      "name" : "T23.evidence.skip_rejected",
      "properties" : 
      [
        {
          "name" : "ENVIRONMENT",
          "value" : 
          [
            "MSBUILDDISABLENODEREUSE=1"
          ]
        },
        {
          "name" : "LABELS",
          "value" : 
          [
            "D0.06"
          ]
        },
        {
          "name" : "TIMEOUT",
          "value" : 240.0
        },
        {
          "name" : "WORKING_DIRECTORY",
          "value" : "E:/VS2019Qt5.15/3D"
        }
      ]
    },
    {
      "backtrace" : 81,
      "command" : 
      [
        "C:/Users/xrx10/AppData/Local/Programs/Python/Python311/python.exe",
        "-X",
        "utf8",
        "E:/VS2019Qt5.15/3D/tools/testing/g0_cases.py",
        "--case",
        "test_runner.EvidenceTests.test_T23_evidence_old_report_not_reused"
      ],
      "config" : "Debug",
      "name" : "T23.evidence.old_report_not_reused",
      "properties" : 
      [
        {
          "name" : "ENVIRONMENT",
          "value" : 
          [
            "MSBUILDDISABLENODEREUSE=1"
          ]
        },
        {
          "name" : "LABELS",
          "value" : 
          [
            "D0.06"
          ]
        },
        {
          "name" : "TIMEOUT",
          "value" : 240.0
        },
        {
          "name" : "WORKING_DIRECTORY",
          "value" : "E:/VS2019Qt5.15/3D"
        }
      ]
    },
    {
      "backtrace" : 85,
      "command" : 
      [
        "C:/Users/xrx10/AppData/Local/Programs/Python/Python311/python.exe",
        "-X",
        "utf8",
        "E:/VS2019Qt5.15/3D/tools/testing/g0_cases.py",
        "--case",
        "test_runner.EvidenceTests.test_T23_evidence_repeat_required"
      ],
      "config" : "Debug",
      "name" : "T23.evidence.repeat_required",
      "properties" : 
      [
        {
          "name" : "ENVIRONMENT",
          "value" : 
          [
            "MSBUILDDISABLENODEREUSE=1"
          ]
        },
        {
          "name" : "LABELS",
          "value" : 
          [
            "D0.06"
          ]
        },
        {
          "name" : "TIMEOUT",
          "value" : 240.0
        },
        {
          "name" : "WORKING_DIRECTORY",
          "value" : "E:/VS2019Qt5.15/3D"
        }
      ]
    },
    {
      "backtrace" : 89,
      "command" : 
      [
        "C:/Users/xrx10/AppData/Local/Programs/Python/Python311/python.exe",
        "-X",
        "utf8",
        "E:/VS2019Qt5.15/3D/tools/testing/g0_cases.py",
        "--case",
        "test_runner.EvidenceTests.test_T23_evidence_all_rounds_retained"
      ],
      "config" : "Debug",
      "name" : "T23.evidence.all_rounds_retained",
      "properties" : 
      [
        {
          "name" : "ENVIRONMENT",
          "value" : 
          [
            "MSBUILDDISABLENODEREUSE=1"
          ]
        },
        {
          "name" : "LABELS",
          "value" : 
          [
            "D0.06"
          ]
        },
        {
          "name" : "TIMEOUT",
          "value" : 240.0
        },
        {
          "name" : "WORKING_DIRECTORY",
          "value" : "E:/VS2019Qt5.15/3D"
        }
      ]
    },
    {
      "backtrace" : 93,
      "command" : 
      [
        "C:/Users/xrx10/AppData/Local/Programs/Python/Python311/python.exe",
        "-X",
        "utf8",
        "E:/VS2019Qt5.15/3D/tools/testing/g0_cases.py",
        "--case",
        "test_runner.EvidenceTests.test_T23_evidence_missing_report"
      ],
      "config" : "Debug",
      "name" : "T23.evidence.missing_report",
      "properties" : 
      [
        {
          "name" : "ENVIRONMENT",
          "value" : 
          [
            "MSBUILDDISABLENODEREUSE=1"
          ]
        },
        {
          "name" : "LABELS",
          "value" : 
          [
            "D0.06"
          ]
        },
        {
          "name" : "TIMEOUT",
          "value" : 240.0
        },
        {
          "name" : "WORKING_DIRECTORY",
          "value" : "E:/VS2019Qt5.15/3D"
        }
      ]
    },
    {
      "backtrace" : 97,
      "command" : 
      [
        "C:/Users/xrx10/AppData/Local/Programs/Python/Python311/python.exe",
        "-X",
        "utf8",
        "E:/VS2019Qt5.15/3D/tools/testing/g0_cases.py",
        "--case",
        "test_runner.EvidenceTests.test_T23_evidence_corrupt_report"
      ],
      "config" : "Debug",
      "name" : "T23.evidence.corrupt_report",
      "properties" : 
      [
        {
          "name" : "ENVIRONMENT",
          "value" : 
          [
            "MSBUILDDISABLENODEREUSE=1"
          ]
        },
        {
          "name" : "LABELS",
          "value" : 
          [
            "D0.06"
          ]
        },
        {
          "name" : "TIMEOUT",
          "value" : 240.0
        },
        {
          "name" : "WORKING_DIRECTORY",
          "value" : "E:/VS2019Qt5.15/3D"
        }
      ]
    },
    {
      "backtrace" : 101,
      "command" : 
      [
        "C:/Users/xrx10/AppData/Local/Programs/Python/Python311/python.exe",
        "-X",
        "utf8",
        "E:/VS2019Qt5.15/3D/tools/testing/g0_cases.py",
        "--case",
        "test_runner.EvidenceTests.test_T23_evidence_changed_binary"
      ],
      "config" : "Debug",
      "name" : "T23.evidence.changed_binary",
      "properties" : 
      [
        {
          "name" : "ENVIRONMENT",
          "value" : 
          [
            "MSBUILDDISABLENODEREUSE=1"
          ]
        },
        {
          "name" : "LABELS",
          "value" : 
          [
            "D0.06"
          ]
        },
        {
          "name" : "TIMEOUT",
          "value" : 240.0
        },
        {
          "name" : "WORKING_DIRECTORY",
          "value" : "E:/VS2019Qt5.15/3D"
        }
      ]
    },
    {
      "backtrace" : 105,
      "command" : 
      [
        "C:/Users/xrx10/AppData/Local/Programs/Python/Python311/python.exe",
        "-X",
        "utf8",
        "E:/VS2019Qt5.15/3D/tools/testing/g0_cases.py",
        "--case",
        "test_runner.EvidenceTests.test_T23_evidence_changed_source"
      ],
      "config" : "Debug",
      "name" : "T23.evidence.changed_source",
      "properties" : 
      [
        {
          "name" : "ENVIRONMENT",
          "value" : 
          [
            "MSBUILDDISABLENODEREUSE=1"
          ]
        },
        {
          "name" : "LABELS",
          "value" : 
          [
            "D0.06"
          ]
        },
        {
          "name" : "TIMEOUT",
          "value" : 240.0
        },
        {
          "name" : "WORKING_DIRECTORY",
          "value" : "E:/VS2019Qt5.15/3D"
        }
      ]
    },
    {
      "backtrace" : 109,
      "command" : 
      [
        "C:/Users/xrx10/AppData/Local/Programs/Python/Python311/python.exe",
        "-X",
        "utf8",
        "E:/VS2019Qt5.15/3D/tools/testing/g0_cases.py",
        "--case",
        "test_runner.EvidenceTests.test_T23_evidence_added_source"
      ],
      "config" : "Debug",
      "name" : "T23.evidence.added_source",
      "properties" : 
      [
        {
          "name" : "ENVIRONMENT",
          "value" : 
          [
            "MSBUILDDISABLENODEREUSE=1"
          ]
        },
        {
          "name" : "LABELS",
          "value" : 
          [
            "D0.06"
          ]
        },
        {
          "name" : "TIMEOUT",
          "value" : 240.0
        },
        {
          "name" : "WORKING_DIRECTORY",
          "value" : "E:/VS2019Qt5.15/3D"
        }
      ]
    },
    {
      "backtrace" : 113,
      "command" : 
      [
        "C:/Users/xrx10/AppData/Local/Programs/Python/Python311/python.exe",
        "-X",
        "utf8",
        "E:/VS2019Qt5.15/3D/tools/testing/g0_cases.py",
        "--case",
        "test_runner.EvidenceTests.test_T23_evidence_changed_lock"
      ],
      "config" : "Debug",
      "name" : "T23.evidence.changed_lock",
      "properties" : 
      [
        {
          "name" : "ENVIRONMENT",
          "value" : 
          [
            "MSBUILDDISABLENODEREUSE=1"
          ]
        },
        {
          "name" : "LABELS",
          "value" : 
          [
            "D0.06"
          ]
        },
        {
          "name" : "TIMEOUT",
          "value" : 240.0
        },
        {
          "name" : "WORKING_DIRECTORY",
          "value" : "E:/VS2019Qt5.15/3D"
        }
      ]
    },
    {
      "backtrace" : 117,
      "command" : 
      [
        "C:/Users/xrx10/AppData/Local/Programs/Python/Python311/python.exe",
        "-X",
        "utf8",
        "E:/VS2019Qt5.15/3D/tools/testing/g0_cases.py",
        "--case",
        "test_runner.EvidenceTests.test_T23_evidence_changed_raw"
      ],
      "config" : "Debug",
      "name" : "T23.evidence.changed_raw",
      "properties" : 
      [
        {
          "name" : "ENVIRONMENT",
          "value" : 
          [
            "MSBUILDDISABLENODEREUSE=1"
          ]
        },
        {
          "name" : "LABELS",
          "value" : 
          [
            "D0.06"
          ]
        },
        {
          "name" : "TIMEOUT",
          "value" : 240.0
        },
        {
          "name" : "WORKING_DIRECTORY",
          "value" : "E:/VS2019Qt5.15/3D"
        }
      ]
    },
    {
      "backtrace" : 121,
      "command" : 
      [
        "C:/Users/xrx10/AppData/Local/Programs/Python/Python311/python.exe",
        "-X",
        "utf8",
        "E:/VS2019Qt5.15/3D/tools/testing/g0_cases.py",
        "--case",
        "test_runner.EvidenceTests.test_T23_evidence_failed_then_rerun"
      ],
      "config" : "Debug",
      "name" : "T23.evidence.failed_then_rerun",
      "properties" : 
      [
        {
          "name" : "ENVIRONMENT",
          "value" : 
          [
            "MSBUILDDISABLENODEREUSE=1"
          ]
        },
        {
          "name" : "LABELS",
          "value" : 
          [
            "D0.06"
          ]
        },
        {
          "name" : "TIMEOUT",
          "value" : 240.0
        },
        {
          "name" : "WORKING_DIRECTORY",
          "value" : "E:/VS2019Qt5.15/3D"
        }
      ]
    },
    {
      "backtrace" : 125,
      "command" : 
      [
        "C:/Users/xrx10/AppData/Local/Programs/Python/Python311/python.exe",
        "-X",
        "utf8",
        "E:/VS2019Qt5.15/3D/tools/testing/g0_cases.py",
        "--case",
        "test_runner.EvidenceTests.test_T23_evidence_source_mutation_during_test"
      ],
      "config" : "Debug",
      "name" : "T23.evidence.source_mutation_during_test",
      "properties" : 
      [
        {
          "name" : "ENVIRONMENT",
          "value" : 
          [
            "MSBUILDDISABLENODEREUSE=1"
          ]
        },
        {
          "name" : "LABELS",
          "value" : 
          [
            "D0.06"
          ]
        },
        {
          "name" : "TIMEOUT",
          "value" : 240.0
        },
        {
          "name" : "WORKING_DIRECTORY",
          "value" : "E:/VS2019Qt5.15/3D"
        }
      ]
    },
    {
      "backtrace" : 129,
      "command" : 
      [
        "C:/Users/xrx10/AppData/Local/Programs/Python/Python311/python.exe",
        "-X",
        "utf8",
        "E:/VS2019Qt5.15/3D/tools/testing/g0_cases.py",
        "--case",
        "test_runner.EvidenceTests.test_T23_evidence_binary_mutation_during_test"
      ],
      "config" : "Debug",
      "name" : "T23.evidence.binary_mutation_during_test",
      "properties" : 
      [
        {
          "name" : "ENVIRONMENT",
          "value" : 
          [
            "MSBUILDDISABLENODEREUSE=1"
          ]
        },
        {
          "name" : "LABELS",
          "value" : 
          [
            "D0.06"
          ]
        },
        {
          "name" : "TIMEOUT",
          "value" : 240.0
        },
        {
          "name" : "WORKING_DIRECTORY",
          "value" : "E:/VS2019Qt5.15/3D"
        }
      ]
    },
    {
      "backtrace" : 133,
      "command" : 
      [
        "C:/Users/xrx10/AppData/Local/Programs/Python/Python311/python.exe",
        "-X",
        "utf8",
        "E:/VS2019Qt5.15/3D/tools/testing/g0_cases.py",
        "--case",
        "test_runner.EvidenceTests.test_T23_evidence_missing_artifact"
      ],
      "config" : "Debug",
      "name" : "T23.evidence.missing_artifact",
      "properties" : 
      [
        {
          "name" : "ENVIRONMENT",
          "value" : 
          [
            "MSBUILDDISABLENODEREUSE=1"
          ]
        },
        {
          "name" : "LABELS",
          "value" : 
          [
            "D0.06"
          ]
        },
        {
          "name" : "TIMEOUT",
          "value" : 240.0
        },
        {
          "name" : "WORKING_DIRECTORY",
          "value" : "E:/VS2019Qt5.15/3D"
        }
      ]
    },
    {
      "backtrace" : 137,
      "command" : 
      [
        "C:/Users/xrx10/AppData/Local/Programs/Python/Python311/python.exe",
        "-X",
        "utf8",
        "E:/VS2019Qt5.15/3D/tools/testing/g0_cases.py",
        "--case",
        "test_runner.EvidenceTests.test_T23_evidence_forged_status_rejected"
      ],
      "config" : "Debug",
      "name" : "T23.evidence.forged_status_rejected",
      "properties" : 
      [
        {
          "name" : "ENVIRONMENT",
          "value" : 
          [
            "MSBUILDDISABLENODEREUSE=1"
          ]
        },
        {
          "name" : "LABELS",
          "value" : 
          [
            "D0.06"
          ]
        },
        {
          "name" : "TIMEOUT",
          "value" : 240.0
        },
        {
          "name" : "WORKING_DIRECTORY",
          "value" : "E:/VS2019Qt5.15/3D"
        }
      ]
    },
    {
      "backtrace" : 141,
      "command" : 
      [
        "C:/Users/xrx10/AppData/Local/Programs/Python/Python311/python.exe",
        "-X",
        "utf8",
        "E:/VS2019Qt5.15/3D/tools/testing/g0_cases.py",
        "--case",
        "test_runner.EvidenceTests.test_T23_evidence_configuration_mismatch"
      ],
      "config" : "Debug",
      "name" : "T23.evidence.configuration_mismatch",
      "properties" : 
      [
        {
          "name" : "ENVIRONMENT",
          "value" : 
          [
            "MSBUILDDISABLENODEREUSE=1"
          ]
        },
        {
          "name" : "LABELS",
          "value" : 
          [
            "D0.06"
          ]
        },
        {
          "name" : "TIMEOUT",
          "value" : 240.0
        },
        {
          "name" : "WORKING_DIRECTORY",
          "value" : "E:/VS2019Qt5.15/3D"
        }
      ]
    },
    {
      "backtrace" : 145,
      "command" : 
      [
        "C:/Users/xrx10/AppData/Local/Programs/Python/Python311/python.exe",
        "-X",
        "utf8",
        "E:/VS2019Qt5.15/3D/tools/testing/g0_cases.py",
        "--case",
        "test_runner.EvidenceTests.test_T23_evidence_review_required_not_waived"
      ],
      "config" : "Debug",
      "name" : "T23.evidence.review_required_not_waived",
      "properties" : 
      [
        {
          "name" : "ENVIRONMENT",
          "value" : 
          [
            "MSBUILDDISABLENODEREUSE=1"
          ]
        },
        {
          "name" : "LABELS",
          "value" : 
          [
            "D0.06"
          ]
        },
        {
          "name" : "TIMEOUT",
          "value" : 240.0
        },
        {
          "name" : "WORKING_DIRECTORY",
          "value" : "E:/VS2019Qt5.15/3D"
        }
      ]
    },
    {
      "backtrace" : 149,
      "command" : 
      [
        "C:/Users/xrx10/AppData/Local/Programs/Python/Python311/python.exe",
        "-X",
        "utf8",
        "E:/VS2019Qt5.15/3D/tools/testing/g0_cases.py",
        "--case",
        "test_runner.EvidenceTests.test_T23_evidence_gate_missing_profiles"
      ],
      "config" : "Debug",
      "name" : "T23.evidence.gate_missing_profiles",
      "properties" : 
      [
        {
          "name" : "ENVIRONMENT",
          "value" : 
          [
            "MSBUILDDISABLENODEREUSE=1"
          ]
        },
        {
          "name" : "LABELS",
          "value" : 
          [
            "D0.06"
          ]
        },
        {
          "name" : "TIMEOUT",
          "value" : 240.0
        },
        {
          "name" : "WORKING_DIRECTORY",
          "value" : "E:/VS2019Qt5.15/3D"
        }
      ]
    },
    {
      "backtrace" : 153,
      "command" : 
      [
        "C:/Users/xrx10/AppData/Local/Programs/Python/Python311/python.exe",
        "-X",
        "utf8",
        "E:/VS2019Qt5.15/3D/tools/testing/g0_cases.py",
        "--case",
        "test_runner.EvidenceTests.test_T23_evidence_gate_duplicate_runs"
      ],
      "config" : "Debug",
      "name" : "T23.evidence.gate_duplicate_runs",
      "properties" : 
      [
        {
          "name" : "ENVIRONMENT",
          "value" : 
          [
            "MSBUILDDISABLENODEREUSE=1"
          ]
        },
        {
          "name" : "LABELS",
          "value" : 
          [
            "D0.06"
          ]
        },
        {
          "name" : "TIMEOUT",
          "value" : 240.0
        },
        {
          "name" : "WORKING_DIRECTORY",
          "value" : "E:/VS2019Qt5.15/3D"
        }
      ]
    },
    {
      "backtrace" : 157,
      "command" : 
      [
        "C:/Users/xrx10/AppData/Local/Programs/Python/Python311/python.exe",
        "-X",
        "utf8",
        "E:/VS2019Qt5.15/3D/tools/testing/g0_cases.py",
        "--case",
        "test_runner.EvidenceTests.test_T23_evidence_legacy_corruption"
      ],
      "config" : "Debug",
      "name" : "T23.evidence.legacy_corruption",
      "properties" : 
      [
        {
          "name" : "ENVIRONMENT",
          "value" : 
          [
            "MSBUILDDISABLENODEREUSE=1"
          ]
        },
        {
          "name" : "LABELS",
          "value" : 
          [
            "D0.06"
          ]
        },
        {
          "name" : "TIMEOUT",
          "value" : 240.0
        },
        {
          "name" : "WORKING_DIRECTORY",
          "value" : "E:/VS2019Qt5.15/3D"
        }
      ]
    },
    {
      "backtrace" : 161,
      "command" : 
      [
        "C:/Users/xrx10/AppData/Local/Programs/Python/Python311/python.exe",
        "-X",
        "utf8",
        "E:/VS2019Qt5.15/3D/tools/testing/g0_cases.py",
        "--case",
        "test_runner.EvidenceTests.test_T23_evidence_runtime_artifact_integrity"
      ],
      "config" : "Debug",
      "name" : "T23.evidence.runtime_artifact_integrity",
      "properties" : 
      [
        {
          "name" : "ENVIRONMENT",
          "value" : 
          [
            "MSBUILDDISABLENODEREUSE=1"
          ]
        },
        {
          "name" : "LABELS",
          "value" : 
          [
            "D0.06"
          ]
        },
        {
          "name" : "TIMEOUT",
          "value" : 240.0
        },
        {
          "name" : "WORKING_DIRECTORY",
          "value" : "E:/VS2019Qt5.15/3D"
        }
      ]
    },
    {
      "backtrace" : 165,
      "command" : 
      [
        "C:/Users/xrx10/AppData/Local/Programs/Python/Python311/python.exe",
        "-X",
        "utf8",
        "E:/VS2019Qt5.15/3D/tools/testing/g0_cases.py",
        "--case",
        "test_runner.EvidenceTests.test_T23_evidence_runtime_duplicate_rejected"
      ],
      "config" : "Debug",
      "name" : "T23.evidence.runtime_duplicate_rejected",
      "properties" : 
      [
        {
          "name" : "ENVIRONMENT",
          "value" : 
          [
            "MSBUILDDISABLENODEREUSE=1"
          ]
        },
        {
          "name" : "LABELS",
          "value" : 
          [
            "D0.06"
          ]
        },
        {
          "name" : "TIMEOUT",
          "value" : 240.0
        },
        {
          "name" : "WORKING_DIRECTORY",
          "value" : "E:/VS2019Qt5.15/3D"
        }
      ]
    },
    {
      "backtrace" : 169,
      "command" : 
      [
        "C:/Users/xrx10/AppData/Local/Programs/Python/Python311/python.exe",
        "-X",
        "utf8",
        "E:/VS2019Qt5.15/3D/tools/testing/g0_cases.py",
        "--case",
        "test_runner.EvidenceTests.test_T23_evidence_stale_runtime_artifact_rejected"
      ],
      "config" : "Debug",
      "name" : "T23.evidence.stale_runtime_artifact_rejected",
      "properties" : 
      [
        {
          "name" : "ENVIRONMENT",
          "value" : 
          [
            "MSBUILDDISABLENODEREUSE=1"
          ]
        },
        {
          "name" : "LABELS",
          "value" : 
          [
            "D0.06"
          ]
        },
        {
          "name" : "TIMEOUT",
          "value" : 240.0
        },
        {
          "name" : "WORKING_DIRECTORY",
          "value" : "E:/VS2019Qt5.15/3D"
        }
      ]
    },
    {
      "backtrace" : 173,
      "command" : 
      [
        "C:/Users/xrx10/AppData/Local/Programs/Python/Python311/python.exe",
        "-X",
        "utf8",
        "E:/VS2019Qt5.15/3D/tools/testing/g0_cases.py",
        "--case",
        "test_runner.EvidenceTests.test_T23_evidence_gate_mixed_source_rejected"
      ],
      "config" : "Debug",
      "name" : "T23.evidence.gate_mixed_source_rejected",
      "properties" : 
      [
        {
          "name" : "ENVIRONMENT",
          "value" : 
          [
            "MSBUILDDISABLENODEREUSE=1"
          ]
        },
        {
          "name" : "LABELS",
          "value" : 
          [
            "D0.06"
          ]
        },
        {
          "name" : "TIMEOUT",
          "value" : 240.0
        },
        {
          "name" : "WORKING_DIRECTORY",
          "value" : "E:/VS2019Qt5.15/3D"
        }
      ]
    },
    {
      "backtrace" : 177,
      "command" : 
      [
        "C:/Users/xrx10/AppData/Local/Programs/Python/Python311/python.exe",
        "-X",
        "utf8",
        "E:/VS2019Qt5.15/3D/tools/testing/g0_cases.py",
        "--case",
        "test_runner.EvidenceTests.test_T23_evidence_source_directory_named_evidence"
      ],
      "config" : "Debug",
      "name" : "T23.evidence.source_directory_named_evidence",
      "properties" : 
      [
        {
          "name" : "ENVIRONMENT",
          "value" : 
          [
            "MSBUILDDISABLENODEREUSE=1"
          ]
        },
        {
          "name" : "LABELS",
          "value" : 
          [
            "D0.06"
          ]
        },
        {
          "name" : "TIMEOUT",
          "value" : 240.0
        },
        {
          "name" : "WORKING_DIRECTORY",
          "value" : "E:/VS2019Qt5.15/3D"
        }
      ]
    },
    {
      "backtrace" : 181,
      "command" : 
      [
        "C:/Users/xrx10/AppData/Local/Programs/Python/Python311/python.exe",
        "-X",
        "utf8",
        "E:/VS2019Qt5.15/3D/tools/testing/g0_cases.py",
        "--case",
        "test_runner.EvidenceTests.test_T23_evidence_collector_process_fingerprint"
      ],
      "config" : "Debug",
      "name" : "T23.evidence.collector_process_fingerprint",
      "properties" : 
      [
        {
          "name" : "ENVIRONMENT",
          "value" : 
          [
            "MSBUILDDISABLENODEREUSE=1"
          ]
        },
        {
          "name" : "LABELS",
          "value" : 
          [
            "D0.06"
          ]
        },
        {
          "name" : "TIMEOUT",
          "value" : 240.0
        },
        {
          "name" : "WORKING_DIRECTORY",
          "value" : "E:/VS2019Qt5.15/3D"
        }
      ]
    },
    {
      "backtrace" : 185,
      "command" : 
      [
        "C:/Users/xrx10/AppData/Local/Programs/Python/Python311/python.exe",
        "-X",
        "utf8",
        "E:/VS2019Qt5.15/3D/tools/testing/g0_cases.py",
        "--case",
        "test_runner.EvidenceTests.test_T23_evidence_schema_unknown_field"
      ],
      "config" : "Debug",
      "name" : "T23.evidence.schema_unknown_field",
      "properties" : 
      [
        {
          "name" : "ENVIRONMENT",
          "value" : 
          [
            "MSBUILDDISABLENODEREUSE=1"
          ]
        },
        {
          "name" : "LABELS",
          "value" : 
          [
            "D0.06"
          ]
        },
        {
          "name" : "TIMEOUT",
          "value" : 240.0
        },
        {
          "name" : "WORKING_DIRECTORY",
          "value" : "E:/VS2019Qt5.15/3D"
        }
      ]
    },
    {
      "backtrace" : 189,
      "command" : 
      [
        "C:/Users/xrx10/AppData/Local/Programs/Python/Python311/python.exe",
        "-X",
        "utf8",
        "E:/VS2019Qt5.15/3D/tools/testing/g0_cases.py",
        "--case",
        "test_runner.EvidenceTests.test_T23_evidence_forged_human_approval"
      ],
      "config" : "Debug",
      "name" : "T23.evidence.forged_human_approval",
      "properties" : 
      [
        {
          "name" : "ENVIRONMENT",
          "value" : 
          [
            "MSBUILDDISABLENODEREUSE=1"
          ]
        },
        {
          "name" : "LABELS",
          "value" : 
          [
            "D0.06"
          ]
        },
        {
          "name" : "TIMEOUT",
          "value" : 240.0
        },
        {
          "name" : "WORKING_DIRECTORY",
          "value" : "E:/VS2019Qt5.15/3D"
        }
      ]
    },
    {
      "backtrace" : 193,
      "command" : 
      [
        "C:/Users/xrx10/AppData/Local/Programs/Python/Python311/python.exe",
        "-X",
        "utf8",
        "E:/VS2019Qt5.15/3D/tools/testing/g0_cases.py",
        "--case",
        "test_bootstrap.ConformanceBootstrapTests.test_T19_conformance_common_contract"
      ],
      "config" : "Debug",
      "name" : "T19.conformance.common_contract",
      "properties" : 
      [
        {
          "name" : "ENVIRONMENT",
          "value" : 
          [
            "MSBUILDDISABLENODEREUSE=1"
          ]
        },
        {
          "name" : "LABELS",
          "value" : 
          [
            "D0.06"
          ]
        },
        {
          "name" : "TIMEOUT",
          "value" : 240.0
        },
        {
          "name" : "WORKING_DIRECTORY",
          "value" : "E:/VS2019Qt5.15/3D"
        }
      ]
    },
    {
      "backtrace" : 197,
      "command" : 
      [
        "C:/Users/xrx10/AppData/Local/Programs/Python/Python311/python.exe",
        "-X",
        "utf8",
        "E:/VS2019Qt5.15/3D/tools/testing/g0_cases.py",
        "--case",
        "test_bootstrap.ConformanceBootstrapTests.test_T19_conformance_fault_not_qualified"
      ],
      "config" : "Debug",
      "name" : "T19.conformance.fault_not_qualified",
      "properties" : 
      [
        {
          "name" : "ENVIRONMENT",
          "value" : 
          [
            "MSBUILDDISABLENODEREUSE=1"
          ]
        },
        {
          "name" : "LABELS",
          "value" : 
          [
            "D0.06"
          ]
        },
        {
          "name" : "TIMEOUT",
          "value" : 240.0
        },
        {
          "name" : "WORKING_DIRECTORY",
          "value" : "E:/VS2019Qt5.15/3D"
        }
      ]
    },
    {
      "backtrace" : 201,
      "command" : 
      [
        "C:/Users/xrx10/AppData/Local/Programs/Python/Python311/python.exe",
        "-X",
        "utf8",
        "E:/VS2019Qt5.15/3D/tools/testing/g0_cases.py",
        "--case",
        "test_bootstrap.ConformanceBootstrapTests.test_T19_conformance_optional_not_passed"
      ],
      "config" : "Debug",
      "name" : "T19.conformance.optional_not_passed",
      "properties" : 
      [
        {
          "name" : "ENVIRONMENT",
          "value" : 
          [
            "MSBUILDDISABLENODEREUSE=1"
          ]
        },
        {
          "name" : "LABELS",
          "value" : 
          [
            "D0.06"
          ]
        },
        {
          "name" : "TIMEOUT",
          "value" : 240.0
        },
        {
          "name" : "WORKING_DIRECTORY",
          "value" : "E:/VS2019Qt5.15/3D"
        }
      ]
    },
    {
      "backtrace" : 205,
      "command" : 
      [
        "C:/Users/xrx10/AppData/Local/Programs/Python/Python311/python.exe",
        "-X",
        "utf8",
        "E:/VS2019Qt5.15/3D/tools/testing/g0_cases.py",
        "--case",
        "test_bootstrap.ConformanceBootstrapTests.test_T19_conformance_profile_requires_capability"
      ],
      "config" : "Debug",
      "name" : "T19.conformance.profile_requires_capability",
      "properties" : 
      [
        {
          "name" : "ENVIRONMENT",
          "value" : 
          [
            "MSBUILDDISABLENODEREUSE=1"
          ]
        },
        {
          "name" : "LABELS",
          "value" : 
          [
            "D0.06"
          ]
        },
        {
          "name" : "TIMEOUT",
          "value" : 240.0
        },
        {
          "name" : "WORKING_DIRECTORY",
          "value" : "E:/VS2019Qt5.15/3D"
        }
      ]
    },
    {
      "backtrace" : 209,
      "command" : 
      [
        "C:/Users/xrx10/AppData/Local/Programs/Python/Python311/python.exe",
        "-X",
        "utf8",
        "E:/VS2019Qt5.15/3D/tools/testing/g0_cases.py",
        "--case",
        "test_bootstrap.ConformanceBootstrapTests.test_T19_conformance_common_cannot_be_waived"
      ],
      "config" : "Debug",
      "name" : "T19.conformance.common_cannot_be_waived",
      "properties" : 
      [
        {
          "name" : "ENVIRONMENT",
          "value" : 
          [
            "MSBUILDDISABLENODEREUSE=1"
          ]
        },
        {
          "name" : "LABELS",
          "value" : 
          [
            "D0.06"
          ]
        },
        {
          "name" : "TIMEOUT",
          "value" : 240.0
        },
        {
          "name" : "WORKING_DIRECTORY",
          "value" : "E:/VS2019Qt5.15/3D"
        }
      ]
    },
    {
      "backtrace" : 213,
      "command" : 
      [
        "C:/Users/xrx10/AppData/Local/Programs/Python/Python311/python.exe",
        "-X",
        "utf8",
        "E:/VS2019Qt5.15/3D/tools/testing/g0_cases.py",
        "--case",
        "test_bootstrap.ConformanceBootstrapTests.test_T19_conformance_missing_required_capability"
      ],
      "config" : "Debug",
      "name" : "T19.conformance.missing_required_capability",
      "properties" : 
      [
        {
          "name" : "ENVIRONMENT",
          "value" : 
          [
            "MSBUILDDISABLENODEREUSE=1"
          ]
        },
        {
          "name" : "LABELS",
          "value" : 
          [
            "D0.06"
          ]
        },
        {
          "name" : "TIMEOUT",
          "value" : 240.0
        },
        {
          "name" : "WORKING_DIRECTORY",
          "value" : "E:/VS2019Qt5.15/3D"
        }
      ]
    },
    {
      "backtrace" : 217,
      "command" : 
      [
        "C:/Users/xrx10/AppData/Local/Programs/Python/Python311/python.exe",
        "-X",
        "utf8",
        "E:/VS2019Qt5.15/3D/tools/testing/g0_cases.py",
        "--case",
        "test_bootstrap.ConformanceBootstrapTests.test_T19_conformance_false_capability"
      ],
      "config" : "Debug",
      "name" : "T19.conformance.false_capability",
      "properties" : 
      [
        {
          "name" : "ENVIRONMENT",
          "value" : 
          [
            "MSBUILDDISABLENODEREUSE=1"
          ]
        },
        {
          "name" : "LABELS",
          "value" : 
          [
            "D0.06"
          ]
        },
        {
          "name" : "TIMEOUT",
          "value" : 240.0
        },
        {
          "name" : "WORKING_DIRECTORY",
          "value" : "E:/VS2019Qt5.15/3D"
        }
      ]
    },
    {
      "backtrace" : 221,
      "command" : 
      [
        "C:/Users/xrx10/AppData/Local/Programs/Python/Python311/python.exe",
        "-X",
        "utf8",
        "E:/VS2019Qt5.15/3D/tools/testing/g0_cases.py",
        "--case",
        "test_bootstrap.ConformanceBootstrapTests.test_T19_conformance_wrong_contract_version"
      ],
      "config" : "Debug",
      "name" : "T19.conformance.wrong_contract_version",
      "properties" : 
      [
        {
          "name" : "ENVIRONMENT",
          "value" : 
          [
            "MSBUILDDISABLENODEREUSE=1"
          ]
        },
        {
          "name" : "LABELS",
          "value" : 
          [
            "D0.06"
          ]
        },
        {
          "name" : "TIMEOUT",
          "value" : 240.0
        },
        {
          "name" : "WORKING_DIRECTORY",
          "value" : "E:/VS2019Qt5.15/3D"
        }
      ]
    },
    {
      "backtrace" : 225,
      "command" : 
      [
        "C:/Users/xrx10/AppData/Local/Programs/Python/Python311/python.exe",
        "-X",
        "utf8",
        "E:/VS2019Qt5.15/3D/tools/testing/g0_cases.py",
        "--case",
        "test_bootstrap.ConformanceBootstrapTests.test_T19_conformance_wrong_implementation_digest"
      ],
      "config" : "Debug",
      "name" : "T19.conformance.wrong_implementation_digest",
      "properties" : 
      [
        {
          "name" : "ENVIRONMENT",
          "value" : 
          [
            "MSBUILDDISABLENODEREUSE=1"
          ]
        },
        {
          "name" : "LABELS",
          "value" : 
          [
            "D0.06"
          ]
        },
        {
          "name" : "TIMEOUT",
          "value" : 240.0
        },
        {
          "name" : "WORKING_DIRECTORY",
          "value" : "E:/VS2019Qt5.15/3D"
        }
      ]
    },
    {
      "backtrace" : 229,
      "command" : 
      [
        "C:/Users/xrx10/AppData/Local/Programs/Python/Python311/python.exe",
        "-X",
        "utf8",
        "E:/VS2019Qt5.15/3D/tools/testing/g0_cases.py",
        "--case",
        "test_bootstrap.ConformanceBootstrapTests.test_T19_conformance_factory_identity"
      ],
      "config" : "Debug",
      "name" : "T19.conformance.factory_identity",
      "properties" : 
      [
        {
          "name" : "ENVIRONMENT",
          "value" : 
          [
            "MSBUILDDISABLENODEREUSE=1"
          ]
        },
        {
          "name" : "LABELS",
          "value" : 
          [
            "D0.06"
          ]
        },
        {
          "name" : "TIMEOUT",
          "value" : 240.0
        },
        {
          "name" : "WORKING_DIRECTORY",
          "value" : "E:/VS2019Qt5.15/3D"
        }
      ]
    },
    {
      "backtrace" : 233,
      "command" : 
      [
        "C:/Users/xrx10/AppData/Local/Programs/Python/Python311/python.exe",
        "-X",
        "utf8",
        "E:/VS2019Qt5.15/3D/tools/testing/g0_cases.py",
        "--case",
        "test_bootstrap.ConformanceBootstrapTests.test_T19_conformance_backend_exception"
      ],
      "config" : "Debug",
      "name" : "T19.conformance.backend_exception",
      "properties" : 
      [
        {
          "name" : "ENVIRONMENT",
          "value" : 
          [
            "MSBUILDDISABLENODEREUSE=1"
          ]
        },
        {
          "name" : "LABELS",
          "value" : 
          [
            "D0.06"
          ]
        },
        {
          "name" : "TIMEOUT",
          "value" : 240.0
        },
        {
          "name" : "WORKING_DIRECTORY",
          "value" : "E:/VS2019Qt5.15/3D"
        }
      ]
    },
    {
      "backtrace" : 237,
      "command" : 
      [
        "C:/Users/xrx10/AppData/Local/Programs/Python/Python311/python.exe",
        "-X",
        "utf8",
        "E:/VS2019Qt5.15/3D/tools/testing/g0_cases.py",
        "--case",
        "test_bootstrap.ConformanceBootstrapTests.test_T19_conformance_nested_worker_rejection"
      ],
      "config" : "Debug",
      "name" : "T19.conformance.nested_worker_rejection",
      "properties" : 
      [
        {
          "name" : "ENVIRONMENT",
          "value" : 
          [
            "MSBUILDDISABLENODEREUSE=1"
          ]
        },
        {
          "name" : "LABELS",
          "value" : 
          [
            "D0.06"
          ]
        },
        {
          "name" : "TIMEOUT",
          "value" : 240.0
        },
        {
          "name" : "WORKING_DIRECTORY",
          "value" : "E:/VS2019Qt5.15/3D"
        }
      ]
    },
    {
      "backtrace" : 241,
      "command" : 
      [
        "C:/Users/xrx10/AppData/Local/Programs/Python/Python311/python.exe",
        "-X",
        "utf8",
        "E:/VS2019Qt5.15/3D/tools/testing/g0_cases.py",
        "--case",
        "test_bootstrap.ConformanceBootstrapTests.test_T19_conformance_fault_flag_not_qualification"
      ],
      "config" : "Debug",
      "name" : "T19.conformance.fault_flag_not_qualification",
      "properties" : 
      [
        {
          "name" : "ENVIRONMENT",
          "value" : 
          [
            "MSBUILDDISABLENODEREUSE=1"
          ]
        },
        {
          "name" : "LABELS",
          "value" : 
          [
            "D0.06"
          ]
        },
        {
          "name" : "TIMEOUT",
          "value" : 240.0
        },
        {
          "name" : "WORKING_DIRECTORY",
          "value" : "E:/VS2019Qt5.15/3D"
        }
      ]
    }
  ],
  "version" : 
  {
    "major" : 1,
    "minor" : 0
  }
}