Preset CMake variables:

  BUILD_TESTING="ON"
  CMAKE_CXX_EXTENSIONS="OFF"
  CMAKE_CXX_STANDARD="20"
  CMAKE_CXX_STANDARD_REQUIRED="ON"
  CMAKE_MSVC_DEBUG_INFORMATION_FORMAT="Embedded"
  CMAKE_SYSTEM_VERSION="10.0.26100.0"
  OCK_BUILD_DEPENDENCY_PROBES="ON"
  OCK_BUILD_G0_TESTS="ON"
  OCK_DEPENDENCY_CACHE="E:/VS2019Qt5.15/3D/build/d0.06-a/cache"

Preset environment variables:

  MSBUILDDISABLENODEREUSE="1"

-- The CXX compiler identification is MSVC 19.44.35228.0
-- Detecting CXX compiler ABI info
-- Detecting CXX compiler ABI info - done
-- Check for working CXX compiler: F:/VS2022/VS2022/VC/Tools/MSVC/14.44.35207/bin/Hostx64/x64/cl.exe - skipped
-- Detecting CXX compile features
-- Detecting CXX compile features - done
-- Found Python3: C:/Users/xrx10/AppData/Local/Programs/Python/Python311/python.exe (found suitable version "3.11.9", minimum required is "3.11") found components: Interpreter
-- The C compiler identification is MSVC 19.44.35228.0
-- Detecting C compiler ABI info
-- Detecting C compiler ABI info - done
-- Check for working C compiler: F:/VS2022/VS2022/VC/Tools/MSVC/14.44.35207/bin/Hostx64/x64/cl.exe - skipped
-- Detecting C compile features
-- Detecting C compile features - done
-- {fmt} version: 11.1.4
-- Build type: 
-- Build spdlog: 1.15.1
-- Performing Test CMAKE_HAVE_LIBC_PTHREAD
-- Performing Test CMAKE_HAVE_LIBC_PTHREAD - Failed
-- Looking for pthread_create in pthreads
-- Looking for pthread_create in pthreads - not found
-- Looking for pthread_create in pthread
-- Looking for pthread_create in pthread - not found
-- Found Threads: TRUE
-- Build type: 
-- Looking for _fwrite_nolock
-- Looking for _fwrite_nolock - found
-- Found Git: G:/AI/Git/cmd/git.exe (found version "2.55.0.windows.3")
-- Google Benchmark version: v1.9.1, normalized to 1.9.1
-- Looking for shm_open in rt
-- Looking for shm_open in rt - not found
-- Compiling and running to test HAVE_STD_REGEX
-- Performing Test HAVE_STD_REGEX -- success
-- Compiling and running to test HAVE_GNU_POSIX_REGEX
-- Performing Test HAVE_GNU_POSIX_REGEX -- failed to compile
-- Compiling and running to test HAVE_POSIX_REGEX
-- Performing Test HAVE_POSIX_REGEX -- failed to compile
-- Compiling and running to test HAVE_STEADY_CLOCK
-- Performing Test HAVE_STEADY_CLOCK -- success
-- Compiling and running to test HAVE_PTHREAD_AFFINITY
-- Performing Test HAVE_PTHREAD_AFFINITY -- failed to compile
-- Configuring done (107.3s)
-- Generating done (1.4s)
-- Build files have been written to: E:/VS2019Qt5.15/3D/build/win-msvc-debug
