Microsoft (R) COFF/PE Dumper Version 14.44.35216.0
Copyright (C) Microsoft Corporation.  All rights reserved.


Dump of file J:\Code\Kernel_v2\build\footprint-calibrate-1953d0fc829b\Debug\footprint_calibration.exe

File Type: EXECUTABLE IMAGE

  Section contains the following imports:

    footprint_required.dll
             140014358 Import Address Table
             1400149B0 Import Name Table
                     0 time date stamp
                     0 Index of first forwarder reference

                           0 footprint_required_value

    KERNEL32.dll
             140014000 Import Address Table
             140014658 Import Name Table
                     0 time date stamp
                     0 Index of first forwarder reference

                         3B0 IsDebuggerPresent
                         2DD GetProcAddress
                          9D CloseHandle
                         481 QueryPerformanceCounter
                         482 QueryPerformanceFrequency
                         55C SetEvent
                         625 WaitForSingleObject
                          D9 CreateEventW
                         5C8 Sleep
                         242 GetCurrentProcessId
                         614 VirtualAlloc
                         617 VirtualFree
                         412 MapViewOfFile
                         5FE UnmapViewOfFile
                         511 RtlLookupFunctionEntry
                         518 RtlVirtualUnwind
                         5FB UnhandledExceptionFilter
                         5B8 SetUnhandledExceptionFilter
                         241 GetCurrentProcess
                         5D8 TerminateProcess
                         3B8 IsProcessorFeaturePresent
                         246 GetCurrentThreadId
                         31A GetSystemTimeAsFileTime
                         498 RaiseException
                         39A InitializeSListHead
                         301 GetStartupInfoW
                         2A5 GetModuleHandleW
                         509 RtlCaptureContext
                         28D GetLastError
                         37C HeapAlloc
                         380 HeapFree
                         2E4 GetProcessHeap
                         61C VirtualQuery
                         423 MultiByteToWideChar
                         64C WideCharToMultiByte
                         1D4 FreeLibrary

    MSVCP140D.dll
             1400141B0 Import Address Table
             140014808 Import Name Table
                     0 time date stamp
                     0 Index of first forwarder reference

                         5BC _Thrd_id
                         556 _Cnd_do_broadcast_at_thread_exit
                         27D ?_Throw_Cpp_error@std@@YAXH@Z
                         5BD _Thrd_join

    VCRUNTIME140D.dll
             140014228 Import Address Table
             140014880 Import Name Table
                     0 time date stamp
                     0 Index of first forwarder reference

                          3B memcmp
                          1B __current_exception
                          22 __std_exception_destroy
                          21 __std_exception_copy
                           8 __C_specific_handler
                           9 __C_specific_handler_noexcept
                          1C __current_exception_context
                          2E __vcrt_GetModuleFileNameW
                          2F __vcrt_GetModuleHandleW
                           1 _CxxThrowException
                          31 __vcrt_LoadLibraryExW
                          25 __std_type_info_destroy_list
                          3C memcpy

    VCRUNTIME140_1D.dll
             1400142F8 Import Address Table
             140014950 Import Name Table
                     0 time date stamp
                     0 Index of first forwarder reference

                           0 __CxxFrameHandler4

    ucrtbased.dll
             1400143B8 Import Address Table
             140014A10 Import Name Table
                     0 time date stamp
                     0 Index of first forwarder reference

                          49 __p___argc
                          4A __p___argv
                          A4 _cexit
                          9F _c_exit
                         2B6 _register_thread_local_exe_atexit_callback
                          B5 _configthreadlocale
                         2CE _set_new_mode
                          4D __p__commode
                         11D _free_dbg
                         52C strcpy_s
                         528 strcat_s
                          68 __stdio_common_vsprintf_s
                         2C2 _seh_filter_dll
                         172 _initialize_onexit_table
                         2B5 _register_onexit_function
                          E5 _execute_onexit_table
                          C2 _crt_atexit
                          C1 _crt_at_quick_exit
                         39C _wmakepath_s
                         3B8 _wsplitpath_s
                         564 wcscpy_s
                         2CB _set_fmode
                          EA _exit
                         450 exit
                         175 _initterm_e
                         174 _initterm
                         13D _get_initial_narrow_environment
                          B6 _configure_narrow_argv
                          5B __setusermatherr
                         2C6 _set_app_type
                         2C3 _seh_filter_exe
                           5 _CrtDbgReportW
                         4D8 malloc
                          A1 _callnewh
                         531 strlen
                          9B _beginthreadex
                         2D4 _setmode
                         54B terminate
                         48B fwrite
                         105 _fileno
                          35 __acrt_iob_func
                         543 strtoull
                         542 strtoul
                           4 _CrtDbgReport
                         179 _invoke_watson
                         171 _initialize_narrow_environment

  Summary

        1000 .00cfg
        1000 .data
        2000 .idata
        1000 .pdata
        5000 .rdata
        1000 .reloc
        1000 .rsrc
        C000 .text
