CMake is re-running because J:/Code/Kernel_v2/build/b2-data-asan/CMakeFiles/generate.stamp is out-of-date.
  the file 'J:/Code/Kernel_v2/tests/unit/data/CMakeLists.txt'
  is newer than 'J:/Code/Kernel_v2/build/b2-data-asan/CMakeFiles/generate.stamp.depend'
  result='-1'
-- Configuring done (1.6s)
-- Generating done (0.1s)
-- Build files have been written to: J:/Code/Kernel_v2/build/b2-data-asan
适用于 .NET Framework MSBuild 版本 17.14.23+b0019275e

  ock_data_contract.vcxproj -> J:\Code\Kernel_v2\build\b2-data-asan\Debug\ock_data_contract.lib
  schema.cpp
  ock_binding_contract.vcxproj -> J:\Code\Kernel_v2\build\b2-data-asan\Debug\ock_binding_contract.lib
  outcome_wire.cpp
  ock_protocol_contract.vcxproj -> J:\Code\Kernel_v2\build\b2-data-asan\Debug\ock_protocol_contract.lib
  Building Custom Rule J:/Code/Kernel_v2/tests/unit/data/CMakeLists.txt
  outcome.cpp
  outcome_wire_contract.vcxproj -> J:\Code\Kernel_v2\build\b2-data-asan\Debug\outcome_wire_contract.exe
适用于 .NET Framework MSBuild 版本 17.14.23+b0019275e

  ock_data_contract.vcxproj -> J:\Code\Kernel_v2\build\b2-data-asan\Debug\ock_data_contract.lib
  ock_binding_contract.vcxproj -> J:\Code\Kernel_v2\build\b2-data-asan\Debug\ock_binding_contract.lib
  schema.cpp
  schema_contract.vcxproj -> J:\Code\Kernel_v2\build\b2-data-asan\Debug\schema_contract.exe
