CMake is re-running because J:/Code/Kernel_v2/build/b4-asan/CMakeFiles/generate.stamp is out-of-date.
  the file 'J:/Code/Kernel_v2/cmake/TargetDependencies.cmake'
  is newer than 'J:/Code/Kernel_v2/build/b4-asan/CMakeFiles/generate.stamp.depend'
  result='-1'
-- Configuring done (2.2s)
-- Generating done (0.3s)
-- Build files have been written to: J:/Code/Kernel_v2/build/b4-asan
适用于 .NET Framework MSBuild 版本 17.14.23+b0019275e

  1>Checking Build System
  Building Custom Rule J:/Code/Kernel_v2/CMakeLists.txt
  Building Custom Rule J:/Code/Kernel_v2/CMakeLists.txt
  executor.cpp
  registry.cpp
  policy.cpp
  ock_Adapter_CpuPool.vcxproj -> J:\Code\Kernel_v2\build\b4-asan\RelWithDebInfo\ock_Adapter_CpuPool.lib
  invocation.cpp
  host.cpp
  scheduler.cpp
  resources.cpp
  resource_wait_binding.cpp
  logging.cpp
  正在生成代码...
  ock_Runtime.vcxproj -> J:\Code\Kernel_v2\build\b4-asan\RelWithDebInfo\ock_Runtime.lib
  Building Custom Rule J:/Code/Kernel_v2/tests/contract/resources/CMakeLists.txt
  contract.cpp
  ock_resources_contract.vcxproj -> J:\Code\Kernel_v2\build\b4-asan\tests\contract\resources\RelWithDebInfo\ock_resources_contract.exe
适用于 .NET Framework MSBuild 版本 17.14.23+b0019275e

  ock_Adapter_CpuPool.vcxproj -> J:\Code\Kernel_v2\build\b4-asan\RelWithDebInfo\ock_Adapter_CpuPool.lib
  ock_Runtime.vcxproj -> J:\Code\Kernel_v2\build\b4-asan\RelWithDebInfo\ock_Runtime.lib
  Building Custom Rule J:/Code/Kernel_v2/tests/unit/scheduler/CMakeLists.txt
  contract.cpp
  ock_scheduler_contract.vcxproj -> J:\Code\Kernel_v2\build\b4-asan\tests\unit\scheduler\RelWithDebInfo\ock_scheduler_contract.exe
