Internal ctest changing into directory: E:/VS2019Qt5.15/3D/build/d0.06-a/empty-release
Test project E:/VS2019Qt5.15/3D/build/d0.06-a/empty-release
      Start  1: T01.dependencies.asio
 1/15 Test  #1: T01.dependencies.asio .....................   Passed    0.15 sec
      Start  2: T01.dependencies.benchmark
 2/15 Test  #2: T01.dependencies.benchmark ................   Passed    0.12 sec
      Start  3: T01.dependencies.catch2
 3/15 Test  #3: T01.dependencies.catch2 ...................   Passed    0.17 sec
      Start  4: T01.dependencies.cli11
 4/15 Test  #4: T01.dependencies.cli11 ....................   Passed    0.15 sec
      Start  5: T01.dependencies.expected
 5/15 Test  #5: T01.dependencies.expected .................   Passed    0.17 sec
      Start  6: T01.dependencies.fmt
 6/15 Test  #6: T01.dependencies.fmt ......................   Passed    0.14 sec
      Start  7: T01.dependencies.immer
 7/15 Test  #7: T01.dependencies.immer ....................   Passed    0.16 sec
      Start  8: T01.dependencies.jsoncons
 8/15 Test  #8: T01.dependencies.jsoncons .................   Passed    0.26 sec
      Start  9: T01.dependencies.spdlog
 9/15 Test  #9: T01.dependencies.spdlog ...................   Passed    0.17 sec
      Start 10: T01.dependencies.sqlite
10/15 Test #10: T01.dependencies.sqlite ...................   Passed    0.43 sec
      Start 11: T01.dependencies.thread_pool
11/15 Test #11: T01.dependencies.thread_pool ..............   Passed    0.27 sec
      Start 12: T01.dependencies.toml11
12/15 Test #12: T01.dependencies.toml11 ...................   Passed    0.21 sec
      Start 13: T01.dependencies.toolchain
13/15 Test #13: T01.dependencies.toolchain ................   Passed    0.17 sec
      Start 14: T01.dependencies.lock_contracts
14/15 Test #14: T01.dependencies.lock_contracts ...........   Passed    1.08 sec
      Start 15: T01.dependencies.catch2_assertion_guard
15/15 Test #15: T01.dependencies.catch2_assertion_guard ...   Passed    0.34 sec

100% tests passed, 0 tests failed out of 15

Label Time Summary:
D0.06-a    =   3.99 sec*proc (15 tests)

Total Test time (real) =   4.06 sec
