Microsoft (R) COFF/PE Dumper Version 14.44.35216.0
Copyright (C) Microsoft Corporation.  All rights reserved.


Dump of file J:\Code\Kernel_v2\build\footprint-e9273d623d3b42d99659b4b9d05471de\Release\footprint_baseline.exe

File Type: EXECUTABLE IMAGE

  Section contains the following imports:

    KERNEL32.dll
             140006000 Import Address Table
             1400077F0 Import Name Table
                     0 time date stamp
                     0 Index of first forwarder reference

                          9D CloseHandle
                         481 QueryPerformanceCounter
                         55C SetEvent
                         625 WaitForSingleObject
                         242 GetCurrentProcessId
                         412 MapViewOfFile
                         5FE UnmapViewOfFile
                         511 RtlLookupFunctionEntry
                         518 RtlVirtualUnwind
                         5FB UnhandledExceptionFilter
                         5B8 SetUnhandledExceptionFilter
                         2A5 GetModuleHandleW
                         241 GetCurrentProcess
                         5D8 TerminateProcess
                         3B8 IsProcessorFeaturePresent
                         509 RtlCaptureContext
                         246 GetCurrentThreadId
                         31A GetSystemTimeAsFileTime
                         3B0 IsDebuggerPresent
                         39A InitializeSListHead

    VCRUNTIME140.dll
             1400060A8 Import Address Table
             140007898 Import Name Table
                     0 time date stamp
                     0 Index of first forwarder reference

                          1B __current_exception
                           8 __C_specific_handler
                          3E memset
                          3B memcmp
                           1 _CxxThrowException
                          22 __std_exception_destroy
                          21 __std_exception_copy
                          1C __current_exception_context
                          3C memcpy

    VCRUNTIME140_1.dll
             1400060F8 Import Address Table
             1400078E8 Import Name Table
                     0 time date stamp
                     0 Index of first forwarder reference

                           0 __CxxFrameHandler4

    api-ms-win-crt-heap-l1-1-0.dll
             140006118 Import Address Table
             140007908 Import Name Table
                     0 time date stamp
                     0 Index of first forwarder reference

                          19 malloc
                           0 _aligned_free
                          17 calloc
                          1A realloc
                           1 _aligned_malloc
                           2 _aligned_msize
                          16 _set_new_mode
                          18 free
                          11 _msize

    api-ms-win-crt-convert-l1-1-0.dll
             140006108 Import Address Table
             1400078F8 Import Name Table
                     0 time date stamp
                     0 Index of first forwarder reference

                          65 strtoull

    api-ms-win-crt-stdio-l1-1-0.dll
             140006228 Import Address Table
             140007A18 Import Name Table
                     0 time date stamp
                     0 Index of first forwarder reference

                           3 __stdio_common_vfprintf
                          93 puts
                          92 putchar
                           0 __acrt_iob_func
                          54 _set_fmode
                           1 __p__commode

    api-ms-win-crt-string-l1-1-0.dll
             140006260 Import Address Table
             140007A50 Import Name Table
                     0 time date stamp
                     0 Index of first forwarder reference

                          8B strlen

    api-ms-win-crt-runtime-l1-1-0.dll
             140006188 Import Address Table
             140007978 Import Name Table
                     0 time date stamp
                     0 Index of first forwarder reference

                          16 _cexit
                          55 exit
                          37 _initterm_e
                          34 _initialize_onexit_table
                           5 __p___argv
                          3D _register_thread_local_exe_atexit_callback
                          1E _crt_atexit
                          67 terminate
                           4 __p___argc
                          28 _get_initial_narrow_environment
                          33 _initialize_narrow_environment
                          18 _configure_narrow_argv
                          15 _c_exit
                          3C _register_onexit_function
                          42 _set_app_type
                          40 _seh_filter_exe
                          54 abort
                          23 _exit
                          36 _initterm

    api-ms-win-crt-math-l1-1-0.dll
             140006178 Import Address Table
             140007968 Import Name Table
                     0 time date stamp
                     0 Index of first forwarder reference

                           9 __setusermatherr

    api-ms-win-crt-locale-l1-1-0.dll
             140006168 Import Address Table
             140007958 Import Name Table
                     0 time date stamp
                     0 Index of first forwarder reference

                           8 _configthreadlocale

  Summary

        1000 .data
        1000 .pdata
        3000 .rdata
        1000 .reloc
        1000 .rsrc
        5000 .text
