Microsoft (R) COFF/PE Dumper Version 14.44.35216.0
Copyright (C) Microsoft Corporation.  All rights reserved.


Dump of file J:\Code\Kernel_v2\build\footprint-e9273d623d3b42d99659b4b9d05471de\Release\footprint_native.exe

File Type: EXECUTABLE IMAGE

  Section contains the following imports:

    bcrypt.dll
             14003F308 Import Address Table
             14004CC00 Import Name Table
                     0 time date stamp
                     0 Index of first forwarder reference

                          1F BCryptGenRandom

    KERNEL32.dll
             14003F000 Import Address Table
             14004C8F8 Import Name Table
                     0 time date stamp
                     0 Index of first forwarder reference

                         39A InitializeSListHead
                         31A GetSystemTimeAsFileTime
                          9D CloseHandle
                         481 QueryPerformanceCounter
                         55C SetEvent
                         625 WaitForSingleObject
                         242 GetCurrentProcessId
                         412 MapViewOfFile
                         5FE UnmapViewOfFile
                         518 RtlVirtualUnwind
                         509 RtlCaptureContext
                         62D WakeAllConditionVariable
                         3B0 IsDebuggerPresent
                         5FB UnhandledExceptionFilter
                         5B8 SetUnhandledExceptionFilter
                         3B8 IsProcessorFeaturePresent
                         2A5 GetModuleHandleW
                         33D GetTickCount64
                         241 GetCurrentProcess
                         246 GetCurrentThreadId
                         5CA SleepConditionVariableSRW
                         5D8 TerminateProcess
                           0 AcquireSRWLockExclusive
                         511 RtlLookupFunctionEntry
                         4EA ReleaseSRWLockExclusive

    MSVCP140.dll
             14003F0D0 Import Address Table
             14004C9C8 Import Name Table
                     0 time date stamp
                     0 Index of first forwarder reference

                         28E ?_Xlength_error@std@@YAXPEBD@Z
                         590 _Query_perf_counter
                         591 _Query_perf_frequency
                         5B4 _Thrd_id
                         585 _Mtx_lock
                         588 _Mtx_trylock
                         589 _Mtx_unlock
                         275 ?_Throw_Cpp_error@std@@YAXH@Z
                         54B _Cnd_broadcast

    VCRUNTIME140.dll
             14003F120 Import Address Table
             14004CA18 Import Name Table
                     0 time date stamp
                     0 Index of first forwarder reference

                          23 __std_terminate
                          21 __std_exception_copy
                          22 __std_exception_destroy
                           8 __C_specific_handler
                          1C __current_exception_context
                          1B __current_exception
                          18 __RTDynamicCast
                          3E memset
                          3D memmove
                          3C memcpy
                           1 _CxxThrowException
                          3B memcmp

    VCRUNTIME140_1.dll
             14003F188 Import Address Table
             14004CA80 Import Name Table
                     0 time date stamp
                     0 Index of first forwarder reference

                           0 __CxxFrameHandler4

    api-ms-win-crt-runtime-l1-1-0.dll
             14003F218 Import Address Table
             14004CB10 Import Name Table
                     0 time date stamp
                     0 Index of first forwarder reference

                          15 _c_exit
                          3D _register_thread_local_exe_atexit_callback
                           4 __p___argc
                          3A _invoke_watson
                          54 abort
                          67 terminate
                          23 _exit
                          36 _initterm
                          18 _configure_narrow_argv
                           5 __p___argv
                          37 _initterm_e
                          28 _get_initial_narrow_environment
                          55 exit
                          42 _set_app_type
                          40 _seh_filter_exe
                          16 _cexit
                          1E _crt_atexit
                          3C _register_onexit_function
                          34 _initialize_onexit_table
                          33 _initialize_narrow_environment

    api-ms-win-crt-heap-l1-1-0.dll
             14003F1A8 Import Address Table
             14004CAA0 Import Name Table
                     0 time date stamp
                     0 Index of first forwarder reference

                           0 _aligned_free
                          18 free
                          17 calloc
                           1 _aligned_malloc
                          11 _msize
                          19 malloc
                          1A realloc
                           2 _aligned_msize
                          16 _set_new_mode

    api-ms-win-crt-convert-l1-1-0.dll
             14003F198 Import Address Table
             14004CA90 Import Name Table
                     0 time date stamp
                     0 Index of first forwarder reference

                          65 strtoull

    api-ms-win-crt-stdio-l1-1-0.dll
             14003F2C0 Import Address Table
             14004CBB8 Import Name Table
                     0 time date stamp
                     0 Index of first forwarder reference

                           1 __p__commode
                          93 puts
                           0 __acrt_iob_func
                          92 putchar
                           3 __stdio_common_vfprintf
                          54 _set_fmode

    api-ms-win-crt-string-l1-1-0.dll
             14003F2F8 Import Address Table
             14004CBF0 Import Name Table
                     0 time date stamp
                     0 Index of first forwarder reference

                          8B strlen

    api-ms-win-crt-math-l1-1-0.dll
             14003F208 Import Address Table
             14004CB00 Import Name Table
                     0 time date stamp
                     0 Index of first forwarder reference

                           9 __setusermatherr

    api-ms-win-crt-locale-l1-1-0.dll
             14003F1F8 Import Address Table
             14004CAF0 Import Name Table
                     0 time date stamp
                     0 Index of first forwarder reference

                           8 _configthreadlocale

  Summary

        3000 .data
        4000 .pdata
        F000 .rdata
        1000 .reloc
        1000 .rsrc
       3E000 .text
