CMake is re-running because J:/Code/Kernel_v2/build/b2-data-debug/CMakeFiles/generate.stamp is out-of-date.
  the file 'J:/Code/Kernel_v2/tests/unit/data/CMakeLists.txt'
  is newer than 'J:/Code/Kernel_v2/build/b2-data-debug/CMakeFiles/generate.stamp.depend'
  result='-1'
-- Selecting Windows SDK version 10.0.26100.0 to target Windows 10.
-- Configuring done (1.5s)
-- Generating done (0.0s)
-- Build files have been written to: J:/Code/Kernel_v2/build/b2-data-debug
适用于 .NET Framework MSBuild 版本 17.14.23+b0019275e

  payload.cpp
  ock_data_contract.vcxproj -> J:\Code\Kernel_v2\build\b2-data-debug\Debug\ock_data_contract.lib
  payload.cpp
J:\Code\Kernel_v2\tests\unit\data\payload.cpp(70,56): error C2628: “ock::data::PayloadBuilder”后面接“char”是非法的(是否忘记了“;”?) [J:\Code\Kernel_v2\build\b2-data-debug\payload_contract.vcxproj]
J:\Code\Kernel_v2\tests\unit\data\payload.cpp(70,62): error C2371: “tiny”: 重定义；不同的基类型 [J:\Code\Kernel_v2\build\b2-data-debug\payload_contract.vcxproj]
      J:\Code\Kernel_v2\tests\unit\data\payload.cpp(70,12):
      参见“tiny”的声明
  
J:\Code\Kernel_v2\tests\unit\data\payload.cpp(70,68): error C2062: 意外的类型“char”  [J:\Code\Kernel_v2\build\b2-data-debug\payload_contract.vcxproj]
J:\Code\Kernel_v2\tests\unit\data\payload.cpp(70,68): error C2143: 语法错误: 缺少“;”(在“{”的前面) [J:\Code\Kernel_v2\build\b2-data-debug\payload_contract.vcxproj]
J:\Code\Kernel_v2\tests\unit\data\payload.cpp(70,89): error C2062: 意外的类型“char”  [J:\Code\Kernel_v2\build\b2-data-debug\payload_contract.vcxproj]
J:\Code\Kernel_v2\tests\unit\data\payload.cpp(70,89): error C2059: 语法错误:“}” [J:\Code\Kernel_v2\build\b2-data-debug\payload_contract.vcxproj]
J:\Code\Kernel_v2\tests\unit\data\payload.cpp(71,5): error C2059: 语法错误:“else” [J:\Code\Kernel_v2\build\b2-data-debug\payload_contract.vcxproj]
J:\Code\Kernel_v2\tests\unit\data\payload.cpp(71,42): error C2143: 语法错误: 缺少“;”(在“{”的前面) [J:\Code\Kernel_v2\build\b2-data-debug\payload_contract.vcxproj]
J:\Code\Kernel_v2\tests\unit\data\payload.cpp(71,42): error C2447: “{”: 缺少函数标题(是否是老式的形式表?) [J:\Code\Kernel_v2\build\b2-data-debug\payload_contract.vcxproj]
J:\Code\Kernel_v2\tests\unit\data\payload.cpp(79,5): error C2059: 语法错误:“else” [J:\Code\Kernel_v2\build\b2-data-debug\payload_contract.vcxproj]
J:\Code\Kernel_v2\tests\unit\data\payload.cpp(79,32): error C2143: 语法错误: 缺少“;”(在“{”的前面) [J:\Code\Kernel_v2\build\b2-data-debug\payload_contract.vcxproj]
J:\Code\Kernel_v2\tests\unit\data\payload.cpp(79,32): error C2447: “{”: 缺少函数标题(是否是老式的形式表?) [J:\Code\Kernel_v2\build\b2-data-debug\payload_contract.vcxproj]
J:\Code\Kernel_v2\tests\unit\data\payload.cpp(84,5): error C2059: 语法错误:“else” [J:\Code\Kernel_v2\build\b2-data-debug\payload_contract.vcxproj]
J:\Code\Kernel_v2\tests\unit\data\payload.cpp(84,38): error C2143: 语法错误: 缺少“;”(在“{”的前面) [J:\Code\Kernel_v2\build\b2-data-debug\payload_contract.vcxproj]
J:\Code\Kernel_v2\tests\unit\data\payload.cpp(84,38): error C2447: “{”: 缺少函数标题(是否是老式的形式表?) [J:\Code\Kernel_v2\build\b2-data-debug\payload_contract.vcxproj]
J:\Code\Kernel_v2\tests\unit\data\payload.cpp(87,5): error C2059: 语法错误:“else” [J:\Code\Kernel_v2\build\b2-data-debug\payload_contract.vcxproj]
J:\Code\Kernel_v2\tests\unit\data\payload.cpp(87,29): error C2143: 语法错误: 缺少“;”(在“{”的前面) [J:\Code\Kernel_v2\build\b2-data-debug\payload_contract.vcxproj]
J:\Code\Kernel_v2\tests\unit\data\payload.cpp(87,29): error C2447: “{”: 缺少函数标题(是否是老式的形式表?) [J:\Code\Kernel_v2\build\b2-data-debug\payload_contract.vcxproj]
J:\Code\Kernel_v2\tests\unit\data\payload.cpp(89,5): error C2059: 语法错误:“else” [J:\Code\Kernel_v2\build\b2-data-debug\payload_contract.vcxproj]
J:\Code\Kernel_v2\tests\unit\data\payload.cpp(89,33): error C2143: 语法错误: 缺少“;”(在“{”的前面) [J:\Code\Kernel_v2\build\b2-data-debug\payload_contract.vcxproj]
J:\Code\Kernel_v2\tests\unit\data\payload.cpp(89,33): error C2447: “{”: 缺少函数标题(是否是老式的形式表?) [J:\Code\Kernel_v2\build\b2-data-debug\payload_contract.vcxproj]
J:\Code\Kernel_v2\tests\unit\data\payload.cpp(91,5): error C2059: 语法错误:“else” [J:\Code\Kernel_v2\build\b2-data-debug\payload_contract.vcxproj]
J:\Code\Kernel_v2\tests\unit\data\payload.cpp(91,29): error C2143: 语法错误: 缺少“;”(在“{”的前面) [J:\Code\Kernel_v2\build\b2-data-debug\payload_contract.vcxproj]
J:\Code\Kernel_v2\tests\unit\data\payload.cpp(91,29): error C2447: “{”: 缺少函数标题(是否是老式的形式表?) [J:\Code\Kernel_v2\build\b2-data-debug\payload_contract.vcxproj]
J:\Code\Kernel_v2\tests\unit\data\payload.cpp(93,5): error C2059: 语法错误:“else” [J:\Code\Kernel_v2\build\b2-data-debug\payload_contract.vcxproj]
J:\Code\Kernel_v2\tests\unit\data\payload.cpp(94,3): error C2059: 语法错误:“return” [J:\Code\Kernel_v2\build\b2-data-debug\payload_contract.vcxproj]
J:\Code\Kernel_v2\tests\unit\data\payload.cpp(95,1): error C2059: 语法错误:“}” [J:\Code\Kernel_v2\build\b2-data-debug\payload_contract.vcxproj]
J:\Code\Kernel_v2\tests\unit\data\payload.cpp(95,1): error C2143: 语法错误: 缺少“;”(在“}”的前面) [J:\Code\Kernel_v2\build\b2-data-debug\payload_contract.vcxproj]
