适用于 .NET Framework MSBuild 版本 17.14.23+b0019275e

  1>Checking Build System
  ock_Adapter_CpuPool.vcxproj -> J:\Code\Kernel_v2\build\b4-asan\RelWithDebInfo\ock_Adapter_CpuPool.lib
  Building Custom Rule J:/Code/Kernel_v2/CMakeLists.txt
  payload.cpp
  ock_Data.vcxproj -> J:\Code\Kernel_v2\build\b4-asan\RelWithDebInfo\ock_Data.lib
  Building Custom Rule J:/Code/Kernel_v2/CMakeLists.txt
  protocol.cpp
  observation_wire.cpp
  outcome_wire.cpp
  正在生成代码...
  ock_ControlProtocol.vcxproj -> J:\Code\Kernel_v2\build\b4-asan\RelWithDebInfo\ock_ControlProtocol.lib
  ock_Runtime.vcxproj -> J:\Code\Kernel_v2\build\b4-asan\RelWithDebInfo\ock_Runtime.lib
  Building Custom Rule J:/Code/Kernel_v2/CMakeLists.txt
  schema.cpp
  catalog.cpp
  正在生成代码...
  ock_Dynamic.vcxproj -> J:\Code\Kernel_v2\build\b4-asan\RelWithDebInfo\ock_Dynamic.lib
  Building Custom Rule J:/Code/Kernel_v2/CMakeLists.txt
  cursor.cpp
  router.cpp
  invoke_method.cpp
  catalog_methods.cpp
  subscription.cpp
  subscription_methods.cpp
  list_method.cpp
  get_method.cpp
  observation_transport.cpp
  正在生成代码...
  ock_Control.vcxproj -> J:\Code\Kernel_v2\build\b4-asan\RelWithDebInfo\ock_Control.lib
  Building Custom Rule J:/Code/Kernel_v2/tests/unit/data/CMakeLists.txt
  submit.cpp
  dynamic_submit_contract.vcxproj -> J:\Code\Kernel_v2\build\b4-asan\tests\unit\data\RelWithDebInfo\dynamic_submit_contract.exe
适用于 .NET Framework MSBuild 版本 17.14.23+b0019275e

  ock_Data.vcxproj -> J:\Code\Kernel_v2\build\b4-asan\RelWithDebInfo\ock_Data.lib
  ock_ControlProtocol.vcxproj -> J:\Code\Kernel_v2\build\b4-asan\RelWithDebInfo\ock_ControlProtocol.lib
  ock_Runtime.vcxproj -> J:\Code\Kernel_v2\build\b4-asan\RelWithDebInfo\ock_Runtime.lib
  ock_Dynamic.vcxproj -> J:\Code\Kernel_v2\build\b4-asan\RelWithDebInfo\ock_Dynamic.lib
  ock_Control.vcxproj -> J:\Code\Kernel_v2\build\b4-asan\RelWithDebInfo\ock_Control.lib
  Building Custom Rule J:/Code/Kernel_v2/tests/unit/data/CMakeLists.txt
  native.cpp
  dynamic_native_contract.vcxproj -> J:\Code\Kernel_v2\build\b4-asan\tests\unit\data\RelWithDebInfo\dynamic_native_contract.exe
适用于 .NET Framework MSBuild 版本 17.14.23+b0019275e

  ock_Data.vcxproj -> J:\Code\Kernel_v2\build\b4-asan\RelWithDebInfo\ock_Data.lib
  ock_ControlProtocol.vcxproj -> J:\Code\Kernel_v2\build\b4-asan\RelWithDebInfo\ock_ControlProtocol.lib
  ock_Runtime.vcxproj -> J:\Code\Kernel_v2\build\b4-asan\RelWithDebInfo\ock_Runtime.lib
  ock_Dynamic.vcxproj -> J:\Code\Kernel_v2\build\b4-asan\RelWithDebInfo\ock_Dynamic.lib
  Building Custom Rule J:/Code/Kernel_v2/tests/unit/data/CMakeLists.txt
  outcome.cpp
  outcome_wire_contract.vcxproj -> J:\Code\Kernel_v2\build\b4-asan\tests\unit\data\RelWithDebInfo\outcome_wire_contract.exe
适用于 .NET Framework MSBuild 版本 17.14.23+b0019275e

  ock_Data.vcxproj -> J:\Code\Kernel_v2\build\b4-asan\RelWithDebInfo\ock_Data.lib
  ock_ControlProtocol.vcxproj -> J:\Code\Kernel_v2\build\b4-asan\RelWithDebInfo\ock_ControlProtocol.lib
  Building Custom Rule J:/Code/Kernel_v2/CMakeLists.txt
  native_security.cpp
  pipe.cpp
  正在生成代码...
  ock_Adapter_LocalIPC.vcxproj -> J:\Code\Kernel_v2\build\b4-asan\RelWithDebInfo\ock_Adapter_LocalIPC.lib
  Building Custom Rule J:/Code/Kernel_v2/CMakeLists.txt
  client.cpp
  intent.cpp
  watch.cpp
  正在生成代码...
  ock_ControlClient.vcxproj -> J:\Code\Kernel_v2\build\b4-asan\RelWithDebInfo\ock_ControlClient.lib
  Building Custom Rule J:/Code/Kernel_v2/apps/ock/CMakeLists.txt
  main.cpp
  ock.vcxproj -> J:\Code\Kernel_v2\build\b4-asan\apps\ock\RelWithDebInfo\ock.exe
适用于 .NET Framework MSBuild 版本 17.14.23+b0019275e

  ock_Data.vcxproj -> J:\Code\Kernel_v2\build\b4-asan\RelWithDebInfo\ock_Data.lib
  ock_ControlProtocol.vcxproj -> J:\Code\Kernel_v2\build\b4-asan\RelWithDebInfo\ock_ControlProtocol.lib
  ock_Adapter_LocalIPC.vcxproj -> J:\Code\Kernel_v2\build\b4-asan\RelWithDebInfo\ock_Adapter_LocalIPC.lib
  ock_Runtime.vcxproj -> J:\Code\Kernel_v2\build\b4-asan\RelWithDebInfo\ock_Runtime.lib
  ock_Dynamic.vcxproj -> J:\Code\Kernel_v2\build\b4-asan\RelWithDebInfo\ock_Dynamic.lib
  ock_Control.vcxproj -> J:\Code\Kernel_v2\build\b4-asan\RelWithDebInfo\ock_Control.lib
  Building Custom Rule J:/Code/Kernel_v2/examples/stateless_service/CMakeLists.txt
  control_main.cpp
  service.cpp
  正在生成代码...
  ock_stateless_service.vcxproj -> J:\Code\Kernel_v2\build\b4-asan\examples\stateless_service\RelWithDebInfo\ock_stateless_service.exe
适用于 .NET Framework MSBuild 版本 17.14.23+b0019275e

  ock_Data.vcxproj -> J:\Code\Kernel_v2\build\b4-asan\RelWithDebInfo\ock_Data.lib
  ock_ControlProtocol.vcxproj -> J:\Code\Kernel_v2\build\b4-asan\RelWithDebInfo\ock_ControlProtocol.lib
  ock_ControlClient.vcxproj -> J:\Code\Kernel_v2\build\b4-asan\RelWithDebInfo\ock_ControlClient.lib
  Building Custom Rule J:/Code/Kernel_v2/tests/integration/cli/CMakeLists.txt
  client_contract.cpp
  ock_client_contract.vcxproj -> J:\Code\Kernel_v2\build\b4-asan\tests\integration\cli\RelWithDebInfo\ock_client_contract.exe
