Internal ctest changing into directory: E:/VS2019Qt5.15/3D/build/d1.01-release
Test project E:/VS2019Qt5.15/3D/build/d1.01-release
      Start 12: T03.foundation.code_only_no_allocation
 1/23 Test #12: T03.foundation.code_only_no_allocation ..........   Passed    0.05 sec
      Start 13: T03.foundation.value_operations_no_allocation
 2/23 Test #13: T03.foundation.value_operations_no_allocation ...   Passed    0.03 sec
      Start 14: T03.foundation.layout_statistics
 3/23 Test #14: T03.foundation.layout_statistics ................   Passed    0.04 sec
      Start 15: T04.foundation.result_move_only_value
 4/23 Test #15: T04.foundation.result_move_only_value ...........   Passed    0.04 sec
      Start 16: T04.foundation.result_move_only_error
 5/23 Test #16: T04.foundation.result_move_only_error ...........   Passed    0.04 sec
      Start 17: T04.foundation.result_void
 6/23 Test #17: T04.foundation.result_void ......................   Passed    0.06 sec
      Start 18: T04.foundation.result_error_propagation
 7/23 Test #18: T04.foundation.result_error_propagation .........   Passed    0.05 sec
      Start 19: T04.foundation.result_bad_access
 8/23 Test #19: T04.foundation.result_bad_access ................   Passed    0.04 sec
      Start 20: T04.foundation.exception_not_business_failure
 9/23 Test #20: T04.foundation.exception_not_business_failure ...   Passed    0.05 sec
      Start 21: T04.foundation.static_error_domain
10/23 Test #21: T04.foundation.static_error_domain ..............   Passed   53.65 sec
      Start 22: T04.foundation.error_details_ownership
11/23 Test #22: T04.foundation.error_details_ownership ..........   Passed    0.03 sec
      Start 23: T04.foundation.error_details_budget
12/23 Test #23: T04.foundation.error_details_budget .............   Passed    0.02 sec
      Start 24: T04.foundation.display_utf8
13/23 Test #24: T04.foundation.display_utf8 .....................   Passed    0.03 sec
      Start 25: T04.foundation.checked_arithmetic
14/23 Test #25: T04.foundation.checked_arithmetic ...............   Passed    0.02 sec
      Start 26: T04.foundation.checked_narrowing
15/23 Test #26: T04.foundation.checked_narrowing ................   Passed    0.02 sec
      Start 27: T04.foundation.checked_count_atomic_update
16/23 Test #27: T04.foundation.checked_count_atomic_update ......   Passed    0.03 sec
      Start 28: T04.foundation.invariant_fail_fast
17/23 Test #28: T04.foundation.invariant_fail_fast ..............   Passed    0.53 sec
      Start 29: T05.foundation.name_ascii_bounds
18/23 Test #29: T05.foundation.name_ascii_bounds ................   Passed    0.03 sec
      Start 30: T05.foundation.name_case_and_ownership
19/23 Test #30: T05.foundation.name_case_and_ownership ..........   Passed    0.04 sec
      Start 31: T05.foundation.tagged_identity_types
20/23 Test #31: T05.foundation.tagged_identity_types ............   Passed    0.04 sec
      Start 32: T05.foundation.identity_canonical_codec
21/23 Test #32: T05.foundation.identity_canonical_codec .........   Passed    0.03 sec
      Start 33: T05.foundation.bound_handle_generation
22/23 Test #33: T05.foundation.bound_handle_generation ..........   Passed    0.02 sec
      Start 34: T05.foundation.runtime_epoch_separation
23/23 Test #34: T05.foundation.runtime_epoch_separation .........   Passed    0.04 sec

100% tests passed, 0 tests failed out of 23

Label Time Summary:
D1.01    =  54.94 sec*proc (23 tests)

Total Test time (real) =  55.06 sec
