Microsoft (R) COFF/PE Dumper Version 14.44.35216.0
Copyright (C) Microsoft Corporation.  All rights reserved.


Dump of file J:\Code\Kernel_v2\build\footprint-64b1663f86dc4cff9b8fada196a5617d\Release\footprint_native.exe

File Type: EXECUTABLE IMAGE

  Section contains the following imports:

    bcrypt.dll
             14003C2D0 Import Address Table
             140049358 Import Name Table
                     0 time date stamp
                     0 Index of first forwarder reference

                          1F BCryptGenRandom

    KERNEL32.dll
             14003C000 Import Address Table
             140049088 Import Name Table
                     0 time date stamp
                     0 Index of first forwarder reference

                         39A InitializeSListHead
                         31A GetSystemTimeAsFileTime
                          9D CloseHandle
                         481 QueryPerformanceCounter
                         55C SetEvent
                         625 WaitForSingleObject
                         242 GetCurrentProcessId
                         412 MapViewOfFile
                         5FE UnmapViewOfFile
                         509 RtlCaptureContext
                         62D WakeAllConditionVariable
                         33D GetTickCount64
                         246 GetCurrentThreadId
                         5CA SleepConditionVariableSRW
                           0 AcquireSRWLockExclusive
                         4EA ReleaseSRWLockExclusive
                         518 RtlVirtualUnwind
                         3B0 IsDebuggerPresent
                         5FB UnhandledExceptionFilter
                         5B8 SetUnhandledExceptionFilter
                         3B8 IsProcessorFeaturePresent
                         2A5 GetModuleHandleW
                         241 GetCurrentProcess
                         5D8 TerminateProcess
                         511 RtlLookupFunctionEntry

    MSVCP140.dll
             14003C0D0 Import Address Table
             140049158 Import Name Table
                     0 time date stamp
                     0 Index of first forwarder reference

                         275 ?_Throw_Cpp_error@std@@YAXH@Z
                         589 _Mtx_unlock
                         588 _Mtx_trylock
                         585 _Mtx_lock
                         54B _Cnd_broadcast
                         5B4 _Thrd_id
                         591 _Query_perf_frequency
                         28E ?_Xlength_error@std@@YAXPEBD@Z
                         590 _Query_perf_counter

    VCRUNTIME140.dll
             14003C120 Import Address Table
             1400491A8 Import Name Table
                     0 time date stamp
                     0 Index of first forwarder reference

                           1 _CxxThrowException
                          22 __std_exception_destroy
                          21 __std_exception_copy
                          23 __std_terminate
                           8 __C_specific_handler
                          1C __current_exception_context
                          18 __RTDynamicCast
                          3E memset
                          3D memmove
                          3C memcpy
                          3B memcmp
                          1B __current_exception

    VCRUNTIME140_1.dll
             14003C188 Import Address Table
             140049210 Import Name Table
                     0 time date stamp
                     0 Index of first forwarder reference

                           0 __CxxFrameHandler4

    api-ms-win-crt-runtime-l1-1-0.dll
             14003C1F0 Import Address Table
             140049278 Import Name Table
                     0 time date stamp
                     0 Index of first forwarder reference

                          15 _c_exit
                           5 __p___argv
                          1E _crt_atexit
                           4 __p___argc
                          16 _cexit
                          3C _register_onexit_function
                          3D _register_thread_local_exe_atexit_callback
                          23 _exit
                          34 _initialize_onexit_table
                          33 _initialize_narrow_environment
                          18 _configure_narrow_argv
                          55 exit
                          37 _initterm_e
                          67 terminate
                          36 _initterm
                          54 abort
                          28 _get_initial_narrow_environment
                          3A _invoke_watson
                          40 _seh_filter_exe
                          42 _set_app_type

    api-ms-win-crt-heap-l1-1-0.dll
             14003C1A8 Import Address Table
             140049230 Import Name Table
                     0 time date stamp
                     0 Index of first forwarder reference

                           8 _callnewh
                          19 malloc
                          16 _set_new_mode
                          18 free

    api-ms-win-crt-convert-l1-1-0.dll
             14003C198 Import Address Table
             140049220 Import Name Table
                     0 time date stamp
                     0 Index of first forwarder reference

                          65 strtoull

    api-ms-win-crt-stdio-l1-1-0.dll
             14003C298 Import Address Table
             140049320 Import Name Table
                     0 time date stamp
                     0 Index of first forwarder reference

                           3 __stdio_common_vfprintf
                          54 _set_fmode
                           1 __p__commode
                           0 __acrt_iob_func

    api-ms-win-crt-string-l1-1-0.dll
             14003C2C0 Import Address Table
             140049348 Import Name Table
                     0 time date stamp
                     0 Index of first forwarder reference

                          8B strlen

    api-ms-win-crt-math-l1-1-0.dll
             14003C1E0 Import Address Table
             140049268 Import Name Table
                     0 time date stamp
                     0 Index of first forwarder reference

                           9 __setusermatherr

    api-ms-win-crt-locale-l1-1-0.dll
             14003C1D0 Import Address Table
             140049258 Import Name Table
                     0 time date stamp
                     0 Index of first forwarder reference

                           8 _configthreadlocale

  Summary

        3000 .data
        3000 .pdata
        E000 .rdata
        1000 .reloc
        1000 .rsrc
       3B000 .text
