CMake is re-running because J:/Code/Kernel_v2/build/b4-debug/CMakeFiles/generate.stamp is out-of-date.
  the file 'J:/Code/Kernel_v2/cmake/TargetDependencies.cmake'
  is newer than 'J:/Code/Kernel_v2/build/b4-debug/CMakeFiles/generate.stamp.depend'
  result='-1'
-- Configuring done (2.8s)
-- Generating done (0.4s)
-- Build files have been written to: J:/Code/Kernel_v2/build/b4-debug
适用于 .NET Framework MSBuild 版本 17.14.23+b0019275e

__________________________________________________
项目“J:\Code\Kernel_v2\build\b4-debug\tests\unit\data\dynamic_submit_contract.vcxproj”(默认目标):

__________________________________________________
项目“J:\Code\Kernel_v2\build\b4-debug\tests\unit\data\dynamic_submit_contract.vcxproj”正在生成“J:\Code\Kernel_v2\build\b4-debug\ZERO_CHECK.vcxproj”(默认目标):

__________________________________________________
项目“J:\Code\Kernel_v2\build\b4-debug\ZERO_CHECK.vcxproj”正在生成“J:\Code\Kernel_v2\build\b4-debug\ock_Adapter_CpuPool.vcxproj”(默认目标):

__________________________________________________
项目“J:\Code\Kernel_v2\build\b4-debug\ock_Adapter_CpuPool.vcxproj”正在生成“J:\Code\Kernel_v2\build\b4-debug\ZERO_CHECK.vcxproj”(默认目标):

__________________________________________________
项目“J:\Code\Kernel_v2\build\b4-debug\ZERO_CHECK.vcxproj”正在生成“J:\Code\Kernel_v2\build\b4-debug\ZERO_CHECK.vcxproj”(GetNativeManifest 目标):

__________________________________________________
项目“J:\Code\Kernel_v2\build\b4-debug\ZERO_CHECK.vcxproj”正在生成“J:\Code\Kernel_v2\build\b4-debug\ZERO_CHECK.vcxproj”(GetProjectInfoForReference 目标):

ock_Adapter_CpuPool.vcxproj -> J:\Code\Kernel_v2\build\b4-debug\Debug\ock_Adapter_CpuPool.lib
__________________________________________________
项目“J:\Code\Kernel_v2\build\b4-debug\ZERO_CHECK.vcxproj”正在生成“J:\Code\Kernel_v2\build\b4-debug\ZERO_CHECK.vcxproj”(GetCopyToOutputDirectoryItems 目标):

__________________________________________________
项目“J:\Code\Kernel_v2\build\b4-debug\ZERO_CHECK.vcxproj”正在生成“J:\Code\Kernel_v2\build\b4-debug\ock_Control.vcxproj”(默认目标):

__________________________________________________
项目“J:\Code\Kernel_v2\build\b4-debug\ock_Control.vcxproj”正在生成“J:\Code\Kernel_v2\build\b4-debug\ZERO_CHECK.vcxproj”(默认目标):

__________________________________________________
项目“J:\Code\Kernel_v2\build\b4-debug\ZERO_CHECK.vcxproj”正在生成“J:\Code\Kernel_v2\build\b4-debug\ock_ControlProtocol.vcxproj”(默认目标):

__________________________________________________
项目“J:\Code\Kernel_v2\build\b4-debug\ock_ControlProtocol.vcxproj”正在生成“J:\Code\Kernel_v2\build\b4-debug\ZERO_CHECK.vcxproj”(默认目标):

__________________________________________________
项目“J:\Code\Kernel_v2\build\b4-debug\ZERO_CHECK.vcxproj”正在生成“J:\Code\Kernel_v2\build\b4-debug\ock_Data.vcxproj”(默认目标):

__________________________________________________
项目“J:\Code\Kernel_v2\build\b4-debug\ock_Data.vcxproj”正在生成“J:\Code\Kernel_v2\build\b4-debug\ZERO_CHECK.vcxproj”(默认目标):

__________________________________________________
项目“J:\Code\Kernel_v2\build\b4-debug\ZERO_CHECK.vcxproj”正在生成“J:\Code\Kernel_v2\build\b4-debug\ZERO_CHECK.vcxproj”(GetNativeManifest 目标):

__________________________________________________
项目“J:\Code\Kernel_v2\build\b4-debug\ZERO_CHECK.vcxproj”正在生成“J:\Code\Kernel_v2\build\b4-debug\ZERO_CHECK.vcxproj”(GetProjectInfoForReference 目标):

ock_Data.vcxproj -> J:\Code\Kernel_v2\build\b4-debug\Debug\ock_Data.lib
__________________________________________________
项目“J:\Code\Kernel_v2\build\b4-debug\ZERO_CHECK.vcxproj”正在生成“J:\Code\Kernel_v2\build\b4-debug\ZERO_CHECK.vcxproj”(GetCopyToOutputDirectoryItems 目标):

__________________________________________________
项目“J:\Code\Kernel_v2\build\b4-debug\ZERO_CHECK.vcxproj”正在生成“J:\Code\Kernel_v2\build\b4-debug\ock_Data.vcxproj”(默认目标):

__________________________________________________
项目“J:\Code\Kernel_v2\build\b4-debug\ock_Data.vcxproj”正在生成“J:\Code\Kernel_v2\build\b4-debug\ock_Data.vcxproj”(默认目标):

__________________________________________________
项目“J:\Code\Kernel_v2\build\b4-debug\ock_Data.vcxproj”正在生成“J:\Code\Kernel_v2\build\b4-debug\ZERO_CHECK.vcxproj”(GetNativeManifest 目标):

__________________________________________________
项目“J:\Code\Kernel_v2\build\b4-debug\ZERO_CHECK.vcxproj”正在生成“J:\Code\Kernel_v2\build\b4-debug\ock_Data.vcxproj”(GetNativeManifest 目标):

__________________________________________________
项目“J:\Code\Kernel_v2\build\b4-debug\ock_Data.vcxproj”正在生成“J:\Code\Kernel_v2\build\b4-debug\ZERO_CHECK.vcxproj”(GetProjectInfoForReference 目标):

__________________________________________________
项目“J:\Code\Kernel_v2\build\b4-debug\ZERO_CHECK.vcxproj”正在生成“J:\Code\Kernel_v2\build\b4-debug\ock_Data.vcxproj”(GetProjectInfoForReference 目标):

ock_ControlProtocol.vcxproj -> J:\Code\Kernel_v2\build\b4-debug\Debug\ock_ControlProtocol.lib
__________________________________________________
项目“J:\Code\Kernel_v2\build\b4-debug\ock_Data.vcxproj”正在生成“J:\Code\Kernel_v2\build\b4-debug\ZERO_CHECK.vcxproj”(GetCopyToOutputDirectoryItems 目标):

__________________________________________________
项目“J:\Code\Kernel_v2\build\b4-debug\ZERO_CHECK.vcxproj”正在生成“J:\Code\Kernel_v2\build\b4-debug\ock_Data.vcxproj”(GetCopyToOutputDirectoryItems 目标):

__________________________________________________
项目“J:\Code\Kernel_v2\build\b4-debug\ock_Data.vcxproj”正在生成“J:\Code\Kernel_v2\build\b4-debug\ock_ControlProtocol.vcxproj”(默认目标):

__________________________________________________
项目“J:\Code\Kernel_v2\build\b4-debug\ock_ControlProtocol.vcxproj”正在生成“J:\Code\Kernel_v2\build\b4-debug\ock_Dynamic.vcxproj”(默认目标):

__________________________________________________
项目“J:\Code\Kernel_v2\build\b4-debug\ock_Dynamic.vcxproj”正在生成“J:\Code\Kernel_v2\build\b4-debug\ZERO_CHECK.vcxproj”(默认目标):

__________________________________________________
项目“J:\Code\Kernel_v2\build\b4-debug\ZERO_CHECK.vcxproj”正在生成“J:\Code\Kernel_v2\build\b4-debug\ock_Data.vcxproj”(默认目标):

__________________________________________________
项目“J:\Code\Kernel_v2\build\b4-debug\ock_Data.vcxproj”正在生成“J:\Code\Kernel_v2\build\b4-debug\ock_Runtime.vcxproj”(默认目标):

__________________________________________________
项目“J:\Code\Kernel_v2\build\b4-debug\ock_Runtime.vcxproj”正在生成“J:\Code\Kernel_v2\build\b4-debug\ZERO_CHECK.vcxproj”(默认目标):

__________________________________________________
项目“J:\Code\Kernel_v2\build\b4-debug\ZERO_CHECK.vcxproj”正在生成“J:\Code\Kernel_v2\build\b4-debug\ZERO_CHECK.vcxproj”(GetNativeManifest 目标):

__________________________________________________
项目“J:\Code\Kernel_v2\build\b4-debug\ZERO_CHECK.vcxproj”正在生成“J:\Code\Kernel_v2\build\b4-debug\ZERO_CHECK.vcxproj”(GetProjectInfoForReference 目标):

J:/Code/Kernel_v2/build/msvc-validation/e8697b7e3597a578/bin/CL.exe /c /IJ:\Code\Kernel_v2\packages\runtime\include /IJ:\Code\Kernel_v2 /IJ:\Code\Kernel_v2\packages\contracts\include /IJ:\Code\Kernel_v2\packages\foundation\include /Z7 /nologo /W1 /WX- /diagnostics:column /Od /Ob0 /D _MBCS /D WIN32 /D _WINDOWS /D "CMAKE_INTDIR=\"Debug\"" /EHsc /RTC1 /MDd /GS /fp:precise /Zc:wchar_t /Zc:forScope /Zc:inline /std:c++20 /permissive- /Fo"ock_Runtime.dir\Debug\\" /Fd"J:\Code\Kernel_v2\build\b4-debug\Debug\ock_Runtime.pdb" /external:W0 /Gd /TP /errorReport:queue  /external:I "J:/Code/Kernel_v2/build/d0.06-a/cache/sources/expected-fe3b18aecb84/include" /utf-8 /Zc:__cplusplus J:\Code\Kernel_v2\packages\runtime\executions\host_execution.cpp J:\Code\Kernel_v2\packages\runtime\host\host.cpp
host_execution.cpp
host.cpp
正在生成代码...
J:/Code/Kernel_v2/build/msvc-validation/e8697b7e3597a578/bin/Lib.exe /OUT:"J:\Code\Kernel_v2\build\b4-debug\Debug\ock_Runtime.lib" /NOLOGO /MACHINE:X64  /machine:x64 ock_Runtime.dir\Debug\registry.obj
ock_Runtime.dir\Debug\policy.obj
ock_Runtime.dir\Debug\invocation.obj
ock_Runtime.dir\Debug\host.obj
ock_Runtime.dir\Debug\scheduler.obj
ock_Runtime.dir\Debug\resources.obj
ock_Runtime.dir\Debug\resource_wait_binding.obj
ock_Runtime.dir\Debug\execution_identity.obj
ock_Runtime.dir\Debug\host_execution.obj
ock_Runtime.dir\Debug\logging.obj
ock_Runtime.vcxproj -> J:\Code\Kernel_v2\build\b4-debug\Debug\ock_Runtime.lib
__________________________________________________
项目“J:\Code\Kernel_v2\build\b4-debug\ZERO_CHECK.vcxproj”正在生成“J:\Code\Kernel_v2\build\b4-debug\ZERO_CHECK.vcxproj”(GetCopyToOutputDirectoryItems 目标):

__________________________________________________
项目“J:\Code\Kernel_v2\build\b4-debug\ZERO_CHECK.vcxproj”正在生成“J:\Code\Kernel_v2\build\b4-debug\ock_Runtime.vcxproj”(默认目标):

__________________________________________________
项目“J:\Code\Kernel_v2\build\b4-debug\ock_Runtime.vcxproj”正在生成“J:\Code\Kernel_v2\build\b4-debug\ock_Runtime.vcxproj”(默认目标):

__________________________________________________
项目“J:\Code\Kernel_v2\build\b4-debug\ock_Runtime.vcxproj”正在生成“J:\Code\Kernel_v2\build\b4-debug\ZERO_CHECK.vcxproj”(GetNativeManifest 目标):

__________________________________________________
项目“J:\Code\Kernel_v2\build\b4-debug\ZERO_CHECK.vcxproj”正在生成“J:\Code\Kernel_v2\build\b4-debug\ock_Data.vcxproj”(GetNativeManifest 目标):

__________________________________________________
项目“J:\Code\Kernel_v2\build\b4-debug\ock_Data.vcxproj”正在生成“J:\Code\Kernel_v2\build\b4-debug\ock_Runtime.vcxproj”(GetNativeManifest 目标):

__________________________________________________
项目“J:\Code\Kernel_v2\build\b4-debug\ock_Runtime.vcxproj”正在生成“J:\Code\Kernel_v2\build\b4-debug\ZERO_CHECK.vcxproj”(GetProjectInfoForReference 目标):

__________________________________________________
项目“J:\Code\Kernel_v2\build\b4-debug\ZERO_CHECK.vcxproj”正在生成“J:\Code\Kernel_v2\build\b4-debug\ock_Data.vcxproj”(GetProjectInfoForReference 目标):

__________________________________________________
项目“J:\Code\Kernel_v2\build\b4-debug\ock_Data.vcxproj”正在生成“J:\Code\Kernel_v2\build\b4-debug\ock_Runtime.vcxproj”(GetProjectInfoForReference 目标):

ock_Dynamic.vcxproj -> J:\Code\Kernel_v2\build\b4-debug\Debug\ock_Dynamic.lib
__________________________________________________
项目“J:\Code\Kernel_v2\build\b4-debug\ock_Runtime.vcxproj”正在生成“J:\Code\Kernel_v2\build\b4-debug\ZERO_CHECK.vcxproj”(GetCopyToOutputDirectoryItems 目标):

__________________________________________________
项目“J:\Code\Kernel_v2\build\b4-debug\ZERO_CHECK.vcxproj”正在生成“J:\Code\Kernel_v2\build\b4-debug\ock_Data.vcxproj”(GetCopyToOutputDirectoryItems 目标):

__________________________________________________
项目“J:\Code\Kernel_v2\build\b4-debug\ock_Data.vcxproj”正在生成“J:\Code\Kernel_v2\build\b4-debug\ock_Runtime.vcxproj”(GetCopyToOutputDirectoryItems 目标):

__________________________________________________
项目“J:\Code\Kernel_v2\build\b4-debug\ock_Runtime.vcxproj”正在生成“J:\Code\Kernel_v2\build\b4-debug\ock_Dynamic.vcxproj”(默认目标):

__________________________________________________
项目“J:\Code\Kernel_v2\build\b4-debug\ock_Dynamic.vcxproj”正在生成“J:\Code\Kernel_v2\build\b4-debug\ZERO_CHECK.vcxproj”(GetNativeManifest 目标):

__________________________________________________
项目“J:\Code\Kernel_v2\build\b4-debug\ZERO_CHECK.vcxproj”正在生成“J:\Code\Kernel_v2\build\b4-debug\ock_Data.vcxproj”(GetNativeManifest 目标):

__________________________________________________
项目“J:\Code\Kernel_v2\build\b4-debug\ock_Data.vcxproj”正在生成“J:\Code\Kernel_v2\build\b4-debug\ock_Runtime.vcxproj”(GetNativeManifest 目标):

__________________________________________________
项目“J:\Code\Kernel_v2\build\b4-debug\ock_Runtime.vcxproj”正在生成“J:\Code\Kernel_v2\build\b4-debug\ock_ControlProtocol.vcxproj”(GetNativeManifest 目标):

__________________________________________________
项目“J:\Code\Kernel_v2\build\b4-debug\ock_ControlProtocol.vcxproj”正在生成“J:\Code\Kernel_v2\build\b4-debug\ock_Dynamic.vcxproj”(GetNativeManifest 目标):

__________________________________________________
项目“J:\Code\Kernel_v2\build\b4-debug\ock_Dynamic.vcxproj”正在生成“J:\Code\Kernel_v2\build\b4-debug\ZERO_CHECK.vcxproj”(GetProjectInfoForReference 目标):

__________________________________________________
项目“J:\Code\Kernel_v2\build\b4-debug\ZERO_CHECK.vcxproj”正在生成“J:\Code\Kernel_v2\build\b4-debug\ock_Data.vcxproj”(GetProjectInfoForReference 目标):

__________________________________________________
项目“J:\Code\Kernel_v2\build\b4-debug\ock_Data.vcxproj”正在生成“J:\Code\Kernel_v2\build\b4-debug\ock_Runtime.vcxproj”(GetProjectInfoForReference 目标):

__________________________________________________
项目“J:\Code\Kernel_v2\build\b4-debug\ock_Runtime.vcxproj”正在生成“J:\Code\Kernel_v2\build\b4-debug\ock_ControlProtocol.vcxproj”(GetProjectInfoForReference 目标):

__________________________________________________
项目“J:\Code\Kernel_v2\build\b4-debug\ock_ControlProtocol.vcxproj”正在生成“J:\Code\Kernel_v2\build\b4-debug\ock_Dynamic.vcxproj”(GetProjectInfoForReference 目标):

J:/Code/Kernel_v2/build/msvc-validation/e8697b7e3597a578/bin/CL.exe /c /IJ:\Code\Kernel_v2\packages\control\server\include /IJ:\Code\Kernel_v2 /IJ:\Code\Kernel_v2\packages\runtime\include /IJ:\Code\Kernel_v2\packages\contracts\include /IJ:\Code\Kernel_v2\packages\foundation\include /IJ:\Code\Kernel_v2\packages\dynamic\include /IJ:\Code\Kernel_v2\packages\dynamic\data\include /IJ:\Code\Kernel_v2\packages\control\protocol\include /Z7 /nologo /W1 /WX- /diagnostics:column /Od /Ob0 /D _MBCS /D WIN32 /D _WINDOWS /D "CMAKE_INTDIR=\"Debug\"" /EHsc /RTC1 /MDd /GS /fp:precise /Zc:wchar_t /Zc:forScope /Zc:inline /std:c++20 /permissive- /Fo"ock_Control.dir\Debug\\" /Fd"J:\Code\Kernel_v2\build\b4-debug\Debug\ock_Control.pdb" /external:W0 /Gd /TP /errorReport:queue  /external:I "J:/Code/Kernel_v2/build/d0.06-a/cache/sources/expected-fe3b18aecb84/include" /utf-8 /Zc:__cplusplus J:\Code\Kernel_v2\packages\control\server\router.cpp J:\Code\Kernel_v2\packages\control\server\invoke_method.cpp J:\Code\Kernel_v2\packages\control\server\catalog_methods.cpp J:\Code\Kernel_v2\packages\control\observation\subscription_methods.cpp J:\Code\Kernel_v2\packages\control\observation\list_method.cpp J:\Code\Kernel_v2\packages\control\observation\get_method.cpp J:\Code\Kernel_v2\packages\control\observation\observation_transport.cpp J:\Code\Kernel_v2\packages\control\observation\execution_method.cpp
router.cpp
invoke_method.cpp
catalog_methods.cpp
subscription_methods.cpp
list_method.cpp
get_method.cpp
observation_transport.cpp
execution_method.cpp
正在生成代码...
J:/Code/Kernel_v2/build/msvc-validation/e8697b7e3597a578/bin/Lib.exe /OUT:"J:\Code\Kernel_v2\build\b4-debug\Debug\ock_Control.lib" /NOLOGO /MACHINE:X64  /machine:x64 ock_Control.dir\Debug\cursor.obj
ock_Control.dir\Debug\router.obj
ock_Control.dir\Debug\invoke_method.obj
ock_Control.dir\Debug\catalog_methods.obj
ock_Control.dir\Debug\subscription.obj
ock_Control.dir\Debug\subscription_methods.obj
ock_Control.dir\Debug\list_method.obj
ock_Control.dir\Debug\get_method.obj
ock_Control.dir\Debug\observation_transport.obj
ock_Control.dir\Debug\execution_method.obj
ock_Control.vcxproj -> J:\Code\Kernel_v2\build\b4-debug\Debug\ock_Control.lib
__________________________________________________
项目“J:\Code\Kernel_v2\build\b4-debug\ock_Dynamic.vcxproj”正在生成“J:\Code\Kernel_v2\build\b4-debug\ZERO_CHECK.vcxproj”(GetCopyToOutputDirectoryItems 目标):

__________________________________________________
项目“J:\Code\Kernel_v2\build\b4-debug\ZERO_CHECK.vcxproj”正在生成“J:\Code\Kernel_v2\build\b4-debug\ock_ControlProtocol.vcxproj”(GetCopyToOutputDirectoryItems 目标):

__________________________________________________
项目“J:\Code\Kernel_v2\build\b4-debug\ock_ControlProtocol.vcxproj”正在生成“J:\Code\Kernel_v2\build\b4-debug\ock_Data.vcxproj”(GetCopyToOutputDirectoryItems 目标):

__________________________________________________
项目“J:\Code\Kernel_v2\build\b4-debug\ock_Data.vcxproj”正在生成“J:\Code\Kernel_v2\build\b4-debug\ock_Dynamic.vcxproj”(GetCopyToOutputDirectoryItems 目标):

__________________________________________________
项目“J:\Code\Kernel_v2\build\b4-debug\ock_Dynamic.vcxproj”正在生成“J:\Code\Kernel_v2\build\b4-debug\ock_Runtime.vcxproj”(GetCopyToOutputDirectoryItems 目标):

__________________________________________________
项目“J:\Code\Kernel_v2\build\b4-debug\ock_Runtime.vcxproj”正在生成“J:\Code\Kernel_v2\build\b4-debug\ZERO_CHECK.vcxproj”(GetNativeManifest 目标):

__________________________________________________
项目“J:\Code\Kernel_v2\build\b4-debug\ZERO_CHECK.vcxproj”正在生成“J:\Code\Kernel_v2\build\b4-debug\ock_ControlProtocol.vcxproj”(GetNativeManifest 目标):

__________________________________________________
项目“J:\Code\Kernel_v2\build\b4-debug\ock_ControlProtocol.vcxproj”正在生成“J:\Code\Kernel_v2\build\b4-debug\ock_Data.vcxproj”(GetNativeManifest 目标):

__________________________________________________
项目“J:\Code\Kernel_v2\build\b4-debug\ock_Data.vcxproj”正在生成“J:\Code\Kernel_v2\build\b4-debug\ock_Dynamic.vcxproj”(GetNativeManifest 目标):

__________________________________________________
项目“J:\Code\Kernel_v2\build\b4-debug\ock_Dynamic.vcxproj”正在生成“J:\Code\Kernel_v2\build\b4-debug\ock_Runtime.vcxproj”(GetNativeManifest 目标):

__________________________________________________
项目“J:\Code\Kernel_v2\build\b4-debug\ock_Runtime.vcxproj”正在生成“J:\Code\Kernel_v2\build\b4-debug\ock_Adapter_CpuPool.vcxproj”(GetNativeManifest 目标):

__________________________________________________
项目“J:\Code\Kernel_v2\build\b4-debug\ock_Adapter_CpuPool.vcxproj”正在生成“J:\Code\Kernel_v2\build\b4-debug\ock_Control.vcxproj”(GetNativeManifest 目标):

__________________________________________________
项目“J:\Code\Kernel_v2\build\b4-debug\ock_Control.vcxproj”正在生成“J:\Code\Kernel_v2\build\b4-debug\ZERO_CHECK.vcxproj”(GetProjectInfoForReference 目标):

__________________________________________________
项目“J:\Code\Kernel_v2\build\b4-debug\ZERO_CHECK.vcxproj”正在生成“J:\Code\Kernel_v2\build\b4-debug\ock_ControlProtocol.vcxproj”(GetProjectInfoForReference 目标):

__________________________________________________
项目“J:\Code\Kernel_v2\build\b4-debug\ock_ControlProtocol.vcxproj”正在生成“J:\Code\Kernel_v2\build\b4-debug\ock_Data.vcxproj”(GetProjectInfoForReference 目标):

__________________________________________________
项目“J:\Code\Kernel_v2\build\b4-debug\ock_Data.vcxproj”正在生成“J:\Code\Kernel_v2\build\b4-debug\ock_Dynamic.vcxproj”(GetProjectInfoForReference 目标):

__________________________________________________
项目“J:\Code\Kernel_v2\build\b4-debug\ock_Dynamic.vcxproj”正在生成“J:\Code\Kernel_v2\build\b4-debug\ock_Runtime.vcxproj”(GetProjectInfoForReference 目标):

__________________________________________________
项目“J:\Code\Kernel_v2\build\b4-debug\ock_Runtime.vcxproj”正在生成“J:\Code\Kernel_v2\build\b4-debug\ock_Adapter_CpuPool.vcxproj”(GetProjectInfoForReference 目标):

__________________________________________________
项目“J:\Code\Kernel_v2\build\b4-debug\ock_Adapter_CpuPool.vcxproj”正在生成“J:\Code\Kernel_v2\build\b4-debug\ock_Control.vcxproj”(GetProjectInfoForReference 目标):

J:/Code/Kernel_v2/build/msvc-validation/e8697b7e3597a578/bin/CL.exe /c /IJ:\Code\Kernel_v2 /IJ:\Code\Kernel_v2\packages\control\server\include /IJ:\Code\Kernel_v2\packages\runtime\include /IJ:\Code\Kernel_v2\packages\contracts\include /IJ:\Code\Kernel_v2\packages\foundation\include /IJ:\Code\Kernel_v2\packages\dynamic\include /IJ:\Code\Kernel_v2\packages\dynamic\data\include /IJ:\Code\Kernel_v2\packages\control\protocol\include /IJ:\Code\Kernel_v2\packages\adapters\cpu_pool\include /Z7 /nologo /W1 /WX- /diagnostics:column /Od /Ob0 /D _MBCS /D WIN32 /D _WINDOWS /D "CMAKE_INTDIR=\"Debug\"" /EHsc /RTC1 /MDd /GS /fp:precise /Zc:wchar_t /Zc:forScope /Zc:inline /std:c++20 /permissive- /Fo"dynamic_submit_contract.dir\Debug\\" /Fd"dynamic_submit_contract.dir\Debug\vc143.pdb" /external:W0 /Gd /TP /errorReport:queue  /external:I "J:/Code/Kernel_v2/build/d0.06-a/cache/sources/expected-fe3b18aecb84/include" /utf-8 /Zc:__cplusplus J:\Code\Kernel_v2\tests\contract\binding_parity\submit.cpp
submit.cpp
J:/Code/Kernel_v2/build/msvc-validation/e8697b7e3597a578/bin/link.exe /ERRORREPORT:QUEUE /OUT:"J:\Code\Kernel_v2\build\b4-debug\tests\unit\data\Debug\dynamic_submit_contract.exe" /INCREMENTAL /ILK:"dynamic_submit_contract.dir\Debug\dynamic_submit_contract.ilk" /NOLOGO ..\..\..\Debug\ock_Control.lib ..\..\..\Debug\ock_Adapter_CpuPool.lib ..\..\..\Debug\ock_Dynamic.lib ..\..\..\Debug\ock_Runtime.lib ..\..\..\Debug\ock_ControlProtocol.lib ..\..\..\Debug\ock_Data.lib bcrypt.lib kernel32.lib user32.lib gdi32.lib winspool.lib shell32.lib ole32.lib oleaut32.lib uuid.lib comdlg32.lib advapi32.lib /MANIFEST /MANIFESTUAC:"level='asInvoker' uiAccess='false'" /manifest:embed /DEBUG /PDB:"J:/Code/Kernel_v2/build/b4-debug/tests/unit/data/Debug/dynamic_submit_contract.pdb" /SUBSYSTEM:CONSOLE /TLBID:1 /DYNAMICBASE /NXCOMPAT /IMPLIB:"J:/Code/Kernel_v2/build/b4-debug/tests/unit/data/Debug/dynamic_submit_contract.lib" /MACHINE:X64  /machine:x64 dynamic_submit_contract.dir\Debug\submit.obj
dynamic_submit_contract.vcxproj -> J:\Code\Kernel_v2\build\b4-debug\tests\unit\data\Debug\dynamic_submit_contract.exe
适用于 .NET Framework MSBuild 版本 17.14.23+b0019275e

__________________________________________________
项目“J:\Code\Kernel_v2\build\b4-debug\tests\unit\data\router_contract.vcxproj”(默认目标):

__________________________________________________
项目“J:\Code\Kernel_v2\build\b4-debug\tests\unit\data\router_contract.vcxproj”正在生成“J:\Code\Kernel_v2\build\b4-debug\ZERO_CHECK.vcxproj”(默认目标):

__________________________________________________
项目“J:\Code\Kernel_v2\build\b4-debug\ZERO_CHECK.vcxproj”正在生成“J:\Code\Kernel_v2\build\b4-debug\ock_Control.vcxproj”(默认目标):

__________________________________________________
项目“J:\Code\Kernel_v2\build\b4-debug\ock_Control.vcxproj”正在生成“J:\Code\Kernel_v2\build\b4-debug\ZERO_CHECK.vcxproj”(默认目标):

__________________________________________________
项目“J:\Code\Kernel_v2\build\b4-debug\ZERO_CHECK.vcxproj”正在生成“J:\Code\Kernel_v2\build\b4-debug\ock_ControlProtocol.vcxproj”(默认目标):

__________________________________________________
项目“J:\Code\Kernel_v2\build\b4-debug\ock_ControlProtocol.vcxproj”正在生成“J:\Code\Kernel_v2\build\b4-debug\ZERO_CHECK.vcxproj”(默认目标):

__________________________________________________
项目“J:\Code\Kernel_v2\build\b4-debug\ZERO_CHECK.vcxproj”正在生成“J:\Code\Kernel_v2\build\b4-debug\ock_Data.vcxproj”(默认目标):

__________________________________________________
项目“J:\Code\Kernel_v2\build\b4-debug\ock_Data.vcxproj”正在生成“J:\Code\Kernel_v2\build\b4-debug\ZERO_CHECK.vcxproj”(默认目标):

__________________________________________________
项目“J:\Code\Kernel_v2\build\b4-debug\ZERO_CHECK.vcxproj”正在生成“J:\Code\Kernel_v2\build\b4-debug\ZERO_CHECK.vcxproj”(GetNativeManifest 目标):

__________________________________________________
项目“J:\Code\Kernel_v2\build\b4-debug\ZERO_CHECK.vcxproj”正在生成“J:\Code\Kernel_v2\build\b4-debug\ZERO_CHECK.vcxproj”(GetProjectInfoForReference 目标):

ock_Data.vcxproj -> J:\Code\Kernel_v2\build\b4-debug\Debug\ock_Data.lib
__________________________________________________
项目“J:\Code\Kernel_v2\build\b4-debug\ZERO_CHECK.vcxproj”正在生成“J:\Code\Kernel_v2\build\b4-debug\ZERO_CHECK.vcxproj”(GetCopyToOutputDirectoryItems 目标):

__________________________________________________
项目“J:\Code\Kernel_v2\build\b4-debug\ZERO_CHECK.vcxproj”正在生成“J:\Code\Kernel_v2\build\b4-debug\ock_Data.vcxproj”(默认目标):

__________________________________________________
项目“J:\Code\Kernel_v2\build\b4-debug\ock_Data.vcxproj”正在生成“J:\Code\Kernel_v2\build\b4-debug\ock_Data.vcxproj”(默认目标):

__________________________________________________
项目“J:\Code\Kernel_v2\build\b4-debug\ock_Data.vcxproj”正在生成“J:\Code\Kernel_v2\build\b4-debug\ZERO_CHECK.vcxproj”(GetNativeManifest 目标):

__________________________________________________
项目“J:\Code\Kernel_v2\build\b4-debug\ZERO_CHECK.vcxproj”正在生成“J:\Code\Kernel_v2\build\b4-debug\ock_Data.vcxproj”(GetNativeManifest 目标):

__________________________________________________
项目“J:\Code\Kernel_v2\build\b4-debug\ock_Data.vcxproj”正在生成“J:\Code\Kernel_v2\build\b4-debug\ZERO_CHECK.vcxproj”(GetProjectInfoForReference 目标):

__________________________________________________
项目“J:\Code\Kernel_v2\build\b4-debug\ZERO_CHECK.vcxproj”正在生成“J:\Code\Kernel_v2\build\b4-debug\ock_Data.vcxproj”(GetProjectInfoForReference 目标):

ock_ControlProtocol.vcxproj -> J:\Code\Kernel_v2\build\b4-debug\Debug\ock_ControlProtocol.lib
__________________________________________________
项目“J:\Code\Kernel_v2\build\b4-debug\ock_Data.vcxproj”正在生成“J:\Code\Kernel_v2\build\b4-debug\ZERO_CHECK.vcxproj”(GetCopyToOutputDirectoryItems 目标):

__________________________________________________
项目“J:\Code\Kernel_v2\build\b4-debug\ZERO_CHECK.vcxproj”正在生成“J:\Code\Kernel_v2\build\b4-debug\ock_Data.vcxproj”(GetCopyToOutputDirectoryItems 目标):

__________________________________________________
项目“J:\Code\Kernel_v2\build\b4-debug\ock_Data.vcxproj”正在生成“J:\Code\Kernel_v2\build\b4-debug\ock_ControlProtocol.vcxproj”(默认目标):

__________________________________________________
项目“J:\Code\Kernel_v2\build\b4-debug\ock_ControlProtocol.vcxproj”正在生成“J:\Code\Kernel_v2\build\b4-debug\ock_Dynamic.vcxproj”(默认目标):

__________________________________________________
项目“J:\Code\Kernel_v2\build\b4-debug\ock_Dynamic.vcxproj”正在生成“J:\Code\Kernel_v2\build\b4-debug\ZERO_CHECK.vcxproj”(默认目标):

__________________________________________________
项目“J:\Code\Kernel_v2\build\b4-debug\ZERO_CHECK.vcxproj”正在生成“J:\Code\Kernel_v2\build\b4-debug\ock_Data.vcxproj”(默认目标):

__________________________________________________
项目“J:\Code\Kernel_v2\build\b4-debug\ock_Data.vcxproj”正在生成“J:\Code\Kernel_v2\build\b4-debug\ock_Runtime.vcxproj”(默认目标):

__________________________________________________
项目“J:\Code\Kernel_v2\build\b4-debug\ock_Runtime.vcxproj”正在生成“J:\Code\Kernel_v2\build\b4-debug\ZERO_CHECK.vcxproj”(默认目标):

__________________________________________________
项目“J:\Code\Kernel_v2\build\b4-debug\ZERO_CHECK.vcxproj”正在生成“J:\Code\Kernel_v2\build\b4-debug\ZERO_CHECK.vcxproj”(GetNativeManifest 目标):

__________________________________________________
项目“J:\Code\Kernel_v2\build\b4-debug\ZERO_CHECK.vcxproj”正在生成“J:\Code\Kernel_v2\build\b4-debug\ZERO_CHECK.vcxproj”(GetProjectInfoForReference 目标):

ock_Runtime.vcxproj -> J:\Code\Kernel_v2\build\b4-debug\Debug\ock_Runtime.lib
__________________________________________________
项目“J:\Code\Kernel_v2\build\b4-debug\ZERO_CHECK.vcxproj”正在生成“J:\Code\Kernel_v2\build\b4-debug\ZERO_CHECK.vcxproj”(GetCopyToOutputDirectoryItems 目标):

__________________________________________________
项目“J:\Code\Kernel_v2\build\b4-debug\ZERO_CHECK.vcxproj”正在生成“J:\Code\Kernel_v2\build\b4-debug\ock_Runtime.vcxproj”(默认目标):

__________________________________________________
项目“J:\Code\Kernel_v2\build\b4-debug\ock_Runtime.vcxproj”正在生成“J:\Code\Kernel_v2\build\b4-debug\ock_Runtime.vcxproj”(默认目标):

__________________________________________________
项目“J:\Code\Kernel_v2\build\b4-debug\ock_Runtime.vcxproj”正在生成“J:\Code\Kernel_v2\build\b4-debug\ZERO_CHECK.vcxproj”(GetNativeManifest 目标):

__________________________________________________
项目“J:\Code\Kernel_v2\build\b4-debug\ZERO_CHECK.vcxproj”正在生成“J:\Code\Kernel_v2\build\b4-debug\ock_Data.vcxproj”(GetNativeManifest 目标):

__________________________________________________
项目“J:\Code\Kernel_v2\build\b4-debug\ock_Data.vcxproj”正在生成“J:\Code\Kernel_v2\build\b4-debug\ock_Runtime.vcxproj”(GetNativeManifest 目标):

__________________________________________________
项目“J:\Code\Kernel_v2\build\b4-debug\ock_Runtime.vcxproj”正在生成“J:\Code\Kernel_v2\build\b4-debug\ZERO_CHECK.vcxproj”(GetProjectInfoForReference 目标):

__________________________________________________
项目“J:\Code\Kernel_v2\build\b4-debug\ZERO_CHECK.vcxproj”正在生成“J:\Code\Kernel_v2\build\b4-debug\ock_Data.vcxproj”(GetProjectInfoForReference 目标):

__________________________________________________
项目“J:\Code\Kernel_v2\build\b4-debug\ock_Data.vcxproj”正在生成“J:\Code\Kernel_v2\build\b4-debug\ock_Runtime.vcxproj”(GetProjectInfoForReference 目标):

ock_Dynamic.vcxproj -> J:\Code\Kernel_v2\build\b4-debug\Debug\ock_Dynamic.lib
__________________________________________________
项目“J:\Code\Kernel_v2\build\b4-debug\ock_Runtime.vcxproj”正在生成“J:\Code\Kernel_v2\build\b4-debug\ZERO_CHECK.vcxproj”(GetCopyToOutputDirectoryItems 目标):

__________________________________________________
项目“J:\Code\Kernel_v2\build\b4-debug\ZERO_CHECK.vcxproj”正在生成“J:\Code\Kernel_v2\build\b4-debug\ock_Data.vcxproj”(GetCopyToOutputDirectoryItems 目标):

__________________________________________________
项目“J:\Code\Kernel_v2\build\b4-debug\ock_Data.vcxproj”正在生成“J:\Code\Kernel_v2\build\b4-debug\ock_Runtime.vcxproj”(GetCopyToOutputDirectoryItems 目标):

__________________________________________________
项目“J:\Code\Kernel_v2\build\b4-debug\ock_Runtime.vcxproj”正在生成“J:\Code\Kernel_v2\build\b4-debug\ock_Dynamic.vcxproj”(默认目标):

__________________________________________________
项目“J:\Code\Kernel_v2\build\b4-debug\ock_Dynamic.vcxproj”正在生成“J:\Code\Kernel_v2\build\b4-debug\ZERO_CHECK.vcxproj”(GetNativeManifest 目标):

__________________________________________________
项目“J:\Code\Kernel_v2\build\b4-debug\ZERO_CHECK.vcxproj”正在生成“J:\Code\Kernel_v2\build\b4-debug\ock_Data.vcxproj”(GetNativeManifest 目标):

__________________________________________________
项目“J:\Code\Kernel_v2\build\b4-debug\ock_Data.vcxproj”正在生成“J:\Code\Kernel_v2\build\b4-debug\ock_Runtime.vcxproj”(GetNativeManifest 目标):

__________________________________________________
项目“J:\Code\Kernel_v2\build\b4-debug\ock_Runtime.vcxproj”正在生成“J:\Code\Kernel_v2\build\b4-debug\ock_ControlProtocol.vcxproj”(GetNativeManifest 目标):

__________________________________________________
项目“J:\Code\Kernel_v2\build\b4-debug\ock_ControlProtocol.vcxproj”正在生成“J:\Code\Kernel_v2\build\b4-debug\ock_Dynamic.vcxproj”(GetNativeManifest 目标):

__________________________________________________
项目“J:\Code\Kernel_v2\build\b4-debug\ock_Dynamic.vcxproj”正在生成“J:\Code\Kernel_v2\build\b4-debug\ZERO_CHECK.vcxproj”(GetProjectInfoForReference 目标):

__________________________________________________
项目“J:\Code\Kernel_v2\build\b4-debug\ZERO_CHECK.vcxproj”正在生成“J:\Code\Kernel_v2\build\b4-debug\ock_Data.vcxproj”(GetProjectInfoForReference 目标):

__________________________________________________
项目“J:\Code\Kernel_v2\build\b4-debug\ock_Data.vcxproj”正在生成“J:\Code\Kernel_v2\build\b4-debug\ock_Runtime.vcxproj”(GetProjectInfoForReference 目标):

__________________________________________________
项目“J:\Code\Kernel_v2\build\b4-debug\ock_Runtime.vcxproj”正在生成“J:\Code\Kernel_v2\build\b4-debug\ock_ControlProtocol.vcxproj”(GetProjectInfoForReference 目标):

__________________________________________________
项目“J:\Code\Kernel_v2\build\b4-debug\ock_ControlProtocol.vcxproj”正在生成“J:\Code\Kernel_v2\build\b4-debug\ock_Dynamic.vcxproj”(GetProjectInfoForReference 目标):

ock_Control.vcxproj -> J:\Code\Kernel_v2\build\b4-debug\Debug\ock_Control.lib
__________________________________________________
项目“J:\Code\Kernel_v2\build\b4-debug\ock_Dynamic.vcxproj”正在生成“J:\Code\Kernel_v2\build\b4-debug\ZERO_CHECK.vcxproj”(GetCopyToOutputDirectoryItems 目标):

__________________________________________________
项目“J:\Code\Kernel_v2\build\b4-debug\ZERO_CHECK.vcxproj”正在生成“J:\Code\Kernel_v2\build\b4-debug\ock_ControlProtocol.vcxproj”(GetCopyToOutputDirectoryItems 目标):

__________________________________________________
项目“J:\Code\Kernel_v2\build\b4-debug\ock_ControlProtocol.vcxproj”正在生成“J:\Code\Kernel_v2\build\b4-debug\ock_Data.vcxproj”(GetCopyToOutputDirectoryItems 目标):

__________________________________________________
项目“J:\Code\Kernel_v2\build\b4-debug\ock_Data.vcxproj”正在生成“J:\Code\Kernel_v2\build\b4-debug\ock_Dynamic.vcxproj”(GetCopyToOutputDirectoryItems 目标):

__________________________________________________
项目“J:\Code\Kernel_v2\build\b4-debug\ock_Dynamic.vcxproj”正在生成“J:\Code\Kernel_v2\build\b4-debug\ock_Runtime.vcxproj”(GetCopyToOutputDirectoryItems 目标):

__________________________________________________
项目“J:\Code\Kernel_v2\build\b4-debug\ock_Runtime.vcxproj”正在生成“J:\Code\Kernel_v2\build\b4-debug\ZERO_CHECK.vcxproj”(GetNativeManifest 目标):

__________________________________________________
项目“J:\Code\Kernel_v2\build\b4-debug\ZERO_CHECK.vcxproj”正在生成“J:\Code\Kernel_v2\build\b4-debug\ock_ControlProtocol.vcxproj”(GetNativeManifest 目标):

__________________________________________________
项目“J:\Code\Kernel_v2\build\b4-debug\ock_ControlProtocol.vcxproj”正在生成“J:\Code\Kernel_v2\build\b4-debug\ock_Data.vcxproj”(GetNativeManifest 目标):

__________________________________________________
项目“J:\Code\Kernel_v2\build\b4-debug\ock_Data.vcxproj”正在生成“J:\Code\Kernel_v2\build\b4-debug\ock_Dynamic.vcxproj”(GetNativeManifest 目标):

__________________________________________________
项目“J:\Code\Kernel_v2\build\b4-debug\ock_Dynamic.vcxproj”正在生成“J:\Code\Kernel_v2\build\b4-debug\ock_Runtime.vcxproj”(GetNativeManifest 目标):

__________________________________________________
项目“J:\Code\Kernel_v2\build\b4-debug\ock_Runtime.vcxproj”正在生成“J:\Code\Kernel_v2\build\b4-debug\ock_Control.vcxproj”(GetNativeManifest 目标):

Building Custom Rule J:/Code/Kernel_v2/tests/unit/data/CMakeLists.txt
__________________________________________________
项目“J:\Code\Kernel_v2\build\b4-debug\ock_Control.vcxproj”正在生成“J:\Code\Kernel_v2\build\b4-debug\ZERO_CHECK.vcxproj”(GetProjectInfoForReference 目标):

__________________________________________________
项目“J:\Code\Kernel_v2\build\b4-debug\ZERO_CHECK.vcxproj”正在生成“J:\Code\Kernel_v2\build\b4-debug\ock_ControlProtocol.vcxproj”(GetProjectInfoForReference 目标):

__________________________________________________
项目“J:\Code\Kernel_v2\build\b4-debug\ock_ControlProtocol.vcxproj”正在生成“J:\Code\Kernel_v2\build\b4-debug\ock_Data.vcxproj”(GetProjectInfoForReference 目标):

__________________________________________________
项目“J:\Code\Kernel_v2\build\b4-debug\ock_Data.vcxproj”正在生成“J:\Code\Kernel_v2\build\b4-debug\ock_Dynamic.vcxproj”(GetProjectInfoForReference 目标):

__________________________________________________
项目“J:\Code\Kernel_v2\build\b4-debug\ock_Dynamic.vcxproj”正在生成“J:\Code\Kernel_v2\build\b4-debug\ock_Runtime.vcxproj”(GetProjectInfoForReference 目标):

__________________________________________________
项目“J:\Code\Kernel_v2\build\b4-debug\ock_Runtime.vcxproj”正在生成“J:\Code\Kernel_v2\build\b4-debug\ock_Control.vcxproj”(GetProjectInfoForReference 目标):

J:/Code/Kernel_v2/build/msvc-validation/e8697b7e3597a578/bin/CL.exe /c /IJ:\Code\Kernel_v2 /IJ:\Code\Kernel_v2\packages\control\server\include /IJ:\Code\Kernel_v2\packages\runtime\include /IJ:\Code\Kernel_v2\packages\contracts\include /IJ:\Code\Kernel_v2\packages\foundation\include /IJ:\Code\Kernel_v2\packages\dynamic\include /IJ:\Code\Kernel_v2\packages\dynamic\data\include /IJ:\Code\Kernel_v2\packages\control\protocol\include /Z7 /nologo /W1 /WX- /diagnostics:column /Od /Ob0 /D _MBCS /D WIN32 /D _WINDOWS /D "CMAKE_INTDIR=\"Debug\"" /EHsc /RTC1 /MDd /GS /fp:precise /Zc:wchar_t /Zc:forScope /Zc:inline /std:c++20 /permissive- /Fo"router_contract.dir\Debug\\" /Fd"router_contract.dir\Debug\vc143.pdb" /external:W0 /Gd /TP /errorReport:queue  /external:I "J:/Code/Kernel_v2/build/d0.06-a/cache/sources/expected-fe3b18aecb84/include" /utf-8 /Zc:__cplusplus J:\Code\Kernel_v2\tests\contract\protocol\router.cpp
router.cpp
J:/Code/Kernel_v2/build/msvc-validation/e8697b7e3597a578/bin/link.exe /ERRORREPORT:QUEUE /OUT:"J:\Code\Kernel_v2\build\b4-debug\tests\unit\data\Debug\router_contract.exe" /INCREMENTAL /ILK:"router_contract.dir\Debug\router_contract.ilk" /NOLOGO ..\..\..\Debug\ock_Control.lib ..\..\..\Debug\ock_Dynamic.lib ..\..\..\Debug\ock_Runtime.lib ..\..\..\Debug\ock_ControlProtocol.lib ..\..\..\Debug\ock_Data.lib bcrypt.lib kernel32.lib user32.lib gdi32.lib winspool.lib shell32.lib ole32.lib oleaut32.lib uuid.lib comdlg32.lib advapi32.lib /MANIFEST /MANIFESTUAC:"level='asInvoker' uiAccess='false'" /manifest:embed /DEBUG /PDB:"J:/Code/Kernel_v2/build/b4-debug/tests/unit/data/Debug/router_contract.pdb" /SUBSYSTEM:CONSOLE /TLBID:1 /DYNAMICBASE /NXCOMPAT /IMPLIB:"J:/Code/Kernel_v2/build/b4-debug/tests/unit/data/Debug/router_contract.lib" /MACHINE:X64  /machine:x64 router_contract.dir\Debug\router.obj
router_contract.vcxproj -> J:\Code\Kernel_v2\build\b4-debug\tests\unit\data\Debug\router_contract.exe
适用于 .NET Framework MSBuild 版本 17.14.23+b0019275e

__________________________________________________
项目“J:\Code\Kernel_v2\build\b4-debug\tests\unit\data\list_contract.vcxproj”(默认目标):

__________________________________________________
项目“J:\Code\Kernel_v2\build\b4-debug\tests\unit\data\list_contract.vcxproj”正在生成“J:\Code\Kernel_v2\build\b4-debug\ZERO_CHECK.vcxproj”(默认目标):

__________________________________________________
项目“J:\Code\Kernel_v2\build\b4-debug\ZERO_CHECK.vcxproj”正在生成“J:\Code\Kernel_v2\build\b4-debug\ock_Control.vcxproj”(默认目标):

__________________________________________________
项目“J:\Code\Kernel_v2\build\b4-debug\ock_Control.vcxproj”正在生成“J:\Code\Kernel_v2\build\b4-debug\ZERO_CHECK.vcxproj”(默认目标):

__________________________________________________
项目“J:\Code\Kernel_v2\build\b4-debug\ZERO_CHECK.vcxproj”正在生成“J:\Code\Kernel_v2\build\b4-debug\ock_ControlProtocol.vcxproj”(默认目标):

__________________________________________________
项目“J:\Code\Kernel_v2\build\b4-debug\ock_ControlProtocol.vcxproj”正在生成“J:\Code\Kernel_v2\build\b4-debug\ZERO_CHECK.vcxproj”(默认目标):

__________________________________________________
项目“J:\Code\Kernel_v2\build\b4-debug\ZERO_CHECK.vcxproj”正在生成“J:\Code\Kernel_v2\build\b4-debug\ock_Data.vcxproj”(默认目标):

__________________________________________________
项目“J:\Code\Kernel_v2\build\b4-debug\ock_Data.vcxproj”正在生成“J:\Code\Kernel_v2\build\b4-debug\ZERO_CHECK.vcxproj”(默认目标):

__________________________________________________
项目“J:\Code\Kernel_v2\build\b4-debug\ZERO_CHECK.vcxproj”正在生成“J:\Code\Kernel_v2\build\b4-debug\ZERO_CHECK.vcxproj”(GetNativeManifest 目标):

__________________________________________________
项目“J:\Code\Kernel_v2\build\b4-debug\ZERO_CHECK.vcxproj”正在生成“J:\Code\Kernel_v2\build\b4-debug\ZERO_CHECK.vcxproj”(GetProjectInfoForReference 目标):

ock_Data.vcxproj -> J:\Code\Kernel_v2\build\b4-debug\Debug\ock_Data.lib
__________________________________________________
项目“J:\Code\Kernel_v2\build\b4-debug\ZERO_CHECK.vcxproj”正在生成“J:\Code\Kernel_v2\build\b4-debug\ZERO_CHECK.vcxproj”(GetCopyToOutputDirectoryItems 目标):

__________________________________________________
项目“J:\Code\Kernel_v2\build\b4-debug\ZERO_CHECK.vcxproj”正在生成“J:\Code\Kernel_v2\build\b4-debug\ock_Data.vcxproj”(默认目标):

__________________________________________________
项目“J:\Code\Kernel_v2\build\b4-debug\ock_Data.vcxproj”正在生成“J:\Code\Kernel_v2\build\b4-debug\ock_Data.vcxproj”(默认目标):

__________________________________________________
项目“J:\Code\Kernel_v2\build\b4-debug\ock_Data.vcxproj”正在生成“J:\Code\Kernel_v2\build\b4-debug\ZERO_CHECK.vcxproj”(GetNativeManifest 目标):

__________________________________________________
项目“J:\Code\Kernel_v2\build\b4-debug\ZERO_CHECK.vcxproj”正在生成“J:\Code\Kernel_v2\build\b4-debug\ock_Data.vcxproj”(GetNativeManifest 目标):

__________________________________________________
项目“J:\Code\Kernel_v2\build\b4-debug\ock_Data.vcxproj”正在生成“J:\Code\Kernel_v2\build\b4-debug\ZERO_CHECK.vcxproj”(GetProjectInfoForReference 目标):

__________________________________________________
项目“J:\Code\Kernel_v2\build\b4-debug\ZERO_CHECK.vcxproj”正在生成“J:\Code\Kernel_v2\build\b4-debug\ock_Data.vcxproj”(GetProjectInfoForReference 目标):

ock_ControlProtocol.vcxproj -> J:\Code\Kernel_v2\build\b4-debug\Debug\ock_ControlProtocol.lib
__________________________________________________
项目“J:\Code\Kernel_v2\build\b4-debug\ock_Data.vcxproj”正在生成“J:\Code\Kernel_v2\build\b4-debug\ZERO_CHECK.vcxproj”(GetCopyToOutputDirectoryItems 目标):

__________________________________________________
项目“J:\Code\Kernel_v2\build\b4-debug\ZERO_CHECK.vcxproj”正在生成“J:\Code\Kernel_v2\build\b4-debug\ock_Data.vcxproj”(GetCopyToOutputDirectoryItems 目标):

__________________________________________________
项目“J:\Code\Kernel_v2\build\b4-debug\ock_Data.vcxproj”正在生成“J:\Code\Kernel_v2\build\b4-debug\ock_ControlProtocol.vcxproj”(默认目标):

__________________________________________________
项目“J:\Code\Kernel_v2\build\b4-debug\ock_ControlProtocol.vcxproj”正在生成“J:\Code\Kernel_v2\build\b4-debug\ock_Dynamic.vcxproj”(默认目标):

__________________________________________________
项目“J:\Code\Kernel_v2\build\b4-debug\ock_Dynamic.vcxproj”正在生成“J:\Code\Kernel_v2\build\b4-debug\ZERO_CHECK.vcxproj”(默认目标):

__________________________________________________
项目“J:\Code\Kernel_v2\build\b4-debug\ZERO_CHECK.vcxproj”正在生成“J:\Code\Kernel_v2\build\b4-debug\ock_Data.vcxproj”(默认目标):

__________________________________________________
项目“J:\Code\Kernel_v2\build\b4-debug\ock_Data.vcxproj”正在生成“J:\Code\Kernel_v2\build\b4-debug\ock_Runtime.vcxproj”(默认目标):

__________________________________________________
项目“J:\Code\Kernel_v2\build\b4-debug\ock_Runtime.vcxproj”正在生成“J:\Code\Kernel_v2\build\b4-debug\ZERO_CHECK.vcxproj”(默认目标):

__________________________________________________
项目“J:\Code\Kernel_v2\build\b4-debug\ZERO_CHECK.vcxproj”正在生成“J:\Code\Kernel_v2\build\b4-debug\ZERO_CHECK.vcxproj”(GetNativeManifest 目标):

__________________________________________________
项目“J:\Code\Kernel_v2\build\b4-debug\ZERO_CHECK.vcxproj”正在生成“J:\Code\Kernel_v2\build\b4-debug\ZERO_CHECK.vcxproj”(GetProjectInfoForReference 目标):

ock_Runtime.vcxproj -> J:\Code\Kernel_v2\build\b4-debug\Debug\ock_Runtime.lib
__________________________________________________
项目“J:\Code\Kernel_v2\build\b4-debug\ZERO_CHECK.vcxproj”正在生成“J:\Code\Kernel_v2\build\b4-debug\ZERO_CHECK.vcxproj”(GetCopyToOutputDirectoryItems 目标):

__________________________________________________
项目“J:\Code\Kernel_v2\build\b4-debug\ZERO_CHECK.vcxproj”正在生成“J:\Code\Kernel_v2\build\b4-debug\ock_Runtime.vcxproj”(默认目标):

__________________________________________________
项目“J:\Code\Kernel_v2\build\b4-debug\ock_Runtime.vcxproj”正在生成“J:\Code\Kernel_v2\build\b4-debug\ock_Runtime.vcxproj”(默认目标):

__________________________________________________
项目“J:\Code\Kernel_v2\build\b4-debug\ock_Runtime.vcxproj”正在生成“J:\Code\Kernel_v2\build\b4-debug\ZERO_CHECK.vcxproj”(GetNativeManifest 目标):

__________________________________________________
项目“J:\Code\Kernel_v2\build\b4-debug\ZERO_CHECK.vcxproj”正在生成“J:\Code\Kernel_v2\build\b4-debug\ock_Data.vcxproj”(GetNativeManifest 目标):

__________________________________________________
项目“J:\Code\Kernel_v2\build\b4-debug\ock_Data.vcxproj”正在生成“J:\Code\Kernel_v2\build\b4-debug\ock_Runtime.vcxproj”(GetNativeManifest 目标):

__________________________________________________
项目“J:\Code\Kernel_v2\build\b4-debug\ock_Runtime.vcxproj”正在生成“J:\Code\Kernel_v2\build\b4-debug\ZERO_CHECK.vcxproj”(GetProjectInfoForReference 目标):

__________________________________________________
项目“J:\Code\Kernel_v2\build\b4-debug\ZERO_CHECK.vcxproj”正在生成“J:\Code\Kernel_v2\build\b4-debug\ock_Data.vcxproj”(GetProjectInfoForReference 目标):

__________________________________________________
项目“J:\Code\Kernel_v2\build\b4-debug\ock_Data.vcxproj”正在生成“J:\Code\Kernel_v2\build\b4-debug\ock_Runtime.vcxproj”(GetProjectInfoForReference 目标):

ock_Dynamic.vcxproj -> J:\Code\Kernel_v2\build\b4-debug\Debug\ock_Dynamic.lib
__________________________________________________
项目“J:\Code\Kernel_v2\build\b4-debug\ock_Runtime.vcxproj”正在生成“J:\Code\Kernel_v2\build\b4-debug\ZERO_CHECK.vcxproj”(GetCopyToOutputDirectoryItems 目标):

__________________________________________________
项目“J:\Code\Kernel_v2\build\b4-debug\ZERO_CHECK.vcxproj”正在生成“J:\Code\Kernel_v2\build\b4-debug\ock_Data.vcxproj”(GetCopyToOutputDirectoryItems 目标):

__________________________________________________
项目“J:\Code\Kernel_v2\build\b4-debug\ock_Data.vcxproj”正在生成“J:\Code\Kernel_v2\build\b4-debug\ock_Runtime.vcxproj”(GetCopyToOutputDirectoryItems 目标):

__________________________________________________
项目“J:\Code\Kernel_v2\build\b4-debug\ock_Runtime.vcxproj”正在生成“J:\Code\Kernel_v2\build\b4-debug\ock_Dynamic.vcxproj”(默认目标):

__________________________________________________
项目“J:\Code\Kernel_v2\build\b4-debug\ock_Dynamic.vcxproj”正在生成“J:\Code\Kernel_v2\build\b4-debug\ZERO_CHECK.vcxproj”(GetNativeManifest 目标):

__________________________________________________
项目“J:\Code\Kernel_v2\build\b4-debug\ZERO_CHECK.vcxproj”正在生成“J:\Code\Kernel_v2\build\b4-debug\ock_Data.vcxproj”(GetNativeManifest 目标):

__________________________________________________
项目“J:\Code\Kernel_v2\build\b4-debug\ock_Data.vcxproj”正在生成“J:\Code\Kernel_v2\build\b4-debug\ock_Runtime.vcxproj”(GetNativeManifest 目标):

__________________________________________________
项目“J:\Code\Kernel_v2\build\b4-debug\ock_Runtime.vcxproj”正在生成“J:\Code\Kernel_v2\build\b4-debug\ock_ControlProtocol.vcxproj”(GetNativeManifest 目标):

__________________________________________________
项目“J:\Code\Kernel_v2\build\b4-debug\ock_ControlProtocol.vcxproj”正在生成“J:\Code\Kernel_v2\build\b4-debug\ock_Dynamic.vcxproj”(GetNativeManifest 目标):

__________________________________________________
项目“J:\Code\Kernel_v2\build\b4-debug\ock_Dynamic.vcxproj”正在生成“J:\Code\Kernel_v2\build\b4-debug\ZERO_CHECK.vcxproj”(GetProjectInfoForReference 目标):

__________________________________________________
项目“J:\Code\Kernel_v2\build\b4-debug\ZERO_CHECK.vcxproj”正在生成“J:\Code\Kernel_v2\build\b4-debug\ock_Data.vcxproj”(GetProjectInfoForReference 目标):

__________________________________________________
项目“J:\Code\Kernel_v2\build\b4-debug\ock_Data.vcxproj”正在生成“J:\Code\Kernel_v2\build\b4-debug\ock_Runtime.vcxproj”(GetProjectInfoForReference 目标):

__________________________________________________
项目“J:\Code\Kernel_v2\build\b4-debug\ock_Runtime.vcxproj”正在生成“J:\Code\Kernel_v2\build\b4-debug\ock_ControlProtocol.vcxproj”(GetProjectInfoForReference 目标):

__________________________________________________
项目“J:\Code\Kernel_v2\build\b4-debug\ock_ControlProtocol.vcxproj”正在生成“J:\Code\Kernel_v2\build\b4-debug\ock_Dynamic.vcxproj”(GetProjectInfoForReference 目标):

ock_Control.vcxproj -> J:\Code\Kernel_v2\build\b4-debug\Debug\ock_Control.lib
__________________________________________________
项目“J:\Code\Kernel_v2\build\b4-debug\ock_Dynamic.vcxproj”正在生成“J:\Code\Kernel_v2\build\b4-debug\ZERO_CHECK.vcxproj”(GetCopyToOutputDirectoryItems 目标):

__________________________________________________
项目“J:\Code\Kernel_v2\build\b4-debug\ZERO_CHECK.vcxproj”正在生成“J:\Code\Kernel_v2\build\b4-debug\ock_ControlProtocol.vcxproj”(GetCopyToOutputDirectoryItems 目标):

__________________________________________________
项目“J:\Code\Kernel_v2\build\b4-debug\ock_ControlProtocol.vcxproj”正在生成“J:\Code\Kernel_v2\build\b4-debug\ock_Data.vcxproj”(GetCopyToOutputDirectoryItems 目标):

__________________________________________________
项目“J:\Code\Kernel_v2\build\b4-debug\ock_Data.vcxproj”正在生成“J:\Code\Kernel_v2\build\b4-debug\ock_Dynamic.vcxproj”(GetCopyToOutputDirectoryItems 目标):

__________________________________________________
项目“J:\Code\Kernel_v2\build\b4-debug\ock_Dynamic.vcxproj”正在生成“J:\Code\Kernel_v2\build\b4-debug\ock_Runtime.vcxproj”(GetCopyToOutputDirectoryItems 目标):

__________________________________________________
项目“J:\Code\Kernel_v2\build\b4-debug\ock_Runtime.vcxproj”正在生成“J:\Code\Kernel_v2\build\b4-debug\ZERO_CHECK.vcxproj”(GetNativeManifest 目标):

__________________________________________________
项目“J:\Code\Kernel_v2\build\b4-debug\ZERO_CHECK.vcxproj”正在生成“J:\Code\Kernel_v2\build\b4-debug\ock_ControlProtocol.vcxproj”(GetNativeManifest 目标):

__________________________________________________
项目“J:\Code\Kernel_v2\build\b4-debug\ock_ControlProtocol.vcxproj”正在生成“J:\Code\Kernel_v2\build\b4-debug\ock_Data.vcxproj”(GetNativeManifest 目标):

__________________________________________________
项目“J:\Code\Kernel_v2\build\b4-debug\ock_Data.vcxproj”正在生成“J:\Code\Kernel_v2\build\b4-debug\ock_Dynamic.vcxproj”(GetNativeManifest 目标):

__________________________________________________
项目“J:\Code\Kernel_v2\build\b4-debug\ock_Dynamic.vcxproj”正在生成“J:\Code\Kernel_v2\build\b4-debug\ock_Runtime.vcxproj”(GetNativeManifest 目标):

__________________________________________________
项目“J:\Code\Kernel_v2\build\b4-debug\ock_Runtime.vcxproj”正在生成“J:\Code\Kernel_v2\build\b4-debug\ock_Control.vcxproj”(GetNativeManifest 目标):

Building Custom Rule J:/Code/Kernel_v2/tests/unit/data/CMakeLists.txt
__________________________________________________
项目“J:\Code\Kernel_v2\build\b4-debug\ock_Control.vcxproj”正在生成“J:\Code\Kernel_v2\build\b4-debug\ZERO_CHECK.vcxproj”(GetProjectInfoForReference 目标):

__________________________________________________
项目“J:\Code\Kernel_v2\build\b4-debug\ZERO_CHECK.vcxproj”正在生成“J:\Code\Kernel_v2\build\b4-debug\ock_ControlProtocol.vcxproj”(GetProjectInfoForReference 目标):

__________________________________________________
项目“J:\Code\Kernel_v2\build\b4-debug\ock_ControlProtocol.vcxproj”正在生成“J:\Code\Kernel_v2\build\b4-debug\ock_Data.vcxproj”(GetProjectInfoForReference 目标):

__________________________________________________
项目“J:\Code\Kernel_v2\build\b4-debug\ock_Data.vcxproj”正在生成“J:\Code\Kernel_v2\build\b4-debug\ock_Dynamic.vcxproj”(GetProjectInfoForReference 目标):

__________________________________________________
项目“J:\Code\Kernel_v2\build\b4-debug\ock_Dynamic.vcxproj”正在生成“J:\Code\Kernel_v2\build\b4-debug\ock_Runtime.vcxproj”(GetProjectInfoForReference 目标):

__________________________________________________
项目“J:\Code\Kernel_v2\build\b4-debug\ock_Runtime.vcxproj”正在生成“J:\Code\Kernel_v2\build\b4-debug\ock_Control.vcxproj”(GetProjectInfoForReference 目标):

J:/Code/Kernel_v2/build/msvc-validation/e8697b7e3597a578/bin/CL.exe /c /IJ:\Code\Kernel_v2 /IJ:\Code\Kernel_v2\packages\control\server\include /IJ:\Code\Kernel_v2\packages\runtime\include /IJ:\Code\Kernel_v2\packages\contracts\include /IJ:\Code\Kernel_v2\packages\foundation\include /IJ:\Code\Kernel_v2\packages\dynamic\include /IJ:\Code\Kernel_v2\packages\dynamic\data\include /IJ:\Code\Kernel_v2\packages\control\protocol\include /Z7 /nologo /W1 /WX- /diagnostics:column /Od /Ob0 /D _MBCS /D WIN32 /D _WINDOWS /D "CMAKE_INTDIR=\"Debug\"" /EHsc /RTC1 /MDd /GS /fp:precise /Zc:wchar_t /Zc:forScope /Zc:inline /std:c++20 /permissive- /Fo"list_contract.dir\Debug\\" /Fd"list_contract.dir\Debug\vc143.pdb" /external:W0 /Gd /TP /errorReport:queue  /external:I "J:/Code/Kernel_v2/build/d0.06-a/cache/sources/expected-fe3b18aecb84/include" /utf-8 /Zc:__cplusplus J:\Code\Kernel_v2\tests\contract\protocol\list.cpp
list.cpp
J:/Code/Kernel_v2/build/msvc-validation/e8697b7e3597a578/bin/link.exe /ERRORREPORT:QUEUE /OUT:"J:\Code\Kernel_v2\build\b4-debug\tests\unit\data\Debug\list_contract.exe" /INCREMENTAL /ILK:"list_contract.dir\Debug\list_contract.ilk" /NOLOGO ..\..\..\Debug\ock_Control.lib ..\..\..\Debug\ock_Dynamic.lib ..\..\..\Debug\ock_Runtime.lib ..\..\..\Debug\ock_ControlProtocol.lib ..\..\..\Debug\ock_Data.lib bcrypt.lib kernel32.lib user32.lib gdi32.lib winspool.lib shell32.lib ole32.lib oleaut32.lib uuid.lib comdlg32.lib advapi32.lib /MANIFEST /MANIFESTUAC:"level='asInvoker' uiAccess='false'" /manifest:embed /DEBUG /PDB:"J:/Code/Kernel_v2/build/b4-debug/tests/unit/data/Debug/list_contract.pdb" /SUBSYSTEM:CONSOLE /TLBID:1 /DYNAMICBASE /NXCOMPAT /IMPLIB:"J:/Code/Kernel_v2/build/b4-debug/tests/unit/data/Debug/list_contract.lib" /MACHINE:X64  /machine:x64 list_contract.dir\Debug\list.obj
list_contract.vcxproj -> J:\Code\Kernel_v2\build\b4-debug\tests\unit\data\Debug\list_contract.exe
