适用于 .NET Framework MSBuild 版本 17.14.23+b0019275e

  1>Checking Build System
  ock_Data.vcxproj -> J:\Code\Kernel_v2\build\b2-sdk-asan\Debug\ock_Data.lib
  host.cpp
  ock_probe_asan.vcxproj -> J:\Code\Kernel_v2\build\b2-sdk-asan\Debug\ock_probe_asan.exe
  ock_probe_expected.vcxproj -> J:\Code\Kernel_v2\build\b2-sdk-asan\Debug\ock_probe_expected.exe
  Building Custom Rule J:/Code/Kernel_v2/CMakeLists.txt
  Building Custom Rule J:/Code/Kernel_v2/CMakeLists.txt
  ock_probe_toolchain.vcxproj -> J:\Code\Kernel_v2\build\b2-sdk-asan\Debug\ock_probe_toolchain.exe
  ock_probe_jsoncons.vcxproj -> J:\Code\Kernel_v2\build\b2-sdk-asan\Debug\ock_probe_jsoncons.exe
  asio.cpp
  ock_ControlProtocol.vcxproj -> J:\Code\Kernel_v2\build\b2-sdk-asan\Debug\ock_ControlProtocol.lib
  cli11.cpp
  sdk_metadata.cpp
  parser_seed_contract.vcxproj -> J:\Code\Kernel_v2\build\b2-sdk-asan\tests\unit\data\Debug\parser_seed_contract.exe
  Building Custom Rule J:/Code/Kernel_v2/CMakeLists.txt
  Building Custom Rule J:/Code/Kernel_v2/CMakeLists.txt
  payload_contract.vcxproj -> J:\Code\Kernel_v2\build\b2-sdk-asan\tests\unit\data\Debug\payload_contract.exe
  client.cpp
  protocol_contract.vcxproj -> J:\Code\Kernel_v2\build\b2-sdk-asan\tests\unit\data\Debug\protocol_contract.exe
  native_security.cpp
  ock_sdk_metadata_probe.vcxproj -> J:\Code\Kernel_v2\build\b2-sdk-asan\Debug\ock_sdk_metadata_probe.exe
  observation_wire_contract.vcxproj -> J:\Code\Kernel_v2\build\b2-sdk-asan\tests\unit\data\Debug\observation_wire_contract.exe
  intent.cpp
  pipe.cpp
  ock_probe_cli11.vcxproj -> J:\Code\Kernel_v2\build\b2-sdk-asan\Debug\ock_probe_cli11.exe
  watch.cpp
  ock_probe_asio.vcxproj -> J:\Code\Kernel_v2\build\b2-sdk-asan\Debug\ock_probe_asio.exe
  ock_Runtime.vcxproj -> J:\Code\Kernel_v2\build\b2-sdk-asan\Debug\ock_Runtime.lib
  ock_Dynamic.vcxproj -> J:\Code\Kernel_v2\build\b2-sdk-asan\Debug\ock_Dynamic.lib
  fault_host_unit.cpp
  host_tests.cpp
  invoke_method.cpp
  正在生成代码...
  binding_parity.vcxproj -> J:\Code\Kernel_v2\build\b2-sdk-asan\tests\unit\data\Debug\binding_parity.exe
  正在生成代码...
  outcome_wire_contract.vcxproj -> J:\Code\Kernel_v2\build\b2-sdk-asan\tests\unit\data\Debug\outcome_wire_contract.exe
  schema_contract.vcxproj -> J:\Code\Kernel_v2\build\b2-sdk-asan\tests\unit\data\Debug\schema_contract.exe
  observation_transport.cpp
  ock_Adapter_LocalIPC.vcxproj -> J:\Code\Kernel_v2\build\b2-sdk-asan\Debug\ock_Adapter_LocalIPC.lib
  Building Custom Rule J:/Code/Kernel_v2/tests/integration/windows_ipc/CMakeLists.txt
  Building Custom Rule J:/Code/Kernel_v2/tests/integration/windows_ipc/CMakeLists.txt
  ock_ControlClient.vcxproj -> J:\Code\Kernel_v2\build\b2-sdk-asan\Debug\ock_ControlClient.lib
  Building Custom Rule J:/Code/Kernel_v2/tests/integration/cli/CMakeLists.txt
  Building Custom Rule J:/Code/Kernel_v2/apps/ock/CMakeLists.txt
  pressure_peer.cpp
  peer.cpp
  fault_main.cpp
  main.cpp
  正在生成代码...
  client_contract.cpp
  ock_ipc_pressure_peer.vcxproj -> J:\Code\Kernel_v2\build\b2-sdk-asan\tests\integration\windows_ipc\Debug\ock_ipc_pressure_peer.exe
  ock_ipc_peer.vcxproj -> J:\Code\Kernel_v2\build\b2-sdk-asan\tests\integration\windows_ipc\Debug\ock_ipc_peer.exe
  正在生成代码...
  ock_Control.vcxproj -> J:\Code\Kernel_v2\build\b2-sdk-asan\Debug\ock_Control.lib
  
  正在搜索库
      正在搜索 ..\..\..\Debug\ock_Runtime.lib:
      正在搜索 E:\Windows Kits\10\lib\10.0.26100.0\um\x64\bcrypt.lib:
      正在搜索 E:\Windows Kits\10\lib\10.0.26100.0\um\x64\kernel32.lib:
      正在搜索 E:\Windows Kits\10\lib\10.0.26100.0\um\x64\user32.lib:
      正在搜索 E:\Windows Kits\10\lib\10.0.26100.0\um\x64\gdi32.lib:
      正在搜索 E:\Windows Kits\10\lib\10.0.26100.0\um\x64\winspool.lib:
      正在搜索 E:\Windows Kits\10\lib\10.0.26100.0\um\x64\shell32.lib:
      正在搜索 E:\Windows Kits\10\lib\10.0.26100.0\um\x64\ole32.lib:
      正在搜索 E:\Windows Kits\10\lib\10.0.26100.0\um\x64\oleaut32.lib:
      正在搜索 E:\Windows Kits\10\lib\10.0.26100.0\um\x64\uuid.lib:
      正在搜索 E:\Windows Kits\10\lib\10.0.26100.0\um\x64\comdlg32.lib:
      正在搜索 E:\Windows Kits\10\lib\10.0.26100.0\um\x64\advapi32.lib:
      正在搜索 E:\vs2022IDE\VC\Tools\MSVC\14.44.35207\lib\x64\clang_rt.asan_dynamic_runtime_thunk-x86_64.lib:
      正在搜索 E:\vs2022IDE\VC\Tools\MSVC\14.44.35207\lib\x64\msvcprtd.lib:
      正在搜索 E:\vs2022IDE\VC\Tools\MSVC\14.44.35207\lib\x64\stl_asan.lib:
      正在搜索 E:\vs2022IDE\VC\Tools\MSVC\14.44.35207\lib\x64\clang_rt.asan_dynamic-x86_64.lib:
      正在搜索 E:\vs2022IDE\VC\Tools\MSVC\14.44.35207\lib\x64\MSVCRTD.lib:
      正在搜索 E:\vs2022IDE\VC\Tools\MSVC\14.44.35207\lib\x64\OLDNAMES.lib:
      正在搜索 E:\vs2022IDE\VC\Tools\MSVC\14.44.35207\lib\x64\VCASAND.lib:
      正在搜索 E:\vs2022IDE\VC\Tools\MSVC\14.44.35207\lib\x64\vcruntimed.lib:
      正在搜索 E:\Windows Kits\10\lib\10.0.26100.0\ucrt\x64\ucrtd.lib:
      正在搜索 E:\vs2022IDE\VC\Tools\MSVC\14.44.35207\lib\x64\legacy_stdio_wide_specifiers.lib:
      正在搜索 ..\..\..\Debug\ock_Runtime.lib:
      正在搜索 E:\Windows Kits\10\lib\10.0.26100.0\um\x64\bcrypt.lib:
      正在搜索 E:\Windows Kits\10\lib\10.0.26100.0\um\x64\kernel32.lib:
      正在搜索 E:\Windows Kits\10\lib\10.0.26100.0\um\x64\user32.lib:
      正在搜索 E:\Windows Kits\10\lib\10.0.26100.0\um\x64\gdi32.lib:
      正在搜索 E:\Windows Kits\10\lib\10.0.26100.0\um\x64\winspool.lib:
      正在搜索 E:\Windows Kits\10\lib\10.0.26100.0\um\x64\shell32.lib:
      正在搜索 E:\Windows Kits\10\lib\10.0.26100.0\um\x64\ole32.lib:
      正在搜索 E:\Windows Kits\10\lib\10.0.26100.0\um\x64\oleaut32.lib:
      正在搜索 E:\Windows Kits\10\lib\10.0.26100.0\um\x64\uuid.lib:
      正在搜索 E:\Windows Kits\10\lib\10.0.26100.0\um\x64\comdlg32.lib:
      正在搜索 E:\Windows Kits\10\lib\10.0.26100.0\um\x64\advapi32.lib:
      正在搜索 E:\vs2022IDE\VC\Tools\MSVC\14.44.35207\lib\x64\clang_rt.asan_dynamic_runtime_thunk-x86_64.lib:
      正在搜索 E:\vs2022IDE\VC\Tools\MSVC\14.44.35207\lib\x64\msvcprtd.lib:
      正在搜索 E:\vs2022IDE\VC\Tools\MSVC\14.44.35207\lib\x64\stl_asan.lib:
      正在搜索 E:\vs2022IDE\VC\Tools\MSVC\14.44.35207\lib\x64\clang_rt.asan_dynamic-x86_64.lib:
      正在搜索 E:\vs2022IDE\VC\Tools\MSVC\14.44.35207\lib\x64\MSVCRTD.lib:
      正在搜索 E:\vs2022IDE\VC\Tools\MSVC\14.44.35207\lib\x64\OLDNAMES.lib:
      正在搜索 E:\vs2022IDE\VC\Tools\MSVC\14.44.35207\lib\x64\VCASAND.lib:
      正在搜索 E:\vs2022IDE\VC\Tools\MSVC\14.44.35207\lib\x64\vcruntimed.lib:
      正在搜索 E:\Windows Kits\10\lib\10.0.26100.0\ucrt\x64\ucrtd.lib:
      正在搜索 E:\vs2022IDE\VC\Tools\MSVC\14.44.35207\lib\x64\legacy_stdio_wide_specifiers.lib:
      正在搜索 ..\..\..\Debug\ock_Runtime.lib:
      正在搜索 E:\Windows Kits\10\lib\10.0.26100.0\um\x64\bcrypt.lib:
      正在搜索 E:\Windows Kits\10\lib\10.0.26100.0\um\x64\kernel32.lib:
      正在搜索 E:\Windows Kits\10\lib\10.0.26100.0\um\x64\user32.lib:
      正在搜索 E:\Windows Kits\10\lib\10.0.26100.0\um\x64\gdi32.lib:
      正在搜索 E:\Windows Kits\10\lib\10.0.26100.0\um\x64\winspool.lib:
      正在搜索 E:\Windows Kits\10\lib\10.0.26100.0\um\x64\shell32.lib:
      正在搜索 E:\Windows Kits\10\lib\10.0.26100.0\um\x64\ole32.lib:
      正在搜索 E:\Windows Kits\10\lib\10.0.26100.0\um\x64\oleaut32.lib:
      正在搜索 E:\Windows Kits\10\lib\10.0.26100.0\um\x64\uuid.lib:
      正在搜索 E:\Windows Kits\10\lib\10.0.26100.0\um\x64\comdlg32.lib:
      正在搜索 E:\Windows Kits\10\lib\10.0.26100.0\um\x64\advapi32.lib:
      正在搜索 E:\vs2022IDE\VC\Tools\MSVC\14.44.35207\lib\x64\clang_rt.asan_dynamic_runtime_thunk-x86_64.lib:
      正在搜索 E:\vs2022IDE\VC\Tools\MSVC\14.44.35207\lib\x64\msvcprtd.lib:
      正在搜索 E:\vs2022IDE\VC\Tools\MSVC\14.44.35207\lib\x64\stl_asan.lib:
      正在搜索 E:\vs2022IDE\VC\Tools\MSVC\14.44.35207\lib\x64\clang_rt.asan_dynamic-x86_64.lib:
      正在搜索 E:\vs2022IDE\VC\Tools\MSVC\14.44.35207\lib\x64\MSVCRTD.lib:
      正在搜索 E:\vs2022IDE\VC\Tools\MSVC\14.44.35207\lib\x64\OLDNAMES.lib:
      正在搜索 E:\vs2022IDE\VC\Tools\MSVC\14.44.35207\lib\x64\VCASAND.lib:
      正在搜索 E:\vs2022IDE\VC\Tools\MSVC\14.44.35207\lib\x64\vcruntimed.lib:
      正在搜索 E:\Windows Kits\10\lib\10.0.26100.0\ucrt\x64\ucrtd.lib:
      正在搜索 E:\vs2022IDE\VC\Tools\MSVC\14.44.35207\lib\x64\legacy_stdio_wide_specifiers.lib:
      正在搜索 ..\..\..\Debug\ock_Runtime.lib:
      正在搜索 E:\Windows Kits\10\lib\10.0.26100.0\um\x64\bcrypt.lib:
  
  已完成库搜索
  
  正在搜索库
      正在搜索 ..\..\..\Debug\ock_Runtime.lib:
      正在搜索 E:\Windows Kits\10\lib\10.0.26100.0\um\x64\bcrypt.lib:
      正在搜索 E:\Windows Kits\10\lib\10.0.26100.0\um\x64\kernel32.lib:
      正在搜索 E:\Windows Kits\10\lib\10.0.26100.0\um\x64\user32.lib:
      正在搜索 E:\Windows Kits\10\lib\10.0.26100.0\um\x64\gdi32.lib:
      正在搜索 E:\Windows Kits\10\lib\10.0.26100.0\um\x64\winspool.lib:
      正在搜索 E:\Windows Kits\10\lib\10.0.26100.0\um\x64\shell32.lib:
      正在搜索 E:\Windows Kits\10\lib\10.0.26100.0\um\x64\ole32.lib:
      正在搜索 E:\Windows Kits\10\lib\10.0.26100.0\um\x64\oleaut32.lib:
      正在搜索 E:\Windows Kits\10\lib\10.0.26100.0\um\x64\uuid.lib:
      正在搜索 E:\Windows Kits\10\lib\10.0.26100.0\um\x64\comdlg32.lib:
      正在搜索 E:\Windows Kits\10\lib\10.0.26100.0\um\x64\advapi32.lib:
      正在搜索 E:\vs2022IDE\VC\Tools\MSVC\14.44.35207\lib\x64\clang_rt.asan_dynamic_runtime_thunk-x86_64.lib:
      正在搜索 E:\vs2022IDE\VC\Tools\MSVC\14.44.35207\lib\x64\msvcprtd.lib:
      正在搜索 E:\vs2022IDE\VC\Tools\MSVC\14.44.35207\lib\x64\stl_asan.lib:
      正在搜索 E:\vs2022IDE\VC\Tools\MSVC\14.44.35207\lib\x64\clang_rt.asan_dynamic-x86_64.lib:
      正在搜索 E:\vs2022IDE\VC\Tools\MSVC\14.44.35207\lib\x64\MSVCRTD.lib:
      正在搜索 E:\vs2022IDE\VC\Tools\MSVC\14.44.35207\lib\x64\OLDNAMES.lib:
      正在搜索 E:\vs2022IDE\VC\Tools\MSVC\14.44.35207\lib\x64\VCASAND.lib:
      正在搜索 E:\vs2022IDE\VC\Tools\MSVC\14.44.35207\lib\x64\vcruntimed.lib:
      正在搜索 E:\Windows Kits\10\lib\10.0.26100.0\ucrt\x64\ucrtd.lib:
      正在搜索 E:\vs2022IDE\VC\Tools\MSVC\14.44.35207\lib\x64\legacy_stdio_wide_specifiers.lib:
  
  已完成库搜索
  
  正在搜索库
      正在搜索 ..\..\..\Debug\ock_Runtime.lib:
      正在搜索 E:\Windows Kits\10\lib\10.0.26100.0\um\x64\bcrypt.lib:
      正在搜索 E:\Windows Kits\10\lib\10.0.26100.0\um\x64\kernel32.lib:
      正在搜索 E:\Windows Kits\10\lib\10.0.26100.0\um\x64\user32.lib:
      正在搜索 E:\Windows Kits\10\lib\10.0.26100.0\um\x64\gdi32.lib:
      正在搜索 E:\Windows Kits\10\lib\10.0.26100.0\um\x64\winspool.lib:
      正在搜索 E:\Windows Kits\10\lib\10.0.26100.0\um\x64\shell32.lib:
      正在搜索 E:\Windows Kits\10\lib\10.0.26100.0\um\x64\ole32.lib:
      正在搜索 E:\Windows Kits\10\lib\10.0.26100.0\um\x64\oleaut32.lib:
      正在搜索 E:\Windows Kits\10\lib\10.0.26100.0\um\x64\uuid.lib:
      正在搜索 E:\Windows Kits\10\lib\10.0.26100.0\um\x64\comdlg32.lib:
      正在搜索 E:\Windows Kits\10\lib\10.0.26100.0\um\x64\advapi32.lib:
      正在搜索 E:\vs2022IDE\VC\Tools\MSVC\14.44.35207\lib\x64\clang_rt.asan_dynamic_runtime_thunk-x86_64.lib:
      正在搜索 E:\vs2022IDE\VC\Tools\MSVC\14.44.35207\lib\x64\msvcprtd.lib:
      正在搜索 E:\vs2022IDE\VC\Tools\MSVC\14.44.35207\lib\x64\stl_asan.lib:
      正在搜索 E:\vs2022IDE\VC\Tools\MSVC\14.44.35207\lib\x64\clang_rt.asan_dynamic-x86_64.lib:
      正在搜索 E:\vs2022IDE\VC\Tools\MSVC\14.44.35207\lib\x64\MSVCRTD.lib:
      正在搜索 E:\vs2022IDE\VC\Tools\MSVC\14.44.35207\lib\x64\OLDNAMES.lib:
      正在搜索 E:\vs2022IDE\VC\Tools\MSVC\14.44.35207\lib\x64\VCASAND.lib:
      正在搜索 E:\vs2022IDE\VC\Tools\MSVC\14.44.35207\lib\x64\vcruntimed.lib:
      正在搜索 E:\Windows Kits\10\lib\10.0.26100.0\ucrt\x64\ucrtd.lib:
      正在搜索 E:\vs2022IDE\VC\Tools\MSVC\14.44.35207\lib\x64\legacy_stdio_wide_specifiers.lib:
  
  已完成库搜索
  
  正在搜索库
      正在搜索 ..\..\..\Debug\ock_Runtime.lib:
      正在搜索 E:\Windows Kits\10\lib\10.0.26100.0\um\x64\bcrypt.lib:
      正在搜索 E:\Windows Kits\10\lib\10.0.26100.0\um\x64\kernel32.lib:
      正在搜索 E:\Windows Kits\10\lib\10.0.26100.0\um\x64\user32.lib:
      正在搜索 E:\Windows Kits\10\lib\10.0.26100.0\um\x64\gdi32.lib:
      正在搜索 E:\Windows Kits\10\lib\10.0.26100.0\um\x64\winspool.lib:
      正在搜索 E:\Windows Kits\10\lib\10.0.26100.0\um\x64\shell32.lib:
      正在搜索 E:\Windows Kits\10\lib\10.0.26100.0\um\x64\ole32.lib:
      正在搜索 E:\Windows Kits\10\lib\10.0.26100.0\um\x64\oleaut32.lib:
      正在搜索 E:\Windows Kits\10\lib\10.0.26100.0\um\x64\uuid.lib:
      正在搜索 E:\Windows Kits\10\lib\10.0.26100.0\um\x64\comdlg32.lib:
      正在搜索 E:\Windows Kits\10\lib\10.0.26100.0\um\x64\advapi32.lib:
      正在搜索 E:\vs2022IDE\VC\Tools\MSVC\14.44.35207\lib\x64\clang_rt.asan_dynamic_runtime_thunk-x86_64.lib:
      正在搜索 E:\vs2022IDE\VC\Tools\MSVC\14.44.35207\lib\x64\msvcprtd.lib:
      正在搜索 E:\vs2022IDE\VC\Tools\MSVC\14.44.35207\lib\x64\stl_asan.lib:
      正在搜索 E:\vs2022IDE\VC\Tools\MSVC\14.44.35207\lib\x64\clang_rt.asan_dynamic-x86_64.lib:
      正在搜索 E:\vs2022IDE\VC\Tools\MSVC\14.44.35207\lib\x64\MSVCRTD.lib:
      正在搜索 E:\vs2022IDE\VC\Tools\MSVC\14.44.35207\lib\x64\OLDNAMES.lib:
      正在搜索 E:\vs2022IDE\VC\Tools\MSVC\14.44.35207\lib\x64\VCASAND.lib:
      正在搜索 E:\vs2022IDE\VC\Tools\MSVC\14.44.35207\lib\x64\vcruntimed.lib:
      正在搜索 E:\Windows Kits\10\lib\10.0.26100.0\ucrt\x64\ucrtd.lib:
      正在搜索 E:\vs2022IDE\VC\Tools\MSVC\14.44.35207\lib\x64\legacy_stdio_wide_specifiers.lib:
  
  已完成库搜索
  
  正在搜索库
      正在搜索 ..\..\..\Debug\ock_Runtime.lib:
      正在搜索 E:\Windows Kits\10\lib\10.0.26100.0\um\x64\bcrypt.lib:
      正在搜索 E:\Windows Kits\10\lib\10.0.26100.0\um\x64\kernel32.lib:
      正在搜索 E:\Windows Kits\10\lib\10.0.26100.0\um\x64\user32.lib:
      正在搜索 E:\Windows Kits\10\lib\10.0.26100.0\um\x64\gdi32.lib:
      正在搜索 E:\Windows Kits\10\lib\10.0.26100.0\um\x64\winspool.lib:
      正在搜索 E:\Windows Kits\10\lib\10.0.26100.0\um\x64\shell32.lib:
      正在搜索 E:\Windows Kits\10\lib\10.0.26100.0\um\x64\ole32.lib:
      正在搜索 E:\Windows Kits\10\lib\10.0.26100.0\um\x64\oleaut32.lib:
      正在搜索 E:\Windows Kits\10\lib\10.0.26100.0\um\x64\uuid.lib:
      正在搜索 E:\Windows Kits\10\lib\10.0.26100.0\um\x64\comdlg32.lib:
      正在搜索 E:\Windows Kits\10\lib\10.0.26100.0\um\x64\advapi32.lib:
      正在搜索 E:\vs2022IDE\VC\Tools\MSVC\14.44.35207\lib\x64\clang_rt.asan_dynamic_runtime_thunk-x86_64.lib:
      正在搜索 E:\vs2022IDE\VC\Tools\MSVC\14.44.35207\lib\x64\msvcprtd.lib:
      正在搜索 E:\vs2022IDE\VC\Tools\MSVC\14.44.35207\lib\x64\stl_asan.lib:
      正在搜索 E:\vs2022IDE\VC\Tools\MSVC\14.44.35207\lib\x64\clang_rt.asan_dynamic-x86_64.lib:
      正在搜索 E:\vs2022IDE\VC\Tools\MSVC\14.44.35207\lib\x64\MSVCRTD.lib:
      正在搜索 E:\vs2022IDE\VC\Tools\MSVC\14.44.35207\lib\x64\OLDNAMES.lib:
      正在搜索 E:\vs2022IDE\VC\Tools\MSVC\14.44.35207\lib\x64\VCASAND.lib:
      正在搜索 E:\vs2022IDE\VC\Tools\MSVC\14.44.35207\lib\x64\vcruntimed.lib:
  
  已完成库搜索
  ock_host_tests.vcxproj -> J:\Code\Kernel_v2\build\b2-sdk-asan\tests\contract\host\Debug\ock_host_tests.exe
  ock_host_fault_tests.vcxproj -> J:\Code\Kernel_v2\build\b2-sdk-asan\tests\contract\host\Debug\ock_host_fault_tests.exe
  Building Custom Rule J:/Code/Kernel_v2/tests/integration/cli/CMakeLists.txt
  Building Custom Rule J:/Code/Kernel_v2/examples/stateless_service/CMakeLists.txt
  control_main.cpp
  ock.vcxproj -> J:\Code\Kernel_v2\build\b2-sdk-asan\apps\ock\Debug\ock.exe
  Building Custom Rule J:/Code/Kernel_v2/tests/integration/windows_ipc/CMakeLists.txt
  native.cpp
  observation_peer.cpp
  cursor_contract.vcxproj -> J:\Code\Kernel_v2\build\b2-sdk-asan\tests\unit\data\Debug\cursor_contract.exe
  get_contract.vcxproj -> J:\Code\Kernel_v2\build\b2-sdk-asan\tests\unit\data\Debug\get_contract.exe
  router_contract.vcxproj -> J:\Code\Kernel_v2\build\b2-sdk-asan\tests\unit\data\Debug\router_contract.exe
  service.cpp
  subscription_contract.vcxproj -> J:\Code\Kernel_v2\build\b2-sdk-asan\tests\unit\data\Debug\subscription_contract.exe
  ock_client_contract.vcxproj -> J:\Code\Kernel_v2\build\b2-sdk-asan\tests\integration\cli\Debug\ock_client_contract.exe
  cost_samples.cpp
  catalog_contract.vcxproj -> J:\Code\Kernel_v2\build\b2-sdk-asan\tests\unit\data\Debug\catalog_contract.exe
  ock_ipc_observation_peer.vcxproj -> J:\Code\Kernel_v2\build\b2-sdk-asan\tests\integration\windows_ipc\Debug\ock_ipc_observation_peer.exe
  list_contract.vcxproj -> J:\Code\Kernel_v2\build\b2-sdk-asan\tests\unit\data\Debug\list_contract.exe
  service.cpp
  dynamic_native_contract.vcxproj -> J:\Code\Kernel_v2\build\b2-sdk-asan\tests\unit\data\Debug\dynamic_native_contract.exe
  正在生成代码...
  ock_stateless_service.vcxproj -> J:\Code\Kernel_v2\build\b2-sdk-asan\examples\stateless_service\Debug\ock_stateless_service.exe
  allocation_probe.cpp
  正在生成代码...
  ock_b3_cost_samples.vcxproj -> J:\Code\Kernel_v2\build\b2-sdk-asan\tests\integration\cli\Debug\ock_b3_cost_samples.exe
