{
  "backtraceGraph" : 
  {
    "commands" : 
    [
      "add_test",
      "include"
    ],
    "files" : 
    [
      "E:/VS2019Qt5.15/3D/build/win-msvc-debug/D0.03Tests.cmake",
      "E:/VS2019Qt5.15/3D/CMakeLists.txt"
    ],
    "nodes" : 
    [
      {
        "file" : 1
      },
      {
        "command" : 1,
        "file" : 1,
        "line" : 34,
        "parent" : 0
      },
      {
        "file" : 0,
        "parent" : 1
      },
      {
        "command" : 0,
        "file" : 0,
        "line" : 1,
        "parent" : 2
      },
      {
        "file" : 1
      },
      {
        "command" : 1,
        "file" : 1,
        "line" : 34,
        "parent" : 4
      },
      {
        "file" : 0,
        "parent" : 5
      },
      {
        "command" : 0,
        "file" : 0,
        "line" : 3,
        "parent" : 6
      },
      {
        "file" : 1
      },
      {
        "command" : 1,
        "file" : 1,
        "line" : 34,
        "parent" : 8
      },
      {
        "file" : 0,
        "parent" : 9
      },
      {
        "command" : 0,
        "file" : 0,
        "line" : 5,
        "parent" : 10
      },
      {
        "file" : 1
      },
      {
        "command" : 1,
        "file" : 1,
        "line" : 34,
        "parent" : 12
      },
      {
        "file" : 0,
        "parent" : 13
      },
      {
        "command" : 0,
        "file" : 0,
        "line" : 7,
        "parent" : 14
      },
      {
        "file" : 1
      },
      {
        "command" : 1,
        "file" : 1,
        "line" : 34,
        "parent" : 16
      },
      {
        "file" : 0,
        "parent" : 17
      },
      {
        "command" : 0,
        "file" : 0,
        "line" : 9,
        "parent" : 18
      },
      {
        "file" : 1
      },
      {
        "command" : 1,
        "file" : 1,
        "line" : 34,
        "parent" : 20
      },
      {
        "file" : 0,
        "parent" : 21
      },
      {
        "command" : 0,
        "file" : 0,
        "line" : 11,
        "parent" : 22
      },
      {
        "file" : 1
      },
      {
        "command" : 1,
        "file" : 1,
        "line" : 34,
        "parent" : 24
      },
      {
        "file" : 0,
        "parent" : 25
      },
      {
        "command" : 0,
        "file" : 0,
        "line" : 13,
        "parent" : 26
      },
      {
        "file" : 1
      },
      {
        "command" : 1,
        "file" : 1,
        "line" : 34,
        "parent" : 28
      },
      {
        "file" : 0,
        "parent" : 29
      },
      {
        "command" : 0,
        "file" : 0,
        "line" : 15,
        "parent" : 30
      },
      {
        "file" : 1
      },
      {
        "command" : 1,
        "file" : 1,
        "line" : 34,
        "parent" : 32
      },
      {
        "file" : 0,
        "parent" : 33
      },
      {
        "command" : 0,
        "file" : 0,
        "line" : 17,
        "parent" : 34
      },
      {
        "file" : 1
      },
      {
        "command" : 1,
        "file" : 1,
        "line" : 34,
        "parent" : 36
      },
      {
        "file" : 0,
        "parent" : 37
      },
      {
        "command" : 0,
        "file" : 0,
        "line" : 19,
        "parent" : 38
      },
      {
        "file" : 1
      },
      {
        "command" : 1,
        "file" : 1,
        "line" : 34,
        "parent" : 40
      },
      {
        "file" : 0,
        "parent" : 41
      },
      {
        "command" : 0,
        "file" : 0,
        "line" : 21,
        "parent" : 42
      },
      {
        "file" : 1
      },
      {
        "command" : 1,
        "file" : 1,
        "line" : 34,
        "parent" : 44
      },
      {
        "file" : 0,
        "parent" : 45
      },
      {
        "command" : 0,
        "file" : 0,
        "line" : 23,
        "parent" : 46
      },
      {
        "file" : 1
      },
      {
        "command" : 1,
        "file" : 1,
        "line" : 34,
        "parent" : 48
      },
      {
        "file" : 0,
        "parent" : 49
      },
      {
        "command" : 0,
        "file" : 0,
        "line" : 25,
        "parent" : 50
      },
      {
        "file" : 1
      },
      {
        "command" : 1,
        "file" : 1,
        "line" : 34,
        "parent" : 52
      },
      {
        "file" : 0,
        "parent" : 53
      },
      {
        "command" : 0,
        "file" : 0,
        "line" : 27,
        "parent" : 54
      },
      {
        "file" : 1
      },
      {
        "command" : 1,
        "file" : 1,
        "line" : 34,
        "parent" : 56
      },
      {
        "file" : 0,
        "parent" : 57
      },
      {
        "command" : 0,
        "file" : 0,
        "line" : 29,
        "parent" : 58
      },
      {
        "file" : 1
      },
      {
        "command" : 1,
        "file" : 1,
        "line" : 34,
        "parent" : 60
      },
      {
        "file" : 0,
        "parent" : 61
      },
      {
        "command" : 0,
        "file" : 0,
        "line" : 31,
        "parent" : 62
      },
      {
        "file" : 1
      },
      {
        "command" : 1,
        "file" : 1,
        "line" : 34,
        "parent" : 64
      },
      {
        "file" : 0,
        "parent" : 65
      },
      {
        "command" : 0,
        "file" : 0,
        "line" : 33,
        "parent" : 66
      },
      {
        "file" : 1
      },
      {
        "command" : 1,
        "file" : 1,
        "line" : 34,
        "parent" : 68
      },
      {
        "file" : 0,
        "parent" : 69
      },
      {
        "command" : 0,
        "file" : 0,
        "line" : 35,
        "parent" : 70
      },
      {
        "file" : 1
      },
      {
        "command" : 1,
        "file" : 1,
        "line" : 34,
        "parent" : 72
      },
      {
        "file" : 0,
        "parent" : 73
      },
      {
        "command" : 0,
        "file" : 0,
        "line" : 37,
        "parent" : 74
      },
      {
        "file" : 1
      },
      {
        "command" : 1,
        "file" : 1,
        "line" : 34,
        "parent" : 76
      },
      {
        "file" : 0,
        "parent" : 77
      },
      {
        "command" : 0,
        "file" : 0,
        "line" : 39,
        "parent" : 78
      },
      {
        "file" : 1
      },
      {
        "command" : 1,
        "file" : 1,
        "line" : 34,
        "parent" : 80
      },
      {
        "file" : 0,
        "parent" : 81
      },
      {
        "command" : 0,
        "file" : 0,
        "line" : 41,
        "parent" : 82
      },
      {
        "file" : 1
      },
      {
        "command" : 1,
        "file" : 1,
        "line" : 34,
        "parent" : 84
      },
      {
        "file" : 0,
        "parent" : 85
      },
      {
        "command" : 0,
        "file" : 0,
        "line" : 43,
        "parent" : 86
      },
      {
        "file" : 1
      },
      {
        "command" : 1,
        "file" : 1,
        "line" : 34,
        "parent" : 88
      },
      {
        "file" : 0,
        "parent" : 89
      },
      {
        "command" : 0,
        "file" : 0,
        "line" : 45,
        "parent" : 90
      },
      {
        "file" : 1
      },
      {
        "command" : 1,
        "file" : 1,
        "line" : 34,
        "parent" : 92
      },
      {
        "file" : 0,
        "parent" : 93
      },
      {
        "command" : 0,
        "file" : 0,
        "line" : 47,
        "parent" : 94
      },
      {
        "file" : 1
      },
      {
        "command" : 1,
        "file" : 1,
        "line" : 34,
        "parent" : 96
      },
      {
        "file" : 0,
        "parent" : 97
      },
      {
        "command" : 0,
        "file" : 0,
        "line" : 49,
        "parent" : 98
      },
      {
        "file" : 1
      },
      {
        "command" : 1,
        "file" : 1,
        "line" : 34,
        "parent" : 100
      },
      {
        "file" : 0,
        "parent" : 101
      },
      {
        "command" : 0,
        "file" : 0,
        "line" : 51,
        "parent" : 102
      },
      {
        "file" : 1
      },
      {
        "command" : 1,
        "file" : 1,
        "line" : 34,
        "parent" : 104
      },
      {
        "file" : 0,
        "parent" : 105
      },
      {
        "command" : 0,
        "file" : 0,
        "line" : 53,
        "parent" : 106
      },
      {
        "file" : 1
      },
      {
        "command" : 1,
        "file" : 1,
        "line" : 34,
        "parent" : 108
      },
      {
        "file" : 0,
        "parent" : 109
      },
      {
        "command" : 0,
        "file" : 0,
        "line" : 55,
        "parent" : 110
      },
      {
        "file" : 1
      },
      {
        "command" : 1,
        "file" : 1,
        "line" : 34,
        "parent" : 112
      },
      {
        "file" : 0,
        "parent" : 113
      },
      {
        "command" : 0,
        "file" : 0,
        "line" : 57,
        "parent" : 114
      },
      {
        "file" : 1
      },
      {
        "command" : 1,
        "file" : 1,
        "line" : 34,
        "parent" : 116
      },
      {
        "file" : 0,
        "parent" : 117
      },
      {
        "command" : 0,
        "file" : 0,
        "line" : 59,
        "parent" : 118
      },
      {
        "file" : 1
      },
      {
        "command" : 1,
        "file" : 1,
        "line" : 34,
        "parent" : 120
      },
      {
        "file" : 0,
        "parent" : 121
      },
      {
        "command" : 0,
        "file" : 0,
        "line" : 61,
        "parent" : 122
      },
      {
        "file" : 1
      },
      {
        "command" : 1,
        "file" : 1,
        "line" : 34,
        "parent" : 124
      },
      {
        "file" : 0,
        "parent" : 125
      },
      {
        "command" : 0,
        "file" : 0,
        "line" : 63,
        "parent" : 126
      },
      {
        "file" : 1
      },
      {
        "command" : 1,
        "file" : 1,
        "line" : 34,
        "parent" : 128
      },
      {
        "file" : 0,
        "parent" : 129
      },
      {
        "command" : 0,
        "file" : 0,
        "line" : 65,
        "parent" : 130
      },
      {
        "file" : 1
      },
      {
        "command" : 1,
        "file" : 1,
        "line" : 34,
        "parent" : 132
      },
      {
        "file" : 0,
        "parent" : 133
      },
      {
        "command" : 0,
        "file" : 0,
        "line" : 67,
        "parent" : 134
      },
      {
        "file" : 1
      },
      {
        "command" : 1,
        "file" : 1,
        "line" : 34,
        "parent" : 136
      },
      {
        "file" : 0,
        "parent" : 137
      },
      {
        "command" : 0,
        "file" : 0,
        "line" : 69,
        "parent" : 138
      },
      {
        "file" : 1
      },
      {
        "command" : 1,
        "file" : 1,
        "line" : 34,
        "parent" : 140
      },
      {
        "file" : 0,
        "parent" : 141
      },
      {
        "command" : 0,
        "file" : 0,
        "line" : 71,
        "parent" : 142
      },
      {
        "file" : 1
      },
      {
        "command" : 1,
        "file" : 1,
        "line" : 34,
        "parent" : 144
      },
      {
        "file" : 0,
        "parent" : 145
      },
      {
        "command" : 0,
        "file" : 0,
        "line" : 73,
        "parent" : 146
      },
      {
        "file" : 1
      },
      {
        "command" : 1,
        "file" : 1,
        "line" : 34,
        "parent" : 148
      },
      {
        "file" : 0,
        "parent" : 149
      },
      {
        "command" : 0,
        "file" : 0,
        "line" : 75,
        "parent" : 150
      },
      {
        "file" : 1
      },
      {
        "command" : 1,
        "file" : 1,
        "line" : 34,
        "parent" : 152
      },
      {
        "file" : 0,
        "parent" : 153
      },
      {
        "command" : 0,
        "file" : 0,
        "line" : 77,
        "parent" : 154
      },
      {
        "file" : 1
      },
      {
        "command" : 1,
        "file" : 1,
        "line" : 34,
        "parent" : 156
      },
      {
        "file" : 0,
        "parent" : 157
      },
      {
        "command" : 0,
        "file" : 0,
        "line" : 79,
        "parent" : 158
      },
      {
        "file" : 1
      },
      {
        "command" : 1,
        "file" : 1,
        "line" : 34,
        "parent" : 160
      },
      {
        "file" : 0,
        "parent" : 161
      },
      {
        "command" : 0,
        "file" : 0,
        "line" : 81,
        "parent" : 162
      },
      {
        "file" : 1
      },
      {
        "command" : 1,
        "file" : 1,
        "line" : 34,
        "parent" : 164
      },
      {
        "file" : 0,
        "parent" : 165
      },
      {
        "command" : 0,
        "file" : 0,
        "line" : 83,
        "parent" : 166
      },
      {
        "file" : 1
      },
      {
        "command" : 1,
        "file" : 1,
        "line" : 34,
        "parent" : 168
      },
      {
        "file" : 0,
        "parent" : 169
      },
      {
        "command" : 0,
        "file" : 0,
        "line" : 85,
        "parent" : 170
      }
    ]
  },
  "kind" : "ctestInfo",
  "tests" : 
  [
    {
      "backtrace" : 3,
      "command" : 
      [
        "C:/Users/xrx10/AppData/Local/Programs/Python/Python311/python.exe",
        "-X",
        "utf8",
        "E:/VS2019Qt5.15/3D/tools/testing/model_cases.py",
        "--case",
        "test_execution_model.ExecutionContracts.test_T02_outcome_nine_variants"
      ],
      "config" : "Debug",
      "name" : "T02.outcome.nine_variants",
      "properties" : 
      [
        {
          "name" : "ENVIRONMENT",
          "value" : 
          [
            "MSBUILDDISABLENODEREUSE=1"
          ]
        },
        {
          "name" : "LABELS",
          "value" : 
          [
            "D0.03"
          ]
        },
        {
          "name" : "TIMEOUT",
          "value" : 30.0
        },
        {
          "name" : "WORKING_DIRECTORY",
          "value" : "E:/VS2019Qt5.15/3D/build/win-msvc-debug"
        }
      ]
    },
    {
      "backtrace" : 7,
      "command" : 
      [
        "C:/Users/xrx10/AppData/Local/Programs/Python/Python311/python.exe",
        "-X",
        "utf8",
        "E:/VS2019Qt5.15/3D/tools/testing/model_cases.py",
        "--case",
        "test_execution_model.ExecutionContracts.test_T02_outcome_read_candidate"
      ],
      "config" : "Debug",
      "name" : "T02.outcome.read_candidate",
      "properties" : 
      [
        {
          "name" : "ENVIRONMENT",
          "value" : 
          [
            "MSBUILDDISABLENODEREUSE=1"
          ]
        },
        {
          "name" : "LABELS",
          "value" : 
          [
            "D0.03"
          ]
        },
        {
          "name" : "TIMEOUT",
          "value" : 30.0
        },
        {
          "name" : "WORKING_DIRECTORY",
          "value" : "E:/VS2019Qt5.15/3D/build/win-msvc-debug"
        }
      ]
    },
    {
      "backtrace" : 11,
      "command" : 
      [
        "C:/Users/xrx10/AppData/Local/Programs/Python/Python311/python.exe",
        "-X",
        "utf8",
        "E:/VS2019Qt5.15/3D/tools/testing/model_cases.py",
        "--case",
        "test_execution_model.ExecutionContracts.test_T02_outcome_effect_minimal_receipt"
      ],
      "config" : "Debug",
      "name" : "T02.outcome.effect_minimal_receipt",
      "properties" : 
      [
        {
          "name" : "ENVIRONMENT",
          "value" : 
          [
            "MSBUILDDISABLENODEREUSE=1"
          ]
        },
        {
          "name" : "LABELS",
          "value" : 
          [
            "D0.03"
          ]
        },
        {
          "name" : "TIMEOUT",
          "value" : 30.0
        },
        {
          "name" : "WORKING_DIRECTORY",
          "value" : "E:/VS2019Qt5.15/3D/build/win-msvc-debug"
        }
      ]
    },
    {
      "backtrace" : 15,
      "command" : 
      [
        "C:/Users/xrx10/AppData/Local/Programs/Python/Python311/python.exe",
        "-X",
        "utf8",
        "E:/VS2019Qt5.15/3D/tools/testing/model_cases.py",
        "--case",
        "test_execution_model.ExecutionContracts.test_T02_outcome_lifecycle_failed_transition"
      ],
      "config" : "Debug",
      "name" : "T02.outcome.lifecycle_failed_transition",
      "properties" : 
      [
        {
          "name" : "ENVIRONMENT",
          "value" : 
          [
            "MSBUILDDISABLENODEREUSE=1"
          ]
        },
        {
          "name" : "LABELS",
          "value" : 
          [
            "D0.03"
          ]
        },
        {
          "name" : "TIMEOUT",
          "value" : 30.0
        },
        {
          "name" : "WORKING_DIRECTORY",
          "value" : "E:/VS2019Qt5.15/3D/build/win-msvc-debug"
        }
      ]
    },
    {
      "backtrace" : 19,
      "command" : 
      [
        "C:/Users/xrx10/AppData/Local/Programs/Python/Python311/python.exe",
        "-X",
        "utf8",
        "E:/VS2019Qt5.15/3D/tools/testing/model_cases.py",
        "--case",
        "test_execution_model.ExecutionContracts.test_T02_outcome_plan_all_success"
      ],
      "config" : "Debug",
      "name" : "T02.outcome.plan_all_success",
      "properties" : 
      [
        {
          "name" : "ENVIRONMENT",
          "value" : 
          [
            "MSBUILDDISABLENODEREUSE=1"
          ]
        },
        {
          "name" : "LABELS",
          "value" : 
          [
            "D0.03"
          ]
        },
        {
          "name" : "TIMEOUT",
          "value" : 30.0
        },
        {
          "name" : "WORKING_DIRECTORY",
          "value" : "E:/VS2019Qt5.15/3D/build/win-msvc-debug"
        }
      ]
    },
    {
      "backtrace" : 23,
      "command" : 
      [
        "C:/Users/xrx10/AppData/Local/Programs/Python/Python311/python.exe",
        "-X",
        "utf8",
        "E:/VS2019Qt5.15/3D/tools/testing/model_cases.py",
        "--case",
        "test_execution_model.ExecutionContracts.test_T02_outcome_partial_and_unknown"
      ],
      "config" : "Debug",
      "name" : "T02.outcome.partial_and_unknown",
      "properties" : 
      [
        {
          "name" : "ENVIRONMENT",
          "value" : 
          [
            "MSBUILDDISABLENODEREUSE=1"
          ]
        },
        {
          "name" : "LABELS",
          "value" : 
          [
            "D0.03"
          ]
        },
        {
          "name" : "TIMEOUT",
          "value" : 30.0
        },
        {
          "name" : "WORKING_DIRECTORY",
          "value" : "E:/VS2019Qt5.15/3D/build/win-msvc-debug"
        }
      ]
    },
    {
      "backtrace" : 27,
      "command" : 
      [
        "C:/Users/xrx10/AppData/Local/Programs/Python/Python311/python.exe",
        "-X",
        "utf8",
        "E:/VS2019Qt5.15/3D/tools/testing/model_cases.py",
        "--case",
        "test_execution_model.ExecutionContracts.test_T12_outcome_evidence_matrix"
      ],
      "config" : "Debug",
      "name" : "T12.outcome.evidence_matrix",
      "properties" : 
      [
        {
          "name" : "ENVIRONMENT",
          "value" : 
          [
            "MSBUILDDISABLENODEREUSE=1"
          ]
        },
        {
          "name" : "LABELS",
          "value" : 
          [
            "D0.03"
          ]
        },
        {
          "name" : "TIMEOUT",
          "value" : 30.0
        },
        {
          "name" : "WORKING_DIRECTORY",
          "value" : "E:/VS2019Qt5.15/3D/build/win-msvc-debug"
        }
      ]
    },
    {
      "backtrace" : 31,
      "command" : 
      [
        "C:/Users/xrx10/AppData/Local/Programs/Python/Python311/python.exe",
        "-X",
        "utf8",
        "E:/VS2019Qt5.15/3D/tools/testing/model_cases.py",
        "--case",
        "test_execution_model.ExecutionContracts.test_T19_outcome_reply_layers"
      ],
      "config" : "Debug",
      "name" : "T19.outcome.reply_layers",
      "properties" : 
      [
        {
          "name" : "ENVIRONMENT",
          "value" : 
          [
            "MSBUILDDISABLENODEREUSE=1"
          ]
        },
        {
          "name" : "LABELS",
          "value" : 
          [
            "D0.03"
          ]
        },
        {
          "name" : "TIMEOUT",
          "value" : 30.0
        },
        {
          "name" : "WORKING_DIRECTORY",
          "value" : "E:/VS2019Qt5.15/3D/build/win-msvc-debug"
        }
      ]
    },
    {
      "backtrace" : 35,
      "command" : 
      [
        "C:/Users/xrx10/AppData/Local/Programs/Python/Python311/python.exe",
        "-X",
        "utf8",
        "E:/VS2019Qt5.15/3D/tools/testing/model_cases.py",
        "--case",
        "test_execution_model.ExecutionContracts.test_T06_execution_durable_acceptance"
      ],
      "config" : "Debug",
      "name" : "T06.execution.durable_acceptance",
      "properties" : 
      [
        {
          "name" : "ENVIRONMENT",
          "value" : 
          [
            "MSBUILDDISABLENODEREUSE=1"
          ]
        },
        {
          "name" : "LABELS",
          "value" : 
          [
            "D0.03"
          ]
        },
        {
          "name" : "TIMEOUT",
          "value" : 30.0
        },
        {
          "name" : "WORKING_DIRECTORY",
          "value" : "E:/VS2019Qt5.15/3D/build/win-msvc-debug"
        }
      ]
    },
    {
      "backtrace" : 39,
      "command" : 
      [
        "C:/Users/xrx10/AppData/Local/Programs/Python/Python311/python.exe",
        "-X",
        "utf8",
        "E:/VS2019Qt5.15/3D/tools/testing/model_cases.py",
        "--case",
        "test_execution_model.ExecutionContracts.test_T06_execution_inline_completion"
      ],
      "config" : "Debug",
      "name" : "T06.execution.inline_completion",
      "properties" : 
      [
        {
          "name" : "ENVIRONMENT",
          "value" : 
          [
            "MSBUILDDISABLENODEREUSE=1"
          ]
        },
        {
          "name" : "LABELS",
          "value" : 
          [
            "D0.03"
          ]
        },
        {
          "name" : "TIMEOUT",
          "value" : 30.0
        },
        {
          "name" : "WORKING_DIRECTORY",
          "value" : "E:/VS2019Qt5.15/3D/build/win-msvc-debug"
        }
      ]
    },
    {
      "backtrace" : 43,
      "command" : 
      [
        "C:/Users/xrx10/AppData/Local/Programs/Python/Python311/python.exe",
        "-X",
        "utf8",
        "E:/VS2019Qt5.15/3D/tools/testing/model_cases.py",
        "--case",
        "test_execution_model.ExecutionContracts.test_T06_execution_executor_rejection"
      ],
      "config" : "Debug",
      "name" : "T06.execution.executor_rejection",
      "properties" : 
      [
        {
          "name" : "ENVIRONMENT",
          "value" : 
          [
            "MSBUILDDISABLENODEREUSE=1"
          ]
        },
        {
          "name" : "LABELS",
          "value" : 
          [
            "D0.03"
          ]
        },
        {
          "name" : "TIMEOUT",
          "value" : 30.0
        },
        {
          "name" : "WORKING_DIRECTORY",
          "value" : "E:/VS2019Qt5.15/3D/build/win-msvc-debug"
        }
      ]
    },
    {
      "backtrace" : 47,
      "command" : 
      [
        "C:/Users/xrx10/AppData/Local/Programs/Python/Python311/python.exe",
        "-X",
        "utf8",
        "E:/VS2019Qt5.15/3D/tools/testing/model_cases.py",
        "--case",
        "test_execution_model.ExecutionContracts.test_T06_execution_duplicate_callback"
      ],
      "config" : "Debug",
      "name" : "T06.execution.duplicate_callback",
      "properties" : 
      [
        {
          "name" : "ENVIRONMENT",
          "value" : 
          [
            "MSBUILDDISABLENODEREUSE=1"
          ]
        },
        {
          "name" : "LABELS",
          "value" : 
          [
            "D0.03"
          ]
        },
        {
          "name" : "TIMEOUT",
          "value" : 30.0
        },
        {
          "name" : "WORKING_DIRECTORY",
          "value" : "E:/VS2019Qt5.15/3D/build/win-msvc-debug"
        }
      ]
    },
    {
      "backtrace" : 51,
      "command" : 
      [
        "C:/Users/xrx10/AppData/Local/Programs/Python/Python311/python.exe",
        "-X",
        "utf8",
        "E:/VS2019Qt5.15/3D/tools/testing/model_cases.py",
        "--case",
        "test_execution_model.ExecutionContracts.test_T06_execution_phase_edges"
      ],
      "config" : "Debug",
      "name" : "T06.execution.phase_edges",
      "properties" : 
      [
        {
          "name" : "ENVIRONMENT",
          "value" : 
          [
            "MSBUILDDISABLENODEREUSE=1"
          ]
        },
        {
          "name" : "LABELS",
          "value" : 
          [
            "D0.03"
          ]
        },
        {
          "name" : "TIMEOUT",
          "value" : 30.0
        },
        {
          "name" : "WORKING_DIRECTORY",
          "value" : "E:/VS2019Qt5.15/3D/build/win-msvc-debug"
        }
      ]
    },
    {
      "backtrace" : 55,
      "command" : 
      [
        "C:/Users/xrx10/AppData/Local/Programs/Python/Python311/python.exe",
        "-X",
        "utf8",
        "E:/VS2019Qt5.15/3D/tools/testing/model_cases.py",
        "--case",
        "test_execution_model.ExecutionContracts.test_T06_execution_suspended_owner"
      ],
      "config" : "Debug",
      "name" : "T06.execution.suspended_owner",
      "properties" : 
      [
        {
          "name" : "ENVIRONMENT",
          "value" : 
          [
            "MSBUILDDISABLENODEREUSE=1"
          ]
        },
        {
          "name" : "LABELS",
          "value" : 
          [
            "D0.03"
          ]
        },
        {
          "name" : "TIMEOUT",
          "value" : 30.0
        },
        {
          "name" : "WORKING_DIRECTORY",
          "value" : "E:/VS2019Qt5.15/3D/build/win-msvc-debug"
        }
      ]
    },
    {
      "backtrace" : 59,
      "command" : 
      [
        "C:/Users/xrx10/AppData/Local/Programs/Python/Python311/python.exe",
        "-X",
        "utf8",
        "E:/VS2019Qt5.15/3D/tools/testing/model_cases.py",
        "--case",
        "test_execution_model.ExecutionContracts.test_T12_execution_required_record_failure"
      ],
      "config" : "Debug",
      "name" : "T12.execution.required_record_failure",
      "properties" : 
      [
        {
          "name" : "ENVIRONMENT",
          "value" : 
          [
            "MSBUILDDISABLENODEREUSE=1"
          ]
        },
        {
          "name" : "LABELS",
          "value" : 
          [
            "D0.03"
          ]
        },
        {
          "name" : "TIMEOUT",
          "value" : 30.0
        },
        {
          "name" : "WORKING_DIRECTORY",
          "value" : "E:/VS2019Qt5.15/3D/build/win-msvc-debug"
        }
      ]
    },
    {
      "backtrace" : 63,
      "command" : 
      [
        "C:/Users/xrx10/AppData/Local/Programs/Python/Python311/python.exe",
        "-X",
        "utf8",
        "E:/VS2019Qt5.15/3D/tools/testing/model_cases.py",
        "--case",
        "test_execution_model.ExecutionContracts.test_T12_execution_isolation_lifetime"
      ],
      "config" : "Debug",
      "name" : "T12.execution.isolation_lifetime",
      "properties" : 
      [
        {
          "name" : "ENVIRONMENT",
          "value" : 
          [
            "MSBUILDDISABLENODEREUSE=1"
          ]
        },
        {
          "name" : "LABELS",
          "value" : 
          [
            "D0.03"
          ]
        },
        {
          "name" : "TIMEOUT",
          "value" : 30.0
        },
        {
          "name" : "WORKING_DIRECTORY",
          "value" : "E:/VS2019Qt5.15/3D/build/win-msvc-debug"
        }
      ]
    },
    {
      "backtrace" : 67,
      "command" : 
      [
        "C:/Users/xrx10/AppData/Local/Programs/Python/Python311/python.exe",
        "-X",
        "utf8",
        "E:/VS2019Qt5.15/3D/tools/testing/model_cases.py",
        "--case",
        "test_execution_model.ExecutionContracts.test_T06_execution_necessary_children"
      ],
      "config" : "Debug",
      "name" : "T06.execution.necessary_children",
      "properties" : 
      [
        {
          "name" : "ENVIRONMENT",
          "value" : 
          [
            "MSBUILDDISABLENODEREUSE=1"
          ]
        },
        {
          "name" : "LABELS",
          "value" : 
          [
            "D0.03"
          ]
        },
        {
          "name" : "TIMEOUT",
          "value" : 30.0
        },
        {
          "name" : "WORKING_DIRECTORY",
          "value" : "E:/VS2019Qt5.15/3D/build/win-msvc-debug"
        }
      ]
    },
    {
      "backtrace" : 71,
      "command" : 
      [
        "C:/Users/xrx10/AppData/Local/Programs/Python/Python311/python.exe",
        "-X",
        "utf8",
        "E:/VS2019Qt5.15/3D/tools/testing/model_cases.py",
        "--case",
        "test_execution_model.ExecutionContracts.test_T06_execution_plan_children_drained"
      ],
      "config" : "Debug",
      "name" : "T06.execution.plan_children_drained",
      "properties" : 
      [
        {
          "name" : "ENVIRONMENT",
          "value" : 
          [
            "MSBUILDDISABLENODEREUSE=1"
          ]
        },
        {
          "name" : "LABELS",
          "value" : 
          [
            "D0.03"
          ]
        },
        {
          "name" : "TIMEOUT",
          "value" : 30.0
        },
        {
          "name" : "WORKING_DIRECTORY",
          "value" : "E:/VS2019Qt5.15/3D/build/win-msvc-debug"
        }
      ]
    },
    {
      "backtrace" : 75,
      "command" : 
      [
        "C:/Users/xrx10/AppData/Local/Programs/Python/Python311/python.exe",
        "-X",
        "utf8",
        "E:/VS2019Qt5.15/3D/tools/testing/model_cases.py",
        "--case",
        "test_execution_model.ExecutionContracts.test_T06_execution_cancel_keeps_facts"
      ],
      "config" : "Debug",
      "name" : "T06.execution.cancel_keeps_facts",
      "properties" : 
      [
        {
          "name" : "ENVIRONMENT",
          "value" : 
          [
            "MSBUILDDISABLENODEREUSE=1"
          ]
        },
        {
          "name" : "LABELS",
          "value" : 
          [
            "D0.03"
          ]
        },
        {
          "name" : "TIMEOUT",
          "value" : 30.0
        },
        {
          "name" : "WORKING_DIRECTORY",
          "value" : "E:/VS2019Qt5.15/3D/build/win-msvc-debug"
        }
      ]
    },
    {
      "backtrace" : 79,
      "command" : 
      [
        "C:/Users/xrx10/AppData/Local/Programs/Python/Python311/python.exe",
        "-X",
        "utf8",
        "E:/VS2019Qt5.15/3D/tools/testing/model_cases.py",
        "--case",
        "test_execution_model.ExecutionContracts.test_T20_execution_atomic_candidate_progress"
      ],
      "config" : "Debug",
      "name" : "T20.execution.atomic_candidate_progress",
      "properties" : 
      [
        {
          "name" : "ENVIRONMENT",
          "value" : 
          [
            "MSBUILDDISABLENODEREUSE=1"
          ]
        },
        {
          "name" : "LABELS",
          "value" : 
          [
            "D0.03"
          ]
        },
        {
          "name" : "TIMEOUT",
          "value" : 30.0
        },
        {
          "name" : "WORKING_DIRECTORY",
          "value" : "E:/VS2019Qt5.15/3D/build/win-msvc-debug"
        }
      ]
    },
    {
      "backtrace" : 83,
      "command" : 
      [
        "C:/Users/xrx10/AppData/Local/Programs/Python/Python311/python.exe",
        "-X",
        "utf8",
        "E:/VS2019Qt5.15/3D/tools/testing/model_cases.py",
        "--case",
        "test_execution_model.ExecutionContracts.test_T12_execution_commit_publication_gate"
      ],
      "config" : "Debug",
      "name" : "T12.execution.commit_publication_gate",
      "properties" : 
      [
        {
          "name" : "ENVIRONMENT",
          "value" : 
          [
            "MSBUILDDISABLENODEREUSE=1"
          ]
        },
        {
          "name" : "LABELS",
          "value" : 
          [
            "D0.03"
          ]
        },
        {
          "name" : "TIMEOUT",
          "value" : 30.0
        },
        {
          "name" : "WORKING_DIRECTORY",
          "value" : "E:/VS2019Qt5.15/3D/build/win-msvc-debug"
        }
      ]
    },
    {
      "backtrace" : 87,
      "command" : 
      [
        "C:/Users/xrx10/AppData/Local/Programs/Python/Python311/python.exe",
        "-X",
        "utf8",
        "E:/VS2019Qt5.15/3D/tools/testing/model_cases.py",
        "--case",
        "test_execution_model.ExecutionContracts.test_T20_execution_observation_revision_independent"
      ],
      "config" : "Debug",
      "name" : "T20.execution.observation_revision_independent",
      "properties" : 
      [
        {
          "name" : "ENVIRONMENT",
          "value" : 
          [
            "MSBUILDDISABLENODEREUSE=1"
          ]
        },
        {
          "name" : "LABELS",
          "value" : 
          [
            "D0.03"
          ]
        },
        {
          "name" : "TIMEOUT",
          "value" : 30.0
        },
        {
          "name" : "WORKING_DIRECTORY",
          "value" : "E:/VS2019Qt5.15/3D/build/win-msvc-debug"
        }
      ]
    },
    {
      "backtrace" : 91,
      "command" : 
      [
        "C:/Users/xrx10/AppData/Local/Programs/Python/Python311/python.exe",
        "-X",
        "utf8",
        "E:/VS2019Qt5.15/3D/tools/testing/model_cases.py",
        "--case",
        "test_execution_model.ExecutionContracts.test_T20_execution_snapshot_consistency"
      ],
      "config" : "Debug",
      "name" : "T20.execution.snapshot_consistency",
      "properties" : 
      [
        {
          "name" : "ENVIRONMENT",
          "value" : 
          [
            "MSBUILDDISABLENODEREUSE=1"
          ]
        },
        {
          "name" : "LABELS",
          "value" : 
          [
            "D0.03"
          ]
        },
        {
          "name" : "TIMEOUT",
          "value" : 30.0
        },
        {
          "name" : "WORKING_DIRECTORY",
          "value" : "E:/VS2019Qt5.15/3D/build/win-msvc-debug"
        }
      ]
    },
    {
      "backtrace" : 95,
      "command" : 
      [
        "C:/Users/xrx10/AppData/Local/Programs/Python/Python311/python.exe",
        "-X",
        "utf8",
        "E:/VS2019Qt5.15/3D/tools/testing/model_cases.py",
        "--case",
        "test_execution_model.ExecutionContracts.test_T20_execution_version_exhaustion"
      ],
      "config" : "Debug",
      "name" : "T20.execution.version_exhaustion",
      "properties" : 
      [
        {
          "name" : "ENVIRONMENT",
          "value" : 
          [
            "MSBUILDDISABLENODEREUSE=1"
          ]
        },
        {
          "name" : "LABELS",
          "value" : 
          [
            "D0.03"
          ]
        },
        {
          "name" : "TIMEOUT",
          "value" : 30.0
        },
        {
          "name" : "WORKING_DIRECTORY",
          "value" : "E:/VS2019Qt5.15/3D/build/win-msvc-debug"
        }
      ]
    },
    {
      "backtrace" : 99,
      "command" : 
      [
        "C:/Users/xrx10/AppData/Local/Programs/Python/Python311/python.exe",
        "-X",
        "utf8",
        "E:/VS2019Qt5.15/3D/tools/testing/model_cases.py",
        "--case",
        "test_execution_model.ExecutionContracts.test_T12_execution_append_only_resolution"
      ],
      "config" : "Debug",
      "name" : "T12.execution.append_only_resolution",
      "properties" : 
      [
        {
          "name" : "ENVIRONMENT",
          "value" : 
          [
            "MSBUILDDISABLENODEREUSE=1"
          ]
        },
        {
          "name" : "LABELS",
          "value" : 
          [
            "D0.03"
          ]
        },
        {
          "name" : "TIMEOUT",
          "value" : 30.0
        },
        {
          "name" : "WORKING_DIRECTORY",
          "value" : "E:/VS2019Qt5.15/3D/build/win-msvc-debug"
        }
      ]
    },
    {
      "backtrace" : 103,
      "command" : 
      [
        "C:/Users/xrx10/AppData/Local/Programs/Python/Python311/python.exe",
        "-X",
        "utf8",
        "E:/VS2019Qt5.15/3D/tools/testing/model_cases.py",
        "--case",
        "test_execution_model.ExecutionContracts.test_T20_observer_late_notification"
      ],
      "config" : "Debug",
      "name" : "T20.observer.late_notification",
      "properties" : 
      [
        {
          "name" : "ENVIRONMENT",
          "value" : 
          [
            "MSBUILDDISABLENODEREUSE=1"
          ]
        },
        {
          "name" : "LABELS",
          "value" : 
          [
            "D0.03"
          ]
        },
        {
          "name" : "TIMEOUT",
          "value" : 30.0
        },
        {
          "name" : "WORKING_DIRECTORY",
          "value" : "E:/VS2019Qt5.15/3D/build/win-msvc-debug"
        }
      ]
    },
    {
      "backtrace" : 107,
      "command" : 
      [
        "C:/Users/xrx10/AppData/Local/Programs/Python/Python311/python.exe",
        "-X",
        "utf8",
        "E:/VS2019Qt5.15/3D/tools/testing/model_cases.py",
        "--case",
        "test_execution_model.ExecutionContracts.test_T20_observer_lost_terminal_notification"
      ],
      "config" : "Debug",
      "name" : "T20.observer.lost_terminal_notification",
      "properties" : 
      [
        {
          "name" : "ENVIRONMENT",
          "value" : 
          [
            "MSBUILDDISABLENODEREUSE=1"
          ]
        },
        {
          "name" : "LABELS",
          "value" : 
          [
            "D0.03"
          ]
        },
        {
          "name" : "TIMEOUT",
          "value" : 30.0
        },
        {
          "name" : "WORKING_DIRECTORY",
          "value" : "E:/VS2019Qt5.15/3D/build/win-msvc-debug"
        }
      ]
    },
    {
      "backtrace" : 111,
      "command" : 
      [
        "C:/Users/xrx10/AppData/Local/Programs/Python/Python311/python.exe",
        "-X",
        "utf8",
        "E:/VS2019Qt5.15/3D/tools/testing/model_cases.py",
        "--case",
        "test_execution_model.ExecutionContracts.test_T12_execution_reject_forged_publication"
      ],
      "config" : "Debug",
      "name" : "T12.execution.reject_forged_publication",
      "properties" : 
      [
        {
          "name" : "ENVIRONMENT",
          "value" : 
          [
            "MSBUILDDISABLENODEREUSE=1"
          ]
        },
        {
          "name" : "LABELS",
          "value" : 
          [
            "D0.03"
          ]
        },
        {
          "name" : "TIMEOUT",
          "value" : 30.0
        },
        {
          "name" : "WORKING_DIRECTORY",
          "value" : "E:/VS2019Qt5.15/3D/build/win-msvc-debug"
        }
      ]
    },
    {
      "backtrace" : 115,
      "command" : 
      [
        "C:/Users/xrx10/AppData/Local/Programs/Python/Python311/python.exe",
        "-X",
        "utf8",
        "E:/VS2019Qt5.15/3D/tools/testing/model_cases.py",
        "--case",
        "test_execution_model.ExecutionContracts.test_T06_execution_child_unknown_aggregation"
      ],
      "config" : "Debug",
      "name" : "T06.execution.child_unknown_aggregation",
      "properties" : 
      [
        {
          "name" : "ENVIRONMENT",
          "value" : 
          [
            "MSBUILDDISABLENODEREUSE=1"
          ]
        },
        {
          "name" : "LABELS",
          "value" : 
          [
            "D0.03"
          ]
        },
        {
          "name" : "TIMEOUT",
          "value" : 30.0
        },
        {
          "name" : "WORKING_DIRECTORY",
          "value" : "E:/VS2019Qt5.15/3D/build/win-msvc-debug"
        }
      ]
    },
    {
      "backtrace" : 119,
      "command" : 
      [
        "C:/Users/xrx10/AppData/Local/Programs/Python/Python311/python.exe",
        "-X",
        "utf8",
        "E:/VS2019Qt5.15/3D/tools/testing/model_cases.py",
        "--case",
        "test_execution_model.ExecutionContracts.test_T20_execution_child_projection_version"
      ],
      "config" : "Debug",
      "name" : "T20.execution.child_projection_version",
      "properties" : 
      [
        {
          "name" : "ENVIRONMENT",
          "value" : 
          [
            "MSBUILDDISABLENODEREUSE=1"
          ]
        },
        {
          "name" : "LABELS",
          "value" : 
          [
            "D0.03"
          ]
        },
        {
          "name" : "TIMEOUT",
          "value" : 30.0
        },
        {
          "name" : "WORKING_DIRECTORY",
          "value" : "E:/VS2019Qt5.15/3D/build/win-msvc-debug"
        }
      ]
    },
    {
      "backtrace" : 123,
      "command" : 
      [
        "C:/Users/xrx10/AppData/Local/Programs/Python/Python311/python.exe",
        "-X",
        "utf8",
        "E:/VS2019Qt5.15/3D/tools/testing/model_cases.py",
        "--case",
        "test_execution_model.ExecutionContracts.test_T20_observer_out_of_order_snapshot"
      ],
      "config" : "Debug",
      "name" : "T20.observer.out_of_order_snapshot",
      "properties" : 
      [
        {
          "name" : "ENVIRONMENT",
          "value" : 
          [
            "MSBUILDDISABLENODEREUSE=1"
          ]
        },
        {
          "name" : "LABELS",
          "value" : 
          [
            "D0.03"
          ]
        },
        {
          "name" : "TIMEOUT",
          "value" : 30.0
        },
        {
          "name" : "WORKING_DIRECTORY",
          "value" : "E:/VS2019Qt5.15/3D/build/win-msvc-debug"
        }
      ]
    },
    {
      "backtrace" : 127,
      "command" : 
      [
        "C:/Users/xrx10/AppData/Local/Programs/Python/Python311/python.exe",
        "-X",
        "utf8",
        "E:/VS2019Qt5.15/3D/tools/testing/model_cases.py",
        "--case",
        "test_execution_model.ExecutionContracts.test_T06_execution_queued_cancel"
      ],
      "config" : "Debug",
      "name" : "T06.execution.queued_cancel",
      "properties" : 
      [
        {
          "name" : "ENVIRONMENT",
          "value" : 
          [
            "MSBUILDDISABLENODEREUSE=1"
          ]
        },
        {
          "name" : "LABELS",
          "value" : 
          [
            "D0.03"
          ]
        },
        {
          "name" : "TIMEOUT",
          "value" : 30.0
        },
        {
          "name" : "WORKING_DIRECTORY",
          "value" : "E:/VS2019Qt5.15/3D/build/win-msvc-debug"
        }
      ]
    },
    {
      "backtrace" : 131,
      "command" : 
      [
        "C:/Users/xrx10/AppData/Local/Programs/Python/Python311/python.exe",
        "-X",
        "utf8",
        "E:/VS2019Qt5.15/3D/tools/testing/model_cases.py",
        "--case",
        "test_execution_model.ExecutionContracts.test_T12_execution_post_observation_error"
      ],
      "config" : "Debug",
      "name" : "T12.execution.post_observation_error",
      "properties" : 
      [
        {
          "name" : "ENVIRONMENT",
          "value" : 
          [
            "MSBUILDDISABLENODEREUSE=1"
          ]
        },
        {
          "name" : "LABELS",
          "value" : 
          [
            "D0.03"
          ]
        },
        {
          "name" : "TIMEOUT",
          "value" : 30.0
        },
        {
          "name" : "WORKING_DIRECTORY",
          "value" : "E:/VS2019Qt5.15/3D/build/win-msvc-debug"
        }
      ]
    },
    {
      "backtrace" : 135,
      "command" : 
      [
        "C:/Users/xrx10/AppData/Local/Programs/Python/Python311/python.exe",
        "-X",
        "utf8",
        "E:/VS2019Qt5.15/3D/tools/testing/model_cases.py",
        "--case",
        "test_execution_model.ExecutionContracts.test_T12_execution_commit_ledger_repair"
      ],
      "config" : "Debug",
      "name" : "T12.execution.commit_ledger_repair",
      "properties" : 
      [
        {
          "name" : "ENVIRONMENT",
          "value" : 
          [
            "MSBUILDDISABLENODEREUSE=1"
          ]
        },
        {
          "name" : "LABELS",
          "value" : 
          [
            "D0.03"
          ]
        },
        {
          "name" : "TIMEOUT",
          "value" : 30.0
        },
        {
          "name" : "WORKING_DIRECTORY",
          "value" : "E:/VS2019Qt5.15/3D/build/win-msvc-debug"
        }
      ]
    },
    {
      "backtrace" : 139,
      "command" : 
      [
        "C:/Users/xrx10/AppData/Local/Programs/Python/Python311/python.exe",
        "-X",
        "utf8",
        "E:/VS2019Qt5.15/3D/tools/testing/model_cases.py",
        "--case",
        "test_execution_model.ExecutionContracts.test_T06_execution_normal_phase_path"
      ],
      "config" : "Debug",
      "name" : "T06.execution.normal_phase_path",
      "properties" : 
      [
        {
          "name" : "ENVIRONMENT",
          "value" : 
          [
            "MSBUILDDISABLENODEREUSE=1"
          ]
        },
        {
          "name" : "LABELS",
          "value" : 
          [
            "D0.03"
          ]
        },
        {
          "name" : "TIMEOUT",
          "value" : 30.0
        },
        {
          "name" : "WORKING_DIRECTORY",
          "value" : "E:/VS2019Qt5.15/3D/build/win-msvc-debug"
        }
      ]
    },
    {
      "backtrace" : 143,
      "command" : 
      [
        "C:/Users/xrx10/AppData/Local/Programs/Python/Python311/python.exe",
        "-X",
        "utf8",
        "E:/VS2019Qt5.15/3D/tools/testing/model_cases.py",
        "--case",
        "test_execution_model.ExecutionContracts.test_T12_outcome_failed_record_projection"
      ],
      "config" : "Debug",
      "name" : "T12.outcome.failed_record_projection",
      "properties" : 
      [
        {
          "name" : "ENVIRONMENT",
          "value" : 
          [
            "MSBUILDDISABLENODEREUSE=1"
          ]
        },
        {
          "name" : "LABELS",
          "value" : 
          [
            "D0.03"
          ]
        },
        {
          "name" : "TIMEOUT",
          "value" : 30.0
        },
        {
          "name" : "WORKING_DIRECTORY",
          "value" : "E:/VS2019Qt5.15/3D/build/win-msvc-debug"
        }
      ]
    },
    {
      "backtrace" : 147,
      "command" : 
      [
        "C:/Users/xrx10/AppData/Local/Programs/Python/Python311/python.exe",
        "-X",
        "utf8",
        "E:/VS2019Qt5.15/3D/tools/testing/model_cases.py",
        "--case",
        "test_execution_model.ExecutionContracts.test_T06_execution_plan_child_actual_success"
      ],
      "config" : "Debug",
      "name" : "T06.execution.plan_child_actual_success",
      "properties" : 
      [
        {
          "name" : "ENVIRONMENT",
          "value" : 
          [
            "MSBUILDDISABLENODEREUSE=1"
          ]
        },
        {
          "name" : "LABELS",
          "value" : 
          [
            "D0.03"
          ]
        },
        {
          "name" : "TIMEOUT",
          "value" : 30.0
        },
        {
          "name" : "WORKING_DIRECTORY",
          "value" : "E:/VS2019Qt5.15/3D/build/win-msvc-debug"
        }
      ]
    },
    {
      "backtrace" : 151,
      "command" : 
      [
        "C:/Users/xrx10/AppData/Local/Programs/Python/Python311/python.exe",
        "-X",
        "utf8",
        "E:/VS2019Qt5.15/3D/tools/testing/model_cases.py",
        "--case",
        "test_execution_model.ExecutionContracts.test_T12_outcome_resolution_final_consistency"
      ],
      "config" : "Debug",
      "name" : "T12.outcome.resolution_final_consistency",
      "properties" : 
      [
        {
          "name" : "ENVIRONMENT",
          "value" : 
          [
            "MSBUILDDISABLENODEREUSE=1"
          ]
        },
        {
          "name" : "LABELS",
          "value" : 
          [
            "D0.03"
          ]
        },
        {
          "name" : "TIMEOUT",
          "value" : 30.0
        },
        {
          "name" : "WORKING_DIRECTORY",
          "value" : "E:/VS2019Qt5.15/3D/build/win-msvc-debug"
        }
      ]
    },
    {
      "backtrace" : 155,
      "command" : 
      [
        "C:/Users/xrx10/AppData/Local/Programs/Python/Python311/python.exe",
        "-X",
        "utf8",
        "E:/VS2019Qt5.15/3D/tools/testing/model_cases.py",
        "--case",
        "test_execution_model.ExecutionContracts.test_T06_execution_owner_acyclic"
      ],
      "config" : "Debug",
      "name" : "T06.execution.owner_acyclic",
      "properties" : 
      [
        {
          "name" : "ENVIRONMENT",
          "value" : 
          [
            "MSBUILDDISABLENODEREUSE=1"
          ]
        },
        {
          "name" : "LABELS",
          "value" : 
          [
            "D0.03"
          ]
        },
        {
          "name" : "TIMEOUT",
          "value" : 30.0
        },
        {
          "name" : "WORKING_DIRECTORY",
          "value" : "E:/VS2019Qt5.15/3D/build/win-msvc-debug"
        }
      ]
    },
    {
      "backtrace" : 159,
      "command" : 
      [
        "C:/Users/xrx10/AppData/Local/Programs/Python/Python311/python.exe",
        "-X",
        "utf8",
        "E:/VS2019Qt5.15/3D/tools/testing/model_cases.py",
        "--case",
        "test_execution_model.ExecutionContracts.test_T06_execution_cancel_propagates_owned_children"
      ],
      "config" : "Debug",
      "name" : "T06.execution.cancel_propagates_owned_children",
      "properties" : 
      [
        {
          "name" : "ENVIRONMENT",
          "value" : 
          [
            "MSBUILDDISABLENODEREUSE=1"
          ]
        },
        {
          "name" : "LABELS",
          "value" : 
          [
            "D0.03"
          ]
        },
        {
          "name" : "TIMEOUT",
          "value" : 30.0
        },
        {
          "name" : "WORKING_DIRECTORY",
          "value" : "E:/VS2019Qt5.15/3D/build/win-msvc-debug"
        }
      ]
    },
    {
      "backtrace" : 163,
      "command" : 
      [
        "C:/Users/xrx10/AppData/Local/Programs/Python/Python311/python.exe",
        "-X",
        "utf8",
        "E:/VS2019Qt5.15/3D/tools/testing/model_cases.py",
        "--case",
        "test_execution_model.ExecutionContracts.test_T12_execution_collected_outcome_frozen"
      ],
      "config" : "Debug",
      "name" : "T12.execution.collected_outcome_frozen",
      "properties" : 
      [
        {
          "name" : "ENVIRONMENT",
          "value" : 
          [
            "MSBUILDDISABLENODEREUSE=1"
          ]
        },
        {
          "name" : "LABELS",
          "value" : 
          [
            "D0.03"
          ]
        },
        {
          "name" : "TIMEOUT",
          "value" : 30.0
        },
        {
          "name" : "WORKING_DIRECTORY",
          "value" : "E:/VS2019Qt5.15/3D/build/win-msvc-debug"
        }
      ]
    },
    {
      "backtrace" : 167,
      "command" : 
      [
        "C:/Users/xrx10/AppData/Local/Programs/Python/Python311/python.exe",
        "-X",
        "utf8",
        "E:/VS2019Qt5.15/3D/tools/testing/model_cases.py",
        "--case",
        "test_execution_model.ExecutionContracts.test_T19_schema_golden"
      ],
      "config" : "Debug",
      "name" : "T19.schema.golden",
      "properties" : 
      [
        {
          "name" : "ENVIRONMENT",
          "value" : 
          [
            "MSBUILDDISABLENODEREUSE=1"
          ]
        },
        {
          "name" : "LABELS",
          "value" : 
          [
            "D0.03"
          ]
        },
        {
          "name" : "TIMEOUT",
          "value" : 30.0
        },
        {
          "name" : "WORKING_DIRECTORY",
          "value" : "E:/VS2019Qt5.15/3D/build/win-msvc-debug"
        }
      ]
    },
    {
      "backtrace" : 171,
      "command" : 
      [
        "C:/Users/xrx10/AppData/Local/Programs/Python/Python311/python.exe",
        "-X",
        "utf8",
        "E:/VS2019Qt5.15/3D/tools/testing/model_cases.py",
        "--case",
        "test_execution_model.ExecutionContracts.test_T19_schema_expected_manifest"
      ],
      "config" : "Debug",
      "name" : "T19.schema.expected_manifest",
      "properties" : 
      [
        {
          "name" : "ENVIRONMENT",
          "value" : 
          [
            "MSBUILDDISABLENODEREUSE=1"
          ]
        },
        {
          "name" : "LABELS",
          "value" : 
          [
            "D0.03"
          ]
        },
        {
          "name" : "TIMEOUT",
          "value" : 30.0
        },
        {
          "name" : "WORKING_DIRECTORY",
          "value" : "E:/VS2019Qt5.15/3D/build/win-msvc-debug"
        }
      ]
    }
  ],
  "version" : 
  {
    "major" : 1,
    "minor" : 0
  }
}