test_approved_architecture_matches_manifest (test_architecture.ArchitectureTests.test_approved_architecture_matches_manifest) ... ok
test_authorized_immutable_read_is_allowed (test_architecture.ArchitectureTests.test_authorized_immutable_read_is_allowed) ... ok
test_client_has_no_server_dependency (test_architecture.ArchitectureTests.test_client_has_no_server_dependency) ... ok
test_comment_markers_inside_strings_do_not_hide_includes (test_architecture.ArchitectureTests.test_comment_markers_inside_strings_do_not_hide_includes) ... ok
test_dot_include_prefix_is_rejected (test_architecture.ArchitectureTests.test_dot_include_prefix_is_rejected) ... ok
test_dsl_is_not_a_required_release_component (test_architecture.ArchitectureTests.test_dsl_is_not_a_required_release_component) ... ok
test_generic_state_rpc_is_rejected (test_architecture.ArchitectureTests.test_generic_state_rpc_is_rejected) ... ok
test_include_comment_does_not_bypass_ownership (test_architecture.ArchitectureTests.test_include_comment_does_not_bypass_ownership) ... ok
test_macro_include_requires_explicit_review (test_architecture.ArchitectureTests.test_macro_include_requires_explicit_review) ... ok
test_multiline_comment_preserves_directive_line (test_architecture.ArchitectureTests.test_multiline_comment_preserves_directive_line) ... ok
test_no_runtime_component_is_marked_implemented (test_architecture.ArchitectureTests.test_no_runtime_component_is_marked_implemented) ... ok
test_observation_cannot_become_product_target (test_architecture.ArchitectureTests.test_observation_cannot_become_product_target) ... ok
test_ock_include_path_traversal_is_rejected (test_architecture.ArchitectureTests.test_ock_include_path_traversal_is_rejected) ... ok
test_public_header_cannot_expose_private_dependency (test_architecture.ArchitectureTests.test_public_header_cannot_expose_private_dependency) ... ok
test_public_header_signature_change_is_detected (test_architecture.ArchitectureTests.test_public_header_signature_change_is_detected) ... ok
test_raw_string_include_text_is_not_a_directive (test_architecture.ArchitectureTests.test_raw_string_include_text_is_not_a_directive) ... ok
test_runtime_can_include_core_contracts (test_architecture.ArchitectureTests.test_runtime_can_include_core_contracts) ... ok
test_runtime_cannot_depend_on_state_even_transitively (test_architecture.ArchitectureTests.test_runtime_cannot_depend_on_state_even_transitively) ... ok
test_runtime_include_to_data_rejected (test_architecture.ArchitectureTests.test_runtime_include_to_data_rejected) ... ok
test_runtime_include_to_state_rejected (test_architecture.ArchitectureTests.test_runtime_include_to_state_rejected) ... ok
test_state_only_depends_on_core_contracts (test_architecture.ArchitectureTests.test_state_only_depends_on_core_contracts) ... ok
test_target_cycle_is_rejected (test_architecture.ArchitectureTests.test_target_cycle_is_rejected) ... ok
test_test_support_cannot_enter_product_dag (test_architecture.ArchitectureTests.test_test_support_cannot_enter_product_dag) ... ok
test_ui_business_write_must_use_operation (test_architecture.ArchitectureTests.test_ui_business_write_must_use_operation) ... ok
test_unknown_ock_header_has_no_implicit_owner (test_architecture.ArchitectureTests.test_unknown_ock_header_has_no_implicit_owner) ... ok
test_unregistered_h_header_is_detected (test_architecture.ArchitectureTests.test_unregistered_h_header_is_detected) ... ok
test_version_is_independent_from_document_version (test_architecture.ArchitectureTests.test_version_is_independent_from_document_version) ... ok
test_workspace_cannot_include_runtime_private (test_architecture.ArchitectureTests.test_workspace_cannot_include_runtime_private) ... ok
test_workspace_write_cannot_bypass_operation (test_architecture.ArchitectureTests.test_workspace_write_cannot_bypass_operation) ... ok
test_implementation_cannot_be_claimed_without_library (test_b2_sdk.B2SurfaceTests.test_implementation_cannot_be_claimed_without_library) ... ok
test_native_and_protocol_closures (test_b2_sdk.B2SurfaceTests.test_native_and_protocol_closures) ... ok
test_observation_source_owner_cannot_expand (test_b2_sdk.B2SurfaceTests.test_observation_source_owner_cannot_expand) ... ok
test_production_components (test_b2_sdk.B2SurfaceTests.test_production_components) ... ok
test_contracts_cannot_duplicate_or_add_third_party_backend (test_contracts_stage.ComponentClosureTests.test_contracts_cannot_duplicate_or_add_third_party_backend) ... ok
test_core_stage_preserves_foundation_and_only_adds_contracts (test_contracts_stage.ComponentClosureTests.test_core_stage_preserves_foundation_and_only_adds_contracts) ... ok
test_foundation_cannot_regress_or_lose_expected (test_contracts_stage.ComponentClosureTests.test_foundation_cannot_regress_or_lose_expected) ... ok
test_other_product_implementation_rejected (test_contracts_stage.ComponentClosureTests.test_other_product_implementation_rejected) ... ok
test_product_closure_rejects_other_modules_and_unknown_targets (test_contracts_stage.ComponentClosureTests.test_product_closure_rejects_other_modules_and_unknown_targets) ... ok
test_actual_public_macros_and_compile_conditions_match_manifest (test_contracts_stage.PublicBoundaryTests.test_actual_public_macros_and_compile_conditions_match_manifest) ... ok
test_comments_literals_and_narrow_types_not_backdoors (test_contracts_stage.PublicBoundaryTests.test_comments_literals_and_narrow_types_not_backdoors) ... ok
test_dom_sql_and_runtime_includes_rejected (test_contracts_stage.PublicBoundaryTests.test_dom_sql_and_runtime_includes_rejected) ... ok
test_exact_six_headers_required (test_contracts_stage.PublicBoundaryTests.test_exact_six_headers_required) ... ok
test_public_capability_backdoors_rejected (test_contracts_stage.PublicBoundaryTests.test_public_capability_backdoors_rejected) ... ok
test_registered_public_macros_must_remain_explicitly_empty (test_contracts_stage.PublicBoundaryTests.test_registered_public_macros_must_remain_explicitly_empty) ... ok
test_external_dependency_cannot_disappear_or_expand (test_foundation_stage.FoundationStageTests.test_external_dependency_cannot_disappear_or_expand) ... ok
test_foundation_only_is_allowed (test_foundation_stage.FoundationStageTests.test_foundation_only_is_allowed) ... ok
test_historical_baseline_still_supported (test_foundation_stage.FoundationStageTests.test_historical_baseline_still_supported) ... ok
test_other_component_cannot_add_public_dependency (test_foundation_stage.FoundationStageTests.test_other_component_cannot_add_public_dependency) ... ok
test_runtime_cannot_claim_implementation (test_foundation_stage.FoundationStageTests.test_runtime_cannot_claim_implementation) ... ok
test_unknown_stage_rejected (test_foundation_stage.FoundationStageTests.test_unknown_stage_rejected) ... ok
test_cached_metadata_hardlink_cannot_overwrite_original (test_msvc_isolation.MSVCIsolationTests.test_cached_metadata_hardlink_cannot_overwrite_original) ... ok
test_concurrent_publish_is_complete_and_existing_metadata_readonly (test_msvc_isolation.MSVCIsolationTests.test_concurrent_publish_is_complete_and_existing_metadata_readonly) ... ok
test_copy_is_exact_reusable_and_excludes_only_uploader (test_msvc_isolation.MSVCIsolationTests.test_copy_is_exact_reusable_and_excludes_only_uploader) ... ok
test_extended_drive_is_same_boundary_but_outside_still_rejected (test_msvc_isolation.MSVCIsolationTests.test_extended_drive_is_same_boundary_but_outside_still_rejected) ... ok
test_unlisted_files_and_path_escape_rejected (test_msvc_isolation.MSVCIsolationTests.test_unlisted_files_and_path_escape_rejected) ... ok
test_actual_native_surface (test_native_sdk.NativeSurfaceTests.test_actual_native_surface) ... ok
test_approved_edge_needs_actual_source (test_native_sdk.NativeSurfaceTests.test_approved_edge_needs_actual_source) ... ok
test_fixed_surface_cannot_grow_with_manifest (test_native_sdk.NativeSurfaceTests.test_fixed_surface_cannot_grow_with_manifest) ... ok
test_installed_detail_actual_edges_are_fixed (test_native_sdk.NativeSurfaceTests.test_installed_detail_actual_edges_are_fixed) ... ok
test_log_component_enum_is_not_host_type (test_native_sdk.NativeSurfaceTests.test_log_component_enum_is_not_host_type) ... ok
test_system_dependency_is_exact (test_native_sdk.NativeSurfaceTests.test_system_dependency_is_exact) ... ok
test_unknown_detail_still_rejected (test_native_sdk.NativeSurfaceTests.test_unknown_detail_still_rejected) ... ok

----------------------------------------------------------------------
Ran 62 tests in 6.891s

OK
