{
  "backtraceGraph" : 
  {
    "commands" : 
    [
      "add_test"
    ],
    "files" : 
    [
      "E:/VS2019Qt5.15/3D/CMakeLists.txt"
    ],
    "nodes" : 
    [
      {
        "file" : 0
      },
      {
        "command" : 0,
        "file" : 0,
        "line" : 43,
        "parent" : 0
      },
      {
        "file" : 0
      },
      {
        "command" : 0,
        "file" : 0,
        "line" : 44,
        "parent" : 2
      }
    ]
  },
  "kind" : "ctestInfo",
  "tests" : 
  [
    {
      "backtrace" : 1,
      "command" : 
      [
        "C:/Users/xrx10/AppData/Local/Programs/Python/Python311/python.exe",
        "-X",
        "utf8",
        "E:/VS2019Qt5.15/3D/tools/requirements/check.py"
      ],
      "config" : "Debug",
      "name" : "T01.requirements.traceability",
      "properties" : 
      [
        {
          "name" : "ENVIRONMENT",
          "value" : 
          [
            "MSBUILDDISABLENODEREUSE=1"
          ]
        },
        {
          "name" : "LABELS",
          "value" : 
          [
            "D0.01"
          ]
        },
        {
          "name" : "TIMEOUT",
          "value" : 60.0
        },
        {
          "name" : "WORKING_DIRECTORY",
          "value" : "E:/VS2019Qt5.15/3D"
        }
      ]
    },
    {
      "backtrace" : 3,
      "command" : 
      [
        "C:/Users/xrx10/AppData/Local/Programs/Python/Python311/python.exe",
        "-X",
        "utf8",
        "-m",
        "unittest",
        "discover",
        "-s",
        "E:/VS2019Qt5.15/3D/tests/requirements",
        "-v"
      ],
      "config" : "Debug",
      "name" : "T01.requirements.negative_guards",
      "properties" : 
      [
        {
          "name" : "ENVIRONMENT",
          "value" : 
          [
            "MSBUILDDISABLENODEREUSE=1"
          ]
        },
        {
          "name" : "LABELS",
          "value" : 
          [
            "D0.01"
          ]
        },
        {
          "name" : "TIMEOUT",
          "value" : 60.0
        },
        {
          "name" : "WORKING_DIRECTORY",
          "value" : "E:/VS2019Qt5.15/3D"
        }
      ]
    }
  ],
  "version" : 
  {
    "major" : 1,
    "minor" : 0
  }
}