适用于 .NET Framework MSBuild 版本 17.14.23+b0019275e

  ock_Runtime.vcxproj -> J:\Code\Kernel_v2\build\b4-debug\Debug\ock_Runtime.lib
  ock_policy_tests.vcxproj -> J:\Code\Kernel_v2\build\b4-debug\tests\contract\authorization\Debug\ock_policy_tests.exe
  {"actual_cases": ["T07.policy.authentication_source", "T07.policy.cancel_arbitration", "T07.policy.consume_before_revoke", "T07.policy.delegation_shrink", "T07.policy.exception_atomicity", "T07.policy.expiry_boundary", "T07.policy.generation_exhaustion", "T07.policy.group_members_complete", "T07.policy.group_substitution", "T07.policy.operation_exact_contract", "T07.policy.owned_inputs_budget", "T07.policy.owner_scope", "T07.policy.permit_concurrent", "T07.policy.permit_once", "T07.policy.permit_origin_binding", "T07.policy.recursive_delegation_denied", "T07.policy.revoke_before_consume", "T07.policy.scope_four_way", "T07.policy.service_principal", "T07.policy.session_isolation", "T07.policy.target_frozen_set", "T07.policy.target_issued_identity", "T07.policy.target_lifecycle", "T19.policy.page_binding_isolation", "T19.policy.page_owner_authorization", "T19.policy.page_revoke_live_keyset", "T19.policy.query_field_projection", "T19.policy.subscription_connection_cleanup", "T19.policy.subscription_scope_atomic", "T20.policy.control_queue_reserve", "T20.policy.coordinator_budget", "T20.policy.failed_start_not_started", "T20.policy.internal_component_boundary", "T20.policy.queued_revoke_drop", "T20.policy.transmission_start_arbitration", "T20.policy.unknown_start_no_retry", "T20.policy.unsubscribe_inflight"], "count": 37}
适用于 .NET Framework MSBuild 版本 17.14.23+b0019275e

  ock_Adapter_CpuPool.vcxproj -> J:\Code\Kernel_v2\build\b4-debug\Debug\ock_Adapter_CpuPool.lib
  ock_Runtime.vcxproj -> J:\Code\Kernel_v2\build\b4-debug\Debug\ock_Runtime.lib
  main.cpp
  ock_native_service.vcxproj -> J:\Code\Kernel_v2\build\b4-debug\examples\native_service\Debug\ock_native_service.exe
  async_cases.cpp
  execution_service_cases.cpp
  native_tests.cpp
  observation_cases.cpp
  session_cases.cpp
  structured_cases.cpp
  正在生成代码...
  ock_native_tests.vcxproj -> J:\Code\Kernel_v2\build\b4-debug\tests\contract\native\Debug\ock_native_tests.exe
  {"actual_cases": ["T02.native.candidate_read_dispatch", "T02.native.exact_binding", "T02.native.invalid_input", "T02.native.private_dispatch", "T02.native.registered_compute", "T02.native.registered_read", "T02.native.validation_exception", "T03.native.cancel_and_budget", "T03.native.component_boundary", "T03.native.example_consumer", "T03.native.execution_service_control", "T03.native.execution_table_ownership", "T03.native.host_async_completion", "T03.native.host_async_deadline", "T03.native.host_async_drain", "T03.native.host_cached_result_sessions", "T03.native.host_execution_lifecycle", "T03.native.host_execution_resources", "T03.native.host_observation_drain", "T03.native.host_required_record", "T03.native.host_required_record_drain", "T03.native.host_structured_lifetime", "T03.native.managed_execution_path", "T03.native.managed_execution_resource_wait", "T03.native.managed_record", "T03.native.managed_record_ownership", "T03.native.managed_resources", "T03.native.no_self_wait", "T03.native.no_task_path", "T03.native.observation_lease_drain", "T03.native.provider_unavailable", "T03.native.reentrant_and_concurrent", "T03.native.resource_lifetime", "T03.native.thread_modes", "T03.native.thread_origin", "T06.native.admission_order", "T06.native.authority_origin", "T06.native.business_failure", "T06.native.execution_source_observation", "T06.native.host_structured_admission", "T06.native.invalid_output", "T06.native.lifecycle_replacement", "T06.native.managed_admission", "T06.native.observation_journal", "T06.native.outcome_consistency", "T06.native.permission_intersection", "T06.native.policy_contract_alignment", "T06.native.revoke_and_regrant", "T06.native.session_and_deadline", "T06.native.target_binding", "T23.native.allocation_governance", "T23.native.allocation_other_costs", "T23.native.allocation_probe", "T23.native.allocation_steady"], "count": 54}
适用于 .NET Framework MSBuild 版本 17.14.23+b0019275e

  ock_Adapter_CpuPool.vcxproj -> J:\Code\Kernel_v2\build\b4-debug\Debug\ock_Adapter_CpuPool.lib
  ock_Data.vcxproj -> J:\Code\Kernel_v2\build\b4-debug\Debug\ock_Data.lib
  ock_ControlProtocol.vcxproj -> J:\Code\Kernel_v2\build\b4-debug\Debug\ock_ControlProtocol.lib
  ock_Adapter_LocalIPC.vcxproj -> J:\Code\Kernel_v2\build\b4-debug\Debug\ock_Adapter_LocalIPC.lib
  ock_Runtime.vcxproj -> J:\Code\Kernel_v2\build\b4-debug\Debug\ock_Runtime.lib
  ock_Dynamic.vcxproj -> J:\Code\Kernel_v2\build\b4-debug\Debug\ock_Dynamic.lib
  ock_Control.vcxproj -> J:\Code\Kernel_v2\build\b4-debug\Debug\ock_Control.lib
  ock_managed_service.vcxproj -> J:\Code\Kernel_v2\build\b4-debug\examples\managed_service\Debug\ock_managed_service.exe
适用于 .NET Framework MSBuild 版本 17.14.23+b0019275e

  ock_Data.vcxproj -> J:\Code\Kernel_v2\build\b4-debug\Debug\ock_Data.lib
  ock_ControlProtocol.vcxproj -> J:\Code\Kernel_v2\build\b4-debug\Debug\ock_ControlProtocol.lib
  ock_Adapter_LocalIPC.vcxproj -> J:\Code\Kernel_v2\build\b4-debug\Debug\ock_Adapter_LocalIPC.lib
  ock_ControlClient.vcxproj -> J:\Code\Kernel_v2\build\b4-debug\Debug\ock_ControlClient.lib
  ock.vcxproj -> J:\Code\Kernel_v2\build\b4-debug\apps\ock\Debug\ock.exe
适用于 .NET Framework MSBuild 版本 17.14.23+b0019275e

  ock_Data.vcxproj -> J:\Code\Kernel_v2\build\b4-debug\Debug\ock_Data.lib
  ock_ControlProtocol.vcxproj -> J:\Code\Kernel_v2\build\b4-debug\Debug\ock_ControlProtocol.lib
  ock_Runtime.vcxproj -> J:\Code\Kernel_v2\build\b4-debug\Debug\ock_Runtime.lib
  ock_Dynamic.vcxproj -> J:\Code\Kernel_v2\build\b4-debug\Debug\ock_Dynamic.lib
  ock_Control.vcxproj -> J:\Code\Kernel_v2\build\b4-debug\Debug\ock_Control.lib
  subscription.cpp
  subscription_contract.vcxproj -> J:\Code\Kernel_v2\build\b4-debug\tests\unit\data\Debug\subscription_contract.exe
