适用于 .NET Framework MSBuild 版本 17.14.23+b0019275e

  ock_data_contract.vcxproj -> J:\Code\Kernel_v2\build\b2-data-debug\Debug\ock_data_contract.lib
  schema.cpp
  ock_binding_contract.vcxproj -> J:\Code\Kernel_v2\build\b2-data-debug\Debug\ock_binding_contract.lib
  binding_parity.vcxproj -> J:\Code\Kernel_v2\build\b2-data-debug\Debug\binding_parity.exe
  ock_catalog_contract.vcxproj -> J:\Code\Kernel_v2\build\b2-data-debug\Debug\ock_catalog_contract.lib
  catalog_contract.vcxproj -> J:\Code\Kernel_v2\build\b2-data-debug\Debug\catalog_contract.exe
  ock_protocol_contract.vcxproj -> J:\Code\Kernel_v2\build\b2-data-debug\Debug\ock_protocol_contract.lib
  ock_cursor_contract.vcxproj -> J:\Code\Kernel_v2\build\b2-data-debug\Debug\ock_cursor_contract.lib
  cursor_contract.vcxproj -> J:\Code\Kernel_v2\build\b2-data-debug\Debug\cursor_contract.exe
  ock_host_contract.vcxproj -> J:\Code\Kernel_v2\build\b2-data-debug\Debug\ock_host_contract.lib
  ock_router_contract.vcxproj -> J:\Code\Kernel_v2\build\b2-data-debug\Debug\ock_router_contract.lib
  ock_invoke_contract.vcxproj -> J:\Code\Kernel_v2\build\b2-data-debug\Debug\ock_invoke_contract.lib
  dynamic_native_contract.vcxproj -> J:\Code\Kernel_v2\build\b2-data-debug\Debug\dynamic_native_contract.exe
  ock_list_contract.vcxproj -> J:\Code\Kernel_v2\build\b2-data-debug\Debug\ock_list_contract.lib
  list_contract.vcxproj -> J:\Code\Kernel_v2\build\b2-data-debug\Debug\list_contract.exe
  observation_wire_contract.vcxproj -> J:\Code\Kernel_v2\build\b2-data-debug\Debug\observation_wire_contract.exe
  ock_subscription_contract.vcxproj -> J:\Code\Kernel_v2\build\b2-data-debug\Debug\ock_subscription_contract.lib
  outcome_wire_contract.vcxproj -> J:\Code\Kernel_v2\build\b2-data-debug\Debug\outcome_wire_contract.exe
  payload_contract.vcxproj -> J:\Code\Kernel_v2\build\b2-data-debug\Debug\payload_contract.exe
  protocol_contract.vcxproj -> J:\Code\Kernel_v2\build\b2-data-debug\Debug\protocol_contract.exe
  router_contract.vcxproj -> J:\Code\Kernel_v2\build\b2-data-debug\Debug\router_contract.exe
  schema.cpp
  schema_contract.vcxproj -> J:\Code\Kernel_v2\build\b2-data-debug\Debug\schema_contract.exe
  subscription_contract.vcxproj -> J:\Code\Kernel_v2\build\b2-data-debug\Debug\subscription_contract.exe
