适用于 .NET Framework MSBuild 版本 17.14.23+b0019275e

  1>Checking Build System
  Building Custom Rule J:/Code/Kernel_v2/CMakeLists.txt
  payload.cpp
  Building Custom Rule J:/Code/Kernel_v2/CMakeLists.txt
  Building Custom Rule J:/Code/Kernel_v2/CMakeLists.txt
  Building Custom Rule J:/Code/Kernel_v2/CMakeLists.txt
  Building Custom Rule J:/Code/Kernel_v2/CMakeLists.txt
  registry.cpp
  Building Custom Rule J:/Code/Kernel_v2/CMakeLists.txt
  jsoncons.cpp
  expected.cpp
  toolchain.cpp
  asan.cpp
  ock_probe_toolchain.vcxproj -> J:\Code\Kernel_v2\build\b2-sdk-asan\Debug\ock_probe_toolchain.exe
  ock_probe_expected.vcxproj -> J:\Code\Kernel_v2\build\b2-sdk-asan\Debug\ock_probe_expected.exe
  Building Custom Rule J:/Code/Kernel_v2/CMakeLists.txt
  sdk_metadata.cpp
  ock_probe_asan.vcxproj -> J:\Code\Kernel_v2\build\b2-sdk-asan\Debug\ock_probe_asan.exe
  policy.cpp
  ock_sdk_metadata_probe.vcxproj -> J:\Code\Kernel_v2\build\b2-sdk-asan\Debug\ock_sdk_metadata_probe.exe
  ock_Data.vcxproj -> J:\Code\Kernel_v2\build\b2-sdk-asan\Debug\ock_Data.lib
  Building Custom Rule J:/Code/Kernel_v2/tests/unit/data/CMakeLists.txt
  Building Custom Rule J:/Code/Kernel_v2/CMakeLists.txt
  Building Custom Rule J:/Code/Kernel_v2/tests/unit/data/CMakeLists.txt
  invocation.cpp
  payload.cpp
  protocol.cpp
  parser_seeds.cpp
  observation_wire.cpp
  host.cpp
  ock_probe_jsoncons.vcxproj -> J:\Code\Kernel_v2\build\b2-sdk-asan\Debug\ock_probe_jsoncons.exe
  payload_contract.vcxproj -> J:\Code\Kernel_v2\build\b2-sdk-asan\tests\unit\data\Debug\payload_contract.exe
  parser_seed_contract.vcxproj -> J:\Code\Kernel_v2\build\b2-sdk-asan\tests\unit\data\Debug\parser_seed_contract.exe
  outcome_wire.cpp
  正在生成代码...
  ock_ControlProtocol.vcxproj -> J:\Code\Kernel_v2\build\b2-sdk-asan\Debug\ock_ControlProtocol.lib
  Building Custom Rule J:/Code/Kernel_v2/tests/unit/data/CMakeLists.txt
  Building Custom Rule J:/Code/Kernel_v2/tests/unit/data/CMakeLists.txt
  observation_wire.cpp
  frame.cpp
  protocol_contract.vcxproj -> J:\Code\Kernel_v2\build\b2-sdk-asan\tests\unit\data\Debug\protocol_contract.exe
  observation_wire_contract.vcxproj -> J:\Code\Kernel_v2\build\b2-sdk-asan\tests\unit\data\Debug\observation_wire_contract.exe
  logging.cpp
  正在生成代码...
  ock_Runtime.vcxproj -> J:\Code\Kernel_v2\build\b2-sdk-asan\Debug\ock_Runtime.lib
  Building Custom Rule J:/Code/Kernel_v2/CMakeLists.txt
  schema.cpp
  catalog.cpp
  正在生成代码...
  ock_Dynamic.vcxproj -> J:\Code\Kernel_v2\build\b2-sdk-asan\Debug\ock_Dynamic.lib
  Building Custom Rule J:/Code/Kernel_v2/tests/unit/data/CMakeLists.txt
  Building Custom Rule J:/Code/Kernel_v2/tests/unit/data/CMakeLists.txt
  binding.cpp
  schema.cpp
  Building Custom Rule J:/Code/Kernel_v2/tests/unit/data/CMakeLists.txt
  outcome.cpp
  Building Custom Rule J:/Code/Kernel_v2/CMakeLists.txt
  cursor.cpp
  router.cpp
  schema_contract.vcxproj -> J:\Code\Kernel_v2\build\b2-sdk-asan\tests\unit\data\Debug\schema_contract.exe
  binding_parity.vcxproj -> J:\Code\Kernel_v2\build\b2-sdk-asan\tests\unit\data\Debug\binding_parity.exe
  invoke_method.cpp
  outcome_wire_contract.vcxproj -> J:\Code\Kernel_v2\build\b2-sdk-asan\tests\unit\data\Debug\outcome_wire_contract.exe
  catalog_methods.cpp
  subscription.cpp
  subscription_methods.cpp
  list_method.cpp
  get_method.cpp
  正在生成代码...
  ock_Control.vcxproj -> J:\Code\Kernel_v2\build\b2-sdk-asan\Debug\ock_Control.lib
  Building Custom Rule J:/Code/Kernel_v2/tests/unit/data/CMakeLists.txt
  Building Custom Rule J:/Code/Kernel_v2/tests/unit/data/CMakeLists.txt
  Building Custom Rule J:/Code/Kernel_v2/tests/unit/data/CMakeLists.txt
  Building Custom Rule J:/Code/Kernel_v2/tests/unit/data/CMakeLists.txt
  Building Custom Rule J:/Code/Kernel_v2/tests/unit/data/CMakeLists.txt
  Building Custom Rule J:/Code/Kernel_v2/tests/unit/data/CMakeLists.txt
  Building Custom Rule J:/Code/Kernel_v2/tests/unit/data/CMakeLists.txt
  catalog.cpp
  cursor.cpp
  get.cpp
  subscription.cpp
  router.cpp
  list.cpp
  cursor_contract.vcxproj -> J:\Code\Kernel_v2\build\b2-sdk-asan\tests\unit\data\Debug\cursor_contract.exe
  native.cpp
  router_contract.vcxproj -> J:\Code\Kernel_v2\build\b2-sdk-asan\tests\unit\data\Debug\router_contract.exe
  get_contract.vcxproj -> J:\Code\Kernel_v2\build\b2-sdk-asan\tests\unit\data\Debug\get_contract.exe
  list_contract.vcxproj -> J:\Code\Kernel_v2\build\b2-sdk-asan\tests\unit\data\Debug\list_contract.exe
  subscription_contract.vcxproj -> J:\Code\Kernel_v2\build\b2-sdk-asan\tests\unit\data\Debug\subscription_contract.exe
  catalog_contract.vcxproj -> J:\Code\Kernel_v2\build\b2-sdk-asan\tests\unit\data\Debug\catalog_contract.exe
  dynamic_native_contract.vcxproj -> J:\Code\Kernel_v2\build\b2-sdk-asan\tests\unit\data\Debug\dynamic_native_contract.exe
  Building Custom Rule J:/Code/Kernel_v2/CMakeLists.txt
