Microsoft (R) COFF/PE Dumper Version 14.44.35216.0
Copyright (C) Microsoft Corporation.  All rights reserved.


Dump of file J:\Code\Kernel_v2\build\footprint-64d0c54b227c41a7b8e5b528e391289c\Release\footprint_baseline.exe

File Type: EXECUTABLE IMAGE

  Section contains the following imports:

    KERNEL32.dll
             140003000 Import Address Table
             140003E18 Import Name Table
                     0 time date stamp
                     0 Index of first forwarder reference

                          9D CloseHandle
                         481 QueryPerformanceCounter
                         55C SetEvent
                         625 WaitForSingleObject
                         242 GetCurrentProcessId
                         412 MapViewOfFile
                         5FE UnmapViewOfFile
                         511 RtlLookupFunctionEntry
                         518 RtlVirtualUnwind
                         5FB UnhandledExceptionFilter
                         5B8 SetUnhandledExceptionFilter
                         241 GetCurrentProcess
                         2A5 GetModuleHandleW
                         5D8 TerminateProcess
                         3B8 IsProcessorFeaturePresent
                         509 RtlCaptureContext
                         246 GetCurrentThreadId
                         31A GetSystemTimeAsFileTime
                         3B0 IsDebuggerPresent
                         39A InitializeSListHead

    VCRUNTIME140.dll
             1400030A8 Import Address Table
             140003EC0 Import Name Table
                     0 time date stamp
                     0 Index of first forwarder reference

                          1C __current_exception_context
                           8 __C_specific_handler
                          3B memcmp
                           1 _CxxThrowException
                          22 __std_exception_destroy
                          21 __std_exception_copy
                          3E memset
                          1B __current_exception
                          3C memcpy

    VCRUNTIME140_1.dll
             1400030F8 Import Address Table
             140003F10 Import Name Table
                     0 time date stamp
                     0 Index of first forwarder reference

                           0 __CxxFrameHandler4

    api-ms-win-crt-convert-l1-1-0.dll
             140003108 Import Address Table
             140003F20 Import Name Table
                     0 time date stamp
                     0 Index of first forwarder reference

                          65 strtoull

    api-ms-win-crt-stdio-l1-1-0.dll
             1400031E8 Import Address Table
             140004000 Import Name Table
                     0 time date stamp
                     0 Index of first forwarder reference

                           0 __acrt_iob_func
                           3 __stdio_common_vfprintf
                           1 __p__commode
                          54 _set_fmode

    api-ms-win-crt-string-l1-1-0.dll
             140003210 Import Address Table
             140004028 Import Name Table
                     0 time date stamp
                     0 Index of first forwarder reference

                          8B strlen

    api-ms-win-crt-runtime-l1-1-0.dll
             140003150 Import Address Table
             140003F68 Import Name Table
                     0 time date stamp
                     0 Index of first forwarder reference

                          15 _c_exit
                          3C _register_onexit_function
                          1E _crt_atexit
                          67 terminate
                          16 _cexit
                           5 __p___argv
                          37 _initterm_e
                           4 __p___argc
                          3D _register_thread_local_exe_atexit_callback
                          23 _exit
                          34 _initialize_onexit_table
                          36 _initterm
                          28 _get_initial_narrow_environment
                          33 _initialize_narrow_environment
                          18 _configure_narrow_argv
                          55 exit
                          42 _set_app_type
                          40 _seh_filter_exe

    api-ms-win-crt-math-l1-1-0.dll
             140003140 Import Address Table
             140003F58 Import Name Table
                     0 time date stamp
                     0 Index of first forwarder reference

                           9 __setusermatherr

    api-ms-win-crt-locale-l1-1-0.dll
             140003130 Import Address Table
             140003F48 Import Name Table
                     0 time date stamp
                     0 Index of first forwarder reference

                           8 _configthreadlocale

    api-ms-win-crt-heap-l1-1-0.dll
             140003118 Import Address Table
             140003F30 Import Name Table
                     0 time date stamp
                     0 Index of first forwarder reference

                          18 free
                          16 _set_new_mode

  Summary

        1000 .data
        1000 .pdata
        2000 .rdata
        1000 .reloc
        1000 .rsrc
        2000 .text
