=================================================================
==35800==ERROR: AddressSanitizer: heap-buffer-overflow on address 0x11f9766a0040 at pc 0x7ff6b91011a3 bp 0x001863eff5d0 sp 0x001863eff5d8
WRITE of size 4 at 0x11f9766a0040 thread T0
    #0 0x7ff6b91011a2 in main E:\VS2019Qt5.15\3D\tests\dependencies\probes\asan.cpp:5
    #1 0x7ff6b9104838 in invoke_main D:\a\_work\1\s\src\vctools\crt\vcstartup\src\startup\exe_common.inl:78
    #2 0x7ff6b9104781 in __scrt_common_main_seh D:\a\_work\1\s\src\vctools\crt\vcstartup\src\startup\exe_common.inl:288
    #3 0x7ff6b910463d in __scrt_common_main D:\a\_work\1\s\src\vctools\crt\vcstartup\src\startup\exe_common.inl:330
    #4 0x7ff6b91048ad in mainCRTStartup D:\a\_work\1\s\src\vctools\crt\vcstartup\src\startup\exe_main.cpp:16
    #5 0x7ffcbb737373  (C:\WINDOWS\System32\KERNEL32.DLL+0x180017373)
    #6 0x7ffcbbbfcc90  (C:\WINDOWS\SYSTEM32\ntdll.dll+0x18004cc90)

0x11f9766a0040 is located 0 bytes after 16-byte region [0x11f9766a0030,0x11f9766a0040)
allocated by thread T0 here:
    #0 0x7ff6b9103a6e in operator new[](unsigned __int64) D:\a\_work\1\s\src\vctools\asan\llvm\compiler-rt\lib\asan\asan_win_new_array_thunk.cpp:41
    #1 0x7ff6b9102369 in std::make_unique<int[], 0>(unsigned __int64) F:\VS2022\VS2022\VC\Tools\MSVC\14.44.35207\include\memory:3636
    #2 0x7ff6b9101110 in main E:\VS2019Qt5.15\3D\tests\dependencies\probes\asan.cpp:4
    #3 0x7ff6b9104838 in invoke_main D:\a\_work\1\s\src\vctools\crt\vcstartup\src\startup\exe_common.inl:78
    #4 0x7ff6b9104781 in __scrt_common_main_seh D:\a\_work\1\s\src\vctools\crt\vcstartup\src\startup\exe_common.inl:288
    #5 0x7ff6b910463d in __scrt_common_main D:\a\_work\1\s\src\vctools\crt\vcstartup\src\startup\exe_common.inl:330
    #6 0x7ff6b91048ad in mainCRTStartup D:\a\_work\1\s\src\vctools\crt\vcstartup\src\startup\exe_main.cpp:16
    #7 0x7ffcbb737373  (C:\WINDOWS\System32\KERNEL32.DLL+0x180017373)
    #8 0x7ffcbbbfcc90  (C:\WINDOWS\SYSTEM32\ntdll.dll+0x18004cc90)

SUMMARY: AddressSanitizer: heap-buffer-overflow E:\VS2019Qt5.15\3D\tests\dependencies\probes\asan.cpp:5 in main
Shadow bytes around the buggy address:
  0x11f97669fd80: 00 00 00 00 00 00 00 00 00 00 00 00 00 00 00 00
  0x11f97669fe00: 00 00 00 00 00 00 00 00 00 00 00 00 00 00 00 00
  0x11f97669fe80: 00 00 00 00 00 00 00 00 00 00 00 00 00 00 00 00
  0x11f97669ff00: 00 00 00 00 00 00 00 00 00 00 00 00 00 00 00 00
  0x11f97669ff80: 00 00 00 00 00 00 00 00 00 00 00 00 00 00 00 00
=>0x11f9766a0000: fa fa fd fd fa fa 00 00[fa]fa fd fd fa fa fd fd
  0x11f9766a0080: fa fa 00 00 fa fa fa fa fa fa fa fa fa fa fa fa
  0x11f9766a0100: fa fa fa fa fa fa fa fa fa fa fa fa fa fa fa fa
  0x11f9766a0180: fa fa fa fa fa fa fa fa fa fa fa fa fa fa fa fa
  0x11f9766a0200: fa fa fa fa fa fa fa fa fa fa fa fa fa fa fa fa
  0x11f9766a0280: fa fa fa fa fa fa fa fa fa fa fa fa fa fa fa fa
Shadow byte legend (one shadow byte represents 8 application bytes):
  Addressable:           00
  Partially addressable: 01 02 03 04 05 06 07 
  Heap left redzone:       fa
  Freed heap region:       fd
  Stack left redzone:      f1
  Stack mid redzone:       f2
  Stack right redzone:     f3
  Stack after return:      f5
  Stack use after scope:   f8
  Global redzone:          f9
  Global init order:       f6
  Poisoned by user:        f7
  Container overflow:      fc
  Array cookie:            ac
  Intra object redzone:    bb
  ASan internal:           fe
  Left alloca redzone:     ca
  Right alloca redzone:    cb
==35800==ABORTING
