适用于 .NET Framework MSBuild 版本 17.14.40+3e7442088

  1>Checking Build System
  Building Custom Rule E:/VS2019Qt5.15/3D/evidence/bootstrap/D1.05/inline-policy-171ced4b9fdc/CMakeLists.txt
  policy.cpp
  inline-policy-main.cpp
  正在生成代码...
E:\VS2019Qt5.15\3D\evidence\bootstrap\D1.05\inline-policy-171ced4b9fdc\source\tests\contract\native\policy_inline_cases.hpp(31,26): error C2039: "prepare_inline": 不是 "ock::runtime::policy::SessionAuthority" 的成员 [E:\VS2019Qt5.15\3D\build\d1.05-inline-policy-171ced4b9fdc\inline_policy.vcxproj]
  (编译源文件“../../evidence/bootstrap/D1.05/inline-policy-171ced4b9fdc/inline-policy-main.cpp”)
      E:\VS2019Qt5.15\3D\evidence\bootstrap\D1.05\inline-policy-171ced4b9fdc\source\packages\runtime\policy\policy.hpp(252,7):
      参见“ock::runtime::policy::SessionAuthority”的声明
  
E:\VS2019Qt5.15\3D\evidence\bootstrap\D1.05\inline-policy-171ced4b9fdc\source\tests\contract\native\policy_inline_cases.hpp(32,3): error C3536: “auth”: 初始化之前无法使用 [E:\VS2019Qt5.15\3D\build\d1.05-inline-policy-171ced4b9fdc\inline_policy.vcxproj]
  (编译源文件“../../evidence/bootstrap/D1.05/inline-policy-171ced4b9fdc/inline-policy-main.cpp”)
  
E:\VS2019Qt5.15\3D\evidence\bootstrap\D1.05\inline-policy-171ced4b9fdc\source\tests\contract\native\policy_inline_cases.hpp(35,3): error C2100: 无法取消引用类型为“<error type>”的操作数 [E:\VS2019Qt5.15\3D\build\d1.05-inline-policy-171ced4b9fdc\inline_policy.vcxproj]
  (编译源文件“../../evidence/bootstrap/D1.05/inline-policy-171ced4b9fdc/inline-policy-main.cpp”)
  
E:\VS2019Qt5.15\3D\evidence\bootstrap\D1.05\inline-policy-171ced4b9fdc\source\tests\contract\native\policy_inline_cases.hpp(36,13): error C2100: 无法取消引用类型为“<error type>”的操作数 [E:\VS2019Qt5.15\3D\build\d1.05-inline-policy-171ced4b9fdc\inline_policy.vcxproj]
  (编译源文件“../../evidence/bootstrap/D1.05/inline-policy-171ced4b9fdc/inline-policy-main.cpp”)
  
E:\VS2019Qt5.15\3D\evidence\bootstrap\D1.05\inline-policy-171ced4b9fdc\source\tests\contract\native\policy_inline_cases.hpp(36,3): error C2672: “error_is”: 未找到匹配的重载函数 [E:\VS2019Qt5.15\3D\build\d1.05-inline-policy-171ced4b9fdc\inline_policy.vcxproj]
  (编译源文件“../../evidence/bootstrap/D1.05/inline-policy-171ced4b9fdc/inline-policy-main.cpp”)
      E:\VS2019Qt5.15\3D\evidence\bootstrap\D1.05\inline-policy-171ced4b9fdc\source\tests\contract\native\policy_inline_cases.hpp(20,24):
      可能是“void policy_inline_test::error_is(const tl::expected<T,ock::foundation::Error> &,ock::runtime::policy::PolicyErrc)”
  
E:\VS2019Qt5.15\3D\evidence\bootstrap\D1.05\inline-policy-171ced4b9fdc\source\tests\contract\native\policy_inline_cases.hpp(37,13): error C2100: 无法取消引用类型为“<error type>”的操作数 [E:\VS2019Qt5.15\3D\build\d1.05-inline-policy-171ced4b9fdc\inline_policy.vcxproj]
  (编译源文件“../../evidence/bootstrap/D1.05/inline-policy-171ced4b9fdc/inline-policy-main.cpp”)
  
E:\VS2019Qt5.15\3D\evidence\bootstrap\D1.05\inline-policy-171ced4b9fdc\source\tests\contract\native\policy_inline_cases.hpp(37,3): error C2672: “error_is”: 未找到匹配的重载函数 [E:\VS2019Qt5.15\3D\build\d1.05-inline-policy-171ced4b9fdc\inline_policy.vcxproj]
  (编译源文件“../../evidence/bootstrap/D1.05/inline-policy-171ced4b9fdc/inline-policy-main.cpp”)
      E:\VS2019Qt5.15\3D\evidence\bootstrap\D1.05\inline-policy-171ced4b9fdc\source\tests\contract\native\policy_inline_cases.hpp(20,24):
      可能是“void policy_inline_test::error_is(const tl::expected<T,ock::foundation::Error> &,ock::runtime::policy::PolicyErrc)”
  
E:\VS2019Qt5.15\3D\evidence\bootstrap\D1.05\inline-policy-171ced4b9fdc\source\tests\contract\native\policy_inline_cases.hpp(38,13): error C2100: 无法取消引用类型为“<error type>”的操作数 [E:\VS2019Qt5.15\3D\build\d1.05-inline-policy-171ced4b9fdc\inline_policy.vcxproj]
  (编译源文件“../../evidence/bootstrap/D1.05/inline-policy-171ced4b9fdc/inline-policy-main.cpp”)
  
E:\VS2019Qt5.15\3D\evidence\bootstrap\D1.05\inline-policy-171ced4b9fdc\source\tests\contract\native\policy_inline_cases.hpp(38,3): error C2672: “error_is”: 未找到匹配的重载函数 [E:\VS2019Qt5.15\3D\build\d1.05-inline-policy-171ced4b9fdc\inline_policy.vcxproj]
  (编译源文件“../../evidence/bootstrap/D1.05/inline-policy-171ced4b9fdc/inline-policy-main.cpp”)
      E:\VS2019Qt5.15\3D\evidence\bootstrap\D1.05\inline-policy-171ced4b9fdc\source\tests\contract\native\policy_inline_cases.hpp(20,24):
      可能是“void policy_inline_test::error_is(const tl::expected<T,ock::foundation::Error> &,ock::runtime::policy::PolicyErrc)”
  
E:\VS2019Qt5.15\3D\evidence\bootstrap\D1.05\inline-policy-171ced4b9fdc\source\tests\contract\native\policy_inline_cases.hpp(39,23): error C2039: "prepare_inline": 不是 "ock::runtime::policy::SessionAuthority" 的成员 [E:\VS2019Qt5.15\3D\build\d1.05-inline-policy-171ced4b9fdc\inline_policy.vcxproj]
  (编译源文件“../../evidence/bootstrap/D1.05/inline-policy-171ced4b9fdc/inline-policy-main.cpp”)
      E:\VS2019Qt5.15\3D\evidence\bootstrap\D1.05\inline-policy-171ced4b9fdc\source\packages\runtime\policy\policy.hpp(252,7):
      参见“ock::runtime::policy::SessionAuthority”的声明
  
E:\VS2019Qt5.15\3D\evidence\bootstrap\D1.05\inline-policy-171ced4b9fdc\source\tests\contract\native\policy_inline_cases.hpp(39,3): error C2672: “error_is”: 未找到匹配的重载函数 [E:\VS2019Qt5.15\3D\build\d1.05-inline-policy-171ced4b9fdc\inline_policy.vcxproj]
  (编译源文件“../../evidence/bootstrap/D1.05/inline-policy-171ced4b9fdc/inline-policy-main.cpp”)
      E:\VS2019Qt5.15\3D\evidence\bootstrap\D1.05\inline-policy-171ced4b9fdc\source\tests\contract\native\policy_inline_cases.hpp(20,24):
      可能是“void policy_inline_test::error_is(const tl::expected<T,ock::foundation::Error> &,ock::runtime::policy::PolicyErrc)”
  
E:\VS2019Qt5.15\3D\evidence\bootstrap\D1.05\inline-policy-171ced4b9fdc\source\tests\contract\native\policy_inline_cases.hpp(41,23): error C2039: "prepare_inline": 不是 "ock::runtime::policy::SessionAuthority" 的成员 [E:\VS2019Qt5.15\3D\build\d1.05-inline-policy-171ced4b9fdc\inline_policy.vcxproj]
  (编译源文件“../../evidence/bootstrap/D1.05/inline-policy-171ced4b9fdc/inline-policy-main.cpp”)
      E:\VS2019Qt5.15\3D\evidence\bootstrap\D1.05\inline-policy-171ced4b9fdc\source\packages\runtime\policy\policy.hpp(252,7):
      参见“ock::runtime::policy::SessionAuthority”的声明
  
E:\VS2019Qt5.15\3D\evidence\bootstrap\D1.05\inline-policy-171ced4b9fdc\source\tests\contract\native\policy_inline_cases.hpp(41,3): error C2672: “error_is”: 未找到匹配的重载函数 [E:\VS2019Qt5.15\3D\build\d1.05-inline-policy-171ced4b9fdc\inline_policy.vcxproj]
  (编译源文件“../../evidence/bootstrap/D1.05/inline-policy-171ced4b9fdc/inline-policy-main.cpp”)
      E:\VS2019Qt5.15\3D\evidence\bootstrap\D1.05\inline-policy-171ced4b9fdc\source\tests\contract\native\policy_inline_cases.hpp(20,24):
      可能是“void policy_inline_test::error_is(const tl::expected<T,ock::foundation::Error> &,ock::runtime::policy::PolicyErrc)”
  
E:\VS2019Qt5.15\3D\evidence\bootstrap\D1.05\inline-policy-171ced4b9fdc\source\tests\contract\native\policy_inline_cases.hpp(44,23): error C2039: "prepare_inline": 不是 "ock::runtime::policy::SessionAuthority" 的成员 [E:\VS2019Qt5.15\3D\build\d1.05-inline-policy-171ced4b9fdc\inline_policy.vcxproj]
  (编译源文件“../../evidence/bootstrap/D1.05/inline-policy-171ced4b9fdc/inline-policy-main.cpp”)
      E:\VS2019Qt5.15\3D\evidence\bootstrap\D1.05\inline-policy-171ced4b9fdc\source\packages\runtime\policy\policy.hpp(252,7):
      参见“ock::runtime::policy::SessionAuthority”的声明
  
E:\VS2019Qt5.15\3D\evidence\bootstrap\D1.05\inline-policy-171ced4b9fdc\source\tests\contract\native\policy_inline_cases.hpp(44,3): error C2672: “error_is”: 未找到匹配的重载函数 [E:\VS2019Qt5.15\3D\build\d1.05-inline-policy-171ced4b9fdc\inline_policy.vcxproj]
  (编译源文件“../../evidence/bootstrap/D1.05/inline-policy-171ced4b9fdc/inline-policy-main.cpp”)
      E:\VS2019Qt5.15\3D\evidence\bootstrap\D1.05\inline-policy-171ced4b9fdc\source\tests\contract\native\policy_inline_cases.hpp(20,24):
      可能是“void policy_inline_test::error_is(const tl::expected<T,ock::foundation::Error> &,ock::runtime::policy::PolicyErrc)”
  
E:\VS2019Qt5.15\3D\evidence\bootstrap\D1.05\inline-policy-171ced4b9fdc\source\tests\contract\native\policy_inline_cases.hpp(46,23): error C2039: "prepare_inline": 不是 "ock::runtime::policy::SessionAuthority" 的成员 [E:\VS2019Qt5.15\3D\build\d1.05-inline-policy-171ced4b9fdc\inline_policy.vcxproj]
  (编译源文件“../../evidence/bootstrap/D1.05/inline-policy-171ced4b9fdc/inline-policy-main.cpp”)
      E:\VS2019Qt5.15\3D\evidence\bootstrap\D1.05\inline-policy-171ced4b9fdc\source\packages\runtime\policy\policy.hpp(252,7):
      参见“ock::runtime::policy::SessionAuthority”的声明
  
E:\VS2019Qt5.15\3D\evidence\bootstrap\D1.05\inline-policy-171ced4b9fdc\source\tests\contract\native\policy_inline_cases.hpp(46,3): error C2672: “error_is”: 未找到匹配的重载函数 [E:\VS2019Qt5.15\3D\build\d1.05-inline-policy-171ced4b9fdc\inline_policy.vcxproj]
  (编译源文件“../../evidence/bootstrap/D1.05/inline-policy-171ced4b9fdc/inline-policy-main.cpp”)
      E:\VS2019Qt5.15\3D\evidence\bootstrap\D1.05\inline-policy-171ced4b9fdc\source\tests\contract\native\policy_inline_cases.hpp(20,24):
      可能是“void policy_inline_test::error_is(const tl::expected<T,ock::foundation::Error> &,ock::runtime::policy::PolicyErrc)”
  
E:\VS2019Qt5.15\3D\evidence\bootstrap\D1.05\inline-policy-171ced4b9fdc\source\tests\contract\native\policy_inline_cases.hpp(51,30): error C2039: "prepare_inline": 不是 "ock::runtime::policy::SessionAuthority" 的成员 [E:\VS2019Qt5.15\3D\build\d1.05-inline-policy-171ced4b9fdc\inline_policy.vcxproj]
  (编译源文件“../../evidence/bootstrap/D1.05/inline-policy-171ced4b9fdc/inline-policy-main.cpp”)
      E:\VS2019Qt5.15\3D\evidence\bootstrap\D1.05\inline-policy-171ced4b9fdc\source\packages\runtime\policy\policy.hpp(252,7):
      参见“ock::runtime::policy::SessionAuthority”的声明
  
E:\VS2019Qt5.15\3D\evidence\bootstrap\D1.05\inline-policy-171ced4b9fdc\source\tests\contract\native\policy_inline_cases.hpp(51,3): error C2672: “error_is”: 未找到匹配的重载函数 [E:\VS2019Qt5.15\3D\build\d1.05-inline-policy-171ced4b9fdc\inline_policy.vcxproj]
  (编译源文件“../../evidence/bootstrap/D1.05/inline-policy-171ced4b9fdc/inline-policy-main.cpp”)
      E:\VS2019Qt5.15\3D\evidence\bootstrap\D1.05\inline-policy-171ced4b9fdc\source\tests\contract\native\policy_inline_cases.hpp(20,24):
      可能是“void policy_inline_test::error_is(const tl::expected<T,ock::foundation::Error> &,ock::runtime::policy::PolicyErrc)”
  
E:\VS2019Qt5.15\3D\evidence\bootstrap\D1.05\inline-policy-171ced4b9fdc\source\tests\contract\native\policy_inline_cases.hpp(52,23): error C2039: "prepare_inline": 不是 "ock::runtime::policy::SessionAuthority" 的成员 [E:\VS2019Qt5.15\3D\build\d1.05-inline-policy-171ced4b9fdc\inline_policy.vcxproj]
  (编译源文件“../../evidence/bootstrap/D1.05/inline-policy-171ced4b9fdc/inline-policy-main.cpp”)
      E:\VS2019Qt5.15\3D\evidence\bootstrap\D1.05\inline-policy-171ced4b9fdc\source\packages\runtime\policy\policy.hpp(252,7):
      参见“ock::runtime::policy::SessionAuthority”的声明
  
E:\VS2019Qt5.15\3D\evidence\bootstrap\D1.05\inline-policy-171ced4b9fdc\source\tests\contract\native\policy_inline_cases.hpp(52,3): error C2672: “error_is”: 未找到匹配的重载函数 [E:\VS2019Qt5.15\3D\build\d1.05-inline-policy-171ced4b9fdc\inline_policy.vcxproj]
  (编译源文件“../../evidence/bootstrap/D1.05/inline-policy-171ced4b9fdc/inline-policy-main.cpp”)
      E:\VS2019Qt5.15\3D\evidence\bootstrap\D1.05\inline-policy-171ced4b9fdc\source\tests\contract\native\policy_inline_cases.hpp(20,24):
      可能是“void policy_inline_test::error_is(const tl::expected<T,ock::foundation::Error> &,ock::runtime::policy::PolicyErrc)”
  
E:\VS2019Qt5.15\3D\evidence\bootstrap\D1.05\inline-policy-171ced4b9fdc\source\tests\contract\native\policy_inline_cases.hpp(55,23): error C2039: "prepare_inline": 不是 "ock::runtime::policy::SessionAuthority" 的成员 [E:\VS2019Qt5.15\3D\build\d1.05-inline-policy-171ced4b9fdc\inline_policy.vcxproj]
  (编译源文件“../../evidence/bootstrap/D1.05/inline-policy-171ced4b9fdc/inline-policy-main.cpp”)
      E:\VS2019Qt5.15\3D\evidence\bootstrap\D1.05\inline-policy-171ced4b9fdc\source\packages\runtime\policy\policy.hpp(252,7):
      参见“ock::runtime::policy::SessionAuthority”的声明
  
E:\VS2019Qt5.15\3D\evidence\bootstrap\D1.05\inline-policy-171ced4b9fdc\source\tests\contract\native\policy_inline_cases.hpp(55,3): error C2672: “error_is”: 未找到匹配的重载函数 [E:\VS2019Qt5.15\3D\build\d1.05-inline-policy-171ced4b9fdc\inline_policy.vcxproj]
  (编译源文件“../../evidence/bootstrap/D1.05/inline-policy-171ced4b9fdc/inline-policy-main.cpp”)
      E:\VS2019Qt5.15\3D\evidence\bootstrap\D1.05\inline-policy-171ced4b9fdc\source\tests\contract\native\policy_inline_cases.hpp(20,24):
      可能是“void policy_inline_test::error_is(const tl::expected<T,ock::foundation::Error> &,ock::runtime::policy::PolicyErrc)”
  
E:\VS2019Qt5.15\3D\evidence\bootstrap\D1.05\inline-policy-171ced4b9fdc\source\tests\contract\native\policy_inline_cases.hpp(62,28): error C2039: "prepare_inline": 不是 "ock::runtime::policy::SessionAuthority" 的成员 [E:\VS2019Qt5.15\3D\build\d1.05-inline-policy-171ced4b9fdc\inline_policy.vcxproj]
  (编译源文件“../../evidence/bootstrap/D1.05/inline-policy-171ced4b9fdc/inline-policy-main.cpp”)
      E:\VS2019Qt5.15\3D\evidence\bootstrap\D1.05\inline-policy-171ced4b9fdc\source\packages\runtime\policy\policy.hpp(252,7):
      参见“ock::runtime::policy::SessionAuthority”的声明
  
E:\VS2019Qt5.15\3D\evidence\bootstrap\D1.05\inline-policy-171ced4b9fdc\source\tests\contract\native\policy_inline_cases.hpp(63,5): error C3536: “auth”: 初始化之前无法使用 [E:\VS2019Qt5.15\3D\build\d1.05-inline-policy-171ced4b9fdc\inline_policy.vcxproj]
  (编译源文件“../../evidence/bootstrap/D1.05/inline-policy-171ced4b9fdc/inline-policy-main.cpp”)
  
E:\VS2019Qt5.15\3D\evidence\bootstrap\D1.05\inline-policy-171ced4b9fdc\source\tests\contract\native\policy_inline_cases.hpp(77,5): error C2100: 无法取消引用类型为“<error type>”的操作数 [E:\VS2019Qt5.15\3D\build\d1.05-inline-policy-171ced4b9fdc\inline_policy.vcxproj]
  (编译源文件“../../evidence/bootstrap/D1.05/inline-policy-171ced4b9fdc/inline-policy-main.cpp”)
  
E:\VS2019Qt5.15\3D\evidence\bootstrap\D1.05\inline-policy-171ced4b9fdc\source\tests\contract\native\policy_inline_cases.hpp(78,5): error C2039: "prepare_inline": 不是 "ock::runtime::policy::SessionAuthority" 的成员 [E:\VS2019Qt5.15\3D\build\d1.05-inline-policy-171ced4b9fdc\inline_policy.vcxproj]
  (编译源文件“../../evidence/bootstrap/D1.05/inline-policy-171ced4b9fdc/inline-policy-main.cpp”)
      E:\VS2019Qt5.15\3D\evidence\bootstrap\D1.05\inline-policy-171ced4b9fdc\source\packages\runtime\policy\policy.hpp(252,7):
      参见“ock::runtime::policy::SessionAuthority”的声明
  
E:\VS2019Qt5.15\3D\evidence\bootstrap\D1.05\inline-policy-171ced4b9fdc\source\tests\contract\native\policy_inline_cases.hpp(83,5): error C2039: "inline_bindings": 不是 "ock::runtime::policy::PolicyBudget" 的成员 [E:\VS2019Qt5.15\3D\build\d1.05-inline-policy-171ced4b9fdc\inline_policy.vcxproj]
  (编译源文件“../../evidence/bootstrap/D1.05/inline-policy-171ced4b9fdc/inline-policy-main.cpp”)
      E:\VS2019Qt5.15\3D\evidence\bootstrap\D1.05\inline-policy-171ced4b9fdc\source\packages\runtime\policy\policy.hpp(20,8):
      参见“ock::runtime::policy::PolicyBudget”的声明
  
E:\VS2019Qt5.15\3D\evidence\bootstrap\D1.05\inline-policy-171ced4b9fdc\source\tests\contract\native\policy_inline_cases.hpp(84,5): error C2039: "active_inline_calls": 不是 "ock::runtime::policy::PolicyBudget" 的成员 [E:\VS2019Qt5.15\3D\build\d1.05-inline-policy-171ced4b9fdc\inline_policy.vcxproj]
  (编译源文件“../../evidence/bootstrap/D1.05/inline-policy-171ced4b9fdc/inline-policy-main.cpp”)
      E:\VS2019Qt5.15\3D\evidence\bootstrap\D1.05\inline-policy-171ced4b9fdc\source\packages\runtime\policy\policy.hpp(20,8):
      参见“ock::runtime::policy::PolicyBudget”的声明
  
E:\VS2019Qt5.15\3D\evidence\bootstrap\D1.05\inline-policy-171ced4b9fdc\source\tests\contract\native\policy_inline_cases.hpp(89,23): error C2039: "prepare_inline": 不是 "ock::runtime::policy::SessionAuthority" 的成员 [E:\VS2019Qt5.15\3D\build\d1.05-inline-policy-171ced4b9fdc\inline_policy.vcxproj]
  (编译源文件“../../evidence/bootstrap/D1.05/inline-policy-171ced4b9fdc/inline-policy-main.cpp”)
      E:\VS2019Qt5.15\3D\evidence\bootstrap\D1.05\inline-policy-171ced4b9fdc\source\packages\runtime\policy\policy.hpp(252,7):
      参见“ock::runtime::policy::SessionAuthority”的声明
  
E:\VS2019Qt5.15\3D\evidence\bootstrap\D1.05\inline-policy-171ced4b9fdc\source\tests\contract\native\policy_inline_cases.hpp(89,3): error C2672: “error_is”: 未找到匹配的重载函数 [E:\VS2019Qt5.15\3D\build\d1.05-inline-policy-171ced4b9fdc\inline_policy.vcxproj]
  (编译源文件“../../evidence/bootstrap/D1.05/inline-policy-171ced4b9fdc/inline-policy-main.cpp”)
      E:\VS2019Qt5.15\3D\evidence\bootstrap\D1.05\inline-policy-171ced4b9fdc\source\tests\contract\native\policy_inline_cases.hpp(20,24):
      可能是“void policy_inline_test::error_is(const tl::expected<T,ock::foundation::Error> &,ock::runtime::policy::PolicyErrc)”
  
E:\VS2019Qt5.15\3D\evidence\bootstrap\D1.05\inline-policy-171ced4b9fdc\source\tests\contract\native\policy_inline_cases.hpp(90,23): error C2039: "prepare_inline": 不是 "ock::runtime::policy::SessionAuthority" 的成员 [E:\VS2019Qt5.15\3D\build\d1.05-inline-policy-171ced4b9fdc\inline_policy.vcxproj]
  (编译源文件“../../evidence/bootstrap/D1.05/inline-policy-171ced4b9fdc/inline-policy-main.cpp”)
      E:\VS2019Qt5.15\3D\evidence\bootstrap\D1.05\inline-policy-171ced4b9fdc\source\packages\runtime\policy\policy.hpp(252,7):
      参见“ock::runtime::policy::SessionAuthority”的声明
  
E:\VS2019Qt5.15\3D\evidence\bootstrap\D1.05\inline-policy-171ced4b9fdc\source\tests\contract\native\policy_inline_cases.hpp(90,3): error C2672: “error_is”: 未找到匹配的重载函数 [E:\VS2019Qt5.15\3D\build\d1.05-inline-policy-171ced4b9fdc\inline_policy.vcxproj]
  (编译源文件“../../evidence/bootstrap/D1.05/inline-policy-171ced4b9fdc/inline-policy-main.cpp”)
      E:\VS2019Qt5.15\3D\evidence\bootstrap\D1.05\inline-policy-171ced4b9fdc\source\tests\contract\native\policy_inline_cases.hpp(20,24):
      可能是“void policy_inline_test::error_is(const tl::expected<T,ock::foundation::Error> &,ock::runtime::policy::PolicyErrc)”
  
E:\VS2019Qt5.15\3D\evidence\bootstrap\D1.05\inline-policy-171ced4b9fdc\source\tests\contract\native\policy_inline_cases.hpp(91,26): error C2039: "prepare_inline": 不是 "ock::runtime::policy::SessionAuthority" 的成员 [E:\VS2019Qt5.15\3D\build\d1.05-inline-policy-171ced4b9fdc\inline_policy.vcxproj]
  (编译源文件“../../evidence/bootstrap/D1.05/inline-policy-171ced4b9fdc/inline-policy-main.cpp”)
      E:\VS2019Qt5.15\3D\evidence\bootstrap\D1.05\inline-policy-171ced4b9fdc\source\packages\runtime\policy\policy.hpp(252,7):
      参见“ock::runtime::policy::SessionAuthority”的声明
  
E:\VS2019Qt5.15\3D\evidence\bootstrap\D1.05\inline-policy-171ced4b9fdc\source\tests\contract\native\policy_inline_cases.hpp(92,3): error C3536: “made”: 初始化之前无法使用 [E:\VS2019Qt5.15\3D\build\d1.05-inline-policy-171ced4b9fdc\inline_policy.vcxproj]
  (编译源文件“../../evidence/bootstrap/D1.05/inline-policy-171ced4b9fdc/inline-policy-main.cpp”)
  
E:\VS2019Qt5.15\3D\evidence\bootstrap\D1.05\inline-policy-171ced4b9fdc\source\tests\contract\native\policy_inline_cases.hpp(93,25): error C2100: 无法取消引用类型为“<error type>”的操作数 [E:\VS2019Qt5.15\3D\build\d1.05-inline-policy-171ced4b9fdc\inline_policy.vcxproj]
  (编译源文件“../../evidence/bootstrap/D1.05/inline-policy-171ced4b9fdc/inline-policy-main.cpp”)
  
E:\VS2019Qt5.15\3D\evidence\bootstrap\D1.05\inline-policy-171ced4b9fdc\source\tests\contract\native\policy_inline_cases.hpp(94,23): error C2039: "prepare_inline": 不是 "ock::runtime::policy::SessionAuthority" 的成员 [E:\VS2019Qt5.15\3D\build\d1.05-inline-policy-171ced4b9fdc\inline_policy.vcxproj]
  (编译源文件“../../evidence/bootstrap/D1.05/inline-policy-171ced4b9fdc/inline-policy-main.cpp”)
      E:\VS2019Qt5.15\3D\evidence\bootstrap\D1.05\inline-policy-171ced4b9fdc\source\packages\runtime\policy\policy.hpp(252,7):
      参见“ock::runtime::policy::SessionAuthority”的声明
  
E:\VS2019Qt5.15\3D\evidence\bootstrap\D1.05\inline-policy-171ced4b9fdc\source\tests\contract\native\policy_inline_cases.hpp(94,3): error C2672: “error_is”: 未找到匹配的重载函数 [E:\VS2019Qt5.15\3D\build\d1.05-inline-policy-171ced4b9fdc\inline_policy.vcxproj]
  (编译源文件“../../evidence/bootstrap/D1.05/inline-policy-171ced4b9fdc/inline-policy-main.cpp”)
      E:\VS2019Qt5.15\3D\evidence\bootstrap\D1.05\inline-policy-171ced4b9fdc\source\tests\contract\native\policy_inline_cases.hpp(20,24):
      可能是“void policy_inline_test::error_is(const tl::expected<T,ock::foundation::Error> &,ock::runtime::policy::PolicyErrc)”
  
E:\VS2019Qt5.15\3D\evidence\bootstrap\D1.05\inline-policy-171ced4b9fdc\source\tests\contract\native\policy_inline_cases.hpp(98,12): error C3536: “auth”: 初始化之前无法使用 [E:\VS2019Qt5.15\3D\build\d1.05-inline-policy-171ced4b9fdc\inline_policy.vcxproj]
  (编译源文件“../../evidence/bootstrap/D1.05/inline-policy-171ced4b9fdc/inline-policy-main.cpp”)
  
E:\VS2019Qt5.15\3D\evidence\bootstrap\D1.05\inline-policy-171ced4b9fdc\source\tests\contract\native\policy_inline_cases.hpp(98,3): error C2672: “error_is”: 未找到匹配的重载函数 [E:\VS2019Qt5.15\3D\build\d1.05-inline-policy-171ced4b9fdc\inline_policy.vcxproj]
  (编译源文件“../../evidence/bootstrap/D1.05/inline-policy-171ced4b9fdc/inline-policy-main.cpp”)
      E:\VS2019Qt5.15\3D\evidence\bootstrap\D1.05\inline-policy-171ced4b9fdc\source\tests\contract\native\policy_inline_cases.hpp(20,24):
      可能是“void policy_inline_test::error_is(const tl::expected<T,ock::foundation::Error> &,ock::runtime::policy::PolicyErrc)”
  
E:\VS2019Qt5.15\3D\evidence\bootstrap\D1.05\inline-policy-171ced4b9fdc\source\tests\contract\native\policy_inline_cases.hpp(99,3): error C2672: “error_is”: 未找到匹配的重载函数 [E:\VS2019Qt5.15\3D\build\d1.05-inline-policy-171ced4b9fdc\inline_policy.vcxproj]
  (编译源文件“../../evidence/bootstrap/D1.05/inline-policy-171ced4b9fdc/inline-policy-main.cpp”)
      E:\VS2019Qt5.15\3D\evidence\bootstrap\D1.05\inline-policy-171ced4b9fdc\source\tests\contract\native\policy_inline_cases.hpp(20,24):
      可能是“void policy_inline_test::error_is(const tl::expected<T,ock::foundation::Error> &,ock::runtime::policy::PolicyErrc)”
  
E:\VS2019Qt5.15\3D\evidence\bootstrap\D1.05\inline-policy-171ced4b9fdc\source\tests\contract\native\policy_inline_cases.hpp(102,5): error C3536: “a”: 初始化之前无法使用 [E:\VS2019Qt5.15\3D\build\d1.05-inline-policy-171ced4b9fdc\inline_policy.vcxproj]
  (编译源文件“../../evidence/bootstrap/D1.05/inline-policy-171ced4b9fdc/inline-policy-main.cpp”)
  
E:\VS2019Qt5.15\3D\evidence\bootstrap\D1.05\inline-policy-171ced4b9fdc\source\tests\contract\native\policy_inline_cases.hpp(104,28): error C2100: 无法取消引用类型为“<error type>”的操作数 [E:\VS2019Qt5.15\3D\build\d1.05-inline-policy-171ced4b9fdc\inline_policy.vcxproj]
  (编译源文件“../../evidence/bootstrap/D1.05/inline-policy-171ced4b9fdc/inline-policy-main.cpp”)
  
E:\VS2019Qt5.15\3D\evidence\bootstrap\D1.05\inline-policy-171ced4b9fdc\source\tests\contract\native\policy_inline_cases.hpp(105,5): error C2672: “error_is”: 未找到匹配的重载函数 [E:\VS2019Qt5.15\3D\build\d1.05-inline-policy-171ced4b9fdc\inline_policy.vcxproj]
  (编译源文件“../../evidence/bootstrap/D1.05/inline-policy-171ced4b9fdc/inline-policy-main.cpp”)
      E:\VS2019Qt5.15\3D\evidence\bootstrap\D1.05\inline-policy-171ced4b9fdc\source\tests\contract\native\policy_inline_cases.hpp(20,24):
      可能是“void policy_inline_test::error_is(const tl::expected<T,ock::foundation::Error> &,ock::runtime::policy::PolicyErrc)”
  
E:\VS2019Qt5.15\3D\evidence\bootstrap\D1.05\inline-policy-171ced4b9fdc\source\tests\contract\native\policy_inline_cases.hpp(107,25): error C2039: "prepare_inline": 不是 "ock::runtime::policy::SessionAuthority" 的成员 [E:\VS2019Qt5.15\3D\build\d1.05-inline-policy-171ced4b9fdc\inline_policy.vcxproj]
  (编译源文件“../../evidence/bootstrap/D1.05/inline-policy-171ced4b9fdc/inline-policy-main.cpp”)
      E:\VS2019Qt5.15\3D\evidence\bootstrap\D1.05\inline-policy-171ced4b9fdc\source\packages\runtime\policy\policy.hpp(252,7):
      参见“ock::runtime::policy::SessionAuthority”的声明
  
E:\VS2019Qt5.15\3D\evidence\bootstrap\D1.05\inline-policy-171ced4b9fdc\source\tests\contract\native\policy_inline_cases.hpp(107,5): error C2672: “error_is”: 未找到匹配的重载函数 [E:\VS2019Qt5.15\3D\build\d1.05-inline-policy-171ced4b9fdc\inline_policy.vcxproj]
  (编译源文件“../../evidence/bootstrap/D1.05/inline-policy-171ced4b9fdc/inline-policy-main.cpp”)
      E:\VS2019Qt5.15\3D\evidence\bootstrap\D1.05\inline-policy-171ced4b9fdc\source\tests\contract\native\policy_inline_cases.hpp(20,24):
      可能是“void policy_inline_test::error_is(const tl::expected<T,ock::foundation::Error> &,ock::runtime::policy::PolicyErrc)”
  
E:\VS2019Qt5.15\3D\evidence\bootstrap\D1.05\inline-policy-171ced4b9fdc\source\tests\contract\native\policy_inline_cases.hpp(109,21): error C2039: "prepare_inline": 不是 "ock::runtime::policy::SessionAuthority" 的成员 [E:\VS2019Qt5.15\3D\build\d1.05-inline-policy-171ced4b9fdc\inline_policy.vcxproj]
  (编译源文件“../../evidence/bootstrap/D1.05/inline-policy-171ced4b9fdc/inline-policy-main.cpp”)
      E:\VS2019Qt5.15\3D\evidence\bootstrap\D1.05\inline-policy-171ced4b9fdc\source\packages\runtime\policy\policy.hpp(252,7):
      参见“ock::runtime::policy::SessionAuthority”的声明
  
E:\VS2019Qt5.15\3D\evidence\bootstrap\D1.05\inline-policy-171ced4b9fdc\source\tests\contract\native\policy_inline_cases.hpp(113,15): error C2100: 无法取消引用类型为“<error type>”的操作数 [E:\VS2019Qt5.15\3D\build\d1.05-inline-policy-171ced4b9fdc\inline_policy.vcxproj]
  (编译源文件“../../evidence/bootstrap/D1.05/inline-policy-171ced4b9fdc/inline-policy-main.cpp”)
  
E:\VS2019Qt5.15\3D\evidence\bootstrap\D1.05\inline-policy-171ced4b9fdc\source\tests\contract\native\policy_inline_cases.hpp(114,5): error C3536: “a”: 初始化之前无法使用 [E:\VS2019Qt5.15\3D\build\d1.05-inline-policy-171ced4b9fdc\inline_policy.vcxproj]
  (编译源文件“../../evidence/bootstrap/D1.05/inline-policy-171ced4b9fdc/inline-policy-main.cpp”)
  
E:\VS2019Qt5.15\3D\evidence\bootstrap\D1.05\inline-policy-171ced4b9fdc\source\tests\contract\native\policy_inline_cases.hpp(117,13): error C2100: 无法取消引用类型为“<error type>”的操作数 [E:\VS2019Qt5.15\3D\build\d1.05-inline-policy-171ced4b9fdc\inline_policy.vcxproj]
  (编译源文件“../../evidence/bootstrap/D1.05/inline-policy-171ced4b9fdc/inline-policy-main.cpp”)
  
E:\VS2019Qt5.15\3D\evidence\bootstrap\D1.05\inline-policy-171ced4b9fdc\source\tests\contract\native\policy_inline_cases.hpp(117,3): error C2672: “error_is”: 未找到匹配的重载函数 [E:\VS2019Qt5.15\3D\build\d1.05-inline-policy-171ced4b9fdc\inline_policy.vcxproj]
  (编译源文件“../../evidence/bootstrap/D1.05/inline-policy-171ced4b9fdc/inline-policy-main.cpp”)
      E:\VS2019Qt5.15\3D\evidence\bootstrap\D1.05\inline-policy-171ced4b9fdc\source\tests\contract\native\policy_inline_cases.hpp(20,24):
      可能是“void policy_inline_test::error_is(const tl::expected<T,ock::foundation::Error> &,ock::runtime::policy::PolicyErrc)”
  
E:\VS2019Qt5.15\3D\evidence\bootstrap\D1.05\inline-policy-171ced4b9fdc\source\tests\contract\native\policy_inline_cases.hpp(126,25): error C2039: "prepare_inline": 不是 "ock::runtime::policy::SessionAuthority" 的成员 [E:\VS2019Qt5.15\3D\build\d1.05-inline-policy-171ced4b9fdc\inline_policy.vcxproj]
  (编译源文件“../../evidence/bootstrap/D1.05/inline-policy-171ced4b9fdc/inline-policy-main.cpp”)
      E:\VS2019Qt5.15\3D\evidence\bootstrap\D1.05\inline-policy-171ced4b9fdc\source\packages\runtime\policy\policy.hpp(252,7):
      参见“ock::runtime::policy::SessionAuthority”的声明
  
E:\VS2019Qt5.15\3D\evidence\bootstrap\D1.05\inline-policy-171ced4b9fdc\source\tests\contract\native\policy_inline_cases.hpp(126,5): error C2672: “error_is”: 未找到匹配的重载函数 [E:\VS2019Qt5.15\3D\build\d1.05-inline-policy-171ced4b9fdc\inline_policy.vcxproj]
  (编译源文件“../../evidence/bootstrap/D1.05/inline-policy-171ced4b9fdc/inline-policy-main.cpp”)
      E:\VS2019Qt5.15\3D\evidence\bootstrap\D1.05\inline-policy-171ced4b9fdc\source\tests\contract\native\policy_inline_cases.hpp(20,24):
      可能是“void policy_inline_test::error_is(const tl::expected<T,ock::foundation::Error> &,ock::runtime::policy::PolicyErrc)”
  
E:\VS2019Qt5.15\3D\evidence\bootstrap\D1.05\inline-policy-171ced4b9fdc\source\tests\contract\native\policy_inline_cases.hpp(158,29): error C2039: "prepare_inline": 不是 "ock::runtime::policy::SessionAuthority" 的成员 [E:\VS2019Qt5.15\3D\build\d1.05-inline-policy-171ced4b9fdc\inline_policy.vcxproj]
  (编译源文件“../../evidence/bootstrap/D1.05/inline-policy-171ced4b9fdc/inline-policy-main.cpp”)
      E:\VS2019Qt5.15\3D\evidence\bootstrap\D1.05\inline-policy-171ced4b9fdc\source\packages\runtime\policy\policy.hpp(252,7):
      参见“ock::runtime::policy::SessionAuthority”的声明
  
E:\VS2019Qt5.15\3D\evidence\bootstrap\D1.05\inline-policy-171ced4b9fdc\source\tests\contract\native\policy_inline_cases.hpp(160,7): error C3536: “ready”: 初始化之前无法使用 [E:\VS2019Qt5.15\3D\build\d1.05-inline-policy-171ced4b9fdc\inline_policy.vcxproj]
  (编译源文件“../../evidence/bootstrap/D1.05/inline-policy-171ced4b9fdc/inline-policy-main.cpp”)
  
E:\VS2019Qt5.15\3D\evidence\bootstrap\D1.05\inline-policy-171ced4b9fdc\source\tests\contract\native\policy_inline_cases.hpp(161,7): error C2100: 无法取消引用类型为“<error type>”的操作数 [E:\VS2019Qt5.15\3D\build\d1.05-inline-policy-171ced4b9fdc\inline_policy.vcxproj]
  (编译源文件“../../evidence/bootstrap/D1.05/inline-policy-171ced4b9fdc/inline-policy-main.cpp”)
  
E:\VS2019Qt5.15\3D\evidence\bootstrap\D1.05\inline-policy-171ced4b9fdc\source\tests\contract\native\policy_inline_cases.hpp(167,10): error C2039: "inline_bindings": 不是 "ock::runtime::policy::PolicyBudget" 的成员 [E:\VS2019Qt5.15\3D\build\d1.05-inline-policy-171ced4b9fdc\inline_policy.vcxproj]
  (编译源文件“../../evidence/bootstrap/D1.05/inline-policy-171ced4b9fdc/inline-policy-main.cpp”)
      E:\VS2019Qt5.15\3D\evidence\bootstrap\D1.05\inline-policy-171ced4b9fdc\source\packages\runtime\policy\policy.hpp(20,8):
      参见“ock::runtime::policy::PolicyBudget”的声明
  
E:\VS2019Qt5.15\3D\evidence\bootstrap\D1.05\inline-policy-171ced4b9fdc\source\tests\contract\native\policy_inline_cases.hpp(168,10): error C2039: "active_inline_calls": 不是 "ock::runtime::policy::PolicyBudget" 的成员 [E:\VS2019Qt5.15\3D\build\d1.05-inline-policy-171ced4b9fdc\inline_policy.vcxproj]
  (编译源文件“../../evidence/bootstrap/D1.05/inline-policy-171ced4b9fdc/inline-policy-main.cpp”)
      E:\VS2019Qt5.15\3D\evidence\bootstrap\D1.05\inline-policy-171ced4b9fdc\source\packages\runtime\policy\policy.hpp(20,8):
      参见“ock::runtime::policy::PolicyBudget”的声明
  
E:\VS2019Qt5.15\3D\evidence\bootstrap\D1.05\inline-policy-171ced4b9fdc\source\tests\contract\native\policy_inline_cases.hpp(172,27): error C2039: "prepare_inline": 不是 "ock::runtime::policy::SessionAuthority" 的成员 [E:\VS2019Qt5.15\3D\build\d1.05-inline-policy-171ced4b9fdc\inline_policy.vcxproj]
  (编译源文件“../../evidence/bootstrap/D1.05/inline-policy-171ced4b9fdc/inline-policy-main.cpp”)
      E:\VS2019Qt5.15\3D\evidence\bootstrap\D1.05\inline-policy-171ced4b9fdc\source\packages\runtime\policy\policy.hpp(252,7):
      参见“ock::runtime::policy::SessionAuthority”的声明
  
E:\VS2019Qt5.15\3D\evidence\bootstrap\D1.05\inline-policy-171ced4b9fdc\source\tests\contract\native\policy_inline_cases.hpp(173,28): error C2039: "prepare_inline": 不是 "ock::runtime::policy::SessionAuthority" 的成员 [E:\VS2019Qt5.15\3D\build\d1.05-inline-policy-171ced4b9fdc\inline_policy.vcxproj]
  (编译源文件“../../evidence/bootstrap/D1.05/inline-policy-171ced4b9fdc/inline-policy-main.cpp”)
      E:\VS2019Qt5.15\3D\evidence\bootstrap\D1.05\inline-policy-171ced4b9fdc\source\packages\runtime\policy\policy.hpp(252,7):
      参见“ock::runtime::policy::SessionAuthority”的声明
  
E:\VS2019Qt5.15\3D\evidence\bootstrap\D1.05\inline-policy-171ced4b9fdc\source\tests\contract\native\policy_inline_cases.hpp(174,3): error C3536: “first”: 初始化之前无法使用 [E:\VS2019Qt5.15\3D\build\d1.05-inline-policy-171ced4b9fdc\inline_policy.vcxproj]
  (编译源文件“../../evidence/bootstrap/D1.05/inline-policy-171ced4b9fdc/inline-policy-main.cpp”)
  
E:\VS2019Qt5.15\3D\evidence\bootstrap\D1.05\inline-policy-171ced4b9fdc\source\tests\contract\native\policy_inline_cases.hpp(174,3): error C3536: “second”: 初始化之前无法使用 [E:\VS2019Qt5.15\3D\build\d1.05-inline-policy-171ced4b9fdc\inline_policy.vcxproj]
  (编译源文件“../../evidence/bootstrap/D1.05/inline-policy-171ced4b9fdc/inline-policy-main.cpp”)
  
E:\VS2019Qt5.15\3D\evidence\bootstrap\D1.05\inline-policy-171ced4b9fdc\source\tests\contract\native\policy_inline_cases.hpp(177,21): error C2100: 无法取消引用类型为“<error type>”的操作数 [E:\VS2019Qt5.15\3D\build\d1.05-inline-policy-171ced4b9fdc\inline_policy.vcxproj]
  (编译源文件“../../evidence/bootstrap/D1.05/inline-policy-171ced4b9fdc/inline-policy-main.cpp”)
  
E:\VS2019Qt5.15\3D\evidence\bootstrap\D1.05\inline-policy-171ced4b9fdc\source\tests\contract\native\policy_inline_cases.hpp(178,5): error C3536: “entered”: 初始化之前无法使用 [E:\VS2019Qt5.15\3D\build\d1.05-inline-policy-171ced4b9fdc\inline_policy.vcxproj]
  (编译源文件“../../evidence/bootstrap/D1.05/inline-policy-171ced4b9fdc/inline-policy-main.cpp”)
  
E:\VS2019Qt5.15\3D\evidence\bootstrap\D1.05\inline-policy-171ced4b9fdc\source\tests\contract\native\policy_inline_cases.hpp(179,15): error C2100: 无法取消引用类型为“<error type>”的操作数 [E:\VS2019Qt5.15\3D\build\d1.05-inline-policy-171ced4b9fdc\inline_policy.vcxproj]
  (编译源文件“../../evidence/bootstrap/D1.05/inline-policy-171ced4b9fdc/inline-policy-main.cpp”)
  
E:\VS2019Qt5.15\3D\evidence\bootstrap\D1.05\inline-policy-171ced4b9fdc\source\tests\contract\native\policy_inline_cases.hpp(179,5): error C2672: “error_is”: 未找到匹配的重载函数 [E:\VS2019Qt5.15\3D\build\d1.05-inline-policy-171ced4b9fdc\inline_policy.vcxproj]
  (编译源文件“../../evidence/bootstrap/D1.05/inline-policy-171ced4b9fdc/inline-policy-main.cpp”)
      E:\VS2019Qt5.15\3D\evidence\bootstrap\D1.05\inline-policy-171ced4b9fdc\source\tests\contract\native\policy_inline_cases.hpp(20,24):
      可能是“void policy_inline_test::error_is(const tl::expected<T,ock::foundation::Error> &,ock::runtime::policy::PolicyErrc)”
  
E:\VS2019Qt5.15\3D\evidence\bootstrap\D1.05\inline-policy-171ced4b9fdc\source\tests\contract\native\policy_inline_cases.hpp(181,3): error C2100: 无法取消引用类型为“<error type>”的操作数 [E:\VS2019Qt5.15\3D\build\d1.05-inline-policy-171ced4b9fdc\inline_policy.vcxproj]
  (编译源文件“../../evidence/bootstrap/D1.05/inline-policy-171ced4b9fdc/inline-policy-main.cpp”)
  
E:\VS2019Qt5.15\3D\evidence\bootstrap\D1.05\inline-policy-171ced4b9fdc\source\tests\contract\native\policy_inline_cases.hpp(182,10): error C2039: "active_inline_calls": 不是 "ock::runtime::policy::PolicyBudget" 的成员 [E:\VS2019Qt5.15\3D\build\d1.05-inline-policy-171ced4b9fdc\inline_policy.vcxproj]
  (编译源文件“../../evidence/bootstrap/D1.05/inline-policy-171ced4b9fdc/inline-policy-main.cpp”)
      E:\VS2019Qt5.15\3D\evidence\bootstrap\D1.05\inline-policy-171ced4b9fdc\source\packages\runtime\policy\policy.hpp(20,8):
      参见“ock::runtime::policy::PolicyBudget”的声明
  
E:\VS2019Qt5.15\3D\evidence\bootstrap\D1.05\inline-policy-171ced4b9fdc\source\tests\contract\native\policy_inline_cases.hpp(185,30): error C2039: "prepare_inline": 不是 "ock::runtime::policy::SessionAuthority" 的成员 [E:\VS2019Qt5.15\3D\build\d1.05-inline-policy-171ced4b9fdc\inline_policy.vcxproj]
  (编译源文件“../../evidence/bootstrap/D1.05/inline-policy-171ced4b9fdc/inline-policy-main.cpp”)
      E:\VS2019Qt5.15\3D\evidence\bootstrap\D1.05\inline-policy-171ced4b9fdc\source\packages\runtime\policy\policy.hpp(252,7):
      参见“ock::runtime::policy::SessionAuthority”的声明
  
E:\VS2019Qt5.15\3D\evidence\bootstrap\D1.05\inline-policy-171ced4b9fdc\source\tests\contract\native\policy_inline_cases.hpp(186,3): error C3536: “auth”: 初始化之前无法使用 [E:\VS2019Qt5.15\3D\build\d1.05-inline-policy-171ced4b9fdc\inline_policy.vcxproj]
  (编译源文件“../../evidence/bootstrap/D1.05/inline-policy-171ced4b9fdc/inline-policy-main.cpp”)
  
E:\VS2019Qt5.15\3D\evidence\bootstrap\D1.05\inline-policy-171ced4b9fdc\source\tests\contract\native\policy_inline_cases.hpp(187,13): error C2100: 无法取消引用类型为“<error type>”的操作数 [E:\VS2019Qt5.15\3D\build\d1.05-inline-policy-171ced4b9fdc\inline_policy.vcxproj]
  (编译源文件“../../evidence/bootstrap/D1.05/inline-policy-171ced4b9fdc/inline-policy-main.cpp”)
  
E:\VS2019Qt5.15\3D\evidence\bootstrap\D1.05\inline-policy-171ced4b9fdc\source\tests\contract\native\policy_inline_cases.hpp(188,13): error C2100: 无法取消引用类型为“<error type>”的操作数 [E:\VS2019Qt5.15\3D\build\d1.05-inline-policy-171ced4b9fdc\inline_policy.vcxproj]
  (编译源文件“../../evidence/bootstrap/D1.05/inline-policy-171ced4b9fdc/inline-policy-main.cpp”)
  
E:\VS2019Qt5.15\3D\evidence\bootstrap\D1.05\inline-policy-171ced4b9fdc\source\tests\contract\native\policy_inline_cases.hpp(189,3): error C3536: “a”: 初始化之前无法使用 [E:\VS2019Qt5.15\3D\build\d1.05-inline-policy-171ced4b9fdc\inline_policy.vcxproj]
  (编译源文件“../../evidence/bootstrap/D1.05/inline-policy-171ced4b9fdc/inline-policy-main.cpp”)
  
E:\VS2019Qt5.15\3D\evidence\bootstrap\D1.05\inline-policy-171ced4b9fdc\source\tests\contract\native\policy_inline_cases.hpp(189,3): error C3536: “b”: 初始化之前无法使用 [E:\VS2019Qt5.15\3D\build\d1.05-inline-policy-171ced4b9fdc\inline_policy.vcxproj]
  (编译源文件“../../evidence/bootstrap/D1.05/inline-policy-171ced4b9fdc/inline-policy-main.cpp”)
  
E:\VS2019Qt5.15\3D\evidence\bootstrap\D1.05\inline-policy-171ced4b9fdc\source\tests\contract\native\policy_inline_cases.hpp(190,3): error C2100: 无法取消引用类型为“<error type>”的操作数 [E:\VS2019Qt5.15\3D\build\d1.05-inline-policy-171ced4b9fdc\inline_policy.vcxproj]
  (编译源文件“../../evidence/bootstrap/D1.05/inline-policy-171ced4b9fdc/inline-policy-main.cpp”)
  
E:\VS2019Qt5.15\3D\evidence\bootstrap\D1.05\inline-policy-171ced4b9fdc\source\tests\contract\native\policy_inline_cases.hpp(190,18): error C2100: 无法取消引用类型为“<error type>”的操作数 [E:\VS2019Qt5.15\3D\build\d1.05-inline-policy-171ced4b9fdc\inline_policy.vcxproj]
  (编译源文件“../../evidence/bootstrap/D1.05/inline-policy-171ced4b9fdc/inline-policy-main.cpp”)
  
E:\VS2019Qt5.15\3D\evidence\bootstrap\D1.05\inline-policy-171ced4b9fdc\source\tests\contract\native\policy_inline_cases.hpp(191,3): error C2100: 无法取消引用类型为“<error type>”的操作数 [E:\VS2019Qt5.15\3D\build\d1.05-inline-policy-171ced4b9fdc\inline_policy.vcxproj]
  (编译源文件“../../evidence/bootstrap/D1.05/inline-policy-171ced4b9fdc/inline-policy-main.cpp”)
  
E:\VS2019Qt5.15\3D\evidence\bootstrap\D1.05\inline-policy-171ced4b9fdc\source\tests\contract\native\policy_inline_cases.hpp(192,3): error C2100: 无法取消引用类型为“<error type>”的操作数 [E:\VS2019Qt5.15\3D\build\d1.05-inline-policy-171ced4b9fdc\inline_policy.vcxproj]
  (编译源文件“../../evidence/bootstrap/D1.05/inline-policy-171ced4b9fdc/inline-policy-main.cpp”)
  
E:\VS2019Qt5.15\3D\evidence\bootstrap\D1.05\inline-policy-171ced4b9fdc\source\tests\contract\native\policy_inline_cases.hpp(192,18): error C2100: 无法取消引用类型为“<error type>”的操作数 [E:\VS2019Qt5.15\3D\build\d1.05-inline-policy-171ced4b9fdc\inline_policy.vcxproj]
  (编译源文件“../../evidence/bootstrap/D1.05/inline-policy-171ced4b9fdc/inline-policy-main.cpp”)
  
E:\VS2019Qt5.15\3D\evidence\bootstrap\D1.05\inline-policy-171ced4b9fdc\source\tests\contract\native\policy_inline_cases.hpp(193,3): error C2100: 无法取消引用类型为“<error type>”的操作数 [E:\VS2019Qt5.15\3D\build\d1.05-inline-policy-171ced4b9fdc\inline_policy.vcxproj]
  (编译源文件“../../evidence/bootstrap/D1.05/inline-policy-171ced4b9fdc/inline-policy-main.cpp”)
  
E:\VS2019Qt5.15\3D\evidence\bootstrap\D1.05\inline-policy-171ced4b9fdc\source\tests\contract\native\policy_inline_cases.hpp(198,12): error C2039: "inline_bindings": 不是 "ock::runtime::policy::PolicyBudget" 的成员 [E:\VS2019Qt5.15\3D\build\d1.05-inline-policy-171ced4b9fdc\inline_policy.vcxproj]
  (编译源文件“../../evidence/bootstrap/D1.05/inline-policy-171ced4b9fdc/inline-policy-main.cpp”)
      E:\VS2019Qt5.15\3D\evidence\bootstrap\D1.05\inline-policy-171ced4b9fdc\source\packages\runtime\policy\policy.hpp(20,8):
      参见“ock::runtime::policy::PolicyBudget”的声明
  
E:\VS2019Qt5.15\3D\evidence\bootstrap\D1.05\inline-policy-171ced4b9fdc\source\tests\contract\native\policy_inline_cases.hpp(203,28): error C2039: "prepare_inline": 不是 "ock::runtime::policy::SessionAuthority" 的成员 [E:\VS2019Qt5.15\3D\build\d1.05-inline-policy-171ced4b9fdc\inline_policy.vcxproj]
  (编译源文件“../../evidence/bootstrap/D1.05/inline-policy-171ced4b9fdc/inline-policy-main.cpp”)
      E:\VS2019Qt5.15\3D\evidence\bootstrap\D1.05\inline-policy-171ced4b9fdc\source\packages\runtime\policy\policy.hpp(252,7):
      参见“ock::runtime::policy::SessionAuthority”的声明
  
E:\VS2019Qt5.15\3D\evidence\bootstrap\D1.05\inline-policy-171ced4b9fdc\source\tests\contract\native\policy_inline_cases.hpp(204,5): error C3536: “auth”: 初始化之前无法使用 [E:\VS2019Qt5.15\3D\build\d1.05-inline-policy-171ced4b9fdc\inline_policy.vcxproj]
  (编译源文件“../../evidence/bootstrap/D1.05/inline-policy-171ced4b9fdc/inline-policy-main.cpp”)
  
E:\VS2019Qt5.15\3D\evidence\bootstrap\D1.05\inline-policy-171ced4b9fdc\source\tests\contract\native\policy_inline_cases.hpp(205,22): error C2100: 无法取消引用类型为“<error type>”的操作数 [E:\VS2019Qt5.15\3D\build\d1.05-inline-policy-171ced4b9fdc\inline_policy.vcxproj]
  (编译源文件“../../evidence/bootstrap/D1.05/inline-policy-171ced4b9fdc/inline-policy-main.cpp”)
  
E:\VS2019Qt5.15\3D\evidence\bootstrap\D1.05\inline-policy-171ced4b9fdc\source\tests\contract\native\policy_inline_cases.hpp(206,5): error C3536: “admitted”: 初始化之前无法使用 [E:\VS2019Qt5.15\3D\build\d1.05-inline-policy-171ced4b9fdc\inline_policy.vcxproj]
  (编译源文件“../../evidence/bootstrap/D1.05/inline-policy-171ced4b9fdc/inline-policy-main.cpp”)
  
E:\VS2019Qt5.15\3D\evidence\bootstrap\D1.05\inline-policy-171ced4b9fdc\source\tests\contract\native\policy_inline_cases.hpp(211,15): error C2100: 无法取消引用类型为“<error type>”的操作数 [E:\VS2019Qt5.15\3D\build\d1.05-inline-policy-171ced4b9fdc\inline_policy.vcxproj]
  (编译源文件“../../evidence/bootstrap/D1.05/inline-policy-171ced4b9fdc/inline-policy-main.cpp”)
  
E:\VS2019Qt5.15\3D\evidence\bootstrap\D1.05\inline-policy-171ced4b9fdc\source\tests\contract\native\policy_inline_cases.hpp(211,5): error C2672: “error_is”: 未找到匹配的重载函数 [E:\VS2019Qt5.15\3D\build\d1.05-inline-policy-171ced4b9fdc\inline_policy.vcxproj]
  (编译源文件“../../evidence/bootstrap/D1.05/inline-policy-171ced4b9fdc/inline-policy-main.cpp”)
      E:\VS2019Qt5.15\3D\evidence\bootstrap\D1.05\inline-policy-171ced4b9fdc\source\tests\contract\native\policy_inline_cases.hpp(20,24):
      可能是“void policy_inline_test::error_is(const tl::expected<T,ock::foundation::Error> &,ock::runtime::policy::PolicyErrc)”
  
E:\VS2019Qt5.15\3D\evidence\bootstrap\D1.05\inline-policy-171ced4b9fdc\source\tests\contract\native\policy_inline_cases.hpp(213,5): error C3536: “effective”: 初始化之前无法使用 [E:\VS2019Qt5.15\3D\build\d1.05-inline-policy-171ced4b9fdc\inline_policy.vcxproj]
  (编译源文件“../../evidence/bootstrap/D1.05/inline-policy-171ced4b9fdc/inline-policy-main.cpp”)
  
E:\VS2019Qt5.15\3D\evidence\bootstrap\D1.05\inline-policy-171ced4b9fdc\source\tests\contract\native\policy_inline_cases.hpp(229,23): error C2039: "prepare_inline": 不是 "ock::runtime::policy::SessionAuthority" 的成员 [E:\VS2019Qt5.15\3D\build\d1.05-inline-policy-171ced4b9fdc\inline_policy.vcxproj]
  (编译源文件“../../evidence/bootstrap/D1.05/inline-policy-171ced4b9fdc/inline-policy-main.cpp”)
      E:\VS2019Qt5.15\3D\evidence\bootstrap\D1.05\inline-policy-171ced4b9fdc\source\packages\runtime\policy\policy.hpp(252,7):
      参见“ock::runtime::policy::SessionAuthority”的声明
  
E:\VS2019Qt5.15\3D\evidence\bootstrap\D1.05\inline-policy-171ced4b9fdc\source\tests\contract\native\policy_inline_cases.hpp(229,3): error C2672: “error_is”: 未找到匹配的重载函数 [E:\VS2019Qt5.15\3D\build\d1.05-inline-policy-171ced4b9fdc\inline_policy.vcxproj]
  (编译源文件“../../evidence/bootstrap/D1.05/inline-policy-171ced4b9fdc/inline-policy-main.cpp”)
      E:\VS2019Qt5.15\3D\evidence\bootstrap\D1.05\inline-policy-171ced4b9fdc\source\tests\contract\native\policy_inline_cases.hpp(20,24):
      可能是“void policy_inline_test::error_is(const tl::expected<T,ock::foundation::Error> &,ock::runtime::policy::PolicyErrc)”
  
E:\VS2019Qt5.15\3D\evidence\bootstrap\D1.05\inline-policy-171ced4b9fdc\source\tests\contract\native\policy_inline_cases.hpp(232,23): error C2039: "prepare_inline": 不是 "ock::runtime::policy::SessionAuthority" 的成员 [E:\VS2019Qt5.15\3D\build\d1.05-inline-policy-171ced4b9fdc\inline_policy.vcxproj]
  (编译源文件“../../evidence/bootstrap/D1.05/inline-policy-171ced4b9fdc/inline-policy-main.cpp”)
      E:\VS2019Qt5.15\3D\evidence\bootstrap\D1.05\inline-policy-171ced4b9fdc\source\packages\runtime\policy\policy.hpp(252,7):
      参见“ock::runtime::policy::SessionAuthority”的声明
  
E:\VS2019Qt5.15\3D\evidence\bootstrap\D1.05\inline-policy-171ced4b9fdc\source\tests\contract\native\policy_inline_cases.hpp(232,3): error C2672: “error_is”: 未找到匹配的重载函数 [E:\VS2019Qt5.15\3D\build\d1.05-inline-policy-171ced4b9fdc\inline_policy.vcxproj]
  (编译源文件“../../evidence/bootstrap/D1.05/inline-policy-171ced4b9fdc/inline-policy-main.cpp”)
      E:\VS2019Qt5.15\3D\evidence\bootstrap\D1.05\inline-policy-171ced4b9fdc\source\tests\contract\native\policy_inline_cases.hpp(20,24):
      可能是“void policy_inline_test::error_is(const tl::expected<T,ock::foundation::Error> &,ock::runtime::policy::PolicyErrc)”
  
E:\VS2019Qt5.15\3D\evidence\bootstrap\D1.05\inline-policy-171ced4b9fdc\source\tests\contract\native\policy_inline_cases.hpp(234,3): error C2039: "prepare_inline": 不是 "ock::runtime::policy::SessionAuthority" 的成员 [E:\VS2019Qt5.15\3D\build\d1.05-inline-policy-171ced4b9fdc\inline_policy.vcxproj]
  (编译源文件“../../evidence/bootstrap/D1.05/inline-policy-171ced4b9fdc/inline-policy-main.cpp”)
      E:\VS2019Qt5.15\3D\evidence\bootstrap\D1.05\inline-policy-171ced4b9fdc\source\packages\runtime\policy\policy.hpp(252,7):
      参见“ock::runtime::policy::SessionAuthority”的声明
  
