Internal ctest changing into directory: J:/Code/Kernel_v2/build/b4-debug
Test project J:/Code/Kernel_v2/build/b4-debug
    Start 106: T03.native.managed_record
1/6 Test #106: T03.native.managed_record .............   Passed    0.08 sec
    Start 107: T03.native.managed_record_ownership
2/6 Test #107: T03.native.managed_record_ownership ...   Passed    0.07 sec
    Start 108: T03.native.managed_resources
3/6 Test #108: T03.native.managed_resources ..........   Passed    0.08 sec
    Start 112: T03.native.reentrant_and_concurrent
4/6 Test #112: T03.native.reentrant_and_concurrent ...   Passed    0.10 sec
    Start 121: T06.native.managed_admission
5/6 Test #121: T06.native.managed_admission ..........   Passed    0.05 sec
    Start 131: T23.native.allocation_steady
6/6 Test #131: T23.native.allocation_steady ..........   Passed    0.25 sec

100% tests passed, 0 tests failed out of 6

Label Time Summary:
B5       =   0.28 sec*proc (4 tests)
D1.05    =   0.35 sec*proc (2 tests)
D3.04    =   0.28 sec*proc (4 tests)

Total Test time (real) =   0.65 sec
