Internal ctest changing into directory: J:/Code/Kernel_v2/build/b4-asan
Test project J:/Code/Kernel_v2/build/b4-asan
    Start 108: T03.native.managed_resources
1/6 Test #108: T03.native.managed_resources ..........   Passed    0.09 sec
    Start 112: T03.native.reentrant_and_concurrent
2/6 Test #112: T03.native.reentrant_and_concurrent ...   Passed    0.14 sec
    Start 113: T03.native.resource_lifetime
3/6 Test #113: T03.native.resource_lifetime ..........   Passed    0.12 sec
    Start 121: T06.native.managed_admission
4/6 Test #121: T06.native.managed_admission ..........   Passed    0.11 sec
    Start 125: T06.native.revoke_and_regrant
5/6 Test #125: T06.native.revoke_and_regrant .........   Passed    0.16 sec
    Start 127: T06.native.target_binding
6/6 Test #127: T06.native.target_binding .............   Passed    0.10 sec

100% tests passed, 0 tests failed out of 6

Label Time Summary:
B5       =   0.20 sec*proc (2 tests)
D1.05    =   0.52 sec*proc (4 tests)
D3.04    =   0.20 sec*proc (2 tests)

Total Test time (real) =   0.73 sec
