适用于 .NET Framework MSBuild 版本 17.14.40+3e7442088
生成启动时间为 2026/9/7 20:19:20。

     1>节点 1 上的项目“E:\VS2019Qt5.15\3D\build\d1.02-tools-probe-55d5771dfc\cmake-build\ALL_BUILD.vcxproj”(默认目标)。
     1>项目“E:\VS2019Qt5.15\3D\build\d1.02-tools-probe-55d5771dfc\cmake-build\ALL_BUILD.vcxproj”(1)正在节点 1 上生成“E:\VS2019Qt5.15\3D\build\d1.02-tools-probe-55d5771dfc\cmake-build\ZERO_CHECK.vcxproj”(2) (默认目标)。
     2>PrepareForBuild:
         正在创建目录“x64\Debug\ZERO_CHECK\”。
         已启用结构化输出。编译器诊断的格式设置将反映错误层次结构。有关详细信息，请参阅 https://aka.ms/cpp/structured-output。
         正在创建目录“x64\Debug\ZERO_CHECK\ZERO_CHECK.tlog\”。
       InitializeBuildStatus:
         正在创建“x64\Debug\ZERO_CHECK\ZERO_CHECK.tlog\unsuccessfulbuild”，因为已指定“AlwaysCreate”。
         正在对“x64\Debug\ZERO_CHECK\ZERO_CHECK.tlog\unsuccessfulbuild”执行 Touch 任务。
       CustomBuild:
         1>Checking Build System
       FinalizeBuildStatus:
         正在删除文件“x64\Debug\ZERO_CHECK\ZERO_CHECK.tlog\unsuccessfulbuild”。
         正在对“x64\Debug\ZERO_CHECK\ZERO_CHECK.tlog\ZERO_CHECK.lastbuildstate”执行 Touch 任务。
     2>已完成生成项目“E:\VS2019Qt5.15\3D\build\d1.02-tools-probe-55d5771dfc\cmake-build\ZERO_CHECK.vcxproj”(默认目标)的操作。
     1>项目“E:\VS2019Qt5.15\3D\build\d1.02-tools-probe-55d5771dfc\cmake-build\ALL_BUILD.vcxproj”(1)正在节点 2 上生成“E:\VS2019Qt5.15\3D\build\d1.02-tools-probe-55d5771dfc\cmake-build\value.vcxproj”(4) (默认目标)。
     4>PrepareForBuild:
         正在创建目录“value.dir\Debug\”。
         已启用结构化输出。编译器诊断的格式设置将反映错误层次结构。有关详细信息，请参阅 https://aka.ms/cpp/structured-output。
         正在创建目录“E:\VS2019Qt5.15\3D\build\d1.02-tools-probe-55d5771dfc\cmake-build\Debug\”。
         正在创建目录“value.dir\Debug\value.tlog\”。
       InitializeBuildStatus:
         正在创建“value.dir\Debug\value.tlog\unsuccessfulbuild”，因为已指定“AlwaysCreate”。
         正在对“value.dir\Debug\value.tlog\unsuccessfulbuild”执行 Touch 任务。
       CustomBuild:
         Building Custom Rule E:/VS2019Qt5.15/3D/build/d1.02-tools-probe-55d5771dfc/cmake-source/CMakeLists.txt
       ClCompile:
         E:/VS2019Qt5.15/3D/build/d1.02-tools-probe-55d5771dfc/bin/CL.exe /c /Z7 /nologo /W1 /WX- /diagnostics:column /Od /Ob0 /D _MBCS /D WIN32 /D _WINDOWS /D "CMAKE_INTDIR=\"Debug\"" /EHsc /RTC1 /MDd /GS /fp:precise /Zc:wchar_t /Zc:forScope /Zc:inline /std:c++20 /Fo"value.dir\Debug\\" /Fd"E:\VS2019Qt5.15\3D\build\d1.02-tools-probe-55d5771dfc\cmake-build\Debug\value.pdb" /external:W1 /Gd /TP /errorReport:queue "E:\VS2019Qt5.15\3D\build\d1.02-tools-probe-55d5771dfc\cmake-source\value.cpp"
         value.cpp
       Lib:
         E:/VS2019Qt5.15/3D/build/d1.02-tools-probe-55d5771dfc/bin/Lib.exe /OUT:"E:\VS2019Qt5.15\3D\build\d1.02-tools-probe-55d5771dfc\cmake-build\Debug\value.lib" /NOLOGO /MACHINE:X64  /machine:x64 value.dir\Debug\value.obj
         value.vcxproj -> E:\VS2019Qt5.15\3D\build\d1.02-tools-probe-55d5771dfc\cmake-build\Debug\value.lib
       FinalizeBuildStatus:
         正在删除文件“value.dir\Debug\value.tlog\unsuccessfulbuild”。
         正在对“value.dir\Debug\value.tlog\value.lastbuildstate”执行 Touch 任务。
     4>已完成生成项目“E:\VS2019Qt5.15\3D\build\d1.02-tools-probe-55d5771dfc\cmake-build\value.vcxproj”(默认目标)的操作。
     1>项目“E:\VS2019Qt5.15\3D\build\d1.02-tools-probe-55d5771dfc\cmake-build\ALL_BUILD.vcxproj”(1)正在节点 1 上生成“E:\VS2019Qt5.15\3D\build\d1.02-tools-probe-55d5771dfc\cmake-build\consumer.vcxproj”(3) (默认目标)。
     3>PrepareForBuild:
         正在创建目录“consumer.dir\Debug\”。
         已启用结构化输出。编译器诊断的格式设置将反映错误层次结构。有关详细信息，请参阅 https://aka.ms/cpp/structured-output。
         正在创建目录“consumer.dir\Debug\consumer.tlog\”。
       InitializeBuildStatus:
         正在创建“consumer.dir\Debug\consumer.tlog\unsuccessfulbuild”，因为已指定“AlwaysCreate”。
         正在对“consumer.dir\Debug\consumer.tlog\unsuccessfulbuild”执行 Touch 任务。
       CustomBuild:
         Building Custom Rule E:/VS2019Qt5.15/3D/build/d1.02-tools-probe-55d5771dfc/cmake-source/CMakeLists.txt
       ClCompile:
         E:/VS2019Qt5.15/3D/build/d1.02-tools-probe-55d5771dfc/bin/CL.exe /c /Z7 /nologo /W1 /WX- /diagnostics:column /Od /Ob0 /D _MBCS /D WIN32 /D _WINDOWS /D "CMAKE_INTDIR=\"Debug\"" /EHsc /RTC1 /MDd /GS /fp:precise /Zc:wchar_t /Zc:forScope /Zc:inline /std:c++20 /Fo"consumer.dir\Debug\\" /Fd"consumer.dir\Debug\vc143.pdb" /external:W1 /Gd /TP /errorReport:queue "E:\VS2019Qt5.15\3D\build\d1.02-tools-probe-55d5771dfc\cmake-source\main.cpp"
         main.cpp
       Link:
         E:/VS2019Qt5.15/3D/build/d1.02-tools-probe-55d5771dfc/bin/link.exe /ERRORREPORT:QUEUE /OUT:"E:\VS2019Qt5.15\3D\build\d1.02-tools-probe-55d5771dfc\cmake-build\Debug\consumer.exe" /INCREMENTAL /ILK:"consumer.dir\Debug\consumer.ilk" /NOLOGO Debug\value.lib kernel32.lib user32.lib gdi32.lib winspool.lib shell32.lib ole32.lib oleaut32.lib uuid.lib comdlg32.lib advapi32.lib /MANIFEST /MANIFESTUAC:"level='asInvoker' uiAccess='false'" /manifest:embed /DEBUG /PDB:"E:/VS2019Qt5.15/3D/build/d1.02-tools-probe-55d5771dfc/cmake-build/Debug/consumer.pdb" /SUBSYSTEM:CONSOLE /TLBID:1 /DYNAMICBASE /NXCOMPAT /IMPLIB:"E:/VS2019Qt5.15/3D/build/d1.02-tools-probe-55d5771dfc/cmake-build/Debug/consumer.lib" /MACHINE:X64  /machine:x64 consumer.dir\Debug\main.obj
         consumer.vcxproj -> E:\VS2019Qt5.15\3D\build\d1.02-tools-probe-55d5771dfc\cmake-build\Debug\consumer.exe
       FinalizeBuildStatus:
         正在删除文件“consumer.dir\Debug\consumer.tlog\unsuccessfulbuild”。
         正在对“consumer.dir\Debug\consumer.tlog\consumer.lastbuildstate”执行 Touch 任务。
     3>已完成生成项目“E:\VS2019Qt5.15\3D\build\d1.02-tools-probe-55d5771dfc\cmake-build\consumer.vcxproj”(默认目标)的操作。
     1>PrepareForBuild:
         正在创建目录“x64\Debug\ALL_BUILD\”。
         已启用结构化输出。编译器诊断的格式设置将反映错误层次结构。有关详细信息，请参阅 https://aka.ms/cpp/structured-output。
         正在创建目录“x64\Debug\ALL_BUILD\ALL_BUILD.tlog\”。
       InitializeBuildStatus:
         正在创建“x64\Debug\ALL_BUILD\ALL_BUILD.tlog\unsuccessfulbuild”，因为已指定“AlwaysCreate”。
         正在对“x64\Debug\ALL_BUILD\ALL_BUILD.tlog\unsuccessfulbuild”执行 Touch 任务。
       CustomBuild:
         Building Custom Rule E:/VS2019Qt5.15/3D/build/d1.02-tools-probe-55d5771dfc/cmake-source/CMakeLists.txt
       FinalizeBuildStatus:
         正在删除文件“x64\Debug\ALL_BUILD\ALL_BUILD.tlog\unsuccessfulbuild”。
         正在对“x64\Debug\ALL_BUILD\ALL_BUILD.tlog\ALL_BUILD.lastbuildstate”执行 Touch 任务。
     1>已完成生成项目“E:\VS2019Qt5.15\3D\build\d1.02-tools-probe-55d5771dfc\cmake-build\ALL_BUILD.vcxproj”(默认目标)的操作。

已成功生成。
    0 个警告
    0 个错误

已用时间 00:00:08.86
