Microsoft (R) COFF/PE Dumper Version 14.44.35216.0
Copyright (C) Microsoft Corporation.  All rights reserved.


Dump of file J:\Code\Kernel_v2\build\footprint-c358b65d854044b484faf29ffefed5ff\Debug\footprint_baseline.exe

File Type: EXECUTABLE IMAGE

  Section contains the following imports:

    KERNEL32.dll
             140019000 Import Address Table
             140019558 Import Name Table
                     0 time date stamp
                     0 Index of first forwarder reference

                          9D CloseHandle
                         481 QueryPerformanceCounter
                         55C SetEvent
                         625 WaitForSingleObject
                         242 GetCurrentProcessId
                         412 MapViewOfFile
                         5FE UnmapViewOfFile
                         246 GetCurrentThreadId
                         498 RaiseException
                         423 MultiByteToWideChar
                         64C WideCharToMultiByte
                         509 RtlCaptureContext
                         2DD GetProcAddress
                         511 RtlLookupFunctionEntry
                         518 RtlVirtualUnwind
                         5FB UnhandledExceptionFilter
                         5B8 SetUnhandledExceptionFilter
                         241 GetCurrentProcess
                         5D8 TerminateProcess
                         3B8 IsProcessorFeaturePresent
                         31A GetSystemTimeAsFileTime
                         39A InitializeSListHead
                         1D4 FreeLibrary
                         61C VirtualQuery
                         2E4 GetProcessHeap
                         380 HeapFree
                         37C HeapAlloc
                         28D GetLastError
                         2A5 GetModuleHandleW
                         301 GetStartupInfoW
                         3B0 IsDebuggerPresent

    VCRUNTIME140D.dll
             140019180 Import Address Table
             1400196D8 Import Name Table
                     0 time date stamp
                     0 Index of first forwarder reference

                          2E __vcrt_GetModuleFileNameW
                          1C __current_exception_context
                          1B __current_exception
                          25 __std_type_info_destroy_list
                          2F __vcrt_GetModuleHandleW
                           8 __C_specific_handler
                          3B memcmp
                           1 _CxxThrowException
                          22 __std_exception_destroy
                          21 __std_exception_copy
                           9 __C_specific_handler_noexcept
                          31 __vcrt_LoadLibraryExW
                          3C memcpy

    VCRUNTIME140_1D.dll
             140019250 Import Address Table
             1400197A8 Import Name Table
                     0 time date stamp
                     0 Index of first forwarder reference

                           0 __CxxFrameHandler4

    ucrtbased.dll
             1400192B0 Import Address Table
             140019808 Import Name Table
                     0 time date stamp
                     0 Index of first forwarder reference

                         13D _get_initial_narrow_environment
                         174 _initterm
                         2C6 _set_app_type
                         450 exit
                          EA _exit
                         2CB _set_fmode
                          49 __p___argc
                          4A __p___argv
                          A4 _cexit
                          9F _c_exit
                         2B6 _register_thread_local_exe_atexit_callback
                          B5 _configthreadlocale
                         2CE _set_new_mode
                          4D __p__commode
                         52C strcpy_s
                         528 strcat_s
                          68 __stdio_common_vsprintf_s
                         2C2 _seh_filter_dll
                         172 _initialize_onexit_table
                         2B5 _register_onexit_function
                          E5 _execute_onexit_table
                          C2 _crt_atexit
                          C1 _crt_at_quick_exit
                         171 _initialize_narrow_environment
                         39C _wmakepath_s
                         3B8 _wsplitpath_s
                         564 wcscpy_s
                          B6 _configure_narrow_argv
                         2C3 _seh_filter_exe
                           5 _CrtDbgReportW
                          14 _CrtSetAllocHook
                         3D6 abort
                          80 _aligned_msize
                         299 _msize
                         531 strlen
                          5C __stdio_common_vfprintf
                         4FC puts
                         4FB putchar
                          35 __acrt_iob_func
                         543 strtoull
                          7E _aligned_malloc
                          7C _aligned_free
                         505 realloc
                         4D8 malloc
                         484 free
                         3FD calloc
                           4 _CrtDbgReport
                         179 _invoke_watson
                         54B terminate
                          5B __setusermatherr
                         175 _initterm_e

  Summary

        1000 .00cfg
        1000 .data
        2000 .idata
        2000 .pdata
        6000 .rdata
        1000 .reloc
        1000 .rsrc
        F000 .text
        1000 .tls
