适用于 .NET Framework MSBuild 版本 17.14.23+b0019275e

  1>Checking Build System
  host.cpp
  ock_Data.vcxproj -> J:\Code\Kernel_v2\build\b2-sdk-debug\Debug\ock_Data.lib
  ock_ControlProtocol.vcxproj -> J:\Code\Kernel_v2\build\b2-sdk-debug\Debug\ock_ControlProtocol.lib
  ock_Runtime.vcxproj -> J:\Code\Kernel_v2\build\b2-sdk-debug\Debug\ock_Runtime.lib
  ock_Dynamic.vcxproj -> J:\Code\Kernel_v2\build\b2-sdk-debug\Debug\ock_Dynamic.lib
  list_method.cpp
  subscription.cpp
  cursor.cpp
  正在生成代码...
  ock_Control.vcxproj -> J:\Code\Kernel_v2\build\b2-sdk-debug\Debug\ock_Control.lib
  subscription.cpp
  subscription_contract.vcxproj -> J:\Code\Kernel_v2\build\b2-sdk-debug\tests\unit\data\Debug\subscription_contract.exe
适用于 .NET Framework MSBuild 版本 17.14.23+b0019275e

  ock_Runtime.vcxproj -> J:\Code\Kernel_v2\build\b2-sdk-debug\Debug\ock_Runtime.lib
  ock_Data.vcxproj -> J:\Code\Kernel_v2\build\b2-sdk-debug\Debug\ock_Data.lib
  ock_ControlProtocol.vcxproj -> J:\Code\Kernel_v2\build\b2-sdk-debug\Debug\ock_ControlProtocol.lib
  ock_Dynamic.vcxproj -> J:\Code\Kernel_v2\build\b2-sdk-debug\Debug\ock_Dynamic.lib
  ock_Control.vcxproj -> J:\Code\Kernel_v2\build\b2-sdk-debug\Debug\ock_Control.lib
  list.cpp
  list_contract.vcxproj -> J:\Code\Kernel_v2\build\b2-sdk-debug\tests\unit\data\Debug\list_contract.exe
适用于 .NET Framework MSBuild 版本 17.14.23+b0019275e

  ock_Runtime.vcxproj -> J:\Code\Kernel_v2\build\b2-sdk-debug\Debug\ock_Runtime.lib
  ock_Data.vcxproj -> J:\Code\Kernel_v2\build\b2-sdk-debug\Debug\ock_Data.lib
  ock_ControlProtocol.vcxproj -> J:\Code\Kernel_v2\build\b2-sdk-debug\Debug\ock_ControlProtocol.lib
  ock_Dynamic.vcxproj -> J:\Code\Kernel_v2\build\b2-sdk-debug\Debug\ock_Dynamic.lib
  ock_Control.vcxproj -> J:\Code\Kernel_v2\build\b2-sdk-debug\Debug\ock_Control.lib
  cursor.cpp
  cursor_contract.vcxproj -> J:\Code\Kernel_v2\build\b2-sdk-debug\tests\unit\data\Debug\cursor_contract.exe
适用于 .NET Framework MSBuild 版本 17.14.23+b0019275e

  ock_Runtime.vcxproj -> J:\Code\Kernel_v2\build\b2-sdk-debug\Debug\ock_Runtime.lib
  Building Custom Rule J:/Code/Kernel_v2/tests/contract/host/CMakeLists.txt
  host_tests.cpp
  allocation_probe.cpp
  正在生成代码...
  ock_host_tests.vcxproj -> J:\Code\Kernel_v2\build\b2-sdk-debug\tests\contract\host\Debug\ock_host_tests.exe
适用于 .NET Framework MSBuild 版本 17.14.23+b0019275e

  ock_Runtime.vcxproj -> J:\Code\Kernel_v2\build\b2-sdk-debug\Debug\ock_Runtime.lib
  Building Custom Rule J:/Code/Kernel_v2/tests/contract/host/CMakeLists.txt
  fault_main.cpp
  fault_allocations.cpp
  fault_host_unit.cpp
  正在生成代码...
  
  正在搜索库
      正在搜索 ..\..\..\Debug\ock_Runtime.lib:
      正在搜索 E:\Windows Kits\10\lib\10.0.26100.0\um\x64\bcrypt.lib:
      正在搜索 E:\Windows Kits\10\lib\10.0.26100.0\um\x64\kernel32.lib:
      正在搜索 E:\Windows Kits\10\lib\10.0.26100.0\um\x64\user32.lib:
      正在搜索 E:\Windows Kits\10\lib\10.0.26100.0\um\x64\gdi32.lib:
      正在搜索 E:\Windows Kits\10\lib\10.0.26100.0\um\x64\winspool.lib:
      正在搜索 E:\Windows Kits\10\lib\10.0.26100.0\um\x64\shell32.lib:
      正在搜索 E:\Windows Kits\10\lib\10.0.26100.0\um\x64\ole32.lib:
      正在搜索 E:\Windows Kits\10\lib\10.0.26100.0\um\x64\oleaut32.lib:
      正在搜索 E:\Windows Kits\10\lib\10.0.26100.0\um\x64\uuid.lib:
      正在搜索 E:\Windows Kits\10\lib\10.0.26100.0\um\x64\comdlg32.lib:
      正在搜索 E:\Windows Kits\10\lib\10.0.26100.0\um\x64\advapi32.lib:
      正在搜索 E:\vs2022IDE\VC\Tools\MSVC\14.44.35207\lib\x64\msvcprtd.lib:
      正在搜索 E:\vs2022IDE\VC\Tools\MSVC\14.44.35207\lib\x64\MSVCRTD.lib:
      正在搜索 E:\vs2022IDE\VC\Tools\MSVC\14.44.35207\lib\x64\OLDNAMES.lib:
      正在搜索 E:\vs2022IDE\VC\Tools\MSVC\14.44.35207\lib\x64\vcruntimed.lib:
      正在搜索 E:\Windows Kits\10\lib\10.0.26100.0\ucrt\x64\ucrtd.lib:
      正在搜索 ..\..\..\Debug\ock_Runtime.lib:
      正在搜索 E:\Windows Kits\10\lib\10.0.26100.0\um\x64\bcrypt.lib:
      正在搜索 E:\Windows Kits\10\lib\10.0.26100.0\um\x64\kernel32.lib:
      正在搜索 E:\Windows Kits\10\lib\10.0.26100.0\um\x64\user32.lib:
      正在搜索 E:\Windows Kits\10\lib\10.0.26100.0\um\x64\gdi32.lib:
      正在搜索 E:\Windows Kits\10\lib\10.0.26100.0\um\x64\winspool.lib:
      正在搜索 E:\Windows Kits\10\lib\10.0.26100.0\um\x64\shell32.lib:
      正在搜索 E:\Windows Kits\10\lib\10.0.26100.0\um\x64\ole32.lib:
      正在搜索 E:\Windows Kits\10\lib\10.0.26100.0\um\x64\oleaut32.lib:
      正在搜索 E:\Windows Kits\10\lib\10.0.26100.0\um\x64\uuid.lib:
      正在搜索 E:\Windows Kits\10\lib\10.0.26100.0\um\x64\comdlg32.lib:
      正在搜索 E:\Windows Kits\10\lib\10.0.26100.0\um\x64\advapi32.lib:
      正在搜索 E:\vs2022IDE\VC\Tools\MSVC\14.44.35207\lib\x64\msvcprtd.lib:
      正在搜索 E:\vs2022IDE\VC\Tools\MSVC\14.44.35207\lib\x64\MSVCRTD.lib:
      正在搜索 E:\vs2022IDE\VC\Tools\MSVC\14.44.35207\lib\x64\OLDNAMES.lib:
      正在搜索 E:\vs2022IDE\VC\Tools\MSVC\14.44.35207\lib\x64\vcruntimed.lib:
      正在搜索 E:\Windows Kits\10\lib\10.0.26100.0\ucrt\x64\ucrtd.lib:
      正在搜索 ..\..\..\Debug\ock_Runtime.lib:
      正在搜索 E:\Windows Kits\10\lib\10.0.26100.0\um\x64\bcrypt.lib:
  
  已完成库搜索
  
  正在搜索库
      正在搜索 ..\..\..\Debug\ock_Runtime.lib:
      正在搜索 E:\Windows Kits\10\lib\10.0.26100.0\um\x64\bcrypt.lib:
      正在搜索 E:\Windows Kits\10\lib\10.0.26100.0\um\x64\kernel32.lib:
      正在搜索 E:\Windows Kits\10\lib\10.0.26100.0\um\x64\user32.lib:
      正在搜索 E:\Windows Kits\10\lib\10.0.26100.0\um\x64\gdi32.lib:
      正在搜索 E:\Windows Kits\10\lib\10.0.26100.0\um\x64\winspool.lib:
      正在搜索 E:\Windows Kits\10\lib\10.0.26100.0\um\x64\shell32.lib:
      正在搜索 E:\Windows Kits\10\lib\10.0.26100.0\um\x64\ole32.lib:
      正在搜索 E:\Windows Kits\10\lib\10.0.26100.0\um\x64\oleaut32.lib:
      正在搜索 E:\Windows Kits\10\lib\10.0.26100.0\um\x64\uuid.lib:
      正在搜索 E:\Windows Kits\10\lib\10.0.26100.0\um\x64\comdlg32.lib:
      正在搜索 E:\Windows Kits\10\lib\10.0.26100.0\um\x64\advapi32.lib:
      正在搜索 E:\vs2022IDE\VC\Tools\MSVC\14.44.35207\lib\x64\msvcprtd.lib:
      正在搜索 E:\vs2022IDE\VC\Tools\MSVC\14.44.35207\lib\x64\MSVCRTD.lib:
      正在搜索 E:\vs2022IDE\VC\Tools\MSVC\14.44.35207\lib\x64\OLDNAMES.lib:
      正在搜索 E:\vs2022IDE\VC\Tools\MSVC\14.44.35207\lib\x64\vcruntimed.lib:
      正在搜索 E:\Windows Kits\10\lib\10.0.26100.0\ucrt\x64\ucrtd.lib:
  
  已完成库搜索
  
  正在搜索库
      正在搜索 ..\..\..\Debug\ock_Runtime.lib:
      正在搜索 E:\Windows Kits\10\lib\10.0.26100.0\um\x64\bcrypt.lib:
      正在搜索 E:\Windows Kits\10\lib\10.0.26100.0\um\x64\kernel32.lib:
      正在搜索 E:\Windows Kits\10\lib\10.0.26100.0\um\x64\user32.lib:
      正在搜索 E:\Windows Kits\10\lib\10.0.26100.0\um\x64\gdi32.lib:
      正在搜索 E:\Windows Kits\10\lib\10.0.26100.0\um\x64\winspool.lib:
      正在搜索 E:\Windows Kits\10\lib\10.0.26100.0\um\x64\shell32.lib:
      正在搜索 E:\Windows Kits\10\lib\10.0.26100.0\um\x64\ole32.lib:
      正在搜索 E:\Windows Kits\10\lib\10.0.26100.0\um\x64\oleaut32.lib:
      正在搜索 E:\Windows Kits\10\lib\10.0.26100.0\um\x64\uuid.lib:
      正在搜索 E:\Windows Kits\10\lib\10.0.26100.0\um\x64\comdlg32.lib:
      正在搜索 E:\Windows Kits\10\lib\10.0.26100.0\um\x64\advapi32.lib:
      正在搜索 E:\vs2022IDE\VC\Tools\MSVC\14.44.35207\lib\x64\msvcprtd.lib:
      正在搜索 E:\vs2022IDE\VC\Tools\MSVC\14.44.35207\lib\x64\MSVCRTD.lib:
      正在搜索 E:\vs2022IDE\VC\Tools\MSVC\14.44.35207\lib\x64\OLDNAMES.lib:
      正在搜索 E:\vs2022IDE\VC\Tools\MSVC\14.44.35207\lib\x64\vcruntimed.lib:
      正在搜索 E:\Windows Kits\10\lib\10.0.26100.0\ucrt\x64\ucrtd.lib:
  
  已完成库搜索
  
  正在搜索库
      正在搜索 ..\..\..\Debug\ock_Runtime.lib:
      正在搜索 E:\Windows Kits\10\lib\10.0.26100.0\um\x64\bcrypt.lib:
      正在搜索 E:\Windows Kits\10\lib\10.0.26100.0\um\x64\kernel32.lib:
      正在搜索 E:\Windows Kits\10\lib\10.0.26100.0\um\x64\user32.lib:
      正在搜索 E:\Windows Kits\10\lib\10.0.26100.0\um\x64\gdi32.lib:
      正在搜索 E:\Windows Kits\10\lib\10.0.26100.0\um\x64\winspool.lib:
      正在搜索 E:\Windows Kits\10\lib\10.0.26100.0\um\x64\shell32.lib:
      正在搜索 E:\Windows Kits\10\lib\10.0.26100.0\um\x64\ole32.lib:
      正在搜索 E:\Windows Kits\10\lib\10.0.26100.0\um\x64\oleaut32.lib:
      正在搜索 E:\Windows Kits\10\lib\10.0.26100.0\um\x64\uuid.lib:
      正在搜索 E:\Windows Kits\10\lib\10.0.26100.0\um\x64\comdlg32.lib:
      正在搜索 E:\Windows Kits\10\lib\10.0.26100.0\um\x64\advapi32.lib:
      正在搜索 E:\vs2022IDE\VC\Tools\MSVC\14.44.35207\lib\x64\msvcprtd.lib:
      正在搜索 E:\vs2022IDE\VC\Tools\MSVC\14.44.35207\lib\x64\MSVCRTD.lib:
      正在搜索 E:\vs2022IDE\VC\Tools\MSVC\14.44.35207\lib\x64\OLDNAMES.lib:
      正在搜索 E:\vs2022IDE\VC\Tools\MSVC\14.44.35207\lib\x64\vcruntimed.lib:
      正在搜索 E:\Windows Kits\10\lib\10.0.26100.0\ucrt\x64\ucrtd.lib:
  
  已完成库搜索
  
  正在搜索库
      正在搜索 ..\..\..\Debug\ock_Runtime.lib:
      正在搜索 E:\Windows Kits\10\lib\10.0.26100.0\um\x64\bcrypt.lib:
      正在搜索 E:\Windows Kits\10\lib\10.0.26100.0\um\x64\kernel32.lib:
      正在搜索 E:\Windows Kits\10\lib\10.0.26100.0\um\x64\user32.lib:
      正在搜索 E:\Windows Kits\10\lib\10.0.26100.0\um\x64\gdi32.lib:
      正在搜索 E:\Windows Kits\10\lib\10.0.26100.0\um\x64\winspool.lib:
      正在搜索 E:\Windows Kits\10\lib\10.0.26100.0\um\x64\shell32.lib:
      正在搜索 E:\Windows Kits\10\lib\10.0.26100.0\um\x64\ole32.lib:
      正在搜索 E:\Windows Kits\10\lib\10.0.26100.0\um\x64\oleaut32.lib:
      正在搜索 E:\Windows Kits\10\lib\10.0.26100.0\um\x64\uuid.lib:
      正在搜索 E:\Windows Kits\10\lib\10.0.26100.0\um\x64\comdlg32.lib:
      正在搜索 E:\Windows Kits\10\lib\10.0.26100.0\um\x64\advapi32.lib:
      正在搜索 E:\vs2022IDE\VC\Tools\MSVC\14.44.35207\lib\x64\msvcprtd.lib:
      正在搜索 E:\vs2022IDE\VC\Tools\MSVC\14.44.35207\lib\x64\MSVCRTD.lib:
      正在搜索 E:\vs2022IDE\VC\Tools\MSVC\14.44.35207\lib\x64\OLDNAMES.lib:
      正在搜索 E:\vs2022IDE\VC\Tools\MSVC\14.44.35207\lib\x64\vcruntimed.lib:
  
  已完成库搜索
  ock_host_fault_tests.vcxproj -> J:\Code\Kernel_v2\build\b2-sdk-debug\tests\contract\host\Debug\ock_host_fault_tests.exe
