适用于 .NET Framework MSBuild 版本 17.14.23+b0019275e

__________________________________________________
项目“J:\Code\Kernel_v2\build\b4-debug\tests\contract\native\ock_native_tests.vcxproj”(默认目标):

__________________________________________________
项目“J:\Code\Kernel_v2\build\b4-debug\tests\contract\native\ock_native_tests.vcxproj”正在生成“J:\Code\Kernel_v2\build\b4-debug\ZERO_CHECK.vcxproj”(默认目标):

__________________________________________________
项目“J:\Code\Kernel_v2\build\b4-debug\ZERO_CHECK.vcxproj”正在生成“J:\Code\Kernel_v2\build\b4-debug\ock_Adapter_CpuPool.vcxproj”(默认目标):

__________________________________________________
项目“J:\Code\Kernel_v2\build\b4-debug\ock_Adapter_CpuPool.vcxproj”正在生成“J:\Code\Kernel_v2\build\b4-debug\ZERO_CHECK.vcxproj”(默认目标):

__________________________________________________
项目“J:\Code\Kernel_v2\build\b4-debug\ZERO_CHECK.vcxproj”正在生成“J:\Code\Kernel_v2\build\b4-debug\ZERO_CHECK.vcxproj”(GetNativeManifest 目标):

__________________________________________________
项目“J:\Code\Kernel_v2\build\b4-debug\ZERO_CHECK.vcxproj”正在生成“J:\Code\Kernel_v2\build\b4-debug\ZERO_CHECK.vcxproj”(GetProjectInfoForReference 目标):

ock_Adapter_CpuPool.vcxproj -> J:\Code\Kernel_v2\build\b4-debug\Debug\ock_Adapter_CpuPool.lib
__________________________________________________
项目“J:\Code\Kernel_v2\build\b4-debug\ZERO_CHECK.vcxproj”正在生成“J:\Code\Kernel_v2\build\b4-debug\ZERO_CHECK.vcxproj”(GetCopyToOutputDirectoryItems 目标):

__________________________________________________
项目“J:\Code\Kernel_v2\build\b4-debug\ZERO_CHECK.vcxproj”正在生成“J:\Code\Kernel_v2\build\b4-debug\ock_Runtime.vcxproj”(默认目标):

__________________________________________________
项目“J:\Code\Kernel_v2\build\b4-debug\ock_Runtime.vcxproj”正在生成“J:\Code\Kernel_v2\build\b4-debug\ZERO_CHECK.vcxproj”(默认目标):

__________________________________________________
项目“J:\Code\Kernel_v2\build\b4-debug\ZERO_CHECK.vcxproj”正在生成“J:\Code\Kernel_v2\build\b4-debug\ZERO_CHECK.vcxproj”(GetNativeManifest 目标):

__________________________________________________
项目“J:\Code\Kernel_v2\build\b4-debug\ZERO_CHECK.vcxproj”正在生成“J:\Code\Kernel_v2\build\b4-debug\ZERO_CHECK.vcxproj”(GetProjectInfoForReference 目标):

ock_Runtime.vcxproj -> J:\Code\Kernel_v2\build\b4-debug\Debug\ock_Runtime.lib
__________________________________________________
项目“J:\Code\Kernel_v2\build\b4-debug\ZERO_CHECK.vcxproj”正在生成“J:\Code\Kernel_v2\build\b4-debug\ZERO_CHECK.vcxproj”(GetCopyToOutputDirectoryItems 目标):

__________________________________________________
项目“J:\Code\Kernel_v2\build\b4-debug\ZERO_CHECK.vcxproj”正在生成“J:\Code\Kernel_v2\build\b4-debug\examples\native_service\ock_native_service.vcxproj”(默认目标):

__________________________________________________
项目“J:\Code\Kernel_v2\build\b4-debug\examples\native_service\ock_native_service.vcxproj”正在生成“J:\Code\Kernel_v2\build\b4-debug\ZERO_CHECK.vcxproj”(默认目标):

__________________________________________________
项目“J:\Code\Kernel_v2\build\b4-debug\ZERO_CHECK.vcxproj”正在生成“J:\Code\Kernel_v2\build\b4-debug\ock_Runtime.vcxproj”(默认目标):

__________________________________________________
项目“J:\Code\Kernel_v2\build\b4-debug\ock_Runtime.vcxproj”正在生成“J:\Code\Kernel_v2\build\b4-debug\ZERO_CHECK.vcxproj”(GetNativeManifest 目标):

__________________________________________________
项目“J:\Code\Kernel_v2\build\b4-debug\ZERO_CHECK.vcxproj”正在生成“J:\Code\Kernel_v2\build\b4-debug\ock_Runtime.vcxproj”(GetNativeManifest 目标):

__________________________________________________
项目“J:\Code\Kernel_v2\build\b4-debug\ock_Runtime.vcxproj”正在生成“J:\Code\Kernel_v2\build\b4-debug\ZERO_CHECK.vcxproj”(GetProjectInfoForReference 目标):

__________________________________________________
项目“J:\Code\Kernel_v2\build\b4-debug\ZERO_CHECK.vcxproj”正在生成“J:\Code\Kernel_v2\build\b4-debug\ock_Runtime.vcxproj”(GetProjectInfoForReference 目标):

ock_native_service.vcxproj -> J:\Code\Kernel_v2\build\b4-debug\examples\native_service\Debug\ock_native_service.exe
__________________________________________________
项目“J:\Code\Kernel_v2\build\b4-debug\ock_Runtime.vcxproj”正在生成“J:\Code\Kernel_v2\build\b4-debug\ZERO_CHECK.vcxproj”(GetCopyToOutputDirectoryItems 目标):

__________________________________________________
项目“J:\Code\Kernel_v2\build\b4-debug\ZERO_CHECK.vcxproj”正在生成“J:\Code\Kernel_v2\build\b4-debug\ock_Runtime.vcxproj”(GetCopyToOutputDirectoryItems 目标):

__________________________________________________
项目“J:\Code\Kernel_v2\build\b4-debug\ock_Runtime.vcxproj”正在生成“J:\Code\Kernel_v2\build\b4-debug\ZERO_CHECK.vcxproj”(GetNativeManifest 目标):

__________________________________________________
项目“J:\Code\Kernel_v2\build\b4-debug\ZERO_CHECK.vcxproj”正在生成“J:\Code\Kernel_v2\build\b4-debug\ock_Runtime.vcxproj”(GetNativeManifest 目标):

__________________________________________________
项目“J:\Code\Kernel_v2\build\b4-debug\ock_Runtime.vcxproj”正在生成“J:\Code\Kernel_v2\build\b4-debug\ock_Adapter_CpuPool.vcxproj”(GetNativeManifest 目标):

__________________________________________________
项目“J:\Code\Kernel_v2\build\b4-debug\ock_Adapter_CpuPool.vcxproj”正在生成“J:\Code\Kernel_v2\build\b4-debug\examples\native_service\ock_native_service.vcxproj”(GetNativeManifest 目标):

__________________________________________________
项目“J:\Code\Kernel_v2\build\b4-debug\examples\native_service\ock_native_service.vcxproj”正在生成“J:\Code\Kernel_v2\build\b4-debug\ZERO_CHECK.vcxproj”(GetProjectInfoForReference 目标):

__________________________________________________
项目“J:\Code\Kernel_v2\build\b4-debug\ZERO_CHECK.vcxproj”正在生成“J:\Code\Kernel_v2\build\b4-debug\ock_Runtime.vcxproj”(GetProjectInfoForReference 目标):

__________________________________________________
项目“J:\Code\Kernel_v2\build\b4-debug\ock_Runtime.vcxproj”正在生成“J:\Code\Kernel_v2\build\b4-debug\ock_Adapter_CpuPool.vcxproj”(GetProjectInfoForReference 目标):

__________________________________________________
项目“J:\Code\Kernel_v2\build\b4-debug\ock_Adapter_CpuPool.vcxproj”正在生成“J:\Code\Kernel_v2\build\b4-debug\examples\native_service\ock_native_service.vcxproj”(GetProjectInfoForReference 目标):

ock_native_tests.vcxproj -> J:\Code\Kernel_v2\build\b4-debug\tests\contract\native\Debug\ock_native_tests.exe
__________________________________________________
项目“J:\Code\Kernel_v2\build\b4-debug\examples\native_service\ock_native_service.vcxproj”正在生成“J:\Code\Kernel_v2\build\b4-debug\ZERO_CHECK.vcxproj”(GetCopyToOutputDirectoryItems 目标):

__________________________________________________
项目“J:\Code\Kernel_v2\build\b4-debug\ZERO_CHECK.vcxproj”正在生成“J:\Code\Kernel_v2\build\b4-debug\ock_Adapter_CpuPool.vcxproj”(GetCopyToOutputDirectoryItems 目标):

__________________________________________________
项目“J:\Code\Kernel_v2\build\b4-debug\ock_Adapter_CpuPool.vcxproj”正在生成“J:\Code\Kernel_v2\build\b4-debug\ock_Runtime.vcxproj”(GetCopyToOutputDirectoryItems 目标):

__________________________________________________
项目“J:\Code\Kernel_v2\build\b4-debug\ock_Runtime.vcxproj”正在生成“J:\Code\Kernel_v2\build\b4-debug\examples\native_service\ock_native_service.vcxproj”(GetCopyToOutputDirectoryItems 目标):

setlocal
J:\Code\Kernel_v2\build\runtime\python311\python.exe -X utf8 J:/Code/Kernel_v2/tests/contract/native/discover.py --binary J:/Code/Kernel_v2/build/b4-debug/tests/contract/native/Debug/ock_native_tests.exe --output J:/Code/Kernel_v2/build/b4-debug/tests/contract/native/native-tests-Debug.cmake --runtime-dir J:/Code/Kernel_v2/build/msvc-validation/e8697b7e3597a578/bin --includes "J:/Code/Kernel_v2|J:/Code/Kernel_v2/tests/compile/contracts|J:/Code/Kernel_v2/packages/runtime/include|J:/Code/Kernel_v2/packages/contracts/include|J:/Code/Kernel_v2/packages/foundation/include|J:/Code/Kernel_v2/build/d0.06-a/cache/sources/expected-fe3b18aecb84/include|J:/Code/Kernel_v2/packages/adapters/cpu_pool/include" --generator "Visual Studio 17 2022" --platform x64 --toolset v143,version=14.44.35207 --sdk 10.0.26100.0 --config Debug --work J:/Code/Kernel_v2/build/b4-debug/tests/contract/native/child-runs --root-build J:/Code/Kernel_v2/build/b4-debug --target-metadata J:/Code/Kernel_v2/build/b4-debug/tests/contract/native/native-target-Debug.json --example J:/Code/Kernel_v2/build/b4-debug/examples/native_service/Debug/ock_native_service.exe
if %errorlevel% neq 0 goto :cmEnd
:cmEnd
endlocal & call :cmErrorLevel %errorlevel% & goto :cmDone
:cmErrorLevel
exit /b %1
:cmDone
if %errorlevel% neq 0 goto :VCEnd
:VCEnd
{"actual_cases": ["T02.native.candidate_read_dispatch", "T02.native.exact_binding", "T02.native.invalid_input", "T02.native.private_dispatch", "T02.native.registered_compute", "T02.native.registered_read", "T02.native.validation_exception", "T03.native.cancel_and_budget", "T03.native.component_boundary", "T03.native.example_consumer", "T03.native.execution_service_control", "T03.native.execution_table_ownership", "T03.native.host_async_completion", "T03.native.host_async_deadline", "T03.native.host_async_drain", "T03.native.host_cached_result_sessions", "T03.native.host_execution_lifecycle", "T03.native.host_execution_resources", "T03.native.host_required_record", "T03.native.host_required_record_drain", "T03.native.host_structured_lifetime", "T03.native.managed_execution_path", "T03.native.managed_execution_resource_wait", "T03.native.managed_record", "T03.native.managed_record_ownership", "T03.native.managed_resources", "T03.native.no_self_wait", "T03.native.no_task_path", "T03.native.provider_unavailable", "T03.native.reentrant_and_concurrent", "T03.native.resource_lifetime", "T03.native.thread_modes", "T03.native.thread_origin", "T06.native.admission_order", "T06.native.authority_origin", "T06.native.business_failure", "T06.native.execution_source_observation", "T06.native.host_structured_admission", "T06.native.invalid_output", "T06.native.lifecycle_replacement", "T06.native.managed_admission", "T06.native.outcome_consistency", "T06.native.permission_intersection", "T06.native.policy_contract_alignment", "T06.native.revoke_and_regrant", "T06.native.session_and_deadline", "T06.native.target_binding", "T23.native.allocation_governance", "T23.native.allocation_other_costs", "T23.native.allocation_probe", "T23.native.allocation_steady"], "count": 51}
