 installed_thin

 Timestamp is 6aa0c41e (Wed Sep  9 10:27:42 2026)

 Preferred load address is 0000000140000000

 Start         Length     Name                   Class
 0001:00000000 000196a0H .text$mn                CODE
 0001:000196a0 00000040H .text$mn$00             CODE
 0001:000196e0 00000950H .text$x                 CODE
 0001:0001a030 00000003H .text$yd                CODE
 0002:00000000 00000360H .idata$5                DATA
 0002:00000360 00000038H .00cfg                  DATA
 0002:00000398 00000008H .CRT$XCA                DATA
 0002:000003a0 00000008H .CRT$XCAA               DATA
 0002:000003a8 00000008H .CRT$XCZ                DATA
 0002:000003b0 00000008H .CRT$XIA                DATA
 0002:000003b8 00000008H .CRT$XIAA               DATA
 0002:000003c0 00000008H .CRT$XIAC               DATA
 0002:000003c8 00000008H .CRT$XIZ                DATA
 0002:000003d0 00000008H .CRT$XLA                DATA
 0002:000003d8 00000008H .CRT$XLZ                DATA
 0002:000003e0 00000008H .CRT$XPA                DATA
 0002:000003e8 00000008H .CRT$XPZ                DATA
 0002:000003f0 00000008H .CRT$XTA                DATA
 0002:000003f8 00000008H .CRT$XTZ                DATA
 0002:00000400 00000000H .gehcont$y              DATA
 0002:00000400 00000000H .gfids$y                DATA
 0002:00000400 00005c00H .rdata                  DATA
 0002:00006000 00000000H .rdata$CastGuardVftablesA DATA
 0002:00006000 00000000H .rdata$CastGuardVftablesC DATA
 0002:00006000 00000028H .rdata$T                DATA
 0002:00006028 00000ffcH .rdata$r                DATA
 0002:00007024 000000d8H .rdata$voltmd           DATA
 0002:000070fc 00000354H .rdata$zzzdbg           DATA
 0002:00007450 00000008H .rtc$IAA                DATA
 0002:00007458 00000008H .rtc$IZZ                DATA
 0002:00007460 00000008H .rtc$TAA                DATA
 0002:00007468 00000008H .rtc$TZZ                DATA
 0002:00007470 00000008H .tls                    DATA
 0002:00007478 0000000cH .tls$                   DATA
 0002:00007484 00000004H .tls$ZZZ                DATA
 0002:00007488 00002368H .xdata                  DATA
 0002:000097f0 00000494H .xdata$x                DATA
 0002:00009c84 00000000H .edata                  DATA
 0002:00009c84 000000f0H .idata$2                DATA
 0002:00009d74 00000014H .idata$3                DATA
 0002:00009d88 00000360H .idata$4                DATA
 0002:0000a0e8 00000aa8H .idata$6                DATA
 0003:00000000 000000d0H .data                   DATA
 0003:000000d0 00000320H .data$r                 DATA
 0003:000003f0 000004c0H .data$rs                DATA
 0003:000008b0 00000620H .bss                    DATA
 0004:00000000 000014a0H .pdata                  DATA
 0005:00000000 00000060H .rsrc$01                DATA
 0005:00000060 00000180H .rsrc$02                DATA

  Address         Publics by Value              Rva+Base               Lib:Object

 0000:00000000       __AbsoluteZero             0000000000000000     <absolute>
 0000:00000000       ___safe_se_handler_count   0000000000000000     <absolute>
 0000:00000000       ___safe_se_handler_table   0000000000000000     <absolute>
 0000:00000000       __arm64x_extra_rfe_table   0000000000000000     <absolute>
 0000:00000000       __arm64x_extra_rfe_table_size 0000000000000000     <absolute>
 0000:00000000       __arm64x_native_entrypoint 0000000000000000     <absolute>
 0000:00000000       __arm64x_redirection_metadata 0000000000000000     <absolute>
 0000:00000000       __arm64x_redirection_metadata_count 0000000000000000     <absolute>
 0000:00000000       __dynamic_value_reloc_table 0000000000000000     <absolute>
 0000:00000000       __enclave_config           0000000000000000     <absolute>
 0000:00000000       __guard_check_icall_a64n_fptr 0000000000000000     <absolute>
 0000:00000000       __guard_eh_cont_count      0000000000000000     <absolute>
 0000:00000000       __guard_eh_cont_table      0000000000000000     <absolute>
 0000:00000000       __guard_fids_count         0000000000000000     <absolute>
 0000:00000000       __guard_fids_table         0000000000000000     <absolute>
 0000:00000000       __guard_iat_count          0000000000000000     <absolute>
 0000:00000000       __guard_iat_table          0000000000000000     <absolute>
 0000:00000000       __guard_longjmp_count      0000000000000000     <absolute>
 0000:00000000       __guard_longjmp_table      0000000000000000     <absolute>
 0000:00000000       __hybrid_auxiliary_delayload_iat 0000000000000000     <absolute>
 0000:00000000       __hybrid_auxiliary_delayload_iat_copy 0000000000000000     <absolute>
 0000:00000000       __hybrid_auxiliary_iat     0000000000000000     <absolute>
 0000:00000000       __hybrid_auxiliary_iat_copy 0000000000000000     <absolute>
 0000:00000000       __hybrid_code_map          0000000000000000     <absolute>
 0000:00000000       __hybrid_code_map_count    0000000000000000     <absolute>
 0000:00000000       __hybrid_image_info_bitfield 0000000000000000     <absolute>
 0000:00000000       __x64_code_ranges_to_entry_points 0000000000000000     <absolute>
 0000:00000000       __x64_code_ranges_to_entry_points_count 0000000000000000     <absolute>
 0000:00000100       __guard_flags              0000000000000100     <absolute>
 0000:00000000       __ImageBase                0000000140000000     <linker-defined>
 0001:00000000       ??$_Insert_string@DU?$char_traits@D@std@@_K@std@@YAAEAV?$basic_ostream@DU?$char_traits@D@std@@@0@AEAV10@QEBD_K@Z 0000000140001000 f i thin.obj
 0001:00000270       ??1?$expected@V?$basic_string@DU?$char_traits@D@std@@V?$allocator@D@2@@std@@VError@foundation@ock@@@tl@@QEAA@XZ 0000000140001270 f i thin.obj
 0001:000002e0       ??1_Sentry_base@?$basic_ostream@DU?$char_traits@D@std@@@std@@QEAA@XZ 00000001400012e0 f i thin.obj
 0001:00000310       ??1sentry@?$basic_ostream@DU?$char_traits@D@std@@@std@@QEAA@XZ 0000000140001310 f i thin.obj
 0001:00000360       ?_Tidy_deallocate@?$basic_string@DU?$char_traits@D@std@@V?$allocator@D@2@@std@@AEAAXXZ 0000000140001360 f i thin.obj
 0001:000003e0       main                       00000001400013e0 f   thin.obj
 0001:00000530       ??$?0PEAD$0A@@?$basic_string@DU?$char_traits@D@std@@V?$allocator@D@2@@std@@QEAA@PEAD0AEBV?$allocator@D@1@@Z 0000000140001530 f i ock_ControlClient:client.obj
 0001:00000620       ??$_Allocate@$0BA@U_Default_allocate_traits@std@@@std@@YAPEAX_K@Z 0000000140001620 f i ock_ControlClient:client.obj
 0001:00000690       ??$_Construct@$00PEBD@?$basic_string@DU?$char_traits@D@std@@V?$allocator@D@2@@std@@AEAAXQEBD_K@Z 0000000140001690 f i ock_ControlClient:client.obj
 0001:00000750       ??$_Reallocate_grow_by@V<lambda_1>@?1??append@?$basic_string@DU?$char_traits@D@std@@V?$allocator@D@2@@std@@QEAAAEAV34@QEBD_K@Z@PEBD_K@?$basic_string@DU?$char_traits@D@std@@V?$allocator@D@2@@std@@AEAAAEAV01@_KV<lambda_1>@?1??append@01@QEAAAEAV01@QEBD0@Z@PEBD_K@Z 0000000140001750 f i ock_ControlClient:client.obj
 0001:000008a0       ??0bad_alloc@std@@QEAA@AEBV01@@Z 00000001400018a0 f i ock_ControlClient:client.obj
 0001:000008e0       ??0bad_array_new_length@std@@QEAA@AEBV01@@Z 00000001400018e0 f i ock_ControlClient:client.obj
 0001:00000920       ??0bad_array_new_length@std@@QEAA@XZ 0000000140001920 f i ock_ControlClient:client.obj
 0001:00000950       ??0exception@std@@QEAA@AEBV01@@Z 0000000140001950 f i ock_ControlClient:client.obj
 0001:00000990       ??1?$basic_string@DU?$char_traits@D@std@@V?$allocator@D@2@@std@@QEAA@XZ 0000000140001990 f i ock_ControlClient:client.obj
 0001:000009a0       ??1?$expected@VPayload@data@ock@@VError@foundation@3@@tl@@QEAA@XZ 00000001400019a0 f i ock_ControlClient:client.obj
 0001:000009b0       ??1?$expected_storage_base@VPayload@data@ock@@VError@foundation@3@$0A@$0A@@detail@tl@@QEAA@XZ 00000001400019b0 f i ock_ControlClient:client.obj
 0001:00000a20       ??1assertion_error@jsoncons@@UEAA@XZ 0000000140001a20 f i ock_Data:payload.obj
 0001:00000a20       ??1bad_alloc@std@@UEAA@XZ  0000000140001a20 f i MSVCRT:throw_bad_alloc.obj
 0001:00000a20       ??1bad_array_new_length@std@@UEAA@XZ 0000000140001a20 f i ock_ControlClient:client.obj
 0001:00000a20       ??1runtime_error@std@@UEAA@XZ 0000000140001a20 f i ock_Data:payload.obj
 0001:00000a20       ??1system_error@std@@UEAA@XZ 0000000140001a20 f i ock_Data:payload.obj
 0001:00000a40       ??_Eassertion_error@jsoncons@@UEAAPEAXI@Z 0000000140001a40 f i ock_Data:payload.obj
 0001:00000a40       ??_Ebad_alloc@std@@UEAAPEAXI@Z 0000000140001a40 f i ock_ControlClient:client.obj
 0001:00000a40       ??_Ebad_array_new_length@std@@UEAAPEAXI@Z 0000000140001a40 f i ock_ControlClient:client.obj
 0001:00000a40       ??_Edomain_error@std@@UEAAPEAXI@Z 0000000140001a40 f i ock_Data:payload.obj
 0001:00000a40       ??_Eexception@std@@UEAAPEAXI@Z 0000000140001a40 f i ock_ControlClient:client.obj
 0001:00000a40       ??_Einvalid_argument@std@@UEAAPEAXI@Z 0000000140001a40 f i ock_Data:payload.obj
 0001:00000a40       ??_Elogic_error@std@@UEAAPEAXI@Z 0000000140001a40 f i ock_Data:payload.obj
 0001:00000a40       ??_Eruntime_error@std@@UEAAPEAXI@Z 0000000140001a40 f i ock_Data:payload.obj
 0001:00000a40       ??_Gassertion_error@jsoncons@@UEAAPEAXI@Z 0000000140001a40 f i ock_Data:payload.obj
 0001:00000a40       ??_Gbad_alloc@std@@UEAAPEAXI@Z 0000000140001a40 f i ock_ControlClient:client.obj
 0001:00000a40       ??_Gbad_array_new_length@std@@UEAAPEAXI@Z 0000000140001a40 f i ock_ControlClient:client.obj
 0001:00000a40       ??_Gdomain_error@std@@UEAAPEAXI@Z 0000000140001a40 f i ock_Data:payload.obj
 0001:00000a40       ??_Gexception@std@@UEAAPEAXI@Z 0000000140001a40 f i ock_ControlClient:client.obj
 0001:00000a40       ??_Ginvalid_argument@std@@UEAAPEAXI@Z 0000000140001a40 f i ock_Data:payload.obj
 0001:00000a40       ??_Glogic_error@std@@UEAAPEAXI@Z 0000000140001a40 f i ock_Data:payload.obj
 0001:00000a40       ??_Gruntime_error@std@@UEAAPEAXI@Z 0000000140001a40 f i ock_Data:payload.obj
 0001:00000a90       ?_Throw_bad_array_new_length@std@@YAXXZ 0000000140001a90 f i ock_ControlClient:client.obj
 0001:00000a90       ?__scrt_throw_std_bad_array_new_length@@YAXXZ 0000000140001a90 f i MSVCRT:throw_bad_alloc.obj
 0001:00000ab0       ?_Xlen_string@std@@YAXXZ   0000000140001ab0 f i ock_ControlClient:client.obj
 0001:00000ad0       ?append@?$basic_string@DU?$char_traits@D@std@@V?$allocator@D@2@@std@@QEAAAEAV12@QEBD_K@Z 0000000140001ad0 f i ock_ControlClient:client.obj
 0001:00000b60       ?quote@control_client@ock@@YA?AV?$expected@V?$basic_string@DU?$char_traits@D@std@@V?$allocator@D@2@@std@@VError@foundation@ock@@@tl@@V?$basic_string_view@DU?$char_traits@D@std@@@std@@@Z 0000000140001b60 f   ock_ControlClient:client.obj
 0001:00000d30       ?to_string@std@@YA?AV?$basic_string@DU?$char_traits@D@std@@V?$allocator@D@2@@1@_K@Z 0000000140001d30 f i ock_ControlClient:client.obj
 0001:00000dc0       ?what@?$json_runtime_error@Vdomain_error@std@@X@jsoncons@@UEBAPEBDXZ 0000000140001dc0 f i ock_Data:payload.obj
 0001:00000dc0       ?what@?$json_runtime_error@Vinvalid_argument@std@@X@jsoncons@@UEBAPEBDXZ 0000000140001dc0 f i ock_Data:payload.obj
 0001:00000dc0       ?what@assertion_error@jsoncons@@UEBAPEBDXZ 0000000140001dc0 f i ock_Data:payload.obj
 0001:00000dc0       ?what@exception@std@@UEBAPEBDXZ 0000000140001dc0 f i ock_ControlClient:client.obj
 0001:00000de0       ??1?$vector@EV?$allocator@E@std@@@std@@QEAA@XZ 0000000140001de0 f i ock_Data:payload.obj
 0001:00000de0       ??1?$vector@W4byte@std@@V?$allocator@W4byte@std@@@2@@std@@QEAA@XZ 0000000140001de0 f i ock_Adapter_LocalIPC:native_security.obj
 0001:00000e20       ?_Tidy@?$vector@EV?$allocator@E@std@@@std@@AEAAXXZ 0000000140001e20 f i ock_Data:payload.obj
 0001:00000e20       ?_Tidy@?$vector@W4byte@std@@V?$allocator@W4byte@std@@@2@@std@@AEAAXXZ 0000000140001e20 f i ock_Adapter_LocalIPC:native_security.obj
 0001:00000e90       ?current_user_sid@local_ipc@ock@@YA?AV?$expected@V?$basic_string@DU?$char_traits@D@std@@V?$allocator@D@2@@std@@VError@foundation@ock@@@tl@@XZ 0000000140001e90 f   ock_Adapter_LocalIPC:native_security.obj
 0001:00000f20       ?token_sid@NativeSecurity@local_ipc@ock@@SA?AV?$expected@V?$basic_string@DU?$char_traits@D@std@@V?$allocator@D@2@@std@@VError@foundation@ock@@@tl@@PEAX@Z 0000000140001f20 f   ock_Adapter_LocalIPC:native_security.obj
 0001:000011d0       ?name@json_error_category_impl@jsoncons@@UEBAPEBDXZ 00000001400021d0 f i ock_Data:payload.obj
 0001:000011e0       ?message@json_error_category_impl@jsoncons@@UEBA?AV?$basic_string@DU?$char_traits@D@std@@V?$allocator@D@2@@std@@H@Z 00000001400021e0 f i ock_Data:payload.obj
 0001:00001db0       ??_E_Generic_error_category@std@@UEAAPEAXI@Z 0000000140002db0 f i ock_Data:payload.obj
 0001:00001db0       ??_E_System_error_category@std@@UEAAPEAXI@Z 0000000140002db0 f i ock_Data:payload.obj
 0001:00001db0       ??_Ejson_error_category_impl@jsoncons@@UEAAPEAXI@Z 0000000140002db0 f i ock_Data:payload.obj
 0001:00001db0       ??_G_Generic_error_category@std@@UEAAPEAXI@Z 0000000140002db0 f i ock_Data:payload.obj
 0001:00001db0       ??_G_System_error_category@std@@UEAAPEAXI@Z 0000000140002db0 f i ock_Data:payload.obj
 0001:00001db0       ??_Gjson_error_category_impl@jsoncons@@UEAAPEAXI@Z 0000000140002db0 f i ock_Data:payload.obj
 0001:00001de0       ?default_error_condition@error_category@std@@UEBA?AVerror_condition@2@H@Z 0000000140002de0 f i ock_Data:payload.obj
 0001:00001df0       ?equivalent@error_category@std@@UEBA_NHAEBVerror_condition@2@@Z 0000000140002df0 f i ock_Data:payload.obj
 0001:00001e30       ?equivalent@error_category@std@@UEBA_NAEBVerror_code@2@H@Z 0000000140002e30 f i ock_Data:payload.obj
 0001:00001e50       ??$?0V?$basic_json@DUPolicy@detail@data@ock@@U?$Alloc@D@234@@jsoncons@@@?$key_value@U?$Key@DU?$char_traits@D@std@@U?$Alloc@D@detail@data@ock@@@detail@data@ock@@V?$basic_json@DUPolicy@detail@data@ock@@U?$Alloc@D@234@@jsoncons@@@jsoncons@@QEAA@$$QEAU?$Key@DU?$char_traits@D@std@@U?$Alloc@D@detail@data@ock@@@detail@data@ock@@$$QEAV?$basic_json@DUPolicy@detail@data@ock@@U?$Alloc@D@234@@1@@Z 0000000140002e50 f i ock_Data:payload.obj
 0001:00001ee0       ??$?0W4json_errc@jsoncons@@$0A@@error_code@std@@QEAA@W4json_errc@jsoncons@@@Z 0000000140002ee0 f i ock_Data:payload.obj
 0001:00001f70       ??$?4W4json_errc@jsoncons@@$0A@@error_code@std@@QEAAAEAV01@W4json_errc@jsoncons@@@Z 0000000140002f70 f i ock_Data:payload.obj
 0001:00002000       ??$?HDU?$char_traits@D@std@@V?$allocator@D@1@@std@@YA?AV?$basic_string@DU?$char_traits@D@std@@V?$allocator@D@2@@0@$$QEAV10@D@Z 0000000140003000 f i ock_Data:payload.obj
 0001:00002070       ??$?HDU?$char_traits@D@std@@V?$allocator@D@1@@std@@YA?AV?$basic_string@DU?$char_traits@D@std@@V?$allocator@D@2@@0@$$QEAV10@QEBD@Z 0000000140003070 f i ock_Data:payload.obj
 0001:000020f0       ??$?RAEBV?$basic_string@DU?$char_traits@D@std@@U?$Alloc@D@detail@data@ock@@@std@@AEBV01@@?$less@X@std@@QEBA_NAEBV?$basic_string@DU?$char_traits@D@std@@U?$Alloc@D@detail@data@ock@@@1@0@Z 00000001400030f0 f i ock_Data:payload.obj
 0001:00002190       ??$?RV?$string_sink@V?$basic_string@DU?$char_traits@D@std@@U?$Alloc@D@detail@data@ock@@@std@@@jsoncons@@@write_double@detail@jsoncons@@QEAA_KNAEAV?$string_sink@V?$basic_string@DU?$char_traits@D@std@@U?$Alloc@D@detail@data@ock@@@std@@@2@@Z 0000000140003190 f i ock_Data:payload.obj
 0001:00002470       ??$_Buyheadnode@U?$Alloc@U?$_Tree_node@V?$basic_string@DU?$char_traits@D@std@@U?$Alloc@D@detail@data@ock@@@std@@PEAX@std@@@detail@data@ock@@@?$_Tree_node@V?$basic_string@DU?$char_traits@D@std@@U?$Alloc@D@detail@data@ock@@@std@@PEAX@std@@SAPEAU01@AEAU?$Alloc@U?$_Tree_node@V?$basic_string@DU?$char_traits@D@std@@U?$Alloc@D@detail@data@ock@@@std@@PEAX@std@@@detail@data@ock@@@Z 0000000140003470 f i ock_Data:payload.obj
 0001:000024f0       ??$_Buynode@U?$Alloc@U?$_Tree_node@V?$basic_string@DU?$char_traits@D@std@@U?$Alloc@D@detail@data@ock@@@std@@PEAX@std@@@detail@data@ock@@AEAV?$basic_string@DU?$char_traits@D@std@@U?$Alloc@D@detail@data@ock@@@std@@@?$_Tree_node@V?$basic_string@DU?$char_traits@D@std@@U?$Alloc@D@detail@data@ock@@@std@@PEAX@std@@SAPEAU01@AEAU?$Alloc@U?$_Tree_node@V?$basic_string@DU?$char_traits@D@std@@U?$Alloc@D@detail@data@ock@@@std@@PEAX@std@@@detail@data@ock@@PEAU01@AEAV?$basic_string@DU?$char_traits@D@std@@U?$Alloc@D@detail@data@ock@@@1@@Z 00000001400034f0 f i ock_Data:payload.obj
 0001:000026b0       ??$_Construct@$00PEBD@?$basic_string@DU?$char_traits@D@std@@U?$Alloc@D@detail@data@ock@@@std@@AEAAXQEBD_K@Z 00000001400036b0 f i ock_Data:payload.obj
 0001:000027c0       ??$_Copy_nodes@$0A@@?$_Tree@V?$_Tset_traits@V?$basic_string@DU?$char_traits@D@std@@U?$Alloc@D@detail@data@ock@@@std@@U?$less@X@2@U?$Alloc@V?$basic_string@DU?$char_traits@D@std@@U?$Alloc@D@detail@data@ock@@@std@@@detail@data@ock@@$0A@@std@@@std@@IEAAPEAU?$_Tree_node@V?$basic_string@DU?$char_traits@D@std@@U?$Alloc@D@detail@data@ock@@@std@@PEAX@1@PEAU21@0@Z 00000001400037c0 f i ock_Data:payload.obj
 0001:00002860       ??$_Emplace@PEBD_K@?$_Tree@V?$_Tset_traits@V?$basic_string@DU?$char_traits@D@std@@U?$Alloc@D@detail@data@ock@@@std@@U?$less@X@2@U?$Alloc@V?$basic_string@DU?$char_traits@D@std@@U?$Alloc@D@detail@data@ock@@@std@@@detail@data@ock@@$0A@@std@@@std@@IEAA?AU?$pair@PEAU?$_Tree_node@V?$basic_string@DU?$char_traits@D@std@@U?$Alloc@D@detail@data@ock@@@std@@PEAX@std@@_N@1@$$QEAPEBD$$QEA_K@Z 0000000140003860 f i ock_Data:payload.obj
 0001:00002ab0       ??$_Emplace_one_at_back@E@?$vector@EV?$allocator@E@std@@@std@@AEAAAEAE$$QEAE@Z 0000000140003ab0 f i ock_Data:payload.obj
 0001:00002c10       ??$_Emplace_one_at_back@V?$basic_json@DUPolicy@detail@data@ock@@U?$Alloc@D@234@@jsoncons@@@?$vector@V?$basic_json@DUPolicy@detail@data@ock@@U?$Alloc@D@234@@jsoncons@@U?$Alloc@V?$basic_json@DUPolicy@detail@data@ock@@U?$Alloc@D@234@@jsoncons@@@detail@data@ock@@@std@@AEAAAEAV?$basic_json@DUPolicy@detail@data@ock@@U?$Alloc@D@234@@jsoncons@@$$QEAV23@@Z 0000000140003c10 f i ock_Data:payload.obj
 0001:00002c90       ??$_Emplace_reallocate@AEA_N@?$vector@UFrame@detail@data@ock@@U?$Alloc@UFrame@detail@data@ock@@@234@@std@@AEAAPEAUFrame@detail@data@ock@@QEAU2345@AEA_N@Z 0000000140003c90 f i ock_Data:payload.obj
 0001:00002f80       ??$_Emplace_reallocate@U?$Key@DU?$char_traits@D@std@@U?$Alloc@D@detail@data@ock@@@detail@data@ock@@V?$basic_json@DUPolicy@detail@data@ock@@U?$Alloc@D@234@@jsoncons@@@?$vector@V?$key_value@U?$Key@DU?$char_traits@D@std@@U?$Alloc@D@detail@data@ock@@@detail@data@ock@@V?$basic_json@DUPolicy@detail@data@ock@@U?$Alloc@D@234@@jsoncons@@@jsoncons@@U?$Alloc@V?$key_value@U?$Key@DU?$char_traits@D@std@@U?$Alloc@D@detail@data@ock@@@detail@data@ock@@V?$basic_json@DUPolicy@detail@data@ock@@U?$Alloc@D@234@@jsoncons@@@jsoncons@@@detail@data@ock@@@std@@AEAAPEAV?$key_value@U?$Key@DU?$char_traits@D@std@@U?$Alloc@D@detail@data@ock@@@detail@data@ock@@V?$basic_json@DUPolicy@detail@data@ock@@U?$Alloc@D@234@@jsoncons@@@jsoncons@@QEAV23@$$QEAU?$Key@DU?$char_traits@D@std@@U?$Alloc@D@detail@data@ock@@@detail@data@ock@@$$QEAV?$basic_json@DUPolicy@detail@data@ock@@U?$Alloc@D@234@@3@@Z 0000000140003f80 f i ock_Data:payload.obj
 0001:00003160       ??$_Emplace_reallocate@U?$Key@DU?$char_traits@D@std@@U?$Alloc@D@detail@data@ock@@@detail@data@ock@@_KAEANAEAW4semantic_tag@jsoncons@@@?$vector@U?$index_key_value@V?$basic_json@DUPolicy@detail@data@ock@@U?$Alloc@D@234@@jsoncons@@@jsoncons@@U?$Alloc@U?$index_key_value@V?$basic_json@DUPolicy@detail@data@ock@@U?$Alloc@D@234@@jsoncons@@@jsoncons@@@detail@data@ock@@@std@@AEAAPEAU?$index_key_value@V?$basic_json@DUPolicy@detail@data@ock@@U?$Alloc@D@234@@jsoncons@@@jsoncons@@QEAU23@$$QEAU?$Key@DU?$char_traits@D@std@@U?$Alloc@D@detail@data@ock@@@detail@data@ock@@$$QEA_KAEANAEAW4semantic_tag@3@@Z 0000000140004160 f i ock_Data:payload.obj
 0001:000033d0       ??$_Emplace_reallocate@U?$Key@DU?$char_traits@D@std@@U?$Alloc@D@detail@data@ock@@@detail@data@ock@@_KAEA_JAEAW4semantic_tag@jsoncons@@@?$vector@U?$index_key_value@V?$basic_json@DUPolicy@detail@data@ock@@U?$Alloc@D@234@@jsoncons@@@jsoncons@@U?$Alloc@U?$index_key_value@V?$basic_json@DUPolicy@detail@data@ock@@U?$Alloc@D@234@@jsoncons@@@jsoncons@@@detail@data@ock@@@std@@AEAAPEAU?$index_key_value@V?$basic_json@DUPolicy@detail@data@ock@@U?$Alloc@D@234@@jsoncons@@@jsoncons@@QEAU23@$$QEAU?$Key@DU?$char_traits@D@std@@U?$Alloc@D@detail@data@ock@@@detail@data@ock@@$$QEA_KAEA_JAEAW4semantic_tag@3@@Z 00000001400043d0 f i ock_Data:payload.obj
 0001:00003640       ??$_Emplace_reallocate@U?$Key@DU?$char_traits@D@std@@U?$Alloc@D@detail@data@ock@@@detail@data@ock@@_KAEA_KAEAW4semantic_tag@jsoncons@@@?$vector@U?$index_key_value@V?$basic_json@DUPolicy@detail@data@ock@@U?$Alloc@D@234@@jsoncons@@@jsoncons@@U?$Alloc@U?$index_key_value@V?$basic_json@DUPolicy@detail@data@ock@@U?$Alloc@D@234@@jsoncons@@@jsoncons@@@detail@data@ock@@@std@@AEAAPEAU?$index_key_value@V?$basic_json@DUPolicy@detail@data@ock@@U?$Alloc@D@234@@jsoncons@@@jsoncons@@QEAU23@$$QEAU?$Key@DU?$char_traits@D@std@@U?$Alloc@D@detail@data@ock@@@detail@data@ock@@$$QEA_KAEA_KAEAW4semantic_tag@3@@Z 0000000140004640 f i ock_Data:payload.obj
 0001:000038b0       ??$_Emplace_reallocate@U?$Key@DU?$char_traits@D@std@@U?$Alloc@D@detail@data@ock@@@detail@data@ock@@_KAEA_NAEAW4semantic_tag@jsoncons@@@?$vector@U?$index_key_value@V?$basic_json@DUPolicy@detail@data@ock@@U?$Alloc@D@234@@jsoncons@@@jsoncons@@U?$Alloc@U?$index_key_value@V?$basic_json@DUPolicy@detail@data@ock@@U?$Alloc@D@234@@jsoncons@@@jsoncons@@@detail@data@ock@@@std@@AEAAPEAU?$index_key_value@V?$basic_json@DUPolicy@detail@data@ock@@U?$Alloc@D@234@@jsoncons@@@jsoncons@@QEAU23@$$QEAU?$Key@DU?$char_traits@D@std@@U?$Alloc@D@detail@data@ock@@@detail@data@ock@@$$QEA_KAEA_NAEAW4semantic_tag@3@@Z 00000001400048b0 f i ock_Data:payload.obj
 0001:00003b20       ??$_Emplace_reallocate@U?$Key@DU?$char_traits@D@std@@U?$Alloc@D@detail@data@ock@@@detail@data@ock@@_KAEBUbyte_string_arg_t@jsoncons@@AEBVbyte_string_view@6@AEAW4semantic_tag@6@@?$vector@U?$index_key_value@V?$basic_json@DUPolicy@detail@data@ock@@U?$Alloc@D@234@@jsoncons@@@jsoncons@@U?$Alloc@U?$index_key_value@V?$basic_json@DUPolicy@detail@data@ock@@U?$Alloc@D@234@@jsoncons@@@jsoncons@@@detail@data@ock@@@std@@AEAAPEAU?$index_key_value@V?$basic_json@DUPolicy@detail@data@ock@@U?$Alloc@D@234@@jsoncons@@@jsoncons@@QEAU23@$$QEAU?$Key@DU?$char_traits@D@std@@U?$Alloc@D@detail@data@ock@@@detail@data@ock@@$$QEA_KAEBUbyte_string_arg_t@3@AEBVbyte_string_view@3@AEAW4semantic_tag@3@@Z 0000000140004b20 f i ock_Data:payload.obj
 0001:00003d60       ??$_Emplace_reallocate@U?$Key@DU?$char_traits@D@std@@U?$Alloc@D@detail@data@ock@@@detail@data@ock@@_KAEBUbyte_string_arg_t@jsoncons@@AEBVbyte_string_view@6@AEA_K@?$vector@U?$index_key_value@V?$basic_json@DUPolicy@detail@data@ock@@U?$Alloc@D@234@@jsoncons@@@jsoncons@@U?$Alloc@U?$index_key_value@V?$basic_json@DUPolicy@detail@data@ock@@U?$Alloc@D@234@@jsoncons@@@jsoncons@@@detail@data@ock@@@std@@AEAAPEAU?$index_key_value@V?$basic_json@DUPolicy@detail@data@ock@@U?$Alloc@D@234@@jsoncons@@@jsoncons@@QEAU23@$$QEAU?$Key@DU?$char_traits@D@std@@U?$Alloc@D@detail@data@ock@@@detail@data@ock@@$$QEA_KAEBUbyte_string_arg_t@3@AEBVbyte_string_view@3@AEA_K@Z 0000000140004d60 f i ock_Data:payload.obj
 0001:00003fa0       ??$_Emplace_reallocate@U?$Key@DU?$char_traits@D@std@@U?$Alloc@D@detail@data@ock@@@detail@data@ock@@_KAEBUhalf_arg_t@jsoncons@@AEAGAEAW4semantic_tag@6@@?$vector@U?$index_key_value@V?$basic_json@DUPolicy@detail@data@ock@@U?$Alloc@D@234@@jsoncons@@@jsoncons@@U?$Alloc@U?$index_key_value@V?$basic_json@DUPolicy@detail@data@ock@@U?$Alloc@D@234@@jsoncons@@@jsoncons@@@detail@data@ock@@@std@@AEAAPEAU?$index_key_value@V?$basic_json@DUPolicy@detail@data@ock@@U?$Alloc@D@234@@jsoncons@@@jsoncons@@QEAU23@$$QEAU?$Key@DU?$char_traits@D@std@@U?$Alloc@D@detail@data@ock@@@detail@data@ock@@$$QEA_KAEBUhalf_arg_t@3@AEAGAEAW4semantic_tag@3@@Z 0000000140004fa0 f i ock_Data:payload.obj
 0001:00004210       ??$_Emplace_reallocate@U?$Key@DU?$char_traits@D@std@@U?$Alloc@D@detail@data@ock@@@detail@data@ock@@_KAEBUjson_array_arg_t@jsoncons@@AEAW4semantic_tag@6@@?$vector@U?$index_key_value@V?$basic_json@DUPolicy@detail@data@ock@@U?$Alloc@D@234@@jsoncons@@@jsoncons@@U?$Alloc@U?$index_key_value@V?$basic_json@DUPolicy@detail@data@ock@@U?$Alloc@D@234@@jsoncons@@@jsoncons@@@detail@data@ock@@@std@@AEAAPEAU?$index_key_value@V?$basic_json@DUPolicy@detail@data@ock@@U?$Alloc@D@234@@jsoncons@@@jsoncons@@QEAU23@$$QEAU?$Key@DU?$char_traits@D@std@@U?$Alloc@D@detail@data@ock@@@detail@data@ock@@$$QEA_KAEBUjson_array_arg_t@3@AEAW4semantic_tag@3@@Z 0000000140005210 f i ock_Data:payload.obj
 0001:00004440       ??$_Emplace_reallocate@U?$Key@DU?$char_traits@D@std@@U?$Alloc@D@detail@data@ock@@@detail@data@ock@@_KAEBUjson_object_arg_t@jsoncons@@AEAW4semantic_tag@6@@?$vector@U?$index_key_value@V?$basic_json@DUPolicy@detail@data@ock@@U?$Alloc@D@234@@jsoncons@@@jsoncons@@U?$Alloc@U?$index_key_value@V?$basic_json@DUPolicy@detail@data@ock@@U?$Alloc@D@234@@jsoncons@@@jsoncons@@@detail@data@ock@@@std@@AEAAPEAU?$index_key_value@V?$basic_json@DUPolicy@detail@data@ock@@U?$Alloc@D@234@@jsoncons@@@jsoncons@@QEAU23@$$QEAU?$Key@DU?$char_traits@D@std@@U?$Alloc@D@detail@data@ock@@@detail@data@ock@@$$QEA_KAEBUjson_object_arg_t@3@AEAW4semantic_tag@3@@Z 0000000140005440 f i ock_Data:payload.obj
 0001:00004670       ??$_Emplace_reallocate@U?$Key@DU?$char_traits@D@std@@U?$Alloc@D@detail@data@ock@@@detail@data@ock@@_KAEBV?$basic_string_view@DU?$char_traits@D@std@@@std@@AEAW4semantic_tag@jsoncons@@@?$vector@U?$index_key_value@V?$basic_json@DUPolicy@detail@data@ock@@U?$Alloc@D@234@@jsoncons@@@jsoncons@@U?$Alloc@U?$index_key_value@V?$basic_json@DUPolicy@detail@data@ock@@U?$Alloc@D@234@@jsoncons@@@jsoncons@@@detail@data@ock@@@std@@AEAAPEAU?$index_key_value@V?$basic_json@DUPolicy@detail@data@ock@@U?$Alloc@D@234@@jsoncons@@@jsoncons@@QEAU23@$$QEAU?$Key@DU?$char_traits@D@std@@U?$Alloc@D@detail@data@ock@@@detail@data@ock@@$$QEA_KAEBV?$basic_string_view@DU?$char_traits@D@std@@@1@AEAW4semantic_tag@3@@Z 0000000140005670 f i ock_Data:payload.obj
 0001:000048a0       ??$_Emplace_reallocate@U?$Key@DU?$char_traits@D@std@@U?$Alloc@D@detail@data@ock@@@detail@data@ock@@_KUnull_type@jsoncons@@AEAW4semantic_tag@6@@?$vector@U?$index_key_value@V?$basic_json@DUPolicy@detail@data@ock@@U?$Alloc@D@234@@jsoncons@@@jsoncons@@U?$Alloc@U?$index_key_value@V?$basic_json@DUPolicy@detail@data@ock@@U?$Alloc@D@234@@jsoncons@@@jsoncons@@@detail@data@ock@@@std@@AEAAPEAU?$index_key_value@V?$basic_json@DUPolicy@detail@data@ock@@U?$Alloc@D@234@@jsoncons@@@jsoncons@@QEAU23@$$QEAU?$Key@DU?$char_traits@D@std@@U?$Alloc@D@detail@data@ock@@@detail@data@ock@@$$QEA_K$$QEAUnull_type@3@AEAW4semantic_tag@3@@Z 00000001400058a0 f i ock_Data:payload.obj
 0001:00004b00       ??$_Emplace_reallocate@V?$basic_json@DUPolicy@detail@data@ock@@U?$Alloc@D@234@@jsoncons@@@?$vector@V?$basic_json@DUPolicy@detail@data@ock@@U?$Alloc@D@234@@jsoncons@@U?$Alloc@V?$basic_json@DUPolicy@detail@data@ock@@U?$Alloc@D@234@@jsoncons@@@detail@data@ock@@@std@@AEAAPEAV?$basic_json@DUPolicy@detail@data@ock@@U?$Alloc@D@234@@jsoncons@@QEAV23@$$QEAV23@@Z 0000000140005b00 f i ock_Data:payload.obj
 0001:00004ce0       ??$_Emplace_reallocate@W4container_type@?$basic_compact_json_encoder@DV?$string_sink@V?$basic_string@DU?$char_traits@D@std@@U?$Alloc@D@detail@data@ock@@@std@@@jsoncons@@V?$allocator@D@std@@@jsoncons@@@?$vector@Vencoding_context@?$basic_compact_json_encoder@DV?$string_sink@V?$basic_string@DU?$char_traits@D@std@@U?$Alloc@D@detail@data@ock@@@std@@@jsoncons@@V?$allocator@D@std@@@jsoncons@@V?$allocator@Vencoding_context@?$basic_compact_json_encoder@DV?$string_sink@V?$basic_string@DU?$char_traits@D@std@@U?$Alloc@D@detail@data@ock@@@std@@@jsoncons@@V?$allocator@D@std@@@jsoncons@@@std@@@std@@AEAAPEAVencoding_context@?$basic_compact_json_encoder@DV?$string_sink@V?$basic_string@DU?$char_traits@D@std@@U?$Alloc@D@detail@data@ock@@@std@@@jsoncons@@V?$allocator@D@std@@@jsoncons@@QEAV234@$$QEAW4container_type@34@@Z 0000000140005ce0 f i ock_Data:payload.obj
 0001:00004e50       ??$_Emplace_reallocate@W4structure_type@?$json_decoder@V?$basic_json@DUPolicy@detail@data@ock@@U?$Alloc@D@234@@jsoncons@@U?$Alloc@D@detail@data@ock@@@jsoncons@@H@?$vector@Ustructure_info@?$json_decoder@V?$basic_json@DUPolicy@detail@data@ock@@U?$Alloc@D@234@@jsoncons@@U?$Alloc@D@detail@data@ock@@@jsoncons@@U?$Alloc@Ustructure_info@?$json_decoder@V?$basic_json@DUPolicy@detail@data@ock@@U?$Alloc@D@234@@jsoncons@@U?$Alloc@D@detail@data@ock@@@jsoncons@@@detail@data@ock@@@std@@AEAAPEAUstructure_info@?$json_decoder@V?$basic_json@DUPolicy@detail@data@ock@@U?$Alloc@D@234@@jsoncons@@U?$Alloc@D@detail@data@ock@@@jsoncons@@QEAU234@$$QEAW4structure_type@34@$$QEAH@Z 0000000140005e50 f i ock_Data:payload.obj
 0001:00004fd0       ??$_Emplace_reallocate@W4structure_type@?$json_decoder@V?$basic_json@DUPolicy@detail@data@ock@@U?$Alloc@D@234@@jsoncons@@U?$Alloc@D@detail@data@ock@@@jsoncons@@_K@?$vector@Ustructure_info@?$json_decoder@V?$basic_json@DUPolicy@detail@data@ock@@U?$Alloc@D@234@@jsoncons@@U?$Alloc@D@detail@data@ock@@@jsoncons@@U?$Alloc@Ustructure_info@?$json_decoder@V?$basic_json@DUPolicy@detail@data@ock@@U?$Alloc@D@234@@jsoncons@@U?$Alloc@D@detail@data@ock@@@jsoncons@@@detail@data@ock@@@std@@AEAAPEAUstructure_info@?$json_decoder@V?$basic_json@DUPolicy@detail@data@ock@@U?$Alloc@D@234@@jsoncons@@U?$Alloc@D@detail@data@ock@@@jsoncons@@QEAU234@$$QEAW4structure_type@34@$$QEA_K@Z 0000000140005fd0 f i ock_Data:payload.obj
 0001:00005150       ??$_Erase_tree@U?$Alloc@U?$_Tree_node@V?$basic_string@DU?$char_traits@D@std@@U?$Alloc@D@detail@data@ock@@@std@@PEAX@std@@@detail@data@ock@@@?$_Tree_val@U?$_Tree_simple_types@V?$basic_string@DU?$char_traits@D@std@@U?$Alloc@D@detail@data@ock@@@std@@@std@@@std@@QEAAXAEAU?$Alloc@U?$_Tree_node@V?$basic_string@DU?$char_traits@D@std@@U?$Alloc@D@detail@data@ock@@@std@@PEAX@std@@@detail@data@ock@@PEAU?$_Tree_node@V?$basic_string@DU?$char_traits@D@std@@U?$Alloc@D@detail@data@ock@@@std@@PEAX@1@@Z 0000000140006150 f i ock_Data:payload.obj
 0001:00005150       ??$_Erase_tree_and_orphan@U?$Alloc@U?$_Tree_node@V?$basic_string@DU?$char_traits@D@std@@U?$Alloc@D@detail@data@ock@@@std@@PEAX@std@@@detail@data@ock@@@?$_Tree_val@U?$_Tree_simple_types@V?$basic_string@DU?$char_traits@D@std@@U?$Alloc@D@detail@data@ock@@@std@@@std@@@std@@QEAAXAEAU?$Alloc@U?$_Tree_node@V?$basic_string@DU?$char_traits@D@std@@U?$Alloc@D@detail@data@ock@@@std@@PEAX@std@@@detail@data@ock@@PEAU?$_Tree_node@V?$basic_string@DU?$char_traits@D@std@@U?$Alloc@D@detail@data@ock@@@std@@PEAX@1@@Z 0000000140006150 f i ock_Data:payload.obj
 0001:000051d0       ??$_Insertion_sort_unchecked@PEAU?$index_key_value@V?$basic_json@DUPolicy@detail@data@ock@@U?$Alloc@D@234@@jsoncons@@@jsoncons@@P6A_NAEBU12@0@Z@std@@YAPEAU?$index_key_value@V?$basic_json@DUPolicy@detail@data@ock@@U?$Alloc@D@234@@jsoncons@@@jsoncons@@QEAU12@0P6A_NAEBU12@1@Z@Z 00000001400061d0 f i ock_Data:payload.obj
 0001:00005450       ??$_Make_heap_unchecked@PEAU?$index_key_value@V?$basic_json@DUPolicy@detail@data@ock@@U?$Alloc@D@234@@jsoncons@@@jsoncons@@P6A_NAEBU12@0@Z@std@@YAXPEAU?$index_key_value@V?$basic_json@DUPolicy@detail@data@ock@@U?$Alloc@D@234@@jsoncons@@@jsoncons@@0P6A_NAEBU12@1@Z@Z 0000000140006450 f i ock_Data:payload.obj
 0001:00005740       ??$_Med3_unchecked@PEAU?$index_key_value@V?$basic_json@DUPolicy@detail@data@ock@@U?$Alloc@D@234@@jsoncons@@@jsoncons@@P6A_NAEBU12@0@Z@std@@YAXPEAU?$index_key_value@V?$basic_json@DUPolicy@detail@data@ock@@U?$Alloc@D@234@@jsoncons@@@jsoncons@@00P6A_NAEBU12@1@Z@Z 0000000140006740 f i ock_Data:payload.obj
 0001:000057c0       ??$_Partition_by_median_guess_unchecked@PEAU?$index_key_value@V?$basic_json@DUPolicy@detail@data@ock@@U?$Alloc@D@234@@jsoncons@@@jsoncons@@P6A_NAEBU12@0@Z@std@@YA?AU?$pair@PEAU?$index_key_value@V?$basic_json@DUPolicy@detail@data@ock@@U?$Alloc@D@234@@jsoncons@@@jsoncons@@PEAU12@@0@PEAU?$index_key_value@V?$basic_json@DUPolicy@detail@data@ock@@U?$Alloc@D@234@@jsoncons@@@jsoncons@@0P6A_NAEBU23@1@Z@Z 00000001400067c0 f i ock_Data:payload.obj
 0001:00006130       ??$_Pop_heap_hole_by_index@PEAU?$index_key_value@V?$basic_json@DUPolicy@detail@data@ock@@U?$Alloc@D@234@@jsoncons@@@jsoncons@@U12@P6A_NAEBU12@0@Z@std@@YAXPEAU?$index_key_value@V?$basic_json@DUPolicy@detail@data@ock@@U?$Alloc@D@234@@jsoncons@@@jsoncons@@_J1$$QEAU12@P6A_NAEBU12@3@Z@Z 0000000140007130 f i ock_Data:payload.obj
 0001:00006300       ??$_Reallocate_grow_by@V<lambda_1>@?1??insert@?$basic_string@DU?$char_traits@D@std@@U?$Alloc@D@detail@data@ock@@@std@@QEAAAEAV34@_KQEBD0@Z@_KPEBD_K@?$basic_string@DU?$char_traits@D@std@@U?$Alloc@D@detail@data@ock@@@std@@AEAAAEAV01@_KV<lambda_1>@?1??insert@01@QEAAAEAV01@0QEBD0@Z@_KPEBD3@Z 0000000140007300 f i ock_Data:payload.obj
 0001:000064f0       ??$_Reallocate_grow_by@V<lambda_1>@?1??push_back@?$basic_string@DU?$char_traits@D@std@@U?$Alloc@D@detail@data@ock@@@std@@QEAAXD@Z@D@?$basic_string@DU?$char_traits@D@std@@U?$Alloc@D@detail@data@ock@@@std@@AEAAAEAV01@_KV<lambda_1>@?1??push_back@01@QEAAXD@Z@D@Z 00000001400074f0 f i ock_Data:payload.obj
 0001:00006680       ??$_Sort_heap_unchecked@PEAU?$index_key_value@V?$basic_json@DUPolicy@detail@data@ock@@U?$Alloc@D@234@@jsoncons@@@jsoncons@@P6A_NAEBU12@0@Z@std@@YAXPEAU?$index_key_value@V?$basic_json@DUPolicy@detail@data@ock@@U?$Alloc@D@234@@jsoncons@@@jsoncons@@0P6A_NAEBU12@1@Z@Z 0000000140007680 f i ock_Data:payload.obj
 0001:00006830       ??$_Sort_unchecked@PEAU?$index_key_value@V?$basic_json@DUPolicy@detail@data@ock@@U?$Alloc@D@234@@jsoncons@@@jsoncons@@P6A_NAEBU12@0@Z@std@@YAXPEAU?$index_key_value@V?$basic_json@DUPolicy@detail@data@ock@@U?$Alloc@D@234@@jsoncons@@@jsoncons@@0_JP6A_NAEBU12@2@Z@Z 0000000140007830 f i ock_Data:payload.obj
 0001:00006940       ??$_Uninitialized_copy@PEAUFrame@detail@data@ock@@PEAU1234@U?$Alloc@UFrame@detail@data@ock@@@234@@std@@YAPEAUFrame@detail@data@ock@@PEAU1234@00AEAU?$Alloc@UFrame@detail@data@ock@@@234@@Z 0000000140007940 f i ock_Data:payload.obj
 0001:00006ae0       ??$_Uninitialized_move@PEAUFrame@detail@data@ock@@U?$Alloc@UFrame@detail@data@ock@@@234@@std@@YAPEAUFrame@detail@data@ock@@QEAU1234@0PEAU1234@AEAU?$Alloc@UFrame@detail@data@ock@@@234@@Z 0000000140007ae0 f i ock_Data:payload.obj
 0001:00006ba0       ??$_Uninitialized_move@PEAV?$basic_json@DUPolicy@detail@data@ock@@U?$Alloc@D@234@@jsoncons@@U?$Alloc@V?$basic_json@DUPolicy@detail@data@ock@@U?$Alloc@D@234@@jsoncons@@@detail@data@ock@@@std@@YAPEAV?$basic_json@DUPolicy@detail@data@ock@@U?$Alloc@D@234@@jsoncons@@QEAV12@0PEAV12@AEAU?$Alloc@V?$basic_json@DUPolicy@detail@data@ock@@U?$Alloc@D@234@@jsoncons@@@detail@data@ock@@@Z 0000000140007ba0 f i ock_Data:payload.obj
 0001:00006c30       ??$_Uninitialized_move@PEAV?$key_value@U?$Key@DU?$char_traits@D@std@@U?$Alloc@D@detail@data@ock@@@detail@data@ock@@V?$basic_json@DUPolicy@detail@data@ock@@U?$Alloc@D@234@@jsoncons@@@jsoncons@@U?$Alloc@V?$key_value@U?$Key@DU?$char_traits@D@std@@U?$Alloc@D@detail@data@ock@@@detail@data@ock@@V?$basic_json@DUPolicy@detail@data@ock@@U?$Alloc@D@234@@jsoncons@@@jsoncons@@@detail@data@ock@@@std@@YAPEAV?$key_value@U?$Key@DU?$char_traits@D@std@@U?$Alloc@D@detail@data@ock@@@detail@data@ock@@V?$basic_json@DUPolicy@detail@data@ock@@U?$Alloc@D@234@@jsoncons@@@jsoncons@@QEAV12@0PEAV12@AEAU?$Alloc@V?$key_value@U?$Key@DU?$char_traits@D@std@@U?$Alloc@D@detail@data@ock@@@detail@data@ock@@V?$basic_json@DUPolicy@detail@data@ock@@U?$Alloc@D@234@@jsoncons@@@jsoncons@@@detail@data@ock@@@Z 0000000140007c30 f i ock_Data:payload.obj
 0001:00006ee0       ??$construct@U?$index_key_value@V?$basic_json@DUPolicy@detail@data@ock@@U?$Alloc@D@234@@jsoncons@@@jsoncons@@U?$Key@DU?$char_traits@D@std@@U?$Alloc@D@detail@data@ock@@@detail@data@ock@@_KAEBUbyte_string_arg_t@2@AEBVbyte_string_view@2@AEAW4semantic_tag@2@@?$_Normal_allocator_traits@U?$Alloc@U?$index_key_value@V?$basic_json@DUPolicy@detail@data@ock@@U?$Alloc@D@234@@jsoncons@@@jsoncons@@@detail@data@ock@@@std@@SAXAEAU?$Alloc@U?$index_key_value@V?$basic_json@DUPolicy@detail@data@ock@@U?$Alloc@D@234@@jsoncons@@@jsoncons@@@detail@data@ock@@PEAU?$index_key_value@V?$basic_json@DUPolicy@detail@data@ock@@U?$Alloc@D@234@@jsoncons@@@jsoncons@@$$QEAU?$Key@DU?$char_traits@D@std@@U?$Alloc@D@detail@data@ock@@@345@$$QEA_KAEBUbyte_string_arg_t@7@AEBVbyte_string_view@7@AEAW4semantic_tag@7@@Z 0000000140007ee0 f i ock_Data:payload.obj
 0001:00006f90       ??$construct@U?$index_key_value@V?$basic_json@DUPolicy@detail@data@ock@@U?$Alloc@D@234@@jsoncons@@@jsoncons@@U?$Key@DU?$char_traits@D@std@@U?$Alloc@D@detail@data@ock@@@detail@data@ock@@_KAEBUbyte_string_arg_t@2@AEBVbyte_string_view@2@AEA_K@?$_Normal_allocator_traits@U?$Alloc@U?$index_key_value@V?$basic_json@DUPolicy@detail@data@ock@@U?$Alloc@D@234@@jsoncons@@@jsoncons@@@detail@data@ock@@@std@@SAXAEAU?$Alloc@U?$index_key_value@V?$basic_json@DUPolicy@detail@data@ock@@U?$Alloc@D@234@@jsoncons@@@jsoncons@@@detail@data@ock@@PEAU?$index_key_value@V?$basic_json@DUPolicy@detail@data@ock@@U?$Alloc@D@234@@jsoncons@@@jsoncons@@$$QEAU?$Key@DU?$char_traits@D@std@@U?$Alloc@D@detail@data@ock@@@345@$$QEA_KAEBUbyte_string_arg_t@7@AEBVbyte_string_view@7@AEA_K@Z 0000000140007f90 f i ock_Data:payload.obj
 0001:00007030       ??$construct@U?$index_key_value@V?$basic_json@DUPolicy@detail@data@ock@@U?$Alloc@D@234@@jsoncons@@@jsoncons@@U?$Key@DU?$char_traits@D@std@@U?$Alloc@D@detail@data@ock@@@detail@data@ock@@_KAEBUjson_array_arg_t@2@AEAW4semantic_tag@2@@?$_Normal_allocator_traits@U?$Alloc@U?$index_key_value@V?$basic_json@DUPolicy@detail@data@ock@@U?$Alloc@D@234@@jsoncons@@@jsoncons@@@detail@data@ock@@@std@@SAXAEAU?$Alloc@U?$index_key_value@V?$basic_json@DUPolicy@detail@data@ock@@U?$Alloc@D@234@@jsoncons@@@jsoncons@@@detail@data@ock@@PEAU?$index_key_value@V?$basic_json@DUPolicy@detail@data@ock@@U?$Alloc@D@234@@jsoncons@@@jsoncons@@$$QEAU?$Key@DU?$char_traits@D@std@@U?$Alloc@D@detail@data@ock@@@345@$$QEA_KAEBUjson_array_arg_t@7@AEAW4semantic_tag@7@@Z 0000000140008030 f i ock_Data:payload.obj
 0001:000070d0       ??$construct@U?$index_key_value@V?$basic_json@DUPolicy@detail@data@ock@@U?$Alloc@D@234@@jsoncons@@@jsoncons@@U?$Key@DU?$char_traits@D@std@@U?$Alloc@D@detail@data@ock@@@detail@data@ock@@_KAEBUjson_object_arg_t@2@AEAW4semantic_tag@2@@?$_Normal_allocator_traits@U?$Alloc@U?$index_key_value@V?$basic_json@DUPolicy@detail@data@ock@@U?$Alloc@D@234@@jsoncons@@@jsoncons@@@detail@data@ock@@@std@@SAXAEAU?$Alloc@U?$index_key_value@V?$basic_json@DUPolicy@detail@data@ock@@U?$Alloc@D@234@@jsoncons@@@jsoncons@@@detail@data@ock@@PEAU?$index_key_value@V?$basic_json@DUPolicy@detail@data@ock@@U?$Alloc@D@234@@jsoncons@@@jsoncons@@$$QEAU?$Key@DU?$char_traits@D@std@@U?$Alloc@D@detail@data@ock@@@345@$$QEA_KAEBUjson_object_arg_t@7@AEAW4semantic_tag@7@@Z 00000001400080d0 f i ock_Data:payload.obj
 0001:00007170       ??$construct@U?$index_key_value@V?$basic_json@DUPolicy@detail@data@ock@@U?$Alloc@D@234@@jsoncons@@@jsoncons@@U?$Key@DU?$char_traits@D@std@@U?$Alloc@D@detail@data@ock@@@detail@data@ock@@_KAEBV?$basic_string_view@DU?$char_traits@D@std@@@std@@AEAW4semantic_tag@2@@?$_Normal_allocator_traits@U?$Alloc@U?$index_key_value@V?$basic_json@DUPolicy@detail@data@ock@@U?$Alloc@D@234@@jsoncons@@@jsoncons@@@detail@data@ock@@@std@@SAXAEAU?$Alloc@U?$index_key_value@V?$basic_json@DUPolicy@detail@data@ock@@U?$Alloc@D@234@@jsoncons@@@jsoncons@@@detail@data@ock@@PEAU?$index_key_value@V?$basic_json@DUPolicy@detail@data@ock@@U?$Alloc@D@234@@jsoncons@@@jsoncons@@$$QEAU?$Key@DU?$char_traits@D@std@@U?$Alloc@D@detail@data@ock@@@345@$$QEA_KAEBV?$basic_string_view@DU?$char_traits@D@std@@@1@AEAW4semantic_tag@7@@Z 0000000140008170 f i ock_Data:payload.obj
 0001:00007200       ??$create_array@$$V@?$basic_json@DUPolicy@detail@data@ock@@U?$Alloc@D@234@@jsoncons@@AEAAPEAU?$Array@V?$basic_json@DUPolicy@detail@data@ock@@U?$Alloc@D@234@@jsoncons@@@detail@data@ock@@AEBU?$Alloc@D@345@@Z 0000000140008200 f i ock_Data:payload.obj
 0001:00007200       ??$create_object@$$V@?$basic_json@DUPolicy@detail@data@ock@@U?$Alloc@D@234@@jsoncons@@AEAAPEAU?$Object@U?$Key@DU?$char_traits@D@std@@U?$Alloc@D@detail@data@ock@@@detail@data@ock@@V?$basic_json@DUPolicy@detail@data@ock@@U?$Alloc@D@234@@jsoncons@@@detail@data@ock@@AEBU?$Alloc@D@345@@Z 0000000140008200 f i ock_Data:payload.obj
 0001:000072b0       ??$dtoa_fixed@V?$string_sink@V?$basic_string@DU?$char_traits@D@std@@U?$Alloc@D@detail@data@ock@@@std@@@jsoncons@@@detail@jsoncons@@YA_NNDAEAV?$string_sink@V?$basic_string@DU?$char_traits@D@std@@U?$Alloc@D@detail@data@ock@@@std@@@1@U?$integral_constant@_N$00@std@@@Z 00000001400082b0 f i ock_Data:payload.obj
 0001:000074c0       ??$dtoa_fixed@V?$string_sink@V?$basic_string@DU?$char_traits@D@std@@U?$Alloc@D@detail@data@ock@@@std@@@jsoncons@@@detail@jsoncons@@YA_NNDAEAV?$string_sink@V?$basic_string@DU?$char_traits@D@std@@U?$Alloc@D@detail@data@ock@@@std@@@1@U?$integral_constant@_N$0A@@std@@@Z 00000001400084c0 f i ock_Data:payload.obj
 0001:00007710       ??$dtoa_general@V?$string_sink@V?$basic_string@DU?$char_traits@D@std@@U?$Alloc@D@detail@data@ock@@@std@@@jsoncons@@@detail@jsoncons@@YA_NNDAEAV?$string_sink@V?$basic_string@DU?$char_traits@D@std@@U?$Alloc@D@detail@data@ock@@@std@@@1@U?$integral_constant@_N$00@std@@@Z 0000000140008710 f i ock_Data:payload.obj
 0001:00007920       ??$dtoa_general@V?$string_sink@V?$basic_string@DU?$char_traits@D@std@@U?$Alloc@D@detail@data@ock@@@std@@@jsoncons@@@detail@jsoncons@@YA_NNDAEAV?$string_sink@V?$basic_string@DU?$char_traits@D@std@@U?$Alloc@D@detail@data@ock@@@std@@@1@U?$integral_constant@_N$0A@@std@@@Z 0000000140008920 f i ock_Data:payload.obj
 0001:00007b70       ??$dtoa_scientific@V?$string_sink@V?$basic_string@DU?$char_traits@D@std@@U?$Alloc@D@detail@data@ock@@@std@@@jsoncons@@@detail@jsoncons@@YA_NNDAEAV?$string_sink@V?$basic_string@DU?$char_traits@D@std@@U?$Alloc@D@detail@data@ock@@@std@@@1@@Z 0000000140008b70 f i ock_Data:payload.obj
 0001:00007dc0       ??$dump_buffer@V?$string_sink@V?$basic_string@DU?$char_traits@D@std@@U?$Alloc@D@detail@data@ock@@@std@@@jsoncons@@@detail@jsoncons@@YAXPEBD_KDAEAV?$string_sink@V?$basic_string@DU?$char_traits@D@std@@U?$Alloc@D@detail@data@ock@@@std@@@1@@Z 0000000140008dc0 f i ock_Data:payload.obj
 0001:00008010       ??$encode_base16@PEBEV?$string_sink@V?$basic_string@DU?$char_traits@D@std@@U?$Alloc@D@detail@data@ock@@@std@@@jsoncons@@@jsoncons@@YA_KPEBE0AEAV?$string_sink@V?$basic_string@DU?$char_traits@D@std@@U?$Alloc@D@detail@data@ock@@@std@@@0@@Z 0000000140009010 f i ock_Data:payload.obj
 0001:00008130       ??$encode_base64_generic@PEBEV?$string_sink@V?$basic_string@DU?$char_traits@D@std@@U?$Alloc@D@detail@data@ock@@@std@@@jsoncons@@@detail@jsoncons@@YA_KPEBE0QEBDAEAV?$string_sink@V?$basic_string@DU?$char_traits@D@std@@U?$Alloc@D@detail@data@ock@@@std@@@1@@Z 0000000140009130 f i ock_Data:payload.obj
 0001:000084d0       ??$encode_base64_generic@V?$_Vector_iterator@V?$_Vector_val@U?$_Simple_types@E@std@@@std@@@std@@V?$string_sink@V?$basic_string@DU?$char_traits@D@std@@U?$Alloc@D@detail@data@ock@@@std@@@jsoncons@@@detail@jsoncons@@YA_KV?$_Vector_iterator@V?$_Vector_val@U?$_Simple_types@E@std@@@std@@@std@@0QEBDAEAV?$string_sink@V?$basic_string@DU?$char_traits@D@std@@U?$Alloc@D@detail@data@ock@@@std@@@1@@Z 00000001400094d0 f i ock_Data:payload.obj
 0001:00008870       ??$escape_string@DV?$string_sink@V?$basic_string@DU?$char_traits@D@std@@U?$Alloc@D@detail@data@ock@@@std@@@jsoncons@@@detail@jsoncons@@YA_KPEBD_K_N2AEAV?$string_sink@V?$basic_string@DU?$char_traits@D@std@@U?$Alloc@D@detail@data@ock@@@std@@@1@@Z 0000000140009870 f i ock_Data:payload.obj
 0001:000096b0       ??$fill_exponent@V?$string_sink@V?$basic_string@DU?$char_traits@D@std@@U?$Alloc@D@detail@data@ock@@@std@@@jsoncons@@@detail@jsoncons@@YAXHAEAV?$string_sink@V?$basic_string@DU?$char_traits@D@std@@U?$Alloc@D@detail@data@ock@@@std@@@1@@Z 000000014000a6b0 f i ock_Data:payload.obj
 0001:00009950       ??$from_integer@HV?$string_sink@V?$basic_string@DU?$char_traits@D@std@@U?$Alloc@D@detail@data@ock@@@std@@@jsoncons@@@detail@jsoncons@@YA_KHAEAV?$string_sink@V?$basic_string@DU?$char_traits@D@std@@U?$Alloc@D@detail@data@ock@@@std@@@1@@Z 000000014000a950 f i ock_Data:payload.obj
 0001:00009b40       ??$from_integer@_JV?$string_sink@V?$basic_string@DU?$char_traits@D@std@@U?$Alloc@D@detail@data@ock@@@std@@@jsoncons@@@detail@jsoncons@@YA_K_JAEAV?$string_sink@V?$basic_string@DU?$char_traits@D@std@@U?$Alloc@D@detail@data@ock@@@std@@@1@@Z 000000014000ab40 f i ock_Data:payload.obj
 0001:00009d40       ??$from_integer@_KV?$string_sink@V?$basic_string@DU?$char_traits@D@std@@U?$Alloc@D@detail@data@ock@@@std@@@jsoncons@@@detail@jsoncons@@YA_K_KAEAV?$string_sink@V?$basic_string@DU?$char_traits@D@std@@U?$Alloc@D@detail@data@ock@@@std@@@1@@Z 000000014000ad40 f i ock_Data:payload.obj
 0001:00009ea0       ??$from_string@D@?$basic_bigint@V?$allocator@E@std@@@jsoncons@@SA?AV01@PEBD_K@Z 000000014000aea0 f i ock_Data:payload.obj
 0001:0000a260       ??$is_legal_utf8@D@unicode_traits@jsoncons@@YA?AW4conv_errc@01@PEBD_K@Z 000000014000b260 f i ock_Data:payload.obj
 0001:0000a310       ??$prettify_string@V?$string_sink@V?$basic_string@DU?$char_traits@D@std@@U?$Alloc@D@detail@data@ock@@@std@@@jsoncons@@@detail@jsoncons@@YAXPEBD_KHHHAEAV?$string_sink@V?$basic_string@DU?$char_traits@D@std@@U?$Alloc@D@detail@data@ock@@@std@@@1@@Z 000000014000b310 f i ock_Data:payload.obj
 0001:0000a8c0       ??$swap@U?$index_key_value@V?$basic_json@DUPolicy@detail@data@ock@@U?$Alloc@D@234@@jsoncons@@@jsoncons@@$0A@@std@@YAXAEAU?$index_key_value@V?$basic_json@DUPolicy@detail@data@ock@@U?$Alloc@D@234@@jsoncons@@@jsoncons@@0@Z 000000014000b8c0 f i ock_Data:payload.obj
 0001:0000aa30       ??$swap_l@Uarray_storage@?$basic_json@DUPolicy@detail@data@ock@@U?$Alloc@D@234@@jsoncons@@@?$basic_json@DUPolicy@detail@data@ock@@U?$Alloc@D@234@@jsoncons@@AEAAXAEAV01@@Z 000000014000ba30 f i ock_Data:payload.obj
 0001:0000aa30       ??$swap_l@Ubyte_string_storage@?$basic_json@DUPolicy@detail@data@ock@@U?$Alloc@D@234@@jsoncons@@@?$basic_json@DUPolicy@detail@data@ock@@U?$Alloc@D@234@@jsoncons@@AEAAXAEAV01@@Z 000000014000ba30 f i ock_Data:payload.obj
 0001:0000aa30       ??$swap_l@Uobject_storage@?$basic_json@DUPolicy@detail@data@ock@@U?$Alloc@D@234@@jsoncons@@@?$basic_json@DUPolicy@detail@data@ock@@U?$Alloc@D@234@@jsoncons@@AEAAXAEAV01@@Z 000000014000ba30 f i ock_Data:payload.obj
 0001:0000ac20       ??$swap_l@Ubool_storage@?$basic_json@DUPolicy@detail@data@ock@@U?$Alloc@D@234@@jsoncons@@@?$basic_json@DUPolicy@detail@data@ock@@U?$Alloc@D@234@@jsoncons@@AEAAXAEAV01@@Z 000000014000bc20 f i ock_Data:payload.obj
 0001:0000add0       ??$swap_l@Udouble_storage@?$basic_json@DUPolicy@detail@data@ock@@U?$Alloc@D@234@@jsoncons@@@?$basic_json@DUPolicy@detail@data@ock@@U?$Alloc@D@234@@jsoncons@@AEAAXAEAV01@@Z 000000014000bdd0 f i ock_Data:payload.obj
 0001:0000add0       ??$swap_l@Uint64_storage@?$basic_json@DUPolicy@detail@data@ock@@U?$Alloc@D@234@@jsoncons@@@?$basic_json@DUPolicy@detail@data@ock@@U?$Alloc@D@234@@jsoncons@@AEAAXAEAV01@@Z 000000014000bdd0 f i ock_Data:payload.obj
 0001:0000add0       ??$swap_l@Ujson_const_pointer_storage@?$basic_json@DUPolicy@detail@data@ock@@U?$Alloc@D@234@@jsoncons@@@?$basic_json@DUPolicy@detail@data@ock@@U?$Alloc@D@234@@jsoncons@@AEAAXAEAV01@@Z 000000014000bdd0 f i ock_Data:payload.obj
 0001:0000add0       ??$swap_l@Uuint64_storage@?$basic_json@DUPolicy@detail@data@ock@@U?$Alloc@D@234@@jsoncons@@@?$basic_json@DUPolicy@detail@data@ock@@U?$Alloc@D@234@@jsoncons@@AEAAXAEAV01@@Z 000000014000bdd0 f i ock_Data:payload.obj
 0001:0000af40       ??$swap_l@Uempty_object_storage@?$basic_json@DUPolicy@detail@data@ock@@U?$Alloc@D@234@@jsoncons@@@?$basic_json@DUPolicy@detail@data@ock@@U?$Alloc@D@234@@jsoncons@@AEAAXAEAV01@@Z 000000014000bf40 f i ock_Data:payload.obj
 0001:0000af40       ??$swap_l@Unull_storage@?$basic_json@DUPolicy@detail@data@ock@@U?$Alloc@D@234@@jsoncons@@@?$basic_json@DUPolicy@detail@data@ock@@U?$Alloc@D@234@@jsoncons@@AEAAXAEAV01@@Z 000000014000bf40 f i ock_Data:payload.obj
 0001:0000b0c0       ??$swap_l@Uhalf_storage@?$basic_json@DUPolicy@detail@data@ock@@U?$Alloc@D@234@@jsoncons@@@?$basic_json@DUPolicy@detail@data@ock@@U?$Alloc@D@234@@jsoncons@@AEAAXAEAV01@@Z 000000014000c0c0 f i ock_Data:payload.obj
 0001:0000b230       ??$swap_l@Ulong_string_storage@?$basic_json@DUPolicy@detail@data@ock@@U?$Alloc@D@234@@jsoncons@@@?$basic_json@DUPolicy@detail@data@ock@@U?$Alloc@D@234@@jsoncons@@AEAAXAEAV01@@Z 000000014000c230 f i ock_Data:payload.obj
 0001:0000b400       ??$swap_l@Ushort_string_storage@?$basic_json@DUPolicy@detail@data@ock@@U?$Alloc@D@234@@jsoncons@@@?$basic_json@DUPolicy@detail@data@ock@@U?$Alloc@D@234@@jsoncons@@AEAAXAEAV01@@Z 000000014000c400 f i ock_Data:payload.obj
 0001:0000b760       ??$to_codepoint@DI@unicode_traits@jsoncons@@YA?AU?$convert_result@D@01@PEBD0AEAIW4conv_flags@01@@Z 000000014000c760 f i ock_Data:payload.obj
 0001:0000b920       ??$write_bytes_be@V?$allocator@E@std@@@?$basic_bigint@V?$allocator@E@std@@@jsoncons@@QEBAXAEAHAEAV?$vector@EV?$allocator@E@std@@@std@@@Z 000000014000c920 f i ock_Data:payload.obj
 0001:0000bcc0       ??0?$basic_bigint@V?$allocator@E@std@@@jsoncons@@QEAA@AEBV01@@Z 000000014000ccc0 f i ock_Data:payload.obj
 0001:0000bd80       ??0?$basic_json@DUPolicy@detail@data@ock@@U?$Alloc@D@234@@jsoncons@@QEAA@AEBV?$basic_string_view@DU?$char_traits@D@std@@@std@@W4semantic_tag@1@AEBU?$Alloc@D@detail@data@ock@@@Z 000000014000cd80 f i ock_Data:payload.obj
 0001:0000be50       ??0?$basic_json_encode_options@D@jsoncons@@QEAA@AEBV01@@Z 000000014000ce50 f i ock_Data:payload.obj
 0001:0000bf60       ??0?$basic_json_options@D@jsoncons@@QEAA@XZ 000000014000cf60 f i ock_Data:payload.obj
 0001:0000c040       ??0?$basic_json_options_common@D@jsoncons@@IEAA@AEBV01@@Z 000000014000d040 f i ock_Data:payload.obj
 0001:0000c160       ??0?$basic_json_options_common@D@jsoncons@@IEAA@XZ 000000014000d160 f i ock_Data:payload.obj
 0001:0000c220       ??0?$basic_string@DU?$char_traits@D@std@@V?$allocator@D@2@@std@@QEAA@AEBV01@@Z 000000014000d220 f i ock_Data:payload.obj
 0001:0000c2e0       ??0?$basic_string@DU?$char_traits@D@std@@V?$allocator@D@2@@std@@QEAA@QEBD@Z 000000014000d2e0 f i ock_Data:payload.obj
 0001:0000c330       ??0?$index_key_value@V?$basic_json@DUPolicy@detail@data@ock@@U?$Alloc@D@234@@jsoncons@@@jsoncons@@QEAA@$$QEAU01@@Z 000000014000d330 f i ock_Data:payload.obj
 0001:0000c3d0       ??0?$json_decoder@V?$basic_json@DUPolicy@detail@data@ock@@U?$Alloc@D@234@@jsoncons@@U?$Alloc@D@detail@data@ock@@@jsoncons@@QEAA@AEBU?$Alloc@D@detail@data@ock@@0@Z 000000014000d3d0 f i ock_Data:payload.obj
 0001:0000c740       ??0?$json_runtime_error@Vdomain_error@std@@X@jsoncons@@QEAA@AEBV01@@Z 000000014000d740 f i ock_Data:payload.obj
 0001:0000c7d0       ??0?$json_runtime_error@Vdomain_error@std@@X@jsoncons@@QEAA@AEBV?$basic_string@DU?$char_traits@D@std@@V?$allocator@D@2@@std@@@Z 000000014000d7d0 f i ock_Data:payload.obj
 0001:0000c870       ??0?$json_runtime_error@Vinvalid_argument@std@@X@jsoncons@@QEAA@AEBV01@@Z 000000014000d870 f i ock_Data:payload.obj
 0001:0000c900       ??0?$json_runtime_error@Vinvalid_argument@std@@X@jsoncons@@QEAA@AEBV?$basic_string@DU?$char_traits@D@std@@V?$allocator@D@2@@std@@@Z 000000014000d900 f i ock_Data:payload.obj
 0001:0000c9a0       ??0BuilderState@detail@data@ock@@QEAA@UBudget@23@@Z 000000014000d9a0 f i ock_Data:payload.obj
 0001:0000cbb0       ??0PayloadBuilder@data@ock@@QEAA@UBudget@12@@Z 000000014000dbb0 f   ock_Data:payload.obj
 0001:0000ccd0       ??0_System_error@std@@QEAA@AEBV01@@Z 000000014000dcd0 f i ock_Data:payload.obj
 0001:0000cd20       ??0assertion_error@jsoncons@@QEAA@AEBV01@@Z 000000014000dd20 f i ock_Data:payload.obj
 0001:0000cd60       ??0assertion_error@jsoncons@@QEAA@AEBV?$basic_string@DU?$char_traits@D@std@@V?$allocator@D@2@@std@@@Z 000000014000dd60 f i ock_Data:payload.obj
 0001:0000cdc0       ??0domain_error@std@@QEAA@AEBV01@@Z 000000014000ddc0 f i ock_Data:payload.obj
 0001:0000ce00       ??0invalid_argument@std@@QEAA@AEBV01@@Z 000000014000de00 f i ock_Data:payload.obj
 0001:0000ce40       ??0json_exception@jsoncons@@QEAA@AEBV01@@Z 000000014000de40 f i ock_Data:payload.obj
 0001:0000ce50       ??0logic_error@std@@QEAA@AEBV01@@Z 000000014000de50 f i ock_Data:payload.obj
 0001:0000ce90       ??0runtime_error@std@@QEAA@AEBV01@@Z 000000014000de90 f i ock_Data:payload.obj
 0001:0000ced0       ??0runtime_error@std@@QEAA@AEBV?$basic_string@DU?$char_traits@D@std@@V?$allocator@D@2@@1@@Z 000000014000ded0 f i ock_Data:payload.obj
 0001:0000cf30       ??0runtime_error@std@@QEAA@PEBD@Z 000000014000df30 f i ock_Data:payload.obj
 0001:0000cf80       ??0ser_error@jsoncons@@QEAA@AEBV01@@Z 000000014000df80 f i ock_Data:payload.obj
 0001:0000d040       ??0ser_error@jsoncons@@QEAA@Verror_code@std@@@Z 000000014000e040 f i ock_Data:payload.obj
 0001:0000d0e0       ??0ser_error@jsoncons@@QEAA@Verror_code@std@@_K1@Z 000000014000e0e0 f i ock_Data:payload.obj
 0001:0000d190       ??0system_error@std@@QEAA@AEBV01@@Z 000000014000e190 f i ock_Data:payload.obj
 0001:0000d1f0       ??0system_error@std@@QEAA@Verror_code@1@@Z 000000014000e1f0 f i ock_Data:payload.obj
 0001:0000d2f0       ??0write_double@detail@jsoncons@@QEAA@W4float_chars_format@2@H@Z 000000014000e2f0 f i ock_Data:payload.obj
 0001:0000d370       ??1?$Key@DU?$char_traits@D@std@@U?$Alloc@D@detail@data@ock@@@detail@data@ock@@QEAA@XZ 000000014000e370 f i ock_Data:payload.obj
 0001:0000d370       ??1?$basic_string@DU?$char_traits@D@std@@U?$Alloc@D@detail@data@ock@@@std@@QEAA@XZ 000000014000e370 f i ock_Data:payload.obj
 0001:0000d380       ??1?$_Alloc_construct_ptr@U?$Alloc@U?$_Tree_node@V?$basic_string@DU?$char_traits@D@std@@U?$Alloc@D@detail@data@ock@@@std@@PEAX@std@@@detail@data@ock@@@std@@QEAA@XZ 000000014000e380 f i ock_Data:payload.obj
 0001:0000d380       ??1?$_Tree_temp_node_alloc@U?$Alloc@U?$_Tree_node@V?$basic_string@DU?$char_traits@D@std@@U?$Alloc@D@detail@data@ock@@@std@@PEAX@std@@@detail@data@ock@@@std@@QEAA@XZ 000000014000e380 f i ock_Data:payload.obj
 0001:0000d3a0       ??1?$_Erase_tree_and_orphan_guard@U?$Alloc@U?$_Tree_node@V?$basic_string@DU?$char_traits@D@std@@U?$Alloc@D@detail@data@ock@@@std@@PEAX@std@@@detail@data@ock@@@?$_Tree_val@U?$_Tree_simple_types@V?$basic_string@DU?$char_traits@D@std@@U?$Alloc@D@detail@data@ock@@@std@@@std@@@std@@QEAA@XZ 000000014000e3a0 f i ock_Data:payload.obj
 0001:0000d3c0       ??1?$_Tree_head_scoped_ptr@U?$Alloc@U?$_Tree_node@V?$basic_string@DU?$char_traits@D@std@@U?$Alloc@D@detail@data@ock@@@std@@PEAX@std@@@detail@data@ock@@V?$_Tree_val@U?$_Tree_simple_types@V?$basic_string@DU?$char_traits@D@std@@U?$Alloc@D@detail@data@ock@@@std@@@std@@@std@@@std@@QEAA@XZ 000000014000e3c0 f i ock_Data:payload.obj
 0001:0000d400       ??1?$_Tree_temp_node@U?$Alloc@U?$_Tree_node@V?$basic_string@DU?$char_traits@D@std@@U?$Alloc@D@detail@data@ock@@@std@@PEAX@std@@@detail@data@ock@@@std@@QEAA@XZ 000000014000e400 f i ock_Data:payload.obj
 0001:0000d440       ??1?$_Uninitialized_backout_al@U?$Alloc@UFrame@detail@data@ock@@@detail@data@ock@@@std@@QEAA@XZ 000000014000e440 f i ock_Data:payload.obj
 0001:0000d4a0       ??1?$basic_bigint@V?$allocator@E@std@@@jsoncons@@QEAA@XZ 000000014000e4a0 f i ock_Data:payload.obj
 0001:0000d510       ??1?$basic_compact_json_encoder@DV?$string_sink@V?$basic_string@DU?$char_traits@D@std@@U?$Alloc@D@detail@data@ock@@@std@@@jsoncons@@V?$allocator@D@std@@@jsoncons@@UEAA@XZ 000000014000e510 f i ock_Data:payload.obj
 0001:0000d5a0       ??1?$basic_json@DUPolicy@detail@data@ock@@U?$Alloc@D@234@@jsoncons@@QEAA@XZ 000000014000e5a0 f i ock_Data:payload.obj
 0001:0000d5b0       ??1?$basic_json_decode_options@D@jsoncons@@UEAA@XZ 000000014000e5b0 f i ock_Data:payload.obj
 0001:0000d5e0       ??1?$basic_json_options_common@D@jsoncons@@MEAA@XZ 000000014000e5e0 f i ock_Data:payload.obj
 0001:0000d630       ??1?$index_key_value@V?$basic_json@DUPolicy@detail@data@ock@@U?$Alloc@D@234@@jsoncons@@@jsoncons@@QEAA@XZ 000000014000e630 f i ock_Data:payload.obj
 0001:0000d650       ??1?$unique_ptr@UBuilderState@detail@data@ock@@U?$default_delete@UBuilderState@detail@data@ock@@@std@@@std@@QEAA@XZ 000000014000e650 f i ock_Data:payload.obj
 0001:0000d650       ??1PayloadBuilder@data@ock@@QEAA@XZ 000000014000e650 f i ock_Data:payload.obj
 0001:0000d660       ??1?$unique_ptr@UOwner@detail@data@ock@@U?$default_delete@UOwner@detail@data@ock@@@std@@@std@@QEAA@XZ 000000014000e660 f i ock_Data:payload.obj
 0001:0000d660       ??1Payload@data@ock@@QEAA@XZ 000000014000e660 f i ock_Data:payload.obj
 0001:0000d690       ??1?$unique_ptr@V?$json_decoder@V?$basic_json@DUPolicy@detail@data@ock@@U?$Alloc@D@234@@jsoncons@@U?$Alloc@D@detail@data@ock@@@jsoncons@@U?$default_delete@V?$json_decoder@V?$basic_json@DUPolicy@detail@data@ock@@U?$Alloc@D@234@@jsoncons@@U?$Alloc@D@detail@data@ock@@@jsoncons@@@std@@@std@@QEAA@XZ 000000014000e690 f i ock_Data:payload.obj
 0001:0000d6e0       ??1?$vector@U?$index_key_value@V?$basic_json@DUPolicy@detail@data@ock@@U?$Alloc@D@234@@jsoncons@@@jsoncons@@U?$Alloc@U?$index_key_value@V?$basic_json@DUPolicy@detail@data@ock@@U?$Alloc@D@234@@jsoncons@@@jsoncons@@@detail@data@ock@@@std@@QEAA@XZ 000000014000e6e0 f i ock_Data:payload.obj
 0001:0000d790       ??1?$vector@UFrame@detail@data@ock@@U?$Alloc@UFrame@detail@data@ock@@@234@@std@@QEAA@XZ 000000014000e790 f i ock_Data:payload.obj
 0001:0000d880       ??1?$vector@Ustructure_info@?$json_decoder@V?$basic_json@DUPolicy@detail@data@ock@@U?$Alloc@D@234@@jsoncons@@U?$Alloc@D@detail@data@ock@@@jsoncons@@U?$Alloc@Ustructure_info@?$json_decoder@V?$basic_json@DUPolicy@detail@data@ock@@U?$Alloc@D@234@@jsoncons@@U?$Alloc@D@detail@data@ock@@@jsoncons@@@detail@data@ock@@@std@@QEAA@XZ 000000014000e880 f i ock_Data:payload.obj
 0001:0000d8f0       ??1?$vector@V?$basic_json@DUPolicy@detail@data@ock@@U?$Alloc@D@234@@jsoncons@@U?$Alloc@V?$basic_json@DUPolicy@detail@data@ock@@U?$Alloc@D@234@@jsoncons@@@detail@data@ock@@@std@@QEAA@XZ 000000014000e8f0 f i ock_Data:payload.obj
 0001:0000d9a0       ??1?$vector@V?$key_value@U?$Key@DU?$char_traits@D@std@@U?$Alloc@D@detail@data@ock@@@detail@data@ock@@V?$basic_json@DUPolicy@detail@data@ock@@U?$Alloc@D@234@@jsoncons@@@jsoncons@@U?$Alloc@V?$key_value@U?$Key@DU?$char_traits@D@std@@U?$Alloc@D@detail@data@ock@@@detail@data@ock@@V?$basic_json@DUPolicy@detail@data@ock@@U?$Alloc@D@234@@jsoncons@@@jsoncons@@@detail@data@ock@@@std@@QEAA@XZ 000000014000e9a0 f i ock_Data:payload.obj
 0001:0000da80       ??1?$vector@Vencoding_context@?$basic_compact_json_encoder@DV?$string_sink@V?$basic_string@DU?$char_traits@D@std@@U?$Alloc@D@detail@data@ock@@@std@@@jsoncons@@V?$allocator@D@std@@@jsoncons@@V?$allocator@Vencoding_context@?$basic_compact_json_encoder@DV?$string_sink@V?$basic_string@DU?$char_traits@D@std@@U?$Alloc@D@detail@data@ock@@@std@@@jsoncons@@V?$allocator@D@std@@@jsoncons@@@std@@@std@@QEAA@XZ 000000014000ea80 f i ock_Data:payload.obj
 0001:0000daf0       ??1Scope@detail@data@ock@@QEAA@XZ 000000014000eaf0 f i ock_Data:payload.obj
 0001:0000db20       ??1_Reallocation_guard@?$vector@U?$index_key_value@V?$basic_json@DUPolicy@detail@data@ock@@U?$Alloc@D@234@@jsoncons@@@jsoncons@@U?$Alloc@U?$index_key_value@V?$basic_json@DUPolicy@detail@data@ock@@U?$Alloc@D@234@@jsoncons@@@jsoncons@@@detail@data@ock@@@std@@QEAA@XZ 000000014000eb20 f i ock_Data:payload.obj
 0001:0000dbc0       ??1_Reallocation_guard@?$vector@UFrame@detail@data@ock@@U?$Alloc@UFrame@detail@data@ock@@@234@@std@@QEAA@XZ 000000014000ebc0 f i ock_Data:payload.obj
 0001:0000dca0       ??1_Reallocation_guard@?$vector@V?$basic_json@DUPolicy@detail@data@ock@@U?$Alloc@D@234@@jsoncons@@U?$Alloc@V?$basic_json@DUPolicy@detail@data@ock@@U?$Alloc@D@234@@jsoncons@@@detail@data@ock@@@std@@QEAA@XZ 000000014000eca0 f i ock_Data:payload.obj
 0001:0000dd40       ??1_Reallocation_guard@?$vector@V?$key_value@U?$Key@DU?$char_traits@D@std@@U?$Alloc@D@detail@data@ock@@@detail@data@ock@@V?$basic_json@DUPolicy@detail@data@ock@@U?$Alloc@D@234@@jsoncons@@@jsoncons@@U?$Alloc@V?$key_value@U?$Key@DU?$char_traits@D@std@@U?$Alloc@D@detail@data@ock@@@detail@data@ock@@V?$basic_json@DUPolicy@detail@data@ock@@U?$Alloc@D@234@@jsoncons@@@jsoncons@@@detail@data@ock@@@std@@QEAA@XZ 000000014000ed40 f i ock_Data:payload.obj
 0001:0000dde0       ??1_Simple_reallocation_guard@?$vector@V?$basic_json@DUPolicy@detail@data@ock@@U?$Alloc@D@234@@jsoncons@@U?$Alloc@V?$basic_json@DUPolicy@detail@data@ock@@U?$Alloc@D@234@@jsoncons@@@detail@data@ock@@@std@@QEAA@XZ 000000014000ede0 f i ock_Data:payload.obj
 0001:0000de50       ??1_Simple_reallocation_guard@?$vector@V?$key_value@U?$Key@DU?$char_traits@D@std@@U?$Alloc@D@detail@data@ock@@@detail@data@ock@@V?$basic_json@DUPolicy@detail@data@ock@@U?$Alloc@D@234@@jsoncons@@@jsoncons@@U?$Alloc@V?$key_value@U?$Key@DU?$char_traits@D@std@@U?$Alloc@D@detail@data@ock@@@detail@data@ock@@V?$basic_json@DUPolicy@detail@data@ock@@U?$Alloc@D@234@@jsoncons@@@jsoncons@@@detail@data@ock@@@std@@QEAA@XZ 000000014000ee50 f i ock_Data:payload.obj
 0001:0000deb0       ??1_System_error_message@std@@QEAA@XZ 000000014000eeb0 f i ock_Data:payload.obj
 0001:0000dec0       ??1chars_to@detail@jsoncons@@QEAA@XZ 000000014000eec0 f i ock_Data:payload.obj
 0001:0000ded0       ??4?$Key@DU?$char_traits@D@std@@U?$Alloc@D@detail@data@ock@@@detail@data@ock@@QEAAAEAU0123@$$QEAU0123@@Z 000000014000eed0 f i ock_Data:payload.obj
 0001:0000df80       ??4?$basic_json@DUPolicy@detail@data@ock@@U?$Alloc@D@234@@jsoncons@@QEAAAEAV01@$$QEAV01@@Z 000000014000ef80 f i ock_Data:payload.obj
 0001:0000dfc0       ??4?$index_key_value@V?$basic_json@DUPolicy@detail@data@ock@@U?$Alloc@D@234@@jsoncons@@@jsoncons@@QEAAAEAU01@$$QEAU01@@Z 000000014000efc0 f i ock_Data:payload.obj
 0001:0000e030       ??Gjsoncons@@YA?AV?$basic_bigint@V?$allocator@E@std@@@0@V10@_J@Z 000000014000f030 f i ock_Data:payload.obj
 0001:0000e110       ??R?$default_delete@UBuilderState@detail@data@ock@@@std@@QEBAXPEAUBuilderState@detail@data@ock@@@Z 000000014000f110 f i ock_Data:payload.obj
 0001:0000e1b0       ??X?$basic_bigint@V?$allocator@E@std@@@jsoncons@@QEAAAEAV01@_K@Z 000000014000f1b0 f i ock_Data:payload.obj
 0001:0000e320       ??Y?$basic_bigint@V?$allocator@E@std@@@jsoncons@@QEAAAEAV01@AEBV01@@Z 000000014000f320 f i ock_Data:payload.obj
 0001:0000e4c0       ??Z?$basic_bigint@V?$allocator@E@std@@@jsoncons@@QEAAAEAV01@AEBV01@@Z 000000014000f4c0 f i ock_Data:payload.obj
 0001:0000e820       ??_2?$basic_bigint@V?$allocator@E@std@@@jsoncons@@QEAAAEAV01@_K@Z 000000014000f820 f i ock_Data:payload.obj
 0001:0000e9e0       ??_3?$basic_bigint@V?$allocator@E@std@@@jsoncons@@QEAAAEAV01@_K@Z 000000014000f9e0 f i ock_Data:payload.obj
 0001:0000eb70       ??_D?$basic_json_decode_options@D@jsoncons@@QEAAXXZ 000000014000fb70 f i ock_Data:payload.obj
 0001:0000ebf0       ??_D?$basic_json_options@D@jsoncons@@QEAAXXZ 000000014000fbf0 f i ock_Data:payload.obj
 0001:0000ec80       ??_D?$json_runtime_error@Vdomain_error@std@@X@jsoncons@@QEAAXXZ 000000014000fc80 f i ock_Data:payload.obj
 0001:0000ecd0       ??_D?$json_runtime_error@Vinvalid_argument@std@@X@jsoncons@@QEAAXXZ 000000014000fcd0 f i ock_Data:payload.obj
 0001:0000ed20       ??_Dser_error@jsoncons@@QEAAXXZ 000000014000fd20 f i ock_Data:payload.obj
 0001:0000ed4c       ??_E?$json_runtime_error@Vdomain_error@std@@X@jsoncons@@$4PPPPPPPM@CI@EAAPEAXI@Z 000000014000fd4c f i ock_Data:payload.obj
 0001:0000ed5c       ??_E?$json_runtime_error@Vinvalid_argument@std@@X@jsoncons@@$4PPPPPPPM@CI@EAAPEAXI@Z 000000014000fd5c f i ock_Data:payload.obj
 0001:0000ed6c       ??_Eser_error@jsoncons@@$4PPPPPPPM@GI@EAAPEAXI@Z 000000014000fd6c f i ock_Data:payload.obj
 0001:0000ed80       ??_E?$basic_compact_json_encoder@DV?$string_sink@V?$basic_string@DU?$char_traits@D@std@@U?$Alloc@D@detail@data@ock@@@std@@@jsoncons@@V?$allocator@D@std@@@jsoncons@@UEAAPEAXI@Z 000000014000fd80 f i ock_Data:payload.obj
 0001:0000ed80       ??_G?$basic_compact_json_encoder@DV?$string_sink@V?$basic_string@DU?$char_traits@D@std@@U?$Alloc@D@detail@data@ock@@@std@@@jsoncons@@V?$allocator@D@std@@@jsoncons@@UEAAPEAXI@Z 000000014000fd80 f i ock_Data:payload.obj
 0001:0000edc0       ??_E?$basic_json_decode_options@D@jsoncons@@UEAAPEAXI@Z 000000014000fdc0 f i ock_Data:payload.obj
 0001:0000edc0       ??_G?$basic_json_decode_options@D@jsoncons@@UEAAPEAXI@Z 000000014000fdc0 f i ock_Data:payload.obj
 0001:0000ee00       ??_E?$basic_json_encode_options@D@jsoncons@@UEAAPEAXI@Z 000000014000fe00 f i ock_Data:payload.obj
 0001:0000ee00       ??_G?$basic_json_encode_options@D@jsoncons@@UEAAPEAXI@Z 000000014000fe00 f i ock_Data:payload.obj
 0001:0000ee90       ??_E?$basic_json_options@D@jsoncons@@UEAAPEAXI@Z 000000014000fe90 f i ock_Data:payload.obj
 0001:0000ee90       ??_G?$basic_json_options@D@jsoncons@@UEAAPEAXI@Z 000000014000fe90 f i ock_Data:payload.obj
 0001:0000eed0       ??_E?$basic_json_options_common@D@jsoncons@@MEAAPEAXI@Z 000000014000fed0 f i ock_Data:payload.obj
 0001:0000eed0       ??_G?$basic_json_options_common@D@jsoncons@@MEAAPEAXI@Z 000000014000fed0 f i ock_Data:payload.obj
 0001:0000ef40       ??_E?$json_decoder@V?$basic_json@DUPolicy@detail@data@ock@@U?$Alloc@D@234@@jsoncons@@U?$Alloc@D@detail@data@ock@@@jsoncons@@UEAAPEAXI@Z 000000014000ff40 f i ock_Data:payload.obj
 0001:0000ef40       ??_G?$json_decoder@V?$basic_json@DUPolicy@detail@data@ock@@U?$Alloc@D@234@@jsoncons@@U?$Alloc@D@detail@data@ock@@@jsoncons@@UEAAPEAXI@Z 000000014000ff40 f i ock_Data:payload.obj
 0001:0000efa0       ??_E?$json_runtime_error@Vdomain_error@std@@X@jsoncons@@UEAAPEAXI@Z 000000014000ffa0 f i ock_Data:payload.obj
 0001:0000efa0       ??_G?$json_runtime_error@Vdomain_error@std@@X@jsoncons@@UEAAPEAXI@Z 000000014000ffa0 f i ock_Data:payload.obj
 0001:0000f020       ??_E?$json_runtime_error@Vinvalid_argument@std@@X@jsoncons@@UEAAPEAXI@Z 0000000140010020 f i ock_Data:payload.obj
 0001:0000f020       ??_G?$json_runtime_error@Vinvalid_argument@std@@X@jsoncons@@UEAAPEAXI@Z 0000000140010020 f i ock_Data:payload.obj
 0001:0000f0a0       ??_EBuilderState@detail@data@ock@@UEAAPEAXI@Z 00000001400100a0 f i ock_Data:payload.obj
 0001:0000f0a0       ??_GBuilderState@detail@data@ock@@UEAAPEAXI@Z 00000001400100a0 f i ock_Data:payload.obj
 0001:0000f140       ??_E_System_error@std@@UEAAPEAXI@Z 0000000140010140 f i ock_Data:payload.obj
 0001:0000f140       ??_Esystem_error@std@@UEAAPEAXI@Z 0000000140010140 f i ock_Data:payload.obj
 0001:0000f140       ??_G_System_error@std@@UEAAPEAXI@Z 0000000140010140 f i ock_Data:payload.obj
 0001:0000f140       ??_Gsystem_error@std@@UEAAPEAXI@Z 0000000140010140 f i ock_Data:payload.obj
 0001:0000f190       ??_Ejson_exception@jsoncons@@UEAAPEAXI@Z 0000000140010190 f i ock_Data:payload.obj
 0001:0000f190       ??_Eser_context@jsoncons@@UEAAPEAXI@Z 0000000140010190 f i ock_Data:payload.obj
 0001:0000f190       ??_Gjson_exception@jsoncons@@UEAAPEAXI@Z 0000000140010190 f i ock_Data:payload.obj
 0001:0000f190       ??_Gser_context@jsoncons@@UEAAPEAXI@Z 0000000140010190 f i ock_Data:payload.obj
 0001:0000f1c0       ??_Eser_error@jsoncons@@UEAAPEAXI@Z 00000001400101c0 f i ock_Data:payload.obj
 0001:0000f1c0       ??_Gser_error@jsoncons@@UEAAPEAXI@Z 00000001400101c0 f i ock_Data:payload.obj
 0001:0000f210       ?_Change_array@?$vector@U?$index_key_value@V?$basic_json@DUPolicy@detail@data@ock@@U?$Alloc@D@234@@jsoncons@@@jsoncons@@U?$Alloc@U?$index_key_value@V?$basic_json@DUPolicy@detail@data@ock@@U?$Alloc@D@234@@jsoncons@@@jsoncons@@@detail@data@ock@@@std@@AEAAXQEAU?$index_key_value@V?$basic_json@DUPolicy@detail@data@ock@@U?$Alloc@D@234@@jsoncons@@@jsoncons@@_K1@Z 0000000140010210 f i ock_Data:payload.obj
 0001:0000f2f0       ?_Change_array@?$vector@Ustructure_info@?$json_decoder@V?$basic_json@DUPolicy@detail@data@ock@@U?$Alloc@D@234@@jsoncons@@U?$Alloc@D@detail@data@ock@@@jsoncons@@U?$Alloc@Ustructure_info@?$json_decoder@V?$basic_json@DUPolicy@detail@data@ock@@U?$Alloc@D@234@@jsoncons@@U?$Alloc@D@detail@data@ock@@@jsoncons@@@detail@data@ock@@@std@@AEAAXQEAUstructure_info@?$json_decoder@V?$basic_json@DUPolicy@detail@data@ock@@U?$Alloc@D@234@@jsoncons@@U?$Alloc@D@detail@data@ock@@@jsoncons@@_K1@Z 00000001400102f0 f i ock_Data:payload.obj
 0001:0000f3a0       ?_Change_array@?$vector@V?$basic_json@DUPolicy@detail@data@ock@@U?$Alloc@D@234@@jsoncons@@U?$Alloc@V?$basic_json@DUPolicy@detail@data@ock@@U?$Alloc@D@234@@jsoncons@@@detail@data@ock@@@std@@AEAAXQEAV?$basic_json@DUPolicy@detail@data@ock@@U?$Alloc@D@234@@jsoncons@@_K1@Z 00000001400103a0 f i ock_Data:payload.obj
 0001:0000f470       ?_Change_array@?$vector@V?$key_value@U?$Key@DU?$char_traits@D@std@@U?$Alloc@D@detail@data@ock@@@detail@data@ock@@V?$basic_json@DUPolicy@detail@data@ock@@U?$Alloc@D@234@@jsoncons@@@jsoncons@@U?$Alloc@V?$key_value@U?$Key@DU?$char_traits@D@std@@U?$Alloc@D@detail@data@ock@@@detail@data@ock@@V?$basic_json@DUPolicy@detail@data@ock@@U?$Alloc@D@234@@jsoncons@@@jsoncons@@@detail@data@ock@@@std@@AEAAXQEAV?$key_value@U?$Key@DU?$char_traits@D@std@@U?$Alloc@D@detail@data@ock@@@detail@data@ock@@V?$basic_json@DUPolicy@detail@data@ock@@U?$Alloc@D@234@@jsoncons@@@jsoncons@@_K1@Z 0000000140010470 f i ock_Data:payload.obj
 0001:0000f570       ?_Copy@?$_Func_impl_no_alloc@Udefault_json_parsing@jsoncons@@_NW4json_errc@2@AEBVser_context@2@@std@@EEBAPEAV?$_Func_base@_NW4json_errc@jsoncons@@AEBVser_context@2@@2@PEAX@Z 0000000140010570 f i ock_Data:payload.obj
 0001:0000f570       ?_Move@?$_Func_impl_no_alloc@Udefault_json_parsing@jsoncons@@_NW4json_errc@2@AEBVser_context@2@@std@@EEAAPEAV?$_Func_base@_NW4json_errc@jsoncons@@AEBVser_context@2@@2@PEAX@Z 0000000140010570 f i ock_Data:payload.obj
 0001:0000f580       ?_Delete_this@?$_Func_impl_no_alloc@Udefault_json_parsing@jsoncons@@_NW4json_errc@2@AEBVser_context@2@@std@@EEAAX_N@Z 0000000140010580 f i ock_Data:payload.obj
 0001:0000f590       ?_Do_call@?$_Func_impl_no_alloc@Udefault_json_parsing@jsoncons@@_NW4json_errc@2@AEBVser_context@2@@std@@EEAA_N$$QEAW4json_errc@jsoncons@@AEBVser_context@4@@Z 0000000140010590 f i ock_Data:payload.obj
 0001:0000f5a0       ?_Get@?$_Func_impl_no_alloc@Udefault_json_parsing@jsoncons@@_NW4json_errc@2@AEBVser_context@2@@std@@EEBAPEBXXZ 00000001400105a0 f i ock_Data:payload.obj
 0001:0000f5b0       ?_Insert_node@?$_Tree_val@U?$_Tree_simple_types@V?$basic_string@DU?$char_traits@D@std@@U?$Alloc@D@detail@data@ock@@@std@@@std@@@std@@QEAAPEAU?$_Tree_node@V?$basic_string@DU?$char_traits@D@std@@U?$Alloc@D@detail@data@ock@@@std@@PEAX@2@U?$_Tree_id@PEAU?$_Tree_node@V?$basic_string@DU?$char_traits@D@std@@U?$Alloc@D@detail@data@ock@@@std@@PEAX@std@@@2@QEAU32@@Z 00000001400105b0 f i ock_Data:payload.obj
 0001:0000f810       ?_Target_type@?$_Func_impl_no_alloc@Udefault_json_parsing@jsoncons@@_NW4json_errc@2@AEBVser_context@2@@std@@EEBAAEBVtype_info@@XZ 0000000140010810 f i ock_Data:payload.obj
 0001:0000f820       ?_Throw_tree_length_error@std@@YAXXZ 0000000140010820 f i ock_Data:payload.obj
 0001:0000f840       ?_Tidy_deallocate@?$basic_string@DU?$char_traits@D@std@@U?$Alloc@D@detail@data@ock@@@std@@AEAAXXZ 0000000140010840 f i ock_Data:payload.obj
 0001:0000f8c0       ?_Xlength@?$vector@EV?$allocator@E@std@@@std@@CAXXZ 00000001400108c0 f i ock_Data:payload.obj
 0001:0000f8c0       ?_Xlength@?$vector@U?$index_key_value@V?$basic_json@DUPolicy@detail@data@ock@@U?$Alloc@D@234@@jsoncons@@@jsoncons@@U?$Alloc@U?$index_key_value@V?$basic_json@DUPolicy@detail@data@ock@@U?$Alloc@D@234@@jsoncons@@@jsoncons@@@detail@data@ock@@@std@@CAXXZ 00000001400108c0 f i ock_Data:payload.obj
 0001:0000f8c0       ?_Xlength@?$vector@UFrame@detail@data@ock@@U?$Alloc@UFrame@detail@data@ock@@@234@@std@@CAXXZ 00000001400108c0 f i ock_Data:payload.obj
 0001:0000f8c0       ?_Xlength@?$vector@Ustructure_info@?$json_decoder@V?$basic_json@DUPolicy@detail@data@ock@@U?$Alloc@D@234@@jsoncons@@U?$Alloc@D@detail@data@ock@@@jsoncons@@U?$Alloc@Ustructure_info@?$json_decoder@V?$basic_json@DUPolicy@detail@data@ock@@U?$Alloc@D@234@@jsoncons@@U?$Alloc@D@detail@data@ock@@@jsoncons@@@detail@data@ock@@@std@@CAXXZ 00000001400108c0 f i ock_Data:payload.obj
 0001:0000f8c0       ?_Xlength@?$vector@V?$basic_json@DUPolicy@detail@data@ock@@U?$Alloc@D@234@@jsoncons@@U?$Alloc@V?$basic_json@DUPolicy@detail@data@ock@@U?$Alloc@D@234@@jsoncons@@@detail@data@ock@@@std@@CAXXZ 00000001400108c0 f i ock_Data:payload.obj
 0001:0000f8c0       ?_Xlength@?$vector@V?$key_value@U?$Key@DU?$char_traits@D@std@@U?$Alloc@D@detail@data@ock@@@detail@data@ock@@V?$basic_json@DUPolicy@detail@data@ock@@U?$Alloc@D@234@@jsoncons@@@jsoncons@@U?$Alloc@V?$key_value@U?$Key@DU?$char_traits@D@std@@U?$Alloc@D@detail@data@ock@@@detail@data@ock@@V?$basic_json@DUPolicy@detail@data@ock@@U?$Alloc@D@234@@jsoncons@@@jsoncons@@@detail@data@ock@@@std@@CAXXZ 00000001400108c0 f i ock_Data:payload.obj
 0001:0000f8c0       ?_Xlength@?$vector@Vencoding_context@?$basic_compact_json_encoder@DV?$string_sink@V?$basic_string@DU?$char_traits@D@std@@U?$Alloc@D@detail@data@ock@@@std@@@jsoncons@@V?$allocator@D@std@@@jsoncons@@V?$allocator@Vencoding_context@?$basic_compact_json_encoder@DV?$string_sink@V?$basic_string@DU?$char_traits@D@std@@U?$Alloc@D@detail@data@ock@@@std@@@jsoncons@@V?$allocator@D@std@@@jsoncons@@@std@@@std@@CAXXZ 00000001400108c0 f i ock_Data:payload.obj
 0001:0000f8e0       ?_Xran@?$_String_val@U?$_Simple_types@D@std@@@std@@SAXXZ 00000001400108e0 f i ock_Data:payload.obj
 0001:0000f900       ?append@?$string_sink@V?$basic_string@DU?$char_traits@D@std@@U?$Alloc@D@detail@data@ock@@@std@@@jsoncons@@QEAAXPEBD_K@Z 0000000140010900 f i ock_Data:payload.obj
 0001:0000fa10       ?as_byte_string_view@?$basic_json@DUPolicy@detail@data@ock@@U?$Alloc@D@234@@jsoncons@@QEBA?AVbyte_string_view@2@XZ 0000000140010a10 f i ock_Data:payload.obj
 0001:0000fab0       ?as_string_view@?$basic_json@DUPolicy@detail@data@ock@@U?$Alloc@D@234@@jsoncons@@QEBA?AV?$basic_string_view@DU?$char_traits@D@std@@@std@@XZ 0000000140010ab0 f i ock_Data:payload.obj
 0001:0000fb70       ?begin@BuilderState@detail@data@ock@@QEAAX_N@Z 0000000140010b70 f i ock_Data:payload.obj
 0001:0000fc50       ?clear@?$sorted_json_object@U?$Key@DU?$char_traits@D@std@@U?$Alloc@D@detail@data@ock@@@detail@data@ock@@V?$basic_json@DUPolicy@detail@data@ock@@U?$Alloc@D@234@@jsoncons@@Vvector@std@@@jsoncons@@QEAAXXZ 0000000140010c50 f i ock_Data:payload.obj
 0001:0000fcb0       ?column@ser_context@jsoncons@@UEBA_KXZ 0000000140010cb0 f i ock_Data:payload.obj
 0001:0000fcb0       ?end_position@ser_context@jsoncons@@UEBA_KXZ 0000000140010cb0 f i ock_Data:payload.obj
 0001:0000fcb0       ?line@ser_context@jsoncons@@UEBA_KXZ 0000000140010cb0 f i ock_Data:payload.obj
 0001:0000fcb0       ?position@ser_context@jsoncons@@UEBA_KXZ 0000000140010cb0 f i ock_Data:payload.obj
 0001:0000fcb0       __scrt_exe_initialize_mta  0000000140010cb0 f i MSVCRT:utility_desktop.obj
 0001:0000fcb0       __scrt_initialize_winrt    0000000140010cb0 f i MSVCRT:utility_desktop.obj
 0001:0000fcb0       __scrt_stub_for_initialize_mta 0000000140010cb0 f i MSVCRT:utility_desktop.obj
 0001:0000fcb0       _get_startup_commit_mode   0000000140010cb0 f i MSVCRT:commit_mode.obj
 0001:0000fcb0       _get_startup_new_mode      0000000140010cb0 f i MSVCRT:new_mode.obj
 0001:0000fcb0       _get_startup_thread_locale_mode 0000000140010cb0 f i MSVCRT:thread_locale.obj
 0001:0000fcb0       _matherr                   0000000140010cb0 f i MSVCRT:matherr.obj
 0001:0000fcc0       ?compare@?$basic_bigint@V?$allocator@E@std@@@jsoncons@@QEBAHAEBV12@@Z 0000000140010cc0 f i ock_Data:payload.obj
 0001:0000fdc0       ?compare@?$sorted_json_object@U?$Key@DU?$char_traits@D@std@@U?$Alloc@D@detail@data@ock@@@detail@data@ock@@V?$basic_json@DUPolicy@detail@data@ock@@U?$Alloc@D@234@@jsoncons@@Vvector@std@@@jsoncons@@SA_NAEBU?$index_key_value@V?$basic_json@DUPolicy@detail@data@ock@@U?$Alloc@D@234@@jsoncons@@@2@0@Z 0000000140010dc0 f i ock_Data:payload.obj
 0001:0000fe50       ?create@?$heap_string_factory@DUnull_type@jsoncons@@U?$Alloc@D@detail@data@ock@@@utility@jsoncons@@SAPEAU?$heap_string@DUnull_type@jsoncons@@U?$Alloc@D@detail@data@ock@@@23@PEBD_KUnull_type@3@AEBU?$Alloc@D@detail@data@ock@@@Z 0000000140010e50 f i ock_Data:payload.obj
 0001:00010020       ?create@?$heap_string_factory@E_KU?$Alloc@D@detail@data@ock@@@utility@jsoncons@@SAPEAU?$heap_string@E_KU?$Alloc@D@detail@data@ock@@@23@PEBE_K1AEBU?$Alloc@D@detail@data@ock@@@Z 0000000140011020 f i ock_Data:payload.obj
 0001:00010210       ?create@dynamic_storage@?$basic_bigint@V?$allocator@E@std@@@jsoncons@@QEAAX_KV?$allocator@_K@std@@@Z 0000000140011210 f i ock_Data:payload.obj
 0001:00010260       ?deallocate@?$_Default_allocator_traits@V?$allocator@_K@std@@@std@@SAXAEAV?$allocator@_K@2@QEA_K_K@Z 0000000140011260 f i ock_Data:payload.obj
 0001:000102c0       ?deallocate@?$_Normal_allocator_traits@U?$Alloc@U?$Array@V?$basic_json@DUPolicy@detail@data@ock@@U?$Alloc@D@234@@jsoncons@@@detail@data@ock@@@detail@data@ock@@@std@@SAXAEAU?$Alloc@U?$Array@V?$basic_json@DUPolicy@detail@data@ock@@U?$Alloc@D@234@@jsoncons@@@detail@data@ock@@@detail@data@ock@@PEAU?$Array@V?$basic_json@DUPolicy@detail@data@ock@@U?$Alloc@D@234@@jsoncons@@@456@_K@Z 00000001400112c0 f i ock_Data:payload.obj
 0001:000102c0       ?deallocate@?$_Normal_allocator_traits@U?$Alloc@U?$Object@U?$Key@DU?$char_traits@D@std@@U?$Alloc@D@detail@data@ock@@@detail@data@ock@@V?$basic_json@DUPolicy@detail@data@ock@@U?$Alloc@D@234@@jsoncons@@@detail@data@ock@@@detail@data@ock@@@std@@SAXAEAU?$Alloc@U?$Object@U?$Key@DU?$char_traits@D@std@@U?$Alloc@D@detail@data@ock@@@detail@data@ock@@V?$basic_json@DUPolicy@detail@data@ock@@U?$Alloc@D@234@@jsoncons@@@detail@data@ock@@@detail@data@ock@@PEAU?$Object@U?$Key@DU?$char_traits@D@std@@U?$Alloc@D@detail@data@ock@@@detail@data@ock@@V?$basic_json@DUPolicy@detail@data@ock@@U?$Alloc@D@234@@jsoncons@@@456@_K@Z 00000001400112c0 f i ock_Data:payload.obj
 0001:00010320       ?decode_half@binary@jsoncons@@YANG@Z 0000000140011320 f i ock_Data:payload.obj
 0001:000103b0       ?default_error_condition@_System_error_category@std@@UEBA?AVerror_condition@2@H@Z 00000001400113b0 f i ock_Data:payload.obj
 0001:00010430       ?destroy@?$basic_json@DUPolicy@detail@data@ock@@U?$Alloc@D@234@@jsoncons@@AEAAXXZ 0000000140011430 f i ock_Data:payload.obj
 0001:000105a0       ?digit_gen@detail@jsoncons@@YA_NUdiy_fp_t@12@00PEADPEAH2@Z 00000001400115a0 f i ock_Data:payload.obj
 0001:00010730       ?divide@?$basic_bigint@V?$allocator@E@std@@@jsoncons@@QEBAXV12@AEAV12@1_N@Z 0000000140011730 f i ock_Data:payload.obj
 0001:000113e0       ?dump_noflush@?$basic_json@DUPolicy@detail@data@ock@@U?$Alloc@D@234@@jsoncons@@AEBAXAEAV?$basic_json_visitor@D@2@AEAVerror_code@std@@@Z 00000001400123e0 f i ock_Data:payload.obj
 0001:00011890       ?empty@?$basic_json@DUPolicy@detail@data@ock@@U?$Alloc@D@234@@jsoncons@@QEBA_NXZ 0000000140012890 f i ock_Data:payload.obj
 0001:00011960       ?encode@Payload@data@ock@@QEBA?AV?$expected@V?$basic_string@DU?$char_traits@D@std@@V?$allocator@D@2@@std@@VError@foundation@ock@@@tl@@_K@Z 0000000140012960 f   ock_Data:payload.obj
 0001:00011e70       ?end@BuilderState@detail@data@ock@@QEAAX_N@Z 0000000140012e70 f i ock_Data:payload.obj
[...]
 0002:000094a0       $chain$0$??$_Emplace_reallocate@W4container_type@?$basic_compact_json_encoder@DV?$string_sink@V?$basic_string@DU?$char_traits@D@std@@U?$Alloc@D@detail@data@ock@@@std@@@jsoncons@@V?$allocator@D@std@@@jsoncons@@@?$vector@Vencoding_context@?$basic_compact_json_encoder@DV?$string_sink@V?$basic_string@DU?$char_traits@D@std@@U?$Alloc@D@detail@data@ock@@@std@@@jsoncons@@V?$allocator@D@std@@@jsoncons@@V?$allocator@Vencoding_context@?$basic_compact_json_encoder@DV?$string_sink@V?$basic_string@DU?$char_traits@D@std@@U?$Alloc@D@detail@data@ock@@@std@@@jsoncons@@V?$allocator@D@std@@@jsoncons@@@std@@@std@@AEAAPEAVencoding_context@?$basic_compact_json_encoder@DV?$string_sink@V?$basic_string@DU?$char_traits@D@std@@U?$Alloc@D@detail@data@ock@@@std@@@jsoncons@@V?$allocator@D@std@@@jsoncons@@QEAV234@$$QEAW4container_type@34@@Z 00000001400254a0     ock_Data:payload.obj
 0002:000094b4       $chain$1$??$_Emplace_reallocate@W4container_type@?$basic_compact_json_encoder@DV?$string_sink@V?$basic_string@DU?$char_traits@D@std@@U?$Alloc@D@detail@data@ock@@@std@@@jsoncons@@V?$allocator@D@std@@@jsoncons@@@?$vector@Vencoding_context@?$basic_compact_json_encoder@DV?$string_sink@V?$basic_string@DU?$char_traits@D@std@@U?$Alloc@D@detail@data@ock@@@std@@@jsoncons@@V?$allocator@D@std@@@jsoncons@@V?$allocator@Vencoding_context@?$basic_compact_json_encoder@DV?$string_sink@V?$basic_string@DU?$char_traits@D@std@@U?$Alloc@D@detail@data@ock@@@std@@@jsoncons@@V?$allocator@D@std@@@jsoncons@@@std@@@std@@AEAAPEAVencoding_context@?$basic_compact_json_encoder@DV?$string_sink@V?$basic_string@DU?$char_traits@D@std@@U?$Alloc@D@detail@data@ock@@@std@@@jsoncons@@V?$allocator@D@std@@@jsoncons@@QEAV234@$$QEAW4container_type@34@@Z 00000001400254b4     ock_Data:payload.obj
 0002:000094c8       $chain$2$??$_Emplace_reallocate@W4container_type@?$basic_compact_json_encoder@DV?$string_sink@V?$basic_string@DU?$char_traits@D@std@@U?$Alloc@D@detail@data@ock@@@std@@@jsoncons@@V?$allocator@D@std@@@jsoncons@@@?$vector@Vencoding_context@?$basic_compact_json_encoder@DV?$string_sink@V?$basic_string@DU?$char_traits@D@std@@U?$Alloc@D@detail@data@ock@@@std@@@jsoncons@@V?$allocator@D@std@@@jsoncons@@V?$allocator@Vencoding_context@?$basic_compact_json_encoder@DV?$string_sink@V?$basic_string@DU?$char_traits@D@std@@U?$Alloc@D@detail@data@ock@@@std@@@jsoncons@@V?$allocator@D@std@@@jsoncons@@@std@@@std@@AEAAPEAVencoding_context@?$basic_compact_json_encoder@DV?$string_sink@V?$basic_string@DU?$char_traits@D@std@@U?$Alloc@D@detail@data@ock@@@std@@@jsoncons@@V?$allocator@D@std@@@jsoncons@@QEAV234@$$QEAW4container_type@34@@Z 00000001400254c8     ock_Data:payload.obj
 0002:000094d8       $chain$3$??$_Emplace_reallocate@W4container_type@?$basic_compact_json_encoder@DV?$string_sink@V?$basic_string@DU?$char_traits@D@std@@U?$Alloc@D@detail@data@ock@@@std@@@jsoncons@@V?$allocator@D@std@@@jsoncons@@@?$vector@Vencoding_context@?$basic_compact_json_encoder@DV?$string_sink@V?$basic_string@DU?$char_traits@D@std@@U?$Alloc@D@detail@data@ock@@@std@@@jsoncons@@V?$allocator@D@std@@@jsoncons@@V?$allocator@Vencoding_context@?$basic_compact_json_encoder@DV?$string_sink@V?$basic_string@DU?$char_traits@D@std@@U?$Alloc@D@detail@data@ock@@@std@@@jsoncons@@V?$allocator@D@std@@@jsoncons@@@std@@@std@@AEAAPEAVencoding_context@?$basic_compact_json_encoder@DV?$string_sink@V?$basic_string@DU?$char_traits@D@std@@U?$Alloc@D@detail@data@ock@@@std@@@jsoncons@@V?$allocator@D@std@@@jsoncons@@QEAV234@$$QEAW4container_type@34@@Z 00000001400254d8     ock_Data:payload.obj
 0002:000094ec       $chain$5$??$_Emplace_reallocate@W4container_type@?$basic_compact_json_encoder@DV?$string_sink@V?$basic_string@DU?$char_traits@D@std@@U?$Alloc@D@detail@data@ock@@@std@@@jsoncons@@V?$allocator@D@std@@@jsoncons@@@?$vector@Vencoding_context@?$basic_compact_json_encoder@DV?$string_sink@V?$basic_string@DU?$char_traits@D@std@@U?$Alloc@D@detail@data@ock@@@std@@@jsoncons@@V?$allocator@D@std@@@jsoncons@@V?$allocator@Vencoding_context@?$basic_compact_json_encoder@DV?$string_sink@V?$basic_string@DU?$char_traits@D@std@@U?$Alloc@D@detail@data@ock@@@std@@@jsoncons@@V?$allocator@D@std@@@jsoncons@@@std@@@std@@AEAAPEAVencoding_context@?$basic_compact_json_encoder@DV?$string_sink@V?$basic_string@DU?$char_traits@D@std@@U?$Alloc@D@detail@data@ock@@@std@@@jsoncons@@V?$allocator@D@std@@@jsoncons@@QEAV234@$$QEAW4container_type@34@@Z 00000001400254ec     ock_Data:payload.obj
 0002:00009504       $chain$6$??$_Emplace_reallocate@W4container_type@?$basic_compact_json_encoder@DV?$string_sink@V?$basic_string@DU?$char_traits@D@std@@U?$Alloc@D@detail@data@ock@@@std@@@jsoncons@@V?$allocator@D@std@@@jsoncons@@@?$vector@Vencoding_context@?$basic_compact_json_encoder@DV?$string_sink@V?$basic_string@DU?$char_traits@D@std@@U?$Alloc@D@detail@data@ock@@@std@@@jsoncons@@V?$allocator@D@std@@@jsoncons@@V?$allocator@Vencoding_context@?$basic_compact_json_encoder@DV?$string_sink@V?$basic_string@DU?$char_traits@D@std@@U?$Alloc@D@detail@data@ock@@@std@@@jsoncons@@V?$allocator@D@std@@@jsoncons@@@std@@@std@@AEAAPEAVencoding_context@?$basic_compact_json_encoder@DV?$string_sink@V?$basic_string@DU?$char_traits@D@std@@U?$Alloc@D@detail@data@ock@@@std@@@jsoncons@@V?$allocator@D@std@@@jsoncons@@QEAV234@$$QEAW4container_type@34@@Z 0000000140025504     ock_Data:payload.obj
 0002:00009514       $chain$7$??$_Emplace_reallocate@W4container_type@?$basic_compact_json_encoder@DV?$string_sink@V?$basic_string@DU?$char_traits@D@std@@U?$Alloc@D@detail@data@ock@@@std@@@jsoncons@@V?$allocator@D@std@@@jsoncons@@@?$vector@Vencoding_context@?$basic_compact_json_encoder@DV?$string_sink@V?$basic_string@DU?$char_traits@D@std@@U?$Alloc@D@detail@data@ock@@@std@@@jsoncons@@V?$allocator@D@std@@@jsoncons@@V?$allocator@Vencoding_context@?$basic_compact_json_encoder@DV?$string_sink@V?$basic_string@DU?$char_traits@D@std@@U?$Alloc@D@detail@data@ock@@@std@@@jsoncons@@V?$allocator@D@std@@@jsoncons@@@std@@@std@@AEAAPEAVencoding_context@?$basic_compact_json_encoder@DV?$string_sink@V?$basic_string@DU?$char_traits@D@std@@U?$Alloc@D@detail@data@ock@@@std@@@jsoncons@@V?$allocator@D@std@@@jsoncons@@QEAV234@$$QEAW4container_type@34@@Z 0000000140025514     ock_Data:payload.obj
 0002:00009528       $unwind$??$encode_base64_generic@V?$_Vector_iterator@V?$_Vector_val@U?$_Simple_types@E@std@@@std@@@std@@V?$string_sink@V?$basic_string@DU?$char_traits@D@std@@U?$Alloc@D@detail@data@ock@@@std@@@jsoncons@@@detail@jsoncons@@YA_KV?$_Vector_iterator@V?$_Vector_val@U?$_Simple_types@E@std@@@std@@@std@@0QEBDAEAV?$string_sink@V?$basic_string@DU?$char_traits@D@std@@U?$Alloc@D@detail@data@ock@@@std@@@1@@Z 0000000140025528     ock_Data:payload.obj
 0002:00009540       $unwind$??$prettify_string@V?$string_sink@V?$basic_string@DU?$char_traits@D@std@@U?$Alloc@D@detail@data@ock@@@std@@@jsoncons@@@detail@jsoncons@@YAXPEBD_KHHHAEAV?$string_sink@V?$basic_string@DU?$char_traits@D@std@@U?$Alloc@D@detail@data@ock@@@std@@@1@@Z 0000000140025540     ock_Data:payload.obj
 0002:0000955c       $unwind$??$_Reallocate_grow_by@V<lambda_1>@?1??insert@?$basic_string@DU?$char_traits@D@std@@U?$Alloc@D@detail@data@ock@@@std@@QEAAAEAV34@_KQEBD0@Z@_KPEBD_K@?$basic_string@DU?$char_traits@D@std@@U?$Alloc@D@detail@data@ock@@@std@@AEAAAEAV01@_KV<lambda_1>@?1??insert@01@QEAAAEAV01@0QEBD0@Z@_KPEBD3@Z 000000014002555c     ock_Data:payload.obj
 0002:0000956c       $chain$2$??$_Reallocate_grow_by@V<lambda_1>@?1??insert@?$basic_string@DU?$char_traits@D@std@@U?$Alloc@D@detail@data@ock@@@std@@QEAAAEAV34@_KQEBD0@Z@_KPEBD_K@?$basic_string@DU?$char_traits@D@std@@U?$Alloc@D@detail@data@ock@@@std@@AEAAAEAV01@_KV<lambda_1>@?1??insert@01@QEAAAEAV01@0QEBD0@Z@_KPEBD3@Z 000000014002556c     ock_Data:payload.obj
 0002:00009588       $chain$4$??$_Reallocate_grow_by@V<lambda_1>@?1??insert@?$basic_string@DU?$char_traits@D@std@@U?$Alloc@D@detail@data@ock@@@std@@QEAAAEAV34@_KQEBD0@Z@_KPEBD_K@?$basic_string@DU?$char_traits@D@std@@U?$Alloc@D@detail@data@ock@@@std@@AEAAAEAV01@_KV<lambda_1>@?1??insert@01@QEAAAEAV01@0QEBD0@Z@_KPEBD3@Z 0000000140025588     ock_Data:payload.obj
 0002:000095a0       $chain$5$??$_Reallocate_grow_by@V<lambda_1>@?1??insert@?$basic_string@DU?$char_traits@D@std@@U?$Alloc@D@detail@data@ock@@@std@@QEAAAEAV34@_KQEBD0@Z@_KPEBD_K@?$basic_string@DU?$char_traits@D@std@@U?$Alloc@D@detail@data@ock@@@std@@AEAAAEAV01@_KV<lambda_1>@?1??insert@01@QEAAAEAV01@0QEBD0@Z@_KPEBD3@Z 00000001400255a0     ock_Data:payload.obj
 0002:000095b0       $unwind$??$_Emplace_one_at_back@E@?$vector@EV?$allocator@E@std@@@std@@AEAAAEAE$$QEAE@Z 00000001400255b0     ock_Data:payload.obj
 0002:000095bc       $chain$3$??$_Emplace_one_at_back@E@?$vector@EV?$allocator@E@std@@@std@@AEAAAEAE$$QEAE@Z 00000001400255bc     ock_Data:payload.obj
 0002:000095dc       $chain$5$??$_Emplace_one_at_back@E@?$vector@EV?$allocator@E@std@@@std@@AEAAAEAE$$QEAE@Z 00000001400255dc     ock_Data:payload.obj
 0002:000095fc       $chain$6$??$_Emplace_one_at_back@E@?$vector@EV?$allocator@E@std@@@std@@AEAAAEAE$$QEAE@Z 00000001400255fc     ock_Data:payload.obj
 0002:00009614       $unwind$??$fill_exponent@V?$string_sink@V?$basic_string@DU?$char_traits@D@std@@U?$Alloc@D@detail@data@ock@@@std@@@jsoncons@@@detail@jsoncons@@YAXHAEAV?$string_sink@V?$basic_string@DU?$char_traits@D@std@@U?$Alloc@D@detail@data@ock@@@std@@@1@@Z 0000000140025614     ock_Data:payload.obj
 0002:00009620       $chain$0$??$fill_exponent@V?$string_sink@V?$basic_string@DU?$char_traits@D@std@@U?$Alloc@D@detail@data@ock@@@std@@@jsoncons@@@detail@jsoncons@@YAXHAEAV?$string_sink@V?$basic_string@DU?$char_traits@D@std@@U?$Alloc@D@detail@data@ock@@@std@@@1@@Z 0000000140025620     ock_Data:payload.obj
 0002:00009634       $chain$2$??$fill_exponent@V?$string_sink@V?$basic_string@DU?$char_traits@D@std@@U?$Alloc@D@detail@data@ock@@@std@@@jsoncons@@@detail@jsoncons@@YAXHAEAV?$string_sink@V?$basic_string@DU?$char_traits@D@std@@U?$Alloc@D@detail@data@ock@@@std@@@1@@Z 0000000140025634     ock_Data:payload.obj
 0002:00009634       $chain$4$??$fill_exponent@V?$string_sink@V?$basic_string@DU?$char_traits@D@std@@U?$Alloc@D@detail@data@ock@@@std@@@jsoncons@@@detail@jsoncons@@YAXHAEAV?$string_sink@V?$basic_string@DU?$char_traits@D@std@@U?$Alloc@D@detail@data@ock@@@std@@@1@@Z 0000000140025634     ock_Data:payload.obj
 0002:00009634       $chain$6$??$fill_exponent@V?$string_sink@V?$basic_string@DU?$char_traits@D@std@@U?$Alloc@D@detail@data@ock@@@std@@@jsoncons@@@detail@jsoncons@@YAXHAEAV?$string_sink@V?$basic_string@DU?$char_traits@D@std@@U?$Alloc@D@detail@data@ock@@@std@@@1@@Z 0000000140025634     ock_Data:payload.obj
 0002:00009648       $unwind$??$from_integer@HV?$string_sink@V?$basic_string@DU?$char_traits@D@std@@U?$Alloc@D@detail@data@ock@@@std@@@jsoncons@@@detail@jsoncons@@YA_KHAEAV?$string_sink@V?$basic_string@DU?$char_traits@D@std@@U?$Alloc@D@detail@data@ock@@@std@@@1@@Z 0000000140025648     ock_Data:payload.obj
 0002:0000966c       $cppxdata$??$from_integer@HV?$string_sink@V?$basic_string@DU?$char_traits@D@std@@U?$Alloc@D@detail@data@ock@@@std@@@jsoncons@@@detail@jsoncons@@YA_KHAEAV?$string_sink@V?$basic_string@DU?$char_traits@D@std@@U?$Alloc@D@detail@data@ock@@@std@@@1@@Z 000000014002566c     ock_Data:payload.obj
 0002:00009675       $ip2state$??$from_integer@HV?$string_sink@V?$basic_string@DU?$char_traits@D@std@@U?$Alloc@D@detail@data@ock@@@std@@@jsoncons@@@detail@jsoncons@@YA_KHAEAV?$string_sink@V?$basic_string@DU?$char_traits@D@std@@U?$Alloc@D@detail@data@ock@@@std@@@1@@Z 0000000140025675     ock_Data:payload.obj
 0002:0000967c       $unwind$??$_Copy_nodes@$0A@@?$_Tree@V?$_Tset_traits@V?$basic_string@DU?$char_traits@D@std@@U?$Alloc@D@detail@data@ock@@@std@@U?$less@X@2@U?$Alloc@V?$basic_string@DU?$char_traits@D@std@@U?$Alloc@D@detail@data@ock@@@std@@@detail@data@ock@@$0A@@std@@@std@@IEAAPEAU?$_Tree_node@V?$basic_string@DU?$char_traits@D@std@@U?$Alloc@D@detail@data@ock@@@std@@PEAX@1@PEAU21@0@Z 000000014002567c     ock_Data:payload.obj
 0002:0000969c       $cppxdata$??$_Copy_nodes@$0A@@?$_Tree@V?$_Tset_traits@V?$basic_string@DU?$char_traits@D@std@@U?$Alloc@D@detail@data@ock@@@std@@U?$less@X@2@U?$Alloc@V?$basic_string@DU?$char_traits@D@std@@U?$Alloc@D@detail@data@ock@@@std@@@detail@data@ock@@$0A@@std@@@std@@IEAAPEAU?$_Tree_node@V?$basic_string@DU?$char_traits@D@std@@U?$Alloc@D@detail@data@ock@@@std@@PEAX@1@PEAU21@0@Z 000000014002569c     ock_Data:payload.obj
 0002:000096a5       $stateUnwindMap$??$_Copy_nodes@$0A@@?$_Tree@V?$_Tset_traits@V?$basic_string@DU?$char_traits@D@std@@U?$Alloc@D@detail@data@ock@@@std@@U?$less@X@2@U?$Alloc@V?$basic_string@DU?$char_traits@D@std@@U?$Alloc@D@detail@data@ock@@@std@@@detail@data@ock@@$0A@@std@@@std@@IEAAPEAU?$_Tree_node@V?$basic_string@DU?$char_traits@D@std@@U?$Alloc@D@detail@data@ock@@@std@@PEAX@1@PEAU21@0@Z 00000001400256a5     ock_Data:payload.obj
 0002:000096ac       $ip2state$??$_Copy_nodes@$0A@@?$_Tree@V?$_Tset_traits@V?$basic_string@DU?$char_traits@D@std@@U?$Alloc@D@detail@data@ock@@@std@@U?$less@X@2@U?$Alloc@V?$basic_string@DU?$char_traits@D@std@@U?$Alloc@D@detail@data@ock@@@std@@@detail@data@ock@@$0A@@std@@@std@@IEAAPEAU?$_Tree_node@V?$basic_string@DU?$char_traits@D@std@@U?$Alloc@D@detail@data@ock@@@std@@PEAX@1@PEAU21@0@Z 00000001400256ac     ock_Data:payload.obj
 0002:000096b4       $unwind$??$_Buynode@U?$Alloc@U?$_Tree_node@V?$basic_string@DU?$char_traits@D@std@@U?$Alloc@D@detail@data@ock@@@std@@PEAX@std@@@detail@data@ock@@AEAV?$basic_string@DU?$char_traits@D@std@@U?$Alloc@D@detail@data@ock@@@std@@@?$_Tree_node@V?$basic_string@DU?$char_traits@D@std@@U?$Alloc@D@detail@data@ock@@@std@@PEAX@std@@SAPEAU01@AEAU?$Alloc@U?$_Tree_node@V?$basic_string@DU?$char_traits@D@std@@U?$Alloc@D@detail@data@ock@@@std@@PEAX@std@@@detail@data@ock@@PEAU01@AEAV?$basic_string@DU?$char_traits@D@std@@U?$Alloc@D@detail@data@ock@@@1@@Z 00000001400256b4     ock_Data:payload.obj
 0002:000096d0       $cppxdata$??$_Buynode@U?$Alloc@U?$_Tree_node@V?$basic_string@DU?$char_traits@D@std@@U?$Alloc@D@detail@data@ock@@@std@@PEAX@std@@@detail@data@ock@@AEAV?$basic_string@DU?$char_traits@D@std@@U?$Alloc@D@detail@data@ock@@@std@@@?$_Tree_node@V?$basic_string@DU?$char_traits@D@std@@U?$Alloc@D@detail@data@ock@@@std@@PEAX@std@@SAPEAU01@AEAU?$Alloc@U?$_Tree_node@V?$basic_string@DU?$char_traits@D@std@@U?$Alloc@D@detail@data@ock@@@std@@PEAX@std@@@detail@data@ock@@PEAU01@AEAV?$basic_string@DU?$char_traits@D@std@@U?$Alloc@D@detail@data@ock@@@1@@Z 00000001400256d0     ock_Data:payload.obj
 0002:000096d9       $stateUnwindMap$??$_Buynode@U?$Alloc@U?$_Tree_node@V?$basic_string@DU?$char_traits@D@std@@U?$Alloc@D@detail@data@ock@@@std@@PEAX@std@@@detail@data@ock@@AEAV?$basic_string@DU?$char_traits@D@std@@U?$Alloc@D@detail@data@ock@@@std@@@?$_Tree_node@V?$basic_string@DU?$char_traits@D@std@@U?$Alloc@D@detail@data@ock@@@std@@PEAX@std@@SAPEAU01@AEAU?$Alloc@U?$_Tree_node@V?$basic_string@DU?$char_traits@D@std@@U?$Alloc@D@detail@data@ock@@@std@@PEAX@std@@@detail@data@ock@@PEAU01@AEAV?$basic_string@DU?$char_traits@D@std@@U?$Alloc@D@detail@data@ock@@@1@@Z 00000001400256d9     ock_Data:payload.obj
 0002:000096e0       $ip2state$??$_Buynode@U?$Alloc@U?$_Tree_node@V?$basic_string@DU?$char_traits@D@std@@U?$Alloc@D@detail@data@ock@@@std@@PEAX@std@@@detail@data@ock@@AEAV?$basic_string@DU?$char_traits@D@std@@U?$Alloc@D@detail@data@ock@@@std@@@?$_Tree_node@V?$basic_string@DU?$char_traits@D@std@@U?$Alloc@D@detail@data@ock@@@std@@PEAX@std@@SAPEAU01@AEAU?$Alloc@U?$_Tree_node@V?$basic_string@DU?$char_traits@D@std@@U?$Alloc@D@detail@data@ock@@@std@@PEAX@std@@@detail@data@ock@@PEAU01@AEAV?$basic_string@DU?$char_traits@D@std@@U?$Alloc@D@detail@data@ock@@@1@@Z 00000001400256e0     ock_Data:payload.obj
 0002:000096e8       $unwind$__std_system_error_allocate_message 00000001400256e8     msvcprt:syserror_import_lib.obj
 0002:000096fc       $unwind$__GSHandlerCheckCommon 00000001400256fc     MSVCRT:gshandler.obj
 0002:00009708       $xdatasym                  0000000140025708     MSVCRT:amdsecgs.obj
 0002:0000970c       $unwind$?__scrt_common_main_seh@@YAHXZ 000000014002570c     MSVCRT:exe_main.obj
 0002:00009744       $unwind$__GSHandlerCheck_EH4 0000000140025744     MSVCRT:gshandlereh4.obj
 0002:0000975c       $unwind$__scrt_is_nonwritable_in_current_image 000000014002575c     MSVCRT:utility.obj
 0002:0000977c       $unwind$__scrt_is_nonwritable_in_current_image$filt$0 000000014002577c     MSVCRT:utility.obj
 0002:00009784       $unwind$__report_securityfailure 0000000140025784     MSVCRT:gs_report.obj
 0002:0000978c       $unwind$__report_gsfailure 000000014002578c     MSVCRT:gs_report.obj
 0002:00009794       $unwind$capture_current_context 0000000140025794     MSVCRT:gs_report.obj
 0002:000097a0       $unwind$capture_previous_context 00000001400257a0     MSVCRT:gs_report.obj
 0002:000097ac       $unwind$__isa_available_init 00000001400257ac     MSVCRT:cpu_disp.obj
 0002:000097c0       $unwind$__security_init_cookie 00000001400257c0     MSVCRT:gs_support.obj
 0002:000097cc       $unwind$__scrt_fastfail    00000001400257cc     MSVCRT:utility_desktop.obj
 0002:000097e0       $xdatasym                  00000001400257e0     MSVCRT:guard_dispatch.obj
 0002:000097e8       $xdatasym                  00000001400257e8     MSVCRT:guard_xfg_dispatch.obj
 0002:0000a12c       .idata$6                   000000014002612c     advapi32:ADVAPI32.dll
 0002:0000a178       .idata$6                   0000000140026178     kernel32:KERNEL32.dll
 0002:0000a53e       .idata$6                   000000014002653e     msvcprt:MSVCP140.dll
 0002:0000a63c       .idata$6                   000000014002663c     vcruntime:VCRUNTIME140.dll
 0002:0000a64e       .idata$6                   000000014002664e     vcruntime:VCRUNTIME140_1.dll
 0002:0000a8ce       .idata$6                   00000001400268ce     ucrt:api-ms-win-crt-runtime-l1-1-0.dll
 0002:0000a8f0       .idata$6                   00000001400268f0     ucrt:api-ms-win-crt-heap-l1-1-0.dll
 0002:0000a910       .idata$6                   0000000140026910     ucrt:api-ms-win-crt-string-l1-1-0.dll
 0002:0000a932       .idata$6                   0000000140026932     ucrt:api-ms-win-crt-stdio-l1-1-0.dll
 0002:0000a952       .idata$6                   0000000140026952     ucrt:api-ms-win-crt-math-l1-1-0.dll
 0002:0000a972       .idata$6                   0000000140026972     ucrt:api-ms-win-crt-convert-l1-1-0.dll
 0002:0000a994       .idata$6                   0000000140026994     ucrt:api-ms-win-crt-locale-l1-1-0.dll
 0003:000008d0       ?is_initialized_as_dll@@3_NA 00000001400278d0     MSVCRT:utility.obj
 0003:000008d1       ?module_local_atexit_table_initialized@@3_NA 00000001400278d1     MSVCRT:utility.obj
 0003:000008d8       ?module_local_atexit_table@@3U_onexit_table_t@@A 00000001400278d8     MSVCRT:utility.obj
 0003:000008f0       ?module_local_at_quick_exit_table@@3U_onexit_table_t@@A 00000001400278f0     MSVCRT:utility.obj
 0003:00000910       GS_ExceptionRecord         0000000140027910     MSVCRT:gs_report.obj
 0003:000009b0       GS_ContextRecord           00000001400279b0     MSVCRT:gs_report.obj
 0003:00000e80       ?g_tss_cv@@3U_RTL_CONDITION_VARIABLE@@A 0000000140027e80     MSVCRT:thread_safe_statics.obj
 0003:00000e88       ?g_tss_srw@@3U_RTL_SRWLOCK@@A 0000000140027e88     MSVCRT:thread_safe_statics.obj
 0005:00000060       $R000000                   000000014002a060     * linker generated manifest res *
