CMake is re-running because J:/Code/Kernel_v2/build/b2-sdk-debug/CMakeFiles/generate.stamp is out-of-date.
  the file 'J:/Code/Kernel_v2/CMakeLists.txt'
  is newer than 'J:/Code/Kernel_v2/build/b2-sdk-debug/CMakeFiles/generate.stamp.depend'
  result='-1'
-- Configuring done (2.2s)
-- Generating done (0.2s)
-- Build files have been written to: J:/Code/Kernel_v2/build/b2-sdk-debug
适用于 .NET Framework MSBuild 版本 17.14.23+b0019275e

  payload.cpp
  ock_Data.vcxproj -> J:\Code\Kernel_v2\build\b2-sdk-debug\Debug\ock_Data.lib
  observation_wire.cpp
  outcome_wire.cpp
  protocol.cpp
  正在生成代码...
  ock_ControlProtocol.vcxproj -> J:\Code\Kernel_v2\build\b2-sdk-debug\Debug\ock_ControlProtocol.lib
  host.cpp
  invocation.cpp
  logging.cpp
  policy.cpp
  registry.cpp
  正在生成代码...
  ock_Runtime.vcxproj -> J:\Code\Kernel_v2\build\b2-sdk-debug\Debug\ock_Runtime.lib
  schema.cpp
  catalog.cpp
  正在生成代码...
  ock_Dynamic.vcxproj -> J:\Code\Kernel_v2\build\b2-sdk-debug\Debug\ock_Dynamic.lib
  cursor.cpp
  router.cpp
  invoke_method.cpp
  catalog_methods.cpp
  subscription.cpp
  subscription_methods.cpp
  list_method.cpp
  get_method.cpp
  正在生成代码...
  ock_Control.vcxproj -> J:\Code\Kernel_v2\build\b2-sdk-debug\Debug\ock_Control.lib
  Building Custom Rule J:/Code/Kernel_v2/tests/unit/data/CMakeLists.txt
  get.cpp
  get_contract.vcxproj -> J:\Code\Kernel_v2\build\b2-sdk-debug\tests\unit\data\Debug\get_contract.exe
