 installed_b4

 Timestamp is 6aa0f896 (Wed Sep  9 14:11:34 2026)

 Preferred load address is 0000000140000000

 Start         Length     Name                   Class
 0001:00000000 0000fd80H .text$mn                CODE
 0001:0000fd80 00000040H .text$mn$00             CODE
 0001:0000fdc0 000010c7H .text$x                 CODE
 0002:00000000 00000338H .idata$5                DATA
 0002:00000338 00000038H .00cfg                  DATA
 0002:00000370 00000008H .CRT$XCA                DATA
 0002:00000378 00000008H .CRT$XCAA               DATA
 0002:00000380 00000008H .CRT$XCZ                DATA
 0002:00000388 00000008H .CRT$XIA                DATA
 0002:00000390 00000008H .CRT$XIAA               DATA
 0002:00000398 00000008H .CRT$XIAC               DATA
 0002:000003a0 00000008H .CRT$XIZ                DATA
 0002:000003a8 00000008H .CRT$XLA                DATA
 0002:000003b0 00000008H .CRT$XLZ                DATA
 0002:000003b8 00000008H .CRT$XPA                DATA
 0002:000003c0 00000008H .CRT$XPZ                DATA
 0002:000003c8 00000008H .CRT$XTA                DATA
 0002:000003d0 00000010H .CRT$XTZ                DATA
 0002:000003d8 00000000H .gehcont$y              DATA
 0002:000003d8 00000000H .gfids$y                DATA
 0002:000003e0 00000820H .rdata                  DATA
 0002:00000c00 00000000H .rdata$CastGuardVftablesA DATA
 0002:00000c00 00000000H .rdata$CastGuardVftablesC DATA
 0002:00000c00 00000028H .rdata$T                DATA
 0002:00000c28 0000114cH .rdata$r                DATA
 0002:00001d74 000004e0H .rdata$voltmd           DATA
 0002:00002254 00000344H .rdata$zzzdbg           DATA
 0002:00002598 00000008H .rtc$IAA                DATA
 0002:000025a0 00000008H .rtc$IZZ                DATA
 0002:000025a8 00000008H .rtc$TAA                DATA
 0002:000025b0 00000008H .rtc$TZZ                DATA
 0002:000025b8 00000008H .tls                    DATA
 0002:000025c0 00000020H .tls$                   DATA
 0002:000025e0 00000008H .tls$ZZZ                DATA
 0002:000025e8 00001b78H .xdata                  DATA
 0002:00004160 00000214H .xdata$x                DATA
 0002:00004374 00000000H .edata                  DATA
 0002:00004374 000000dcH .idata$2                DATA
 0002:00004450 00000018H .idata$3                DATA
 0002:00004468 00000338H .idata$4                DATA
 0002:000047a0 00000a9cH .idata$6                DATA
 0003:00000000 000000c0H .data                   DATA
 0003:000000c0 00000430H .data$r                 DATA
 0003:000004f0 00000b20H .data$rs                DATA
 0003:00001010 00000610H .bss                    DATA
 0004:00000000 000010d4H .pdata                  DATA
 0005:00000000 00000060H .rsrc$01                DATA
 0005:00000060 00000180H .rsrc$02                DATA

  Address         Publics by Value              Rva+Base               Lib:Object

 0000:00000000       __AbsoluteZero             0000000000000000     <absolute>
 0000:00000000       ___safe_se_handler_count   0000000000000000     <absolute>
 0000:00000000       ___safe_se_handler_table   0000000000000000     <absolute>
 0000:00000000       __arm64x_extra_rfe_table   0000000000000000     <absolute>
 0000:00000000       __arm64x_extra_rfe_table_size 0000000000000000     <absolute>
 0000:00000000       __arm64x_native_entrypoint 0000000000000000     <absolute>
 0000:00000000       __arm64x_redirection_metadata 0000000000000000     <absolute>
 0000:00000000       __arm64x_redirection_metadata_count 0000000000000000     <absolute>
 0000:00000000       __dynamic_value_reloc_table 0000000000000000     <absolute>
 0000:00000000       __enclave_config           0000000000000000     <absolute>
 0000:00000000       __guard_check_icall_a64n_fptr 0000000000000000     <absolute>
 0000:00000000       __guard_eh_cont_count      0000000000000000     <absolute>
 0000:00000000       __guard_eh_cont_table      0000000000000000     <absolute>
 0000:00000000       __guard_fids_count         0000000000000000     <absolute>
 0000:00000000       __guard_fids_table         0000000000000000     <absolute>
 0000:00000000       __guard_iat_count          0000000000000000     <absolute>
 0000:00000000       __guard_iat_table          0000000000000000     <absolute>
 0000:00000000       __guard_longjmp_count      0000000000000000     <absolute>
 0000:00000000       __guard_longjmp_table      0000000000000000     <absolute>
 0000:00000000       __hybrid_auxiliary_delayload_iat 0000000000000000     <absolute>
 0000:00000000       __hybrid_auxiliary_delayload_iat_copy 0000000000000000     <absolute>
 0000:00000000       __hybrid_auxiliary_iat     0000000000000000     <absolute>
 0000:00000000       __hybrid_auxiliary_iat_copy 0000000000000000     <absolute>
 0000:00000000       __hybrid_code_map          0000000000000000     <absolute>
 0000:00000000       __hybrid_code_map_count    0000000000000000     <absolute>
 0000:00000000       __hybrid_image_info_bitfield 0000000000000000     <absolute>
 0000:00000000       __x64_code_ranges_to_entry_points 0000000000000000     <absolute>
 0000:00000000       __x64_code_ranges_to_entry_points_count 0000000000000000     <absolute>
 0000:00000100       __guard_flags              0000000000000100     <absolute>
 0000:00000000       __ImageBase                0000000140000000     <linker-defined>
 0001:00000000       ??$?6U?$char_traits@D@std@@@std@@YAAEAV?$basic_ostream@DU?$char_traits@D@std@@@0@AEAV10@PEBD@Z 0000000140001000 f i main.obj
 0001:00000270       ??$_Allocate@$0BA@U_Default_allocate_traits@std@@@std@@YAPEAX_K@Z 0000000140001270 f i main.obj
 0001:000002e0       ??$_Insert_string@DU?$char_traits@D@std@@_K@std@@YAAEAV?$basic_ostream@DU?$char_traits@D@std@@@0@AEAV10@QEBD_K@Z 00000001400012e0 f i main.obj
 0001:00000550       ??0?$basic_string@DU?$char_traits@D@std@@V?$allocator@D@2@@std@@QEAA@AEBV01@@Z 0000000140001550 f i main.obj
 0001:00000610       ??0bad_alloc@std@@QEAA@AEBV01@@Z 0000000140001610 f i main.obj
 0001:00000650       ??0bad_array_new_length@std@@QEAA@AEBV01@@Z 0000000140001650 f i main.obj
 0001:00000690       ??0bad_array_new_length@std@@QEAA@XZ 0000000140001690 f i main.obj
 0001:000006c0       ??0exception@std@@QEAA@AEBV01@@Z 00000001400016c0 f i main.obj
 0001:00000700       ??1?$_Tidy_guard@V?$vector@UClaim@resources@runtime@ock@@V?$allocator@UClaim@resources@runtime@ock@@@std@@@std@@@std@@QEAA@XZ 0000000140001700 f i main.obj
 0001:00000700       ??1?$_Tidy_guard@V?$vector@USlot@resources@runtime@ock@@V?$allocator@USlot@resources@runtime@ock@@@std@@@std@@@std@@QEAA@XZ 0000000140001700 f i main.obj
 0001:00000710       ??1?$_Uninitialized_backout_al@V?$allocator@UClaim@resources@runtime@ock@@@std@@@std@@QEAA@XZ 0000000140001710 f i main.obj
 0001:00000710       ??1?$_Uninitialized_backout_al@V?$allocator@USlot@resources@runtime@ock@@@std@@@std@@QEAA@XZ 0000000140001710 f i main.obj
 0001:00000750       ??1?$expected@UAcquisition@ResourceManager@resources@runtime@ock@@VError@foundation@5@@tl@@QEAA@XZ 0000000140001750 f i main.obj
 0001:000007f0       ??1?$expected@V?$unique_ptr@VExecutor@cpu_pool@ock@@U?$default_delete@VExecutor@cpu_pool@ock@@@std@@@std@@VError@foundation@ock@@@tl@@QEAA@XZ 00000001400017f0 f i main.obj
 0001:00000870       ??1?$expected@V?$unique_ptr@VResourceManager@resources@runtime@ock@@U?$default_delete@VResourceManager@resources@runtime@ock@@@std@@@std@@VError@foundation@ock@@@tl@@QEAA@XZ 0000000140001870 f i main.obj
 0001:000008f0       ??1?$expected@V?$unique_ptr@VScheduler@scheduler@runtime@ock@@U?$default_delete@VScheduler@scheduler@runtime@ock@@@std@@@std@@VError@foundation@ock@@@tl@@QEAA@XZ 00000001400018f0 f i main.obj
 0001:00000970       ??1?$expected@XVError@foundation@ock@@@tl@@QEAA@XZ 0000000140001970 f i main.obj
 0001:00000970       ??1?$expected@_KVError@foundation@ock@@@tl@@QEAA@XZ 0000000140001970 f i main.obj
 0001:000009d0       ??1?$function@$$A6AXV?$expected@XVError@foundation@ock@@@tl@@@Z@std@@QEAA@XZ 00000001400019d0 f i ock_Runtime:scheduler.obj
 0001:000009d0       ??1?$function@$$A6AXXZ@std@@QEAA@XZ 00000001400019d0 f i main.obj
 0001:000009d0       ??1?$function@$$A6AX_K@Z@std@@QEAA@XZ 00000001400019d0 f i ock_Runtime:resources.obj
 0001:00000a00       ??1?$shared_ptr@UEntry@State@Scheduler@scheduler@runtime@ock@@@std@@QEAA@XZ 0000000140001a00 f i ock_Runtime:scheduler.obj
 0001:00000a00       ??1?$shared_ptr@UState@ResourceManager@resources@runtime@ock@@@std@@QEAA@XZ 0000000140001a00 f i ock_Runtime:resources.obj
 0001:00000a00       ??1?$shared_ptr@UState@Scheduler@scheduler@runtime@ock@@@std@@QEAA@XZ 0000000140001a00 f i ock_Runtime:scheduler.obj
 0001:00000a00       ??1?$shared_ptr@UWaiting@State@ResourceManager@resources@runtime@ock@@@std@@QEAA@XZ 0000000140001a00 f i ock_Runtime:resources.obj
 0001:00000a00       ??1?$shared_ptr@V?$unique_ptr@VReadyWork@contracts@ock@@U?$default_delete@VReadyWork@contracts@ock@@@std@@@std@@@std@@QEAA@XZ 0000000140001a00 f i ock_Adapter_CpuPool:executor.obj
 0001:00000a00       ??1?$shared_ptr@VExecutorControlPort@contracts@ock@@@std@@QEAA@XZ 0000000140001a00 f i main.obj
 0001:00000a00       ??1?$shared_ptr@VExecutorPort@contracts@ock@@@std@@QEAA@XZ 0000000140001a00 f i ock_Runtime:scheduler.obj
 0001:00000a00       ??1?$shared_ptr@VLease@ResourceManager@resources@runtime@ock@@@std@@QEAA@XZ 0000000140001a00 f i main.obj
 0001:00000a00       ??1condition_variable_any@std@@QEAA@XZ 0000000140001a00 f i ock_Adapter_CpuPool:executor.obj
 0001:00000a50       ??1?$vector@UAlias@resources@runtime@ock@@V?$allocator@UAlias@resources@runtime@ock@@@std@@@std@@QEAA@XZ 0000000140001a50 f i main.obj
 0001:00000b00       ??1?$vector@UClaim@resources@runtime@ock@@V?$allocator@UClaim@resources@runtime@ock@@@std@@@std@@QEAA@XZ 0000000140001b00 f i main.obj
 0001:00000b10       ??1?$vector@_KV?$allocator@_K@std@@@std@@QEAA@XZ 0000000140001b10 f i main.obj
 0001:00000b80       ??1Claim@resources@runtime@ock@@QEAA@XZ 0000000140001b80 f i main.obj
 0001:00000b80       ??1Slot@resources@runtime@ock@@QEAA@XZ 0000000140001b80 f i main.obj
 0001:00000b90       ??1Request@scheduler@runtime@ock@@QEAA@XZ 0000000140001b90 f i main.obj
 0001:00000c20       ??1_Sentry_base@?$basic_ostream@DU?$char_traits@D@std@@@std@@QEAA@XZ 0000000140001c20 f i main.obj
 0001:00000c50       ??1bad_alloc@std@@UEAA@XZ  0000000140001c50 f i MSVCRT:throw_bad_alloc.obj
 0001:00000c50       ??1bad_array_new_length@std@@UEAA@XZ 0000000140001c50 f i main.obj
 0001:00000c50       ??1system_error@std@@UEAA@XZ 0000000140001c50 f i ock_Runtime:scheduler.obj
 0001:00000c50       ??1wait_deadlock@BS@@UEAA@XZ 0000000140001c50 f i ock_Adapter_CpuPool:executor.obj
 0001:00000c70       ??1sentry@?$basic_ostream@DU?$char_traits@D@std@@@std@@QEAA@XZ 0000000140001c70 f i main.obj
 0001:00000cc0       ??_E?$_Ref_count_resource@PEAVExecutor@cpu_pool@ock@@U?$default_delete@VExecutor@cpu_pool@ock@@@std@@@std@@UEAAPEAXI@Z 0000000140001cc0 f i main.obj
 0001:00000cc0       ??_E?$_Ref_count_resource@PEAVLease@ResourceManager@resources@runtime@ock@@U?$default_delete@VLease@ResourceManager@resources@runtime@ock@@@std@@@std@@UEAAPEAXI@Z 0000000140001cc0 f i main.obj
 0001:00000cc0       ??_G?$_Ref_count_resource@PEAVExecutor@cpu_pool@ock@@U?$default_delete@VExecutor@cpu_pool@ock@@@std@@@std@@UEAAPEAXI@Z 0000000140001cc0 f i main.obj
 0001:00000cc0       ??_G?$_Ref_count_resource@PEAVLease@ResourceManager@resources@runtime@ock@@U?$default_delete@VLease@ResourceManager@resources@runtime@ock@@@std@@@std@@UEAAPEAXI@Z 0000000140001cc0 f i main.obj
 0001:00000cf0       ??_G?$unexpected@VError@foundation@ock@@@tl@@QEAAPEAXI@Z 0000000140001cf0 f i main.obj
 0001:00000d70       ??_EExecutor@cpu_pool@ock@@UEAAPEAXI@Z 0000000140001d70 f i main.obj
 0001:00000d70       ??_GExecutor@cpu_pool@ock@@UEAAPEAXI@Z 0000000140001d70 f i main.obj
 0001:00000db0       ??_ELease@ResourceManager@resources@runtime@ock@@UEAAPEAXI@Z 0000000140001db0 f i main.obj
 0001:00000db0       ??_GLease@ResourceManager@resources@runtime@ock@@UEAAPEAXI@Z 0000000140001db0 f i main.obj
 0001:00000df0       ??_Ebad_alloc@std@@UEAAPEAXI@Z 0000000140001df0 f i main.obj
 0001:00000df0       ??_Ebad_array_new_length@std@@UEAAPEAXI@Z 0000000140001df0 f i main.obj
 0001:00000df0       ??_Eexception@std@@UEAAPEAXI@Z 0000000140001df0 f i main.obj
 0001:00000df0       ??_Eruntime_error@std@@UEAAPEAXI@Z 0000000140001df0 f i ock_Runtime:scheduler.obj
 0001:00000df0       ??_Ewait_deadlock@BS@@UEAAPEAXI@Z 0000000140001df0 f i ock_Adapter_CpuPool:executor.obj
 0001:00000df0       ??_Gbad_alloc@std@@UEAAPEAXI@Z 0000000140001df0 f i main.obj
 0001:00000df0       ??_Gbad_array_new_length@std@@UEAAPEAXI@Z 0000000140001df0 f i main.obj
 0001:00000df0       ??_Gexception@std@@UEAAPEAXI@Z 0000000140001df0 f i main.obj
 0001:00000df0       ??_Gruntime_error@std@@UEAAPEAXI@Z 0000000140001df0 f i ock_Runtime:scheduler.obj
 0001:00000df0       ??_Gwait_deadlock@BS@@UEAAPEAXI@Z 0000000140001df0 f i ock_Adapter_CpuPool:executor.obj
 0001:00000ea0       ?_Decref@_Ref_count_base@std@@QEAAXXZ 0000000140001ea0 f i main.obj
 0001:00000f70       ?_Delete_this@?$_Func_impl_no_alloc@V<lambda_1>@?2???$create_threads@V<lambda_2_>@?0???0?$thread_pool@$07@BS@@QEAA@_K@Z@@?$thread_pool@$07@BS@@AEAAX_K$$QEAV<lambda_2_>@?0???023@QEAA@0@Z@@Z@X_K@std@@EEAAX_N@Z 0000000140001f70 f   ock_Adapter_CpuPool:executor.obj
 0001:00000f70       ?_Delete_this@?$_Func_impl_no_alloc@V<lambda_3_>@?$thread_pool@$07@BS@@X_K@std@@EEAAX_N@Z 0000000140001f70 f   ock_Adapter_CpuPool:executor.obj
 0001:00000f70       ?_Delete_this@?$_Func_impl_no_alloc@V<lambda_4_>@?$thread_pool@$07@BS@@X_K@std@@EEAAX_N@Z 0000000140001f70 f   ock_Adapter_CpuPool:executor.obj
 0001:00000f80       ?_Delete_this@?$_Ref_count_obj2@U?$atomic@_N@std@@@std@@EEAAXXZ 0000000140001f80 f i ock_Runtime:resources.obj
 0001:00000f80       ?_Delete_this@?$_Ref_count_obj2@UEntry@State@Scheduler@scheduler@runtime@ock@@@std@@EEAAXXZ 0000000140001f80 f i ock_Runtime:scheduler.obj
 0001:00000f80       ?_Delete_this@?$_Ref_count_obj2@UState@ResourceManager@resources@runtime@ock@@@std@@EEAAXXZ 0000000140001f80 f i ock_Runtime:resources.obj
 0001:00000f80       ?_Delete_this@?$_Ref_count_obj2@UState@Scheduler@scheduler@runtime@ock@@@std@@EEAAXXZ 0000000140001f80 f i ock_Runtime:scheduler.obj
 0001:00000f80       ?_Delete_this@?$_Ref_count_obj2@UWaiting@State@ResourceManager@resources@runtime@ock@@@std@@EEAAXXZ 0000000140001f80 f i ock_Runtime:resources.obj
 0001:00000f80       ?_Delete_this@?$_Ref_count_obj2@V?$unique_ptr@VReadyWork@contracts@ock@@U?$default_delete@VReadyWork@contracts@ock@@@std@@@std@@@std@@EEAAXXZ 0000000140001f80 f i ock_Adapter_CpuPool:executor.obj
 0001:00000f80       ?_Delete_this@?$_Ref_count_obj2@Vmutex@std@@@std@@EEAAXXZ 0000000140001f80 f i ock_Adapter_CpuPool:executor.obj
 0001:00000f80       ?_Delete_this@?$_Ref_count_resource@PEAVExecutor@cpu_pool@ock@@U?$default_delete@VExecutor@cpu_pool@ock@@@std@@@std@@EEAAXXZ 0000000140001f80 f i main.obj
 0001:00000f80       ?_Delete_this@?$_Ref_count_resource@PEAVLease@ResourceManager@resources@runtime@ock@@U?$default_delete@VLease@ResourceManager@resources@runtime@ock@@@std@@@std@@EEAAXXZ 0000000140001f80 f i main.obj
 0001:00000fa0       ?_Destroy@?$_Ref_count_resource@PEAVExecutor@cpu_pool@ock@@U?$default_delete@VExecutor@cpu_pool@ock@@@std@@@std@@EEAAXXZ 0000000140001fa0 f i main.obj
 0001:00000fd0       ?_Destroy@?$_Ref_count_resource@PEAVLease@ResourceManager@resources@runtime@ock@@U?$default_delete@VLease@ResourceManager@resources@runtime@ock@@@std@@@std@@EEAAXXZ 0000000140001fd0 f i main.obj
 0001:000010a0       ?_Get@?$_Func_impl_no_alloc@V<lambda_1>@?2???$create_threads@V<lambda_2_>@?0???0?$thread_pool@$07@BS@@QEAA@_K@Z@@?$thread_pool@$07@BS@@AEAAX_K$$QEAV<lambda_2_>@?0???023@QEAA@0@Z@@Z@X_K@std@@EEBAPEBXXZ 00000001400020a0 f   ock_Adapter_CpuPool:executor.obj
 0001:000010a0       ?_Get@?$_Func_impl_no_alloc@V<lambda_3_>@?$thread_pool@$07@BS@@X_K@std@@EEBAPEBXXZ 00000001400020a0 f   ock_Adapter_CpuPool:executor.obj
 0001:000010a0       ?_Get@?$_Func_impl_no_alloc@V<lambda_4_>@?$thread_pool@$07@BS@@X_K@std@@EEBAPEBXXZ 00000001400020a0 f   ock_Adapter_CpuPool:executor.obj
 0001:000010b0       ?_Get_deleter@?$_Ref_count_resource@PEAVExecutor@cpu_pool@ock@@U?$default_delete@VExecutor@cpu_pool@ock@@@std@@@std@@UEBAPEAXAEBVtype_info@@@Z 00000001400020b0 f i main.obj
 0001:000010e0       ?_Get_deleter@?$_Ref_count_resource@PEAVLease@ResourceManager@resources@runtime@ock@@U?$default_delete@VLease@ResourceManager@resources@runtime@ock@@@std@@@std@@UEBAPEAXAEBVtype_info@@@Z 00000001400020e0 f i main.obj
 0001:00001150       ?_Reset_move@?$_Func_class@V?$expected@XVError@foundation@ock@@@tl@@$$V@std@@IEAAX$$QEAV12@@Z 0000000140002150 f i main.obj
 0001:00001150       ?_Reset_move@?$_Func_class@X$$V@std@@IEAAX$$QEAV12@@Z 0000000140002150 f i ock_Runtime:scheduler.obj
 0001:00001150       ?_Reset_move@?$_Func_class@XV?$expected@XVError@foundation@ock@@@tl@@@std@@IEAAX$$QEAV12@@Z 0000000140002150 f i main.obj
 0001:000011c0       ?_Swap@?$_Func_class@V?$expected@XVError@foundation@ock@@@tl@@$$V@std@@IEAAXAEAV12@@Z 00000001400021c0 f i main.obj
 0001:000011c0       ?_Swap@?$_Func_class@XV?$expected@XVError@foundation@ock@@@tl@@@std@@IEAAXAEAV12@@Z 00000001400021c0 f i main.obj
 0001:000011c0       ?_Swap@?$_Func_class@X_K@std@@IEAAXAEAV12@@Z 00000001400021c0 f i ock_Adapter_CpuPool:executor.obj
 0001:00001320       ?_Throw_bad_array_new_length@std@@YAXXZ 0000000140002320 f i main.obj
 0001:00001320       ?__scrt_throw_std_bad_array_new_length@@YAXXZ 0000000140002320 f i MSVCRT:throw_bad_alloc.obj
 0001:00001340       ??1?$vector@USlot@resources@runtime@ock@@V?$allocator@USlot@resources@runtime@ock@@@std@@@std@@QEAA@XZ 0000000140002340 f i ock_Runtime:resources.obj
 0001:00001340       ?_Tidy@?$vector@UClaim@resources@runtime@ock@@V?$allocator@UClaim@resources@runtime@ock@@@std@@@std@@AEAAXXZ 0000000140002340 f i main.obj
 0001:00001340       ?_Tidy@?$vector@USlot@resources@runtime@ock@@V?$allocator@USlot@resources@runtime@ock@@@std@@@std@@AEAAXXZ 0000000140002340 f i main.obj
 0001:00001410       ?_Tidy_deallocate@?$basic_string@DU?$char_traits@D@std@@V?$allocator@D@2@@std@@AEAAXXZ 0000000140002410 f i main.obj
 0001:00001490       ?_Xlen_string@std@@YAXXZ   0000000140002490 f i main.obj
 0001:000014b0       ?now@steady_clock@chrono@std@@SA?AV?$time_point@Usteady_clock@chrono@std@@V?$duration@_JU?$ratio@$00$0DLJKMKAA@@std@@@23@@23@XZ 00000001400024b0 f i main.obj
 0001:00001590       ?what@exception@std@@UEBAPEBDXZ 0000000140002590 f i main.obj
 0001:000015b0       main                       00000001400025b0 f   main.obj
 0001:000022c0       ??$_Construct@$00PEBD@?$basic_string@DU?$char_traits@D@std@@V?$allocator@D@2@@std@@AEAAXQEBD_K@Z 00000001400032c0 f i ock_Runtime:scheduler.obj
 0001:00002380       ??$_Deallocate@$0BA@@std@@YAXPEAX_K@Z 0000000140003380 f i ock_Runtime:scheduler.obj
 0001:000023d0       ??$_Emplace_reallocate@USubjectState@State@Scheduler@scheduler@runtime@ock@@@?$vector@USubjectState@State@Scheduler@scheduler@runtime@ock@@V?$allocator@USubjectState@State@Scheduler@scheduler@runtime@ock@@@std@@@std@@AEAAPEAUSubjectState@State@Scheduler@scheduler@runtime@ock@@QEAU234567@$$QEAU234567@@Z 00000001400033d0 f i ock_Runtime:scheduler.obj
 0001:00002640       ??$_Erase_tree@V?$allocator@U?$_Tree_node@U?$pair@$$CBV?$time_point@Usteady_clock@chrono@std@@V?$duration@_JU?$ratio@$00$0DLJKMKAA@@std@@@23@@chrono@std@@_K@std@@PEAX@std@@@std@@@?$_Tree_val@U?$_Tree_simple_types@U?$pair@$$CBV?$time_point@Usteady_clock@chrono@std@@V?$duration@_JU?$ratio@$00$0DLJKMKAA@@std@@@23@@chrono@std@@_K@std@@@std@@@std@@QEAAXAEAV?$allocator@U?$_Tree_node@U?$pair@$$CBV?$time_point@Usteady_clock@chrono@std@@V?$duration@_JU?$ratio@$00$0DLJKMKAA@@std@@@23@@chrono@std@@_K@std@@PEAX@std@@@1@PEAU?$_Tree_node@U?$pair@$$CBV?$time_point@Usteady_clock@chrono@std@@V?$duration@_JU?$ratio@$00$0DLJKMKAA@@std@@@23@@chrono@std@@_K@std@@PEAX@1@@Z 0000000140003640 f i ock_Runtime:scheduler.obj
 0001:000026a0       ??$_Erase_tree@V?$allocator@U?$_Tree_node@U?$pair@$$CB_KV?$shared_ptr@UEntry@State@Scheduler@scheduler@runtime@ock@@@std@@@std@@PEAX@std@@@std@@@?$_Tree_val@U?$_Tree_simple_types@U?$pair@$$CB_KV?$shared_ptr@UEntry@State@Scheduler@scheduler@runtime@ock@@@std@@@std@@@std@@@std@@QEAAXAEAV?$allocator@U?$_Tree_node@U?$pair@$$CB_KV?$shared_ptr@UEntry@State@Scheduler@scheduler@runtime@ock@@@std@@@std@@PEAX@std@@@1@PEAU?$_Tree_node@U?$pair@$$CB_KV?$shared_ptr@UEntry@State@Scheduler@scheduler@runtime@ock@@@std@@@std@@PEAX@1@@Z 00000001400036a0 f i ock_Runtime:scheduler.obj
 0001:000026a0       ??$_Erase_tree@V?$allocator@U?$_Tree_node@U?$pair@$$CB_KV?$shared_ptr@UWaiting@State@ResourceManager@resources@runtime@ock@@@std@@@std@@PEAX@std@@@std@@@?$_Tree_val@U?$_Tree_simple_types@U?$pair@$$CB_KV?$shared_ptr@UWaiting@State@ResourceManager@resources@runtime@ock@@@std@@@std@@@std@@@std@@QEAAXAEAV?$allocator@U?$_Tree_node@U?$pair@$$CB_KV?$shared_ptr@UWaiting@State@ResourceManager@resources@runtime@ock@@@std@@@std@@PEAX@std@@@1@PEAU?$_Tree_node@U?$pair@$$CB_KV?$shared_ptr@UWaiting@State@ResourceManager@resources@runtime@ock@@@std@@@std@@PEAX@1@@Z 00000001400036a0 f i ock_Runtime:resources.obj
 0001:00002750       ??$_Erase_tree@V?$allocator@U?$_Tree_node@_KPEAX@std@@@std@@@?$_Tree_val@U?$_Tree_simple_types@_K@std@@@std@@QEAAXAEAV?$allocator@U?$_Tree_node@_KPEAX@std@@@1@PEAU?$_Tree_node@_KPEAX@1@@Z 0000000140003750 f i ock_Runtime:scheduler.obj
 0001:00002750       ??$_Erase_tree_and_orphan@V?$allocator@U?$_Tree_node@_KPEAX@std@@@std@@@?$_Tree_val@U?$_Tree_simple_types@_K@std@@@std@@QEAAXAEAV?$allocator@U?$_Tree_node@_KPEAX@std@@@1@PEAU?$_Tree_node@_KPEAX@1@@Z 0000000140003750 f i ock_Runtime:resources.obj
 0001:000027b0       ??$_Find@_K@?$_Tree@V?$_Tmap_traits@_KV?$shared_ptr@UEntry@State@Scheduler@scheduler@runtime@ock@@@std@@U?$less@_K@2@V?$allocator@U?$pair@$$CB_KV?$shared_ptr@UEntry@State@Scheduler@scheduler@runtime@ock@@@std@@@std@@@2@$0A@@std@@@std@@AEBAPEAU?$_Tree_node@U?$pair@$$CB_KV?$shared_ptr@UEntry@State@Scheduler@scheduler@runtime@ock@@@std@@@std@@PEAX@1@AEB_K@Z 00000001400037b0 f i ock_Runtime:scheduler.obj
 0001:00002800       ??$destroy_at@U?$pair@$$CB_KV?$shared_ptr@UEntry@State@Scheduler@scheduler@runtime@ock@@@std@@@std@@@std@@YAXQEAU?$pair@$$CB_KV?$shared_ptr@UEntry@State@Scheduler@scheduler@runtime@ock@@@std@@@0@@Z 0000000140003800 f i ock_Runtime:scheduler.obj
 0001:00002850       ??0?$lock_guard@Vmutex@std@@@std@@QEAA@AEAVmutex@1@@Z 0000000140003850 f i ock_Runtime:scheduler.obj
 0001:000028b0       ??0Entry@State@Scheduler@scheduler@runtime@ock@@QEAA@_KURequest@345@0@Z 00000001400038b0 f i ock_Runtime:scheduler.obj
 0001:000029a0       ??0Request@scheduler@runtime@ock@@QEAA@$$QEAU0123@@Z 00000001400039a0 f i ock_Runtime:scheduler.obj
 0001:00002a50       ??0State@Scheduler@scheduler@runtime@ock@@QEAA@XZ 0000000140003a50 f i ock_Runtime:scheduler.obj
 0001:00002c50       ??0_System_error@std@@QEAA@AEBV01@@Z 0000000140003c50 f i ock_Runtime:scheduler.obj
 0001:00002ca0       ??0runtime_error@std@@QEAA@AEBV01@@Z 0000000140003ca0 f i ock_Runtime:scheduler.obj
 0001:00002ce0       ??0system_error@std@@QEAA@AEBV01@@Z 0000000140003ce0 f i ock_Runtime:scheduler.obj
 0001:00002d40       ??0system_error@std@@QEAA@Verror_code@1@@Z 0000000140003d40 f i ock_Runtime:scheduler.obj
 0001:00002e40       ??1?$_Alloc_construct_ptr@V?$allocator@U?$_Tree_node@U?$pair@$$CBV?$time_point@Usteady_clock@chrono@std@@V?$duration@_JU?$ratio@$00$0DLJKMKAA@@std@@@23@@chrono@std@@_K@std@@PEAX@std@@@std@@@std@@QEAA@XZ 0000000140003e40 f i ock_Runtime:scheduler.obj
 0001:00002e40       ??1?$_Tree_temp_node@V?$allocator@U?$_Tree_node@U?$pair@$$CBV?$time_point@Usteady_clock@chrono@std@@V?$duration@_JU?$ratio@$00$0DLJKMKAA@@std@@@23@@chrono@std@@_K@std@@PEAX@std@@@std@@@std@@QEAA@XZ 0000000140003e40 f i ock_Runtime:scheduler.obj
 0001:00002e60       ??1?$_Alloc_construct_ptr@V?$allocator@U?$_Tree_node@U?$pair@$$CB_KV?$shared_ptr@UEntry@State@Scheduler@scheduler@runtime@ock@@@std@@@std@@PEAX@std@@@std@@@std@@QEAA@XZ 0000000140003e60 f i ock_Runtime:scheduler.obj
 0001:00002e60       ??1?$_Alloc_construct_ptr@V?$allocator@U?$_Tree_node@U?$pair@$$CB_KV?$shared_ptr@UWaiting@State@ResourceManager@resources@runtime@ock@@@std@@@std@@PEAX@std@@@std@@@std@@QEAA@XZ 0000000140003e60 f i ock_Runtime:resources.obj
 0001:00002e80       ??1?$_Alloc_construct_ptr@V?$allocator@U?$_Tree_node@_KPEAX@std@@@std@@@std@@QEAA@XZ 0000000140003e80 f i ock_Runtime:scheduler.obj
 0001:00002ea0       ??1?$_Node_handle@U?$_Tree_node@U?$pair@$$CB_KV?$shared_ptr@UEntry@State@Scheduler@scheduler@runtime@ock@@@std@@@std@@PEAX@std@@V?$allocator@U?$pair@$$CB_KV?$shared_ptr@UEntry@State@Scheduler@scheduler@runtime@ock@@@std@@@std@@@2@U_Node_handle_map_base@2@_KV?$shared_ptr@UEntry@State@Scheduler@scheduler@runtime@ock@@@2@@std@@QEAA@XZ 0000000140003ea0 f i ock_Runtime:scheduler.obj
 0001:00002f20       ??1?$deque@V?$function@$$A6AXXZ@std@@V?$allocator@V?$function@$$A6AXXZ@std@@@2@@std@@QEAA@XZ 0000000140003f20 f i ock_Runtime:scheduler.obj
 0001:00003030       ??1?$lock_guard@Vmutex@std@@@std@@QEAA@XZ 0000000140004030 f i ock_Runtime:scheduler.obj
 0001:00003030       ??1?$scoped_lock@Vmutex@std@@@std@@QEAA@XZ 0000000140004030 f i ock_Adapter_CpuPool:executor.obj
 0001:00003040       ??1?$map@_KV?$shared_ptr@UEntry@State@Scheduler@scheduler@runtime@ock@@@std@@U?$less@_K@2@V?$allocator@U?$pair@$$CB_KV?$shared_ptr@UEntry@State@Scheduler@scheduler@runtime@ock@@@std@@@std@@@2@@std@@QEAA@XZ 0000000140004040 f i ock_Runtime:scheduler.obj
 0001:00003070       ??1?$multimap@V?$time_point@Usteady_clock@chrono@std@@V?$duration@_JU?$ratio@$00$0DLJKMKAA@@std@@@23@@chrono@std@@_KU?$less@V?$time_point@Usteady_clock@chrono@std@@V?$duration@_JU?$ratio@$00$0DLJKMKAA@@std@@@23@@chrono@std@@@3@V?$allocator@U?$pair@$$CBV?$time_point@Usteady_clock@chrono@std@@V?$duration@_JU?$ratio@$00$0DLJKMKAA@@std@@@23@@chrono@std@@_K@std@@@3@@std@@QEAA@XZ 0000000140004070 f i ock_Runtime:scheduler.obj
 0001:000030d0       ??1?$unexpected@VError@foundation@ock@@@tl@@QEAA@XZ 00000001400040d0 f i ock_Runtime:scheduler.obj
 0001:000030d0       ??1Error@foundation@ock@@QEAA@XZ 00000001400040d0 f i ock_Runtime:scheduler.obj
 0001:00003120       ??1?$unique_lock@Vmutex@std@@@std@@QEAA@XZ 0000000140004120 f i ock_Runtime:scheduler.obj
 0001:00003130       ??1?$unique_ptr@UWork@State@Scheduler@scheduler@runtime@ock@@U?$default_delete@UWork@State@Scheduler@scheduler@runtime@ock@@@std@@@std@@QEAA@XZ 0000000140004130 f i ock_Runtime:scheduler.obj
 0001:00003160       ??1?$unique_ptr@VScheduler@scheduler@runtime@ock@@U?$default_delete@VScheduler@scheduler@runtime@ock@@@std@@@std@@QEAA@XZ 0000000140004160 f i ock_Runtime:scheduler.obj
 0001:000031e0       ??1?$vector@USubject@scheduler@runtime@ock@@V?$allocator@USubject@scheduler@runtime@ock@@@std@@@std@@QEAA@XZ 00000001400041e0 f i ock_Runtime:scheduler.obj
 0001:00003250       ??1?$vector@USubjectState@State@Scheduler@scheduler@runtime@ock@@V?$allocator@USubjectState@State@Scheduler@scheduler@runtime@ock@@@std@@@std@@QEAA@XZ 0000000140004250 f i ock_Runtime:scheduler.obj
 0001:000032e0       ??1?$weak_ptr@VExecutorPort@contracts@ock@@@std@@QEAA@XZ 00000001400042e0 f i ock_Runtime:scheduler.obj
 0001:000033b0       ??1Scheduler@scheduler@runtime@ock@@QEAA@XZ 00000001400043b0 f   ock_Runtime:scheduler.obj
 0001:00003410       ??1Work@State@Scheduler@scheduler@runtime@ock@@UEAA@XZ 0000000140004410 f i ock_Runtime:scheduler.obj
 0001:00003590       ??4?$function@$$A6AXXZ@std@@QEAAAEAV01@$$QEAV01@@Z 0000000140004590 f i ock_Runtime:scheduler.obj
 0001:000035e0       ??4?$unexpected@VError@foundation@ock@@@tl@@QEAAAEAV01@$$QEAV01@@Z 00000001400045e0 f i ock_Runtime:scheduler.obj
 0001:00003670       ??_E?$_Ref_count_obj2@UEntry@State@Scheduler@scheduler@runtime@ock@@@std@@UEAAPEAXI@Z 0000000140004670 f i ock_Runtime:scheduler.obj
 0001:00003670       ??_G?$_Ref_count_obj2@UEntry@State@Scheduler@scheduler@runtime@ock@@@std@@UEAAPEAXI@Z 0000000140004670 f i ock_Runtime:scheduler.obj
 0001:000036a0       ??_E?$_Ref_count_obj2@UState@Scheduler@scheduler@runtime@ock@@@std@@UEAAPEAXI@Z 00000001400046a0 f i ock_Runtime:scheduler.obj
 0001:000036a0       ??_G?$_Ref_count_obj2@UState@Scheduler@scheduler@runtime@ock@@@std@@UEAAPEAXI@Z 00000001400046a0 f i ock_Runtime:scheduler.obj
 0001:000036d0       ??_EWork@State@Scheduler@scheduler@runtime@ock@@UEAAPEAXI@Z 00000001400046d0 f i ock_Runtime:scheduler.obj
 0001:000036d0       ??_GWork@State@Scheduler@scheduler@runtime@ock@@UEAAPEAXI@Z 00000001400046d0 f i ock_Runtime:scheduler.obj
 0001:00003710       ??_E_Generic_error_category@std@@UEAAPEAXI@Z 0000000140004710 f i ock_Runtime:scheduler.obj
 0001:00003710       ??_G_Generic_error_category@std@@UEAAPEAXI@Z 0000000140004710 f i ock_Runtime:scheduler.obj
 0001:00003740       ??_E_System_error@std@@UEAAPEAXI@Z 0000000140004740 f i ock_Runtime:scheduler.obj
 0001:00003740       ??_Esystem_error@std@@UEAAPEAXI@Z 0000000140004740 f i ock_Runtime:scheduler.obj
 0001:00003740       ??_G_System_error@std@@UEAAPEAXI@Z 0000000140004740 f i ock_Runtime:scheduler.obj
 0001:00003740       ??_Gsystem_error@std@@UEAAPEAXI@Z 0000000140004740 f i ock_Runtime:scheduler.obj
 0001:00003790       ?_Destroy@?$_Ref_count_obj2@UEntry@State@Scheduler@scheduler@runtime@ock@@@std@@EEAAXXZ 0000000140004790 f i ock_Runtime:scheduler.obj
 0001:00003860       ?_Destroy@?$_Ref_count_obj2@UState@Scheduler@scheduler@runtime@ock@@@std@@EEAAXXZ 0000000140004860 f i ock_Runtime:scheduler.obj
 0001:00003990       ?_Erase@?$_Tree@V?$_Tset_traits@_KU?$less@_K@std@@V?$allocator@_K@2@$0A@@std@@@std@@AEAA_KU?$pair@PEAU?$_Tree_node@_KPEAX@std@@PEAU12@@2@@Z 0000000140004990 f i ock_Runtime:scheduler.obj
 0001:00003b50       ?_Erase_unchecked@?$_Tree@V?$_Tmap_traits@_KV?$shared_ptr@UEntry@State@Scheduler@scheduler@runtime@ock@@@std@@U?$less@_K@2@V?$allocator@U?$pair@$$CB_KV?$shared_ptr@UEntry@State@Scheduler@scheduler@runtime@ock@@@std@@@std@@@2@$0A@@std@@@std@@AEAAPEAU?$_Tree_node@U?$pair@$$CB_KV?$shared_ptr@UEntry@State@Scheduler@scheduler@runtime@ock@@@std@@@std@@PEAX@2@V?$_Tree_unchecked_const_iterator@V?$_Tree_val@U?$_Tree_simple_types@U?$pair@$$CB_KV?$shared_ptr@UEntry@State@Scheduler@scheduler@runtime@ock@@@std@@@std@@@std@@@std@@U_Iterator_base0@2@@2@0@Z 0000000140004b50 f i ock_Runtime:scheduler.obj
 0001:00003b50       ?_Erase_unchecked@?$_Tree@V?$_Tmap_traits@_KV?$shared_ptr@UWaiting@State@ResourceManager@resources@runtime@ock@@@std@@U?$less@_K@2@V?$allocator@U?$pair@$$CB_KV?$shared_ptr@UWaiting@State@ResourceManager@resources@runtime@ock@@@std@@@std@@@2@$0A@@std@@@std@@AEAAPEAU?$_Tree_node@U?$pair@$$CB_KV?$shared_ptr@UWaiting@State@ResourceManager@resources@runtime@ock@@@std@@@std@@PEAX@2@V?$_Tree_unchecked_const_iterator@V?$_Tree_val@U?$_Tree_simple_types@U?$pair@$$CB_KV?$shared_ptr@UWaiting@State@ResourceManager@resources@runtime@ock@@@std@@@std@@@std@@@std@@U_Iterator_base0@2@@2@0@Z 0000000140004b50 f i ock_Runtime:resources.obj
 0001:00003cc0       ?_Erase_unchecked@?$_Tree@V?$_Tset_traits@_KU?$less@_K@std@@V?$allocator@_K@2@$0A@@std@@@std@@AEAAPEAU?$_Tree_node@_KPEAX@2@V?$_Tree_unchecked_const_iterator@V?$_Tree_val@U?$_Tree_simple_types@_K@std@@@std@@U_Iterator_base0@2@@2@@Z 0000000140004cc0 f i ock_Runtime:scheduler.obj
 0001:00003d30       ?_Extract@?$_Tree_val@U?$_Tree_simple_types@U?$pair@$$CBV?$time_point@Usteady_clock@chrono@std@@V?$duration@_JU?$ratio@$00$0DLJKMKAA@@std@@@23@@chrono@std@@_K@std@@@std@@@std@@QEAAPEAU?$_Tree_node@U?$pair@$$CBV?$time_point@Usteady_clock@chrono@std@@V?$duration@_JU?$ratio@$00$0DLJKMKAA@@std@@@23@@chrono@std@@_K@std@@PEAX@2@V?$_Tree_unchecked_const_iterator@V?$_Tree_val@U?$_Tree_simple_types@U?$pair@$$CBV?$time_point@Usteady_clock@chrono@std@@V?$duration@_JU?$ratio@$00$0DLJKMKAA@@std@@@23@@chrono@std@@_K@std@@@std@@@std@@U_Iterator_base0@2@@2@@Z 0000000140004d30 f i ock_Runtime:scheduler.obj
 0001:00003d30       ?_Extract@?$_Tree_val@U?$_Tree_simple_types@U?$pair@$$CB_KV?$shared_ptr@UEntry@State@Scheduler@scheduler@runtime@ock@@@std@@@std@@@std@@@std@@QEAAPEAU?$_Tree_node@U?$pair@$$CB_KV?$shared_ptr@UEntry@State@Scheduler@scheduler@runtime@ock@@@std@@@std@@PEAX@2@V?$_Tree_unchecked_const_iterator@V?$_Tree_val@U?$_Tree_simple_types@U?$pair@$$CB_KV?$shared_ptr@UEntry@State@Scheduler@scheduler@runtime@ock@@@std@@@std@@@std@@@std@@U_Iterator_base0@2@@2@@Z 0000000140004d30 f i ock_Runtime:scheduler.obj
 0001:00003d30       ?_Extract@?$_Tree_val@U?$_Tree_simple_types@U?$pair@$$CB_KV?$shared_ptr@UWaiting@State@ResourceManager@resources@runtime@ock@@@std@@@std@@@std@@@std@@QEAAPEAU?$_Tree_node@U?$pair@$$CB_KV?$shared_ptr@UWaiting@State@ResourceManager@resources@runtime@ock@@@std@@@std@@PEAX@2@V?$_Tree_unchecked_const_iterator@V?$_Tree_val@U?$_Tree_simple_types@U?$pair@$$CB_KV?$shared_ptr@UWaiting@State@ResourceManager@resources@runtime@ock@@@std@@@std@@@std@@@std@@U_Iterator_base0@2@@2@@Z 0000000140004d30 f i ock_Runtime:resources.obj
 0001:00003d30       ?_Extract@?$_Tree_val@U?$_Tree_simple_types@_K@std@@@std@@QEAAPEAU?$_Tree_node@_KPEAX@2@V?$_Tree_unchecked_const_iterator@V?$_Tree_val@U?$_Tree_simple_types@_K@std@@@std@@U_Iterator_base0@2@@2@@Z 0000000140004d30 f i ock_Runtime:scheduler.obj
 0001:000040e0       ?_Get_deleter@_Ref_count_base@std@@UEBAPEAXAEBVtype_info@@@Z 00000001400050e0 f i ock_Runtime:scheduler.obj
 0001:000040e0       __scrt_exe_initialize_mta  00000001400050e0 f i MSVCRT:utility_desktop.obj
 0001:000040e0       __scrt_initialize_winrt    00000001400050e0 f i MSVCRT:utility_desktop.obj
 0001:000040e0       __scrt_stub_for_initialize_mta 00000001400050e0 f i MSVCRT:utility_desktop.obj
 0001:000040e0       _get_startup_commit_mode   00000001400050e0 f i MSVCRT:commit_mode.obj
 0001:000040e0       _get_startup_new_mode      00000001400050e0 f i MSVCRT:new_mode.obj
 0001:000040e0       _get_startup_thread_locale_mode 00000001400050e0 f i MSVCRT:thread_locale.obj
 0001:000040e0       _matherr                   00000001400050e0 f i MSVCRT:matherr.obj
 0001:000040f0       ?_Growmap@?$deque@V?$function@$$A6AXXZ@std@@V?$allocator@V?$function@$$A6AXXZ@std@@@2@@std@@AEAAX_K@Z 00000001400050f0 f i ock_Runtime:scheduler.obj
 0001:000042c0       ?_Insert_node@?$_Tree_val@U?$_Tree_simple_types@U?$pair@$$CBV?$basic_string@DU?$char_traits@D@std@@V?$allocator@D@2@@std@@_K@std@@@std@@@std@@QEAAPEAU?$_Tree_node@U?$pair@$$CBV?$basic_string@DU?$char_traits@D@std@@V?$allocator@D@2@@std@@_K@std@@PEAX@2@U?$_Tree_id@PEAU?$_Tree_node@U?$pair@$$CBV?$basic_string@DU?$char_traits@D@std@@V?$allocator@D@2@@std@@_K@std@@PEAX@std@@@2@QEAU32@@Z 00000001400052c0 f i ock_Runtime:resources.obj
 0001:000042c0       ?_Insert_node@?$_Tree_val@U?$_Tree_simple_types@U?$pair@$$CBV?$time_point@Usteady_clock@chrono@std@@V?$duration@_JU?$ratio@$00$0DLJKMKAA@@std@@@23@@chrono@std@@_K@std@@@std@@@std@@QEAAPEAU?$_Tree_node@U?$pair@$$CBV?$time_point@Usteady_clock@chrono@std@@V?$duration@_JU?$ratio@$00$0DLJKMKAA@@std@@@23@@chrono@std@@_K@std@@PEAX@2@U?$_Tree_id@PEAU?$_Tree_node@U?$pair@$$CBV?$time_point@Usteady_clock@chrono@std@@V?$duration@_JU?$ratio@$00$0DLJKMKAA@@std@@@23@@chrono@std@@_K@std@@PEAX@std@@@2@QEAU32@@Z 00000001400052c0 f i ock_Runtime:scheduler.obj
 0001:000042c0       ?_Insert_node@?$_Tree_val@U?$_Tree_simple_types@U?$pair@$$CB_KV?$shared_ptr@UEntry@State@Scheduler@scheduler@runtime@ock@@@std@@@std@@@std@@@std@@QEAAPEAU?$_Tree_node@U?$pair@$$CB_KV?$shared_ptr@UEntry@State@Scheduler@scheduler@runtime@ock@@@std@@@std@@PEAX@2@U?$_Tree_id@PEAU?$_Tree_node@U?$pair@$$CB_KV?$shared_ptr@UEntry@State@Scheduler@scheduler@runtime@ock@@@std@@@std@@PEAX@std@@@2@QEAU32@@Z 00000001400052c0 f i ock_Runtime:scheduler.obj
 0001:000042c0       ?_Insert_node@?$_Tree_val@U?$_Tree_simple_types@U?$pair@$$CB_KV?$shared_ptr@UWaiting@State@ResourceManager@resources@runtime@ock@@@std@@@std@@@std@@@std@@QEAAPEAU?$_Tree_node@U?$pair@$$CB_KV?$shared_ptr@UWaiting@State@ResourceManager@resources@runtime@ock@@@std@@@std@@PEAX@2@U?$_Tree_id@PEAU?$_Tree_node@U?$pair@$$CB_KV?$shared_ptr@UWaiting@State@ResourceManager@resources@runtime@ock@@@std@@@std@@PEAX@std@@@2@QEAU32@@Z 00000001400052c0 f i ock_Runtime:resources.obj
 0001:000042c0       ?_Insert_node@?$_Tree_val@U?$_Tree_simple_types@_K@std@@@std@@QEAAPEAU?$_Tree_node@_KPEAX@2@U?$_Tree_id@PEAU?$_Tree_node@_KPEAX@std@@@2@QEAU32@@Z 00000001400052c0 f i ock_Runtime:scheduler.obj
 0001:00004520       ?_Lrotate@?$_Tree_val@U?$_Tree_simple_types@U?$pair@$$CBV?$time_point@Usteady_clock@chrono@std@@V?$duration@_JU?$ratio@$00$0DLJKMKAA@@std@@@23@@chrono@std@@_K@std@@@std@@@std@@QEAAXPEAU?$_Tree_node@U?$pair@$$CBV?$time_point@Usteady_clock@chrono@std@@V?$duration@_JU?$ratio@$00$0DLJKMKAA@@std@@@23@@chrono@std@@_K@std@@PEAX@2@@Z 0000000140005520 f i ock_Runtime:scheduler.obj
 0001:00004520       ?_Lrotate@?$_Tree_val@U?$_Tree_simple_types@U?$pair@$$CB_KV?$shared_ptr@UEntry@State@Scheduler@scheduler@runtime@ock@@@std@@@std@@@std@@@std@@QEAAXPEAU?$_Tree_node@U?$pair@$$CB_KV?$shared_ptr@UEntry@State@Scheduler@scheduler@runtime@ock@@@std@@@std@@PEAX@2@@Z 0000000140005520 f i ock_Runtime:scheduler.obj
 0001:00004520       ?_Lrotate@?$_Tree_val@U?$_Tree_simple_types@U?$pair@$$CB_KV?$shared_ptr@UWaiting@State@ResourceManager@resources@runtime@ock@@@std@@@std@@@std@@@std@@QEAAXPEAU?$_Tree_node@U?$pair@$$CB_KV?$shared_ptr@UWaiting@State@ResourceManager@resources@runtime@ock@@@std@@@std@@PEAX@2@@Z 0000000140005520 f i ock_Runtime:resources.obj
 0001:00004520       ?_Lrotate@?$_Tree_val@U?$_Tree_simple_types@_K@std@@@std@@QEAAXPEAU?$_Tree_node@_KPEAX@2@@Z 0000000140005520 f i ock_Runtime:scheduler.obj
 0001:00004580       ?_Rrotate@?$_Tree_val@U?$_Tree_simple_types@U?$pair@$$CBV?$time_point@Usteady_clock@chrono@std@@V?$duration@_JU?$ratio@$00$0DLJKMKAA@@std@@@23@@chrono@std@@_K@std@@@std@@@std@@QEAAXPEAU?$_Tree_node@U?$pair@$$CBV?$time_point@Usteady_clock@chrono@std@@V?$duration@_JU?$ratio@$00$0DLJKMKAA@@std@@@23@@chrono@std@@_K@std@@PEAX@2@@Z 0000000140005580 f i ock_Runtime:scheduler.obj
 0001:00004580       ?_Rrotate@?$_Tree_val@U?$_Tree_simple_types@U?$pair@$$CB_KV?$shared_ptr@UEntry@State@Scheduler@scheduler@runtime@ock@@@std@@@std@@@std@@@std@@QEAAXPEAU?$_Tree_node@U?$pair@$$CB_KV?$shared_ptr@UEntry@State@Scheduler@scheduler@runtime@ock@@@std@@@std@@PEAX@2@@Z 0000000140005580 f i ock_Runtime:scheduler.obj
 0001:00004580       ?_Rrotate@?$_Tree_val@U?$_Tree_simple_types@U?$pair@$$CB_KV?$shared_ptr@UWaiting@State@ResourceManager@resources@runtime@ock@@@std@@@std@@@std@@@std@@QEAAXPEAU?$_Tree_node@U?$pair@$$CB_KV?$shared_ptr@UWaiting@State@ResourceManager@resources@runtime@ock@@@std@@@std@@PEAX@2@@Z 0000000140005580 f i ock_Runtime:resources.obj
 0001:00004580       ?_Rrotate@?$_Tree_val@U?$_Tree_simple_types@_K@std@@@std@@QEAAXPEAU?$_Tree_node@_KPEAX@2@@Z 0000000140005580 f i ock_Runtime:scheduler.obj
 0001:000045e0       ?_Throw_system_error@std@@YAXW4errc@1@@Z 00000001400055e0 f i ock_Runtime:scheduler.obj
 0001:00004620       ?_Throw_tree_length_error@std@@YAXXZ 0000000140005620 f i ock_Runtime:scheduler.obj
 0001:00004640       ?_Xlen@?$deque@V?$function@$$A6AXXZ@std@@V?$allocator@V?$function@$$A6AXXZ@std@@@2@@std@@CAXXZ 0000000140005640 f i ock_Runtime:scheduler.obj
 0001:00004660       ?_Xlength@?$vector@UCell@State@ResourceManager@resources@runtime@ock@@V?$allocator@UCell@State@ResourceManager@resources@runtime@ock@@@std@@@std@@CAXXZ 0000000140005660 f i ock_Runtime:resources.obj
 0001:00004660       ?_Xlength@?$vector@UHolding@ResourceManager@resources@runtime@ock@@V?$allocator@UHolding@ResourceManager@resources@runtime@ock@@@std@@@std@@CAXXZ 0000000140005660 f i ock_Runtime:resources.obj
 0001:00004660       ?_Xlength@?$vector@USubjectState@State@Scheduler@scheduler@runtime@ock@@V?$allocator@USubjectState@State@Scheduler@scheduler@runtime@ock@@@std@@@std@@CAXXZ 0000000140005660 f i ock_Runtime:scheduler.obj
 0001:00004680       ?choose@State@Scheduler@scheduler@runtime@ock@@QEAAPEAUEntry@12345@XZ 0000000140005680 f i ock_Runtime:scheduler.obj
 0001:000048a0       ?close@Scheduler@scheduler@runtime@ock@@QEAAXXZ 00000001400058a0 f   ock_Runtime:scheduler.obj
 0001:00004b00       ?create@Scheduler@scheduler@runtime@ock@@SA?AV?$expected@V?$unique_ptr@VScheduler@scheduler@runtime@ock@@U?$default_delete@VScheduler@scheduler@runtime@ock@@@std@@@std@@VError@foundation@ock@@@tl@@V?$shared_ptr@VExecutorPort@contracts@ock@@@std@@V?$vector@USubject@scheduler@runtime@ock@@V?$allocator@USubject@scheduler@runtime@ock@@@std@@@8@UOptions@234@V?$function@$$A6AXXZ@8@@Z 0000000140005b00 f   ock_Runtime:scheduler.obj
 0001:000051c0       ?deallocate@?$allocator@USubject@scheduler@runtime@ock@@@std@@QEAAXQEAUSubject@scheduler@runtime@ock@@_K@Z 00000001400061c0 f i ock_Runtime:scheduler.obj
 0001:00005220       ?default_error_condition@error_category@std@@UEBA?AVerror_condition@2@H@Z 0000000140006220 f i ock_Runtime:scheduler.obj
 0001:00005230       ?enqueue@Scheduler@scheduler@runtime@ock@@QEAA?AV?$expected@_KVError@foundation@ock@@@tl@@URequest@234@@Z 0000000140006230 f   ock_Runtime:scheduler.obj
 0001:00005d10       ?equivalent@error_category@std@@UEBA_NAEBVerror_code@2@H@Z 0000000140006d10 f i ock_Runtime:scheduler.obj
 0001:00005d30       ?equivalent@error_category@std@@UEBA_NHAEBVerror_condition@2@@Z 0000000140006d30 f i ock_Runtime:scheduler.obj
 0001:00005d70       ?erase@?$_Tree@V?$_Tmap_traits@_KV?$shared_ptr@UEntry@State@Scheduler@scheduler@runtime@ock@@@std@@U?$less@_K@2@V?$allocator@U?$pair@$$CB_KV?$shared_ptr@UEntry@State@Scheduler@scheduler@runtime@ock@@@std@@@std@@@2@$0A@@std@@@std@@QEAA_KAEB_K@Z 0000000140006d70 f i ock_Runtime:scheduler.obj
 0001:00005d70       ?erase@?$_Tree@V?$_Tmap_traits@_KV?$shared_ptr@UWaiting@State@ResourceManager@resources@runtime@ock@@@std@@U?$less@_K@2@V?$allocator@U?$pair@$$CB_KV?$shared_ptr@UWaiting@State@ResourceManager@resources@runtime@ock@@@std@@@std@@@2@$0A@@std@@@std@@QEAA_KAEB_K@Z 0000000140006d70 f i ock_Runtime:resources.obj
 0001:00005e70       ?erase@?$_Tree@V?$_Tset_traits@_KU?$less@_K@std@@V?$allocator@_K@2@$0A@@std@@@std@@QEAA_KAEB_K@Z 0000000140006e70 f i ock_Runtime:scheduler.obj
 0001:00005f10       ?execute@Work@State@Scheduler@scheduler@runtime@ock@@UEAAXXZ 0000000140006f10 f i ock_Runtime:scheduler.obj
 0001:000062e0       ?finish@State@Scheduler@scheduler@runtime@ock@@QEAAXAEAUEntry@12345@V?$expected@XVError@foundation@ock@@@tl@@@Z 00000001400072e0 f i ock_Runtime:scheduler.obj
 0001:00006600       ?link@State@Scheduler@scheduler@runtime@ock@@QEAAXAEAUEntry@12345@@Z 0000000140007600 f i ock_Runtime:scheduler.obj
 0001:000066a0       ?lock@_Mutex_base@std@@QEAAXXZ 00000001400076a0 f i ock_Runtime:scheduler.obj
 0001:000066e0       ?make_error_code@std@@YA?AVerror_code@1@W4errc@1@@Z 00000001400076e0 f i ock_Runtime:scheduler.obj
 0001:00006700       ?message@_Generic_error_category@std@@UEBA?AV?$basic_string@DU?$char_traits@D@std@@V?$allocator@D@2@@2@H@Z 0000000140007700 f i ock_Runtime:scheduler.obj
 0001:00006760       ?name@_Generic_error_category@std@@UEBAPEBDXZ 0000000140007760 f i ock_Runtime:scheduler.obj
 0001:00006770       ?notify@State@Scheduler@scheduler@runtime@ock@@QEAAXXZ 0000000140007770 f i ock_Runtime:scheduler.obj
 0001:00007630       ?pump@Scheduler@scheduler@runtime@ock@@QEAA_KV?$time_point@Usteady_clock@chrono@std@@V?$duration@_JU?$ratio@$00$0DLJKMKAA@@std@@@23@@chrono@std@@_K@Z 0000000140008630 f   ock_Runtime:scheduler.obj
 0001:000081b0       ?remove_deadline@State@Scheduler@scheduler@runtime@ock@@QEAAXAEAUEntry@12345@@Z 00000001400091b0 f i ock_Runtime:scheduler.obj
 0001:000081f0       ?signal@State@Scheduler@scheduler@runtime@ock@@QEAAXXZ 00000001400091f0 f i ock_Runtime:scheduler.obj
 0001:00008220       ?snapshot@Scheduler@scheduler@runtime@ock@@QEBA?AUSnapshot@234@XZ 0000000140009220 f   ock_Runtime:scheduler.obj
 0001:00008320       ?unlink@State@Scheduler@scheduler@runtime@ock@@QEAAXAEAUEntry@12345@@Z 0000000140009320 f i ock_Runtime:scheduler.obj
 0001:000083a0       ??$?RAEBV?$basic_string@DU?$char_traits@D@std@@V?$allocator@D@2@@std@@AEBV01@@?$less@X@std@@QEBA_NAEBV?$basic_string@DU?$char_traits@D@std@@V?$allocator@D@2@@1@0@Z 00000001400093a0 f i ock_Runtime:resources.obj
 0001:00008440       ??$_Copy_nodes@$0A@@?$_Tree@V?$_Tset_traits@_KU?$less@_K@std@@V?$allocator@_K@2@$0A@@std@@@std@@IEAAPEAU?$_Tree_node@_KPEAX@1@PEAU21@0@Z 0000000140009440 f i ock_Runtime:resources.obj
 0001:00008500       ??$_Emplace_reallocate@UCell@State@ResourceManager@resources@runtime@ock@@@?$vector@UCell@State@ResourceManager@resources@runtime@ock@@V?$allocator@UCell@State@ResourceManager@resources@runtime@ock@@@std@@@std@@AEAAPEAUCell@State@ResourceManager@resources@runtime@ock@@QEAU234567@$$QEAU234567@@Z 0000000140009500 f i ock_Runtime:resources.obj
 0001:00008880       ??$_Emplace_reallocate@UHolding@ResourceManager@resources@runtime@ock@@@?$vector@UHolding@ResourceManager@resources@runtime@ock@@V?$allocator@UHolding@ResourceManager@resources@runtime@ock@@@std@@@std@@AEAAPEAUHolding@ResourceManager@resources@runtime@ock@@QEAU23456@$$QEAU23456@@Z 0000000140009880 f i ock_Runtime:resources.obj
 0001:00008a60       ??$_Erase_head@V?$allocator@U?$_Tree_node@_KPEAX@std@@@std@@@?$_Tree_val@U?$_Tree_simple_types@_K@std@@@std@@QEAAXAEAV?$allocator@U?$_Tree_node@_KPEAX@std@@@1@@Z 0000000140009a60 f i ock_Runtime:resources.obj
 0001:00008ae0       ??$_Erase_tree@V?$allocator@U?$_Tree_node@U?$pair@$$CBV?$basic_string@DU?$char_traits@D@std@@V?$allocator@D@2@@std@@_K@std@@PEAX@std@@@std@@@?$_Tree_val@U?$_Tree_simple_types@U?$pair@$$CBV?$basic_string@DU?$char_traits@D@std@@V?$allocator@D@2@@std@@_K@std@@@std@@@std@@QEAAXAEAV?$allocator@U?$_Tree_node@U?$pair@$$CBV?$basic_string@DU?$char_traits@D@std@@V?$allocator@D@2@@std@@_K@std@@PEAX@std@@@1@PEAU?$_Tree_node@U?$pair@$$CBV?$basic_string@DU?$char_traits@D@std@@V?$allocator@D@2@@std@@_K@std@@PEAX@1@@Z 0000000140009ae0 f i ock_Runtime:resources.obj
 0001:00008b60       ??$_Find_lower_bound@V?$basic_string@DU?$char_traits@D@std@@V?$allocator@D@2@@std@@@?$_Tree@V?$_Tmap_traits@V?$basic_string@DU?$char_traits@D@std@@V?$allocator@D@2@@std@@_KU?$less@X@2@V?$allocator@U?$pair@$$CBV?$basic_string@DU?$char_traits@D@std@@V?$allocator@D@2@@std@@_K@std@@@2@$0A@@std@@@std@@IEBA?AU?$_Tree_find_result@PEAU?$_Tree_node@U?$pair@$$CBV?$basic_string@DU?$char_traits@D@std@@V?$allocator@D@2@@std@@_K@std@@PEAX@std@@@1@AEBV?$basic_string@DU?$char_traits@D@std@@V?$allocator@D@2@@1@@Z 0000000140009b60 f i ock_Runtime:resources.obj
 0001:00008c20       ??$_Uninitialized_move@PEAUCell@State@ResourceManager@resources@runtime@ock@@V?$allocator@UCell@State@ResourceManager@resources@runtime@ock@@@std@@@std@@YAPEAUCell@State@ResourceManager@resources@runtime@ock@@QEAU123456@0PEAU123456@AEAV?$allocator@UCell@State@ResourceManager@resources@runtime@ock@@@0@@Z 0000000140009c20 f i ock_Runtime:resources.obj
 0001:00008ca0       ??$construct@UCell@State@ResourceManager@resources@runtime@ock@@U123456@@?$_Default_allocator_traits@V?$allocator@UCell@State@ResourceManager@resources@runtime@ock@@@std@@@std@@SAXAEAV?$allocator@UCell@State@ResourceManager@resources@runtime@ock@@@1@QEAUCell@State@ResourceManager@resources@runtime@ock@@$$QEAU345678@@Z 0000000140009ca0 f i ock_Runtime:resources.obj
 0001:00008d60       ??0State@ResourceManager@resources@runtime@ock@@QEAA@XZ 0000000140009d60 f i ock_Runtime:resources.obj
 0001:00008e60       ??0Waiting@State@ResourceManager@resources@runtime@ock@@QEAA@XZ 0000000140009e60 f i ock_Runtime:resources.obj
 0001:00008f00       ??1?$_Alloc_construct_ptr@V?$allocator@U?$_Tree_node@U?$pair@$$CBV?$basic_string@DU?$char_traits@D@std@@V?$allocator@D@2@@std@@_K@std@@PEAX@std@@@std@@@std@@QEAA@XZ 0000000140009f00 f i ock_Runtime:resources.obj
 0001:00008f00       ??1?$_Tree_temp_node_alloc@V?$allocator@U?$_Tree_node@U?$pair@$$CBV?$basic_string@DU?$char_traits@D@std@@V?$allocator@D@2@@std@@_K@std@@PEAX@std@@@std@@@std@@QEAA@XZ 0000000140009f00 f i ock_Runtime:resources.obj
 0001:00008f20       ??1?$_Erase_tree_and_orphan_guard@V?$allocator@U?$_Tree_node@_KPEAX@std@@@std@@@?$_Tree_val@U?$_Tree_simple_types@_K@std@@@std@@QEAA@XZ 0000000140009f20 f i ock_Runtime:resources.obj
 0001:00008f90       ??1?$_Tree_head_scoped_ptr@V?$allocator@U?$_Tree_node@_KPEAX@std@@@std@@V?$_Tree_val@U?$_Tree_simple_types@_K@std@@@2@@std@@QEAA@XZ 0000000140009f90 f i ock_Runtime:resources.obj
 0001:00008fb0       ??1?$_Uninitialized_backout_al@V?$allocator@UCell@State@ResourceManager@resources@runtime@ock@@@std@@@std@@QEAA@XZ 0000000140009fb0 f i ock_Runtime:resources.obj
 0001:00009000       ??1?$expected@V?$vector@UHolding@ResourceManager@resources@runtime@ock@@V?$allocator@UHolding@ResourceManager@resources@runtime@ock@@@std@@@std@@VError@foundation@ock@@@tl@@QEAA@XZ 000000014000a000 f i ock_Runtime:resources.obj
 0001:00009010       ??1?$expected_storage_base@V?$vector@UHolding@ResourceManager@resources@runtime@ock@@V?$allocator@UHolding@ResourceManager@resources@runtime@ock@@@std@@@std@@VError@foundation@ock@@$0A@$0A@@detail@tl@@QEAA@XZ 000000014000a010 f i ock_Runtime:resources.obj
 0001:00009080       ??1?$map@V?$basic_string@DU?$char_traits@D@std@@V?$allocator@D@2@@std@@_KU?$less@X@2@V?$allocator@U?$pair@$$CBV?$basic_string@DU?$char_traits@D@std@@V?$allocator@D@2@@std@@_K@std@@@2@@std@@QEAA@XZ 000000014000a080 f i ock_Runtime:resources.obj
 0001:000090b0       ??1?$unique_ptr@VWaiter@ResourceManager@resources@runtime@ock@@U?$default_delete@VWaiter@ResourceManager@resources@runtime@ock@@@std@@@std@@QEAA@XZ 000000014000a0b0 f i ock_Runtime:resources.obj
 0001:00009160       ??1?$vector@UCell@State@ResourceManager@resources@runtime@ock@@V?$allocator@UCell@State@ResourceManager@resources@runtime@ock@@@std@@@std@@QEAA@XZ 000000014000a160 f i ock_Runtime:resources.obj
 0001:00009240       ??1?$vector@UHolding@ResourceManager@resources@runtime@ock@@V?$allocator@UHolding@ResourceManager@resources@runtime@ock@@@std@@@std@@QEAA@XZ 000000014000a240 f i ock_Runtime:resources.obj
 0001:00009250       ??1Cell@State@ResourceManager@resources@runtime@ock@@QEAA@XZ 000000014000a250 f i ock_Runtime:resources.obj
 0001:00009280       ??1Lease@ResourceManager@resources@runtime@ock@@UEAA@XZ 000000014000a280 f   ock_Runtime:resources.obj
 0001:000093f0       ??1ResourceManager@resources@runtime@ock@@QEAA@XZ 000000014000a3f0 f   ock_Runtime:resources.obj
 0001:00009450       ??1Waiter@ResourceManager@resources@runtime@ock@@QEAA@XZ 000000014000a450 f   ock_Runtime:resources.obj
 0001:000094e0       ??1_Reallocation_guard@?$vector@UCell@State@ResourceManager@resources@runtime@ock@@V?$allocator@UCell@State@ResourceManager@resources@runtime@ock@@@std@@@std@@QEAA@XZ 000000014000a4e0 f i ock_Runtime:resources.obj
 0001:000095a0       ??R?$default_delete@VWaiter@ResourceManager@resources@runtime@ock@@@std@@QEBAXPEAVWaiter@ResourceManager@resources@runtime@ock@@@Z 000000014000a5a0 f i ock_Runtime:resources.obj
 0001:00009650       ??_E?$_Ref_count_obj2@U?$atomic@_N@std@@@std@@UEAAPEAXI@Z 000000014000a650 f i ock_Runtime:resources.obj
 0001:00009650       ??_G?$_Ref_count_obj2@U?$atomic@_N@std@@@std@@UEAAPEAXI@Z 000000014000a650 f i ock_Runtime:resources.obj
 0001:00009680       ??_E?$_Ref_count_obj2@UState@ResourceManager@resources@runtime@ock@@@std@@UEAAPEAXI@Z 000000014000a680 f i ock_Runtime:resources.obj
 0001:00009680       ??_G?$_Ref_count_obj2@UState@ResourceManager@resources@runtime@ock@@@std@@UEAAPEAXI@Z 000000014000a680 f i ock_Runtime:resources.obj
 0001:000096b0       ??_E?$_Ref_count_obj2@UWaiting@State@ResourceManager@resources@runtime@ock@@@std@@UEAAPEAXI@Z 000000014000a6b0 f i ock_Runtime:resources.obj
 0001:000096b0       ??_G?$_Ref_count_obj2@UWaiting@State@ResourceManager@resources@runtime@ock@@@std@@UEAAPEAXI@Z 000000014000a6b0 f i ock_Runtime:resources.obj
 0001:000096e0       ?_Destroy@?$_Ref_count_obj2@U?$atomic@_N@std@@@std@@EEAAXXZ 000000014000a6e0 f i ock_Runtime:resources.obj
 0001:000096e0       ?_Destroy@?$_Ref_count_obj2@Vmutex@std@@@std@@EEAAXXZ 000000014000a6e0 f i ock_Adapter_CpuPool:executor.obj
 0001:000096e0       ?_Do_call@?$_Func_impl_no_alloc@V<lambda_1>@?2???$create_threads@V<lambda_2_>@?0???0?$thread_pool@$07@BS@@QEAA@_K@Z@@?$thread_pool@$07@BS@@AEAAX_K$$QEAV<lambda_2_>@?0???023@QEAA@0@Z@@Z@X_K@std@@EEAAX$$QEA_K@Z 000000014000a6e0 f i ock_Adapter_CpuPool:executor.obj
 0001:000096e0       ?_Do_call@?$_Func_impl_no_alloc@V<lambda_3_>@?$thread_pool@$07@BS@@X_K@std@@EEAAX$$QEA_K@Z 000000014000a6e0 f i ock_Adapter_CpuPool:executor.obj
 0001:000096e0       ?_Do_call@?$_Func_impl_no_alloc@V<lambda_4_>@?$thread_pool@$07@BS@@X_K@std@@EEAAX$$QEA_K@Z 000000014000a6e0 f i ock_Adapter_CpuPool:executor.obj
 0001:000096e0       _guard_check_icall_nop     000000014000a6e0 f i MSVCRT:guard_support.obj
 0001:000096e0       _initialize_denormal_control 000000014000a6e0 f i MSVCRT:denormal_control.obj
 0001:000096e0       _initialize_invalid_parameter_handler 000000014000a6e0 f i MSVCRT:invalid_parameter_handler.obj
 0001:000096f0       ?_Destroy@?$_Ref_count_obj2@UState@ResourceManager@resources@runtime@ock@@@std@@EEAAXXZ 000000014000a6f0 f i ock_Runtime:resources.obj
 0001:00009770       ?_Destroy@?$_Ref_count_obj2@UWaiting@State@ResourceManager@resources@runtime@ock@@@std@@EEAAXXZ 000000014000a770 f i ock_Runtime:resources.obj
 0001:00009830       ?_Erase_unchecked@?$_Tree@V?$_Tmap_traits@_KV?$shared_ptr@UWaiting@State@ResourceManager@resources@runtime@ock@@@std@@U?$less@_K@2@V?$allocator@U?$pair@$$CB_KV?$shared_ptr@UWaiting@State@ResourceManager@resources@runtime@ock@@@std@@@std@@@2@$0A@@std@@@std@@AEAAPEAU?$_Tree_node@U?$pair@$$CB_KV?$shared_ptr@UWaiting@State@ResourceManager@resources@runtime@ock@@@std@@@std@@PEAX@2@V?$_Tree_unchecked_const_iterator@V?$_Tree_val@U?$_Tree_simple_types@U?$pair@$$CB_KV?$shared_ptr@UWaiting@State@ResourceManager@resources@runtime@ock@@@std@@@std@@@std@@@std@@U_Iterator_base0@2@@2@@Z 000000014000a830 f i ock_Runtime:resources.obj
 0001:00009900       ?_Tidy@?$vector@UHolding@ResourceManager@resources@runtime@ock@@V?$allocator@UHolding@ResourceManager@resources@runtime@ock@@@std@@@std@@AEAAXXZ 000000014000a900 f i ock_Runtime:resources.obj
 0001:00009990       ?acquire@ResourceManager@resources@runtime@ock@@QEAA?AV?$expected@UAcquisition@ResourceManager@resources@runtime@ock@@VError@foundation@5@@tl@@V?$span@$$CBUClaim@resources@runtime@ock@@$0?0@std@@W4Phase@234@V?$function@$$A6AX_K@Z@8@@Z 000000014000a990 f   ock_Runtime:resources.obj
 0001:0000a480       ?cancel@Waiter@ResourceManager@resources@runtime@ock@@QEAAXXZ 000000014000b480 f   ock_Runtime:resources.obj
 0001:0000a5e0       ?close@ResourceManager@resources@runtime@ock@@QEAAXXZ 000000014000b5e0 f   ock_Runtime:resources.obj
 0001:0000a850       ?create@ResourceManager@resources@runtime@ock@@SA?AV?$expected@V?$unique_ptr@VResourceManager@resources@runtime@ock@@U?$default_delete@VResourceManager@resources@runtime@ock@@@std@@@std@@VError@foundation@ock@@@tl@@V?$vector@USlot@resources@runtime@ock@@V?$allocator@USlot@resources@runtime@ock@@@std@@@std@@V?$vector@UAlias@resources@runtime@ock@@V?$allocator@UAlias@resources@runtime@ock@@@std@@@8@UOptions@234@@Z 000000014000b850 f   ock_Runtime:resources.obj
 0001:0000b340       ?deallocate@?$allocator@UHolding@ResourceManager@resources@runtime@ock@@@std@@QEAAXQEAUHolding@ResourceManager@resources@runtime@ock@@_K@Z 000000014000c340 f i ock_Runtime:resources.obj
 0001:0000b3a0       ?fail_fast@foundation@ock@@YAXXZ 000000014000c3a0 f i ock_Runtime:resources.obj
 0001:0000b3b0       ?normalize@State@ResourceManager@resources@runtime@ock@@QEBA?AV?$expected@V?$vector@UHolding@ResourceManager@resources@runtime@ock@@V?$allocator@UHolding@ResourceManager@resources@runtime@ock@@@std@@@std@@VError@foundation@ock@@@tl@@V?$span@$$CBUClaim@resources@runtime@ock@@$0?0@std@@W4Phase@345@@Z 000000014000c3b0 f i ock_Runtime:resources.obj
 0001:0000b990       ?release@State@ResourceManager@resources@runtime@ock@@QEAAXV?$vector@UHolding@ResourceManager@resources@runtime@ock@@V?$allocator@UHolding@ResourceManager@resources@runtime@ock@@@std@@@std@@@Z 000000014000c990 f i ock_Runtime:resources.obj
 0001:0000bfa0       ?unindex@State@ResourceManager@resources@runtime@ock@@QEAAXAEBUWaiting@12345@@Z 000000014000cfa0 f i ock_Runtime:resources.obj
 0001:0000c090       ?used@ResourceManager@resources@runtime@ock@@QEBA_KV?$basic_string_view@DU?$char_traits@D@std@@@std@@@Z 000000014000d090 f   ock_Runtime:resources.obj
 0001:0000c200       ??$?0PEAVcondition_variable_any@std@@@?$stop_callback@U_Cv_any_notify_all@condition_variable_any@std@@@std@@QEAA@AEBVstop_token@1@$$QEAPEAVcondition_variable_any@1@@Z 000000014000d200 f i ock_Adapter_CpuPool:executor.obj
 0001:0000c390       ??$?0V<lambda_2_>@?0???0?$thread_pool@$07@BS@@QEAA@_K@Z@@?$thread_pool@$07@BS@@QEAA@_K$$QEAV<lambda_2_>@?0???001@QEAA@0@Z@@Z 000000014000d390 f i ock_Adapter_CpuPool:executor.obj
 0001:0000c550       ??$_Invoke@V?$tuple@V<lambda_2>@?5???$create_threads@V<lambda_2_>@?0???0?$thread_pool@$07@BS@@QEAA@_K@Z@@?$thread_pool@$07@BS@@AEAAX_K$$QEAV<lambda_2_>@?0???023@QEAA@0@Z@@Z@Vstop_token@std@@@std@@$0A@$00@thread@std@@CAIPEAX@Z 000000014000d550 f i ock_Adapter_CpuPool:executor.obj
 0001:0000c5b0       ??$create_threads@V<lambda_2_>@?0???0?$thread_pool@$07@BS@@QEAA@_K@Z@@?$thread_pool@$07@BS@@AEAAX_K$$QEAV<lambda_2_>@?0???001@QEAA@0@Z@@Z 000000014000d5b0 f i ock_Adapter_CpuPool:executor.obj
 0001:0000cb80       ??$wait_until@Usteady_clock@chrono@std@@V?$duration@_JU?$ratio@$00$0DLJKMKAA@@std@@@23@@?$thread_pool@$07@BS@@QEAA_NAEBV?$time_point@Usteady_clock@chrono@std@@V?$duration@_JU?$ratio@$00$0DLJKMKAA@@std@@@23@@chrono@std@@@Z 000000014000db80 f i ock_Adapter_CpuPool:executor.obj
 0001:0000cf70       ??0jthread@std@@QEAA@XZ    000000014000df70 f i ock_Adapter_CpuPool:executor.obj
 0001:0000cf90       ??0wait_deadlock@BS@@QEAA@AEBU01@@Z 000000014000df90 f i ock_Adapter_CpuPool:executor.obj
 0001:0000cfd0       ??0wait_deadlock@BS@@QEAA@XZ 000000014000dfd0 f i ock_Adapter_CpuPool:executor.obj
 0001:0000d070       ??1?$_Unlock_guard@V?$unique_lock@Vmutex@std@@@std@@@std@@QEAA@XZ 000000014000e070 f i ock_Adapter_CpuPool:executor.obj
 0001:0000d0f0       ??1?$queue@V?$function@$$A6AXXZ@std@@V?$deque@V?$function@$$A6AXXZ@std@@V?$allocator@V?$function@$$A6AXXZ@std@@@2@@2@@std@@QEAA@XZ 000000014000e0f0 f i ock_Adapter_CpuPool:executor.obj
 0001:0000d100       ??1?$stop_callback@U_Cv_any_notify_all@condition_variable_any@std@@@std@@QEAA@XZ 000000014000e100 f i ock_Adapter_CpuPool:executor.obj
 0001:0000d110       ??1?$thread_pool@$07@BS@@QEAA@XZ 000000014000e110 f i ock_Adapter_CpuPool:executor.obj
 0001:0000d210       ??1?$unique_ptr@$$BY0A@Vjthread@std@@U?$default_delete@$$BY0A@Vjthread@std@@@2@@std@@QEAA@XZ 000000014000e210 f i ock_Adapter_CpuPool:executor.obj
 0001:0000d260       ??1?$unique_ptr@V?$tuple@V<lambda_2>@?5???$create_threads@V<lambda_2_>@?0???0?$thread_pool@$07@BS@@QEAA@_K@Z@@?$thread_pool@$07@BS@@AEAAX_K$$QEAV<lambda_2_>@?0???023@QEAA@0@Z@@Z@Vstop_token@std@@@std@@U?$default_delete@V?$tuple@V<lambda_2>@?5???$create_threads@V<lambda_2_>@?0???0?$thread_pool@$07@BS@@QEAA@_K@Z@@?$thread_pool@$07@BS@@AEAAX_K$$QEAV<lambda_2_>@?0???023@QEAA@0@Z@@Z@Vstop_token@std@@@std@@@2@@std@@QEAA@XZ 000000014000e260 f i ock_Adapter_CpuPool:executor.obj
 0001:0000d2b0       ??1?$unique_ptr@VExecutor@cpu_pool@ock@@U?$default_delete@VExecutor@cpu_pool@ock@@@std@@@std@@QEAA@XZ 000000014000e2b0 f i ock_Adapter_CpuPool:executor.obj
 0001:0000d3c0       ??1?$unique_ptr@VReadyWork@contracts@ock@@U?$default_delete@VReadyWork@contracts@ock@@@std@@@std@@QEAA@XZ 000000014000e3c0 f i ock_Adapter_CpuPool:executor.obj
 0001:0000d3e0       ??1Executor@cpu_pool@ock@@UEAA@XZ 000000014000e3e0 f   ock_Adapter_CpuPool:executor.obj
 0001:0000d4d0       ??1jthread@std@@QEAA@XZ    000000014000e4d0 f i ock_Adapter_CpuPool:executor.obj
 0001:0000d530       ??1stop_source@std@@QEAA@XZ 000000014000e530 f i ock_Adapter_CpuPool:executor.obj
 0001:0000d570       ??1stop_token@std@@QEAA@XZ 000000014000e570 f i ock_Adapter_CpuPool:executor.obj
 0001:0000d5a0       ??1thread@std@@QEAA@XZ     000000014000e5a0 f i ock_Adapter_CpuPool:executor.obj
 0001:0000d5c0       ??_E?$_Ref_count_obj2@V?$unique_ptr@VReadyWork@contracts@ock@@U?$default_delete@VReadyWork@contracts@ock@@@std@@@std@@@std@@UEAAPEAXI@Z 000000014000e5c0 f i ock_Adapter_CpuPool:executor.obj
 0001:0000d5c0       ??_G?$_Ref_count_obj2@V?$unique_ptr@VReadyWork@contracts@ock@@U?$default_delete@VReadyWork@contracts@ock@@@std@@@std@@@std@@UEAAPEAXI@Z 000000014000e5c0 f i ock_Adapter_CpuPool:executor.obj
 0001:0000d5f0       ??_E?$_Ref_count_obj2@Vmutex@std@@@std@@UEAAPEAXI@Z 000000014000e5f0 f i ock_Adapter_CpuPool:executor.obj
 0001:0000d5f0       ??_G?$_Ref_count_obj2@Vmutex@std@@@std@@UEAAPEAXI@Z 000000014000e5f0 f i ock_Adapter_CpuPool:executor.obj
 0001:0000d620       ?_Copy@?$_Func_impl_no_alloc@V<lambda_1>@?2???$create_threads@V<lambda_2_>@?0???0?$thread_pool@$07@BS@@QEAA@_K@Z@@?$thread_pool@$07@BS@@AEAAX_K$$QEAV<lambda_2_>@?0???023@QEAA@0@Z@@Z@X_K@std@@EEBAPEAV?$_Func_base@X_K@2@PEAX@Z 000000014000e620 f i ock_Adapter_CpuPool:executor.obj
 0001:0000d620       ?_Move@?$_Func_impl_no_alloc@V<lambda_1>@?2???$create_threads@V<lambda_2_>@?0???0?$thread_pool@$07@BS@@QEAA@_K@Z@@?$thread_pool@$07@BS@@AEAAX_K$$QEAV<lambda_2_>@?0???023@QEAA@0@Z@@Z@X_K@std@@EEAAPEAV?$_Func_base@X_K@2@PEAX@Z 000000014000e620 f i ock_Adapter_CpuPool:executor.obj
 0001:0000d680       ?_Copy@?$_Func_impl_no_alloc@V<lambda_3_>@?$thread_pool@$07@BS@@X_K@std@@EEBAPEAV?$_Func_base@X_K@2@PEAX@Z 000000014000e680 f i ock_Adapter_CpuPool:executor.obj
 0001:0000d680       ?_Move@?$_Func_impl_no_alloc@V<lambda_3_>@?$thread_pool@$07@BS@@X_K@std@@EEAAPEAV?$_Func_base@X_K@2@PEAX@Z 000000014000e680 f i ock_Adapter_CpuPool:executor.obj
 0001:0000d690       ?_Copy@?$_Func_impl_no_alloc@V<lambda_4_>@?$thread_pool@$07@BS@@X_K@std@@EEBAPEAV?$_Func_base@X_K@2@PEAX@Z 000000014000e690 f i ock_Adapter_CpuPool:executor.obj
 0001:0000d690       ?_Move@?$_Func_impl_no_alloc@V<lambda_4_>@?$thread_pool@$07@BS@@X_K@std@@EEAAPEAV?$_Func_base@X_K@2@PEAX@Z 000000014000e690 f i ock_Adapter_CpuPool:executor.obj
 0001:0000d720       ?_Destroy@?$_Ref_count_obj2@V?$unique_ptr@VReadyWork@contracts@ock@@U?$default_delete@VReadyWork@contracts@ock@@@std@@@std@@@std@@EEAAXXZ 000000014000e720 f i ock_Adapter_CpuPool:executor.obj
 0001:0000d740       ?_Detach@_Stop_callback_base@std@@IEAAXXZ 000000014000e740 f i ock_Adapter_CpuPool:executor.obj
 0001:0000d950       ?_Invoke_by_stop@?$stop_callback@U_Cv_any_notify_all@condition_variable_any@std@@@std@@CAXQEAV_Stop_callback_base@2@@Z 000000014000e950 f i ock_Adapter_CpuPool:executor.obj
 0001:0000d9b0       ?_Lock_and_load@?$_Locked_pointer@V_Stop_callback_base@std@@@std@@QEAAPEAV_Stop_callback_base@2@XZ 000000014000e9b0 f i ock_Adapter_CpuPool:executor.obj
 0001:0000da90       ?_Target_type@?$_Func_impl_no_alloc@V<lambda_1>@?2???$create_threads@V<lambda_2_>@?0???0?$thread_pool@$07@BS@@QEAA@_K@Z@@?$thread_pool@$07@BS@@AEAAX_K$$QEAV<lambda_2_>@?0???023@QEAA@0@Z@@Z@X_K@std@@EEBAAEBVtype_info@@XZ 000000014000ea90 f i ock_Adapter_CpuPool:executor.obj
 0001:0000dab0       ?_Target_type@?$_Func_impl_no_alloc@V<lambda_3_>@?$thread_pool@$07@BS@@X_K@std@@EEBAAEBVtype_info@@XZ 000000014000eab0 f i ock_Adapter_CpuPool:executor.obj
 0001:0000dac0       ?_Target_type@?$_Func_impl_no_alloc@V<lambda_4_>@?$thread_pool@$07@BS@@X_K@std@@EEBAAEBVtype_info@@XZ 000000014000eac0 f i ock_Adapter_CpuPool:executor.obj
 0001:0000dad0       ?_Try_cancel_and_join@jthread@std@@AEAAXXZ 000000014000ead0 f i ock_Adapter_CpuPool:executor.obj
 0001:0000db50       ?create@Executor@cpu_pool@ock@@SA?AV?$expected@V?$unique_ptr@VExecutor@cpu_pool@ock@@U?$default_delete@VExecutor@cpu_pool@ock@@@std@@@std@@VError@foundation@ock@@@tl@@UOptions@23@@Z 000000014000eb50 f   ock_Adapter_CpuPool:executor.obj
 0001:0000dce0       ?drain_until@Executor@cpu_pool@ock@@UEAA?AV?$expected@XVError@foundation@ock@@@tl@@V?$time_point@Usteady_clock@chrono@std@@V?$duration@_JU?$ratio@$00$0DLJKMKAA@@std@@@23@@chrono@std@@@Z 000000014000ece0 f   ock_Adapter_CpuPool:executor.obj
 0001:0000dea0       ?in_worker@Executor@cpu_pool@ock@@UEBA_NXZ 000000014000eea0 f   ock_Adapter_CpuPool:executor.obj
 0001:0000def0       ?request_stop@stop_source@std@@QEAA_NXZ 000000014000eef0 f i ock_Adapter_CpuPool:executor.obj
 0001:0000e050       ?shutdown_until@Executor@cpu_pool@ock@@UEAA?AV?$expected@XVError@foundation@ock@@@tl@@V?$time_point@Usteady_clock@chrono@std@@V?$duration@_JU?$ratio@$00$0DLJKMKAA@@std@@@23@@chrono@std@@@Z 000000014000f050 f   ock_Adapter_CpuPool:executor.obj
 0001:0000e2a0       ?submit@Executor@cpu_pool@ock@@UEAA?AV?$expected@XVError@foundation@ock@@@tl@@V?$unique_ptr@VReadyWork@contracts@ock@@U?$default_delete@VReadyWork@contracts@ock@@@std@@@std@@@Z 000000014000f2a0 f   ock_Adapter_CpuPool:executor.obj
 0001:0000e550       ?wait@?$thread_pool@$07@BS@@QEAAXXZ 000000014000f550 f i ock_Adapter_CpuPool:executor.obj
 0001:0000e650       ?worker@?$thread_pool@$07@BS@@AEAAXAEBVstop_token@std@@_K@Z 000000014000f650 f i ock_Adapter_CpuPool:executor.obj
 0001:0000eba1       _Query_perf_counter        000000014000fba1 f   msvcprt:MSVCP140.dll
 0001:0000eba7       _Query_perf_frequency      000000014000fba7 f   msvcprt:MSVCP140.dll
 0001:0000ebad       ?uncaught_exceptions@std@@YAHXZ 000000014000fbad f   msvcprt:MSVCP140.dll
 0001:0000ebb3       ?_Xlength_error@std@@YAXPEBD@Z 000000014000fbb3 f   msvcprt:MSVCP140.dll
 0001:0000ebb9       _Mtx_lock                  000000014000fbb9 f   msvcprt:MSVCP140.dll
 0001:0000ebbf       _Mtx_unlock                000000014000fbbf f   msvcprt:MSVCP140.dll
 0001:0000ebc5       ?_Throw_Cpp_error@std@@YAXH@Z 000000014000fbc5 f   msvcprt:MSVCP140.dll
 0001:0000ebcb       ?_Xout_of_range@std@@YAXPEBD@Z 000000014000fbcb f   msvcprt:MSVCP140.dll
 0001:0000ebd1       ?_Syserror_map@std@@YAPEBDH@Z 000000014000fbd1 f   msvcprt:MSVCP140.dll
 0001:0000ebd7       ?_Xbad_function_call@std@@YAXXZ 000000014000fbd7 f   msvcprt:MSVCP140.dll
 0001:0000ebdd       __std_atomic_wait_direct   000000014000fbdd f   msvcprt:MSVCP140_ATOMIC_WAIT.dll
 0001:0000ebe3       __std_atomic_notify_all_direct 000000014000fbe3 f   msvcprt:MSVCP140_ATOMIC_WAIT.dll
 0001:0000ebe9       _Thrd_join                 000000014000fbe9 f   msvcprt:MSVCP140.dll
 0001:0000ebef       _Thrd_hardware_concurrency 000000014000fbef f   msvcprt:MSVCP140.dll
 0001:0000ebf5       _Thrd_id                   000000014000fbf5 f   msvcprt:MSVCP140.dll
 0001:0000ebfb       _Cnd_wait                  000000014000fbfb f   msvcprt:MSVCP140.dll
 0001:0000ec01       _Cnd_broadcast             000000014000fc01 f   msvcprt:MSVCP140.dll
 0001:0000ec07       _Cnd_signal                000000014000fc07 f   msvcprt:MSVCP140.dll
 0001:0000ec0d       _Cnd_do_broadcast_at_thread_exit 000000014000fc0d f   msvcprt:MSVCP140.dll
 0001:0000ec14       _Cnd_timedwait_for_impl    000000014000fc14 f   msvcprt:sharedmutex.obj
 0001:0000ecac       _Cnd_timedwait_for_unchecked 000000014000fcac f   msvcprt:sharedmutex.obj
 0001:0000ecb4       ??_M@YAXPEAX_K1P6AX0@Z@Z   000000014000fcb4 f   MSVCRT:ehvecdtr.obj
 0001:0000ed20       ?__ArrayUnwind@@YAXPEAX_K1P6AX0@Z@Z 000000014000fd20 f   MSVCRT:ehvecdtr.obj
 0001:0000ed7c       ??2@YAPEAX_K@Z             000000014000fd7c f   MSVCRT:new_scalar.obj
 0001:0000edb8       ??3@YAXPEAX_K@Z            000000014000fdb8 f   MSVCRT:delete_scalar_size.obj
 0001:0000edb8       ??_V@YAXPEAX@Z             000000014000fdb8 f   MSVCRT:delete_array.obj
 0001:0000edc0       __GSHandlerCheck           000000014000fdc0 f   MSVCRT:gshandler.obj
 0001:0000ede0       __GSHandlerCheckCommon     000000014000fde0 f   MSVCRT:gshandler.obj
 0001:0000ee40       __GSHandlerCheck_EH4       000000014000fe40 f   MSVCRT:gshandlereh4.obj
 0001:0000eed0       __security_check_cookie    000000014000fed0 f   MSVCRT:amdsecgs.obj
 0001:0000eef0       ??_Etype_info@@UEAAPEAXI@Z 000000014000fef0 f i MSVCRT:std_type_info_static.obj
 0001:0000eef0       ??_Gtype_info@@UEAAPEAXI@Z 000000014000fef0 f i MSVCRT:std_type_info_static.obj
 0001:0000f17c       mainCRTStartup             000000014001017c f   MSVCRT:exe_main.obj
 0001:0000f190       ??_L@YAXPEAX_K1P6AX0@Z2@Z  0000000140010190 f   MSVCRT:ehvecctr.obj
 0001:0000f200       ??_U@YAPEAX_K@Z            0000000140010200 f   MSVCRT:new_array.obj
 0001:0000f208       ??_V@YAXPEAX_K@Z           0000000140010208 f   MSVCRT:delete_array_size.obj
 0001:0000f210       ??0bad_alloc@std@@QEAA@XZ  0000000140010210 f i MSVCRT:throw_bad_alloc.obj
 0001:0000f234       ?__scrt_throw_std_bad_alloc@@YAXXZ 0000000140010234 f   MSVCRT:throw_bad_alloc.obj
 0001:0000f254       ??3@YAXPEAX@Z              0000000140010254 f   MSVCRT:delete_scalar.obj
 0001:0000f25c       __raise_securityfailure    000000014001025c f   MSVCRT:gs_report.obj
 0001:0000f290       __report_gsfailure         0000000140010290 f   MSVCRT:gs_report.obj
 0001:0000f3d8       __scrt_acquire_startup_lock 00000001400103d8 f   MSVCRT:utility.obj
 0001:0000f414       __scrt_initialize_crt      0000000140010414 f   MSVCRT:utility.obj
 0001:0000f450       __scrt_initialize_onexit_tables 0000000140010450 f   MSVCRT:utility.obj
 0001:0000f4dc       __scrt_is_nonwritable_in_current_image 00000001400104dc f   MSVCRT:utility.obj
 0001:0000f574       __scrt_release_startup_lock 0000000140010574 f   MSVCRT:utility.obj
 0001:0000f598       __scrt_uninitialize_crt    0000000140010598 f   MSVCRT:utility.obj
 0001:0000f5c4       _onexit                    00000001400105c4 f   MSVCRT:utility.obj
 0001:0000f600       atexit                     0000000140010600 f   MSVCRT:utility.obj
 0001:0000f618       __security_init_cookie     0000000140010618 f   MSVCRT:gs_support.obj
 0001:0000f6c8       _get_startup_argv_mode     00000001400106c8 f   MSVCRT:argv_mode.obj
 0001:0000f6d0       _get_startup_file_mode     00000001400106d0 f   MSVCRT:file_mode.obj
 0001:0000f6d8       ?__scrt_initialize_type_info@@YAXXZ 00000001400106d8 f   MSVCRT:tncleanup.obj
 0001:0000f6e8       __acrt_initialize          00000001400106e8 f   MSVCRT:ucrt_stubs.obj
 0001:0000f6e8       __acrt_uninitialize        00000001400106e8 f   MSVCRT:ucrt_stubs.obj
 0001:0000f6e8       __scrt_stub_for_acrt_initialize 00000001400106e8 f   MSVCRT:ucrt_stubs.obj
 0001:0000f6e8       __scrt_stub_for_acrt_uninitialize 00000001400106e8 f   MSVCRT:ucrt_stubs.obj
 0001:0000f6e8       __vcrt_initialize          00000001400106e8 f   MSVCRT:ucrt_stubs.obj
 0001:0000f6e8       __vcrt_uninitialize        00000001400106e8 f   MSVCRT:ucrt_stubs.obj
 0001:0000f6e8       _should_initialize_environment 00000001400106e8 f   MSVCRT:env_mode.obj
 0001:0000f6ec       __local_stdio_printf_options 00000001400106ec f i MSVCRT:default_local_stdio_options.obj
 0001:0000f6f4       __local_stdio_scanf_options 00000001400106f4 f i MSVCRT:default_local_stdio_options.obj
 0001:0000f6fc       __scrt_initialize_default_local_stdio_options 00000001400106fc f   MSVCRT:default_local_stdio_options.obj
 0001:0000f718       __scrt_is_user_matherr_present 0000000140010718 f   MSVCRT:matherr_detection.obj
 0001:0000f724       __scrt_get_dyn_tls_init_callback 0000000140010724 f   MSVCRT:dyn_tls_init.obj
 0001:0000f72c       __scrt_get_dyn_tls_dtor_callback 000000014001072c f   MSVCRT:dyn_tls_dtor.obj
 0001:0000f734       __crt_debugger_hook        0000000140010734 f   MSVCRT:utility_desktop.obj
 0001:0000f740       __scrt_fastfail            0000000140010740 f   MSVCRT:utility_desktop.obj
 0001:0000f88c       __scrt_initialize_mta      000000014001088c f   MSVCRT:utility_desktop.obj
 0001:0000f894       __scrt_is_managed_app      0000000140010894 f   MSVCRT:utility_desktop.obj
 0001:0000f8e8       __scrt_set_unhandled_exception_filter 00000001400108e8 f   MSVCRT:utility_desktop.obj
 0001:0000f8f8       __scrt_unhandled_exception_filter 00000001400108f8 f   MSVCRT:utility_desktop.obj
 0001:0000f95c       _RTC_Initialize            000000014001095c f   MSVCRT:initsect.obj
 0001:0000f998       _RTC_Terminate             0000000140010998 f   MSVCRT:initsect.obj
 0001:0000f9e0       __isa_available_init       00000001400109e0 f   MSVCRT:cpu_disp.obj
 0001:0000fc78       __scrt_is_ucrt_dll_in_use  0000000140010c78 f   MSVCRT:ucrt_detection.obj
 0001:0000fc84       __std_terminate            0000000140010c84 f   vcruntime:VCRUNTIME140.dll
 0001:0000fc8a       __std_exception_copy       0000000140010c8a f   vcruntime:VCRUNTIME140.dll
 0001:0000fc90       __std_exception_destroy    0000000140010c90 f   vcruntime:VCRUNTIME140.dll
 0001:0000fc96       __std_type_info_compare    0000000140010c96 f   vcruntime:VCRUNTIME140.dll
 0001:0000fc9c       _CxxThrowException         0000000140010c9c f   vcruntime:VCRUNTIME140.dll
 0001:0000fca2       __CxxFrameHandler4         0000000140010ca2 f   vcruntime:VCRUNTIME140_1.dll
 0001:0000fca8       memcpy                     0000000140010ca8 f   vcruntime:VCRUNTIME140.dll
 0001:0000fcae       memmove                    0000000140010cae f   vcruntime:VCRUNTIME140.dll
 0001:0000fcb4       memcmp                     0000000140010cb4 f   vcruntime:VCRUNTIME140.dll
 0001:0000fcba       memset                     0000000140010cba f   vcruntime:VCRUNTIME140.dll
 0001:0000fcc0       __current_exception        0000000140010cc0 f   vcruntime:VCRUNTIME140.dll
 0001:0000fcc6       __current_exception_context 0000000140010cc6 f   vcruntime:VCRUNTIME140.dll
 0001:0000fccc       __C_specific_handler       0000000140010ccc f   vcruntime:VCRUNTIME140.dll
 0001:0000fcd2       strlen                     0000000140010cd2 f   ucrt:api-ms-win-crt-string-l1-1-0.dll
 0001:0000fcd8       terminate                  0000000140010cd8 f   ucrt:api-ms-win-crt-runtime-l1-1-0.dll
 0001:0000fcde       _callnewh                  0000000140010cde f   ucrt:api-ms-win-crt-heap-l1-1-0.dll
 0001:0000fce4       malloc                     0000000140010ce4 f   ucrt:api-ms-win-crt-heap-l1-1-0.dll
 0001:0000fcea       _seh_filter_exe            0000000140010cea f   ucrt:api-ms-win-crt-runtime-l1-1-0.dll
 0001:0000fcf0       _set_app_type              0000000140010cf0 f   ucrt:api-ms-win-crt-runtime-l1-1-0.dll
 0001:0000fcf6       __setusermatherr           0000000140010cf6 f   ucrt:api-ms-win-crt-math-l1-1-0.dll
 0001:0000fcfc       _configure_narrow_argv     0000000140010cfc f   ucrt:api-ms-win-crt-runtime-l1-1-0.dll
 0001:0000fd02       _initialize_narrow_environment 0000000140010d02 f   ucrt:api-ms-win-crt-runtime-l1-1-0.dll
 0001:0000fd08       _get_initial_narrow_environment 0000000140010d08 f   ucrt:api-ms-win-crt-runtime-l1-1-0.dll
 0001:0000fd0e       _initterm                  0000000140010d0e f   ucrt:api-ms-win-crt-runtime-l1-1-0.dll
 0001:0000fd14       _initterm_e                0000000140010d14 f   ucrt:api-ms-win-crt-runtime-l1-1-0.dll
 0001:0000fd1a       exit                       0000000140010d1a f   ucrt:api-ms-win-crt-runtime-l1-1-0.dll
 0001:0000fd20       _exit                      0000000140010d20 f   ucrt:api-ms-win-crt-runtime-l1-1-0.dll
 0001:0000fd26       _set_fmode                 0000000140010d26 f   ucrt:api-ms-win-crt-stdio-l1-1-0.dll
 0001:0000fd2c       __p___argc                 0000000140010d2c f   ucrt:api-ms-win-crt-runtime-l1-1-0.dll
 0001:0000fd32       __p___argv                 0000000140010d32 f   ucrt:api-ms-win-crt-runtime-l1-1-0.dll
 0001:0000fd38       _cexit                     0000000140010d38 f   ucrt:api-ms-win-crt-runtime-l1-1-0.dll
 0001:0000fd3e       _c_exit                    0000000140010d3e f   ucrt:api-ms-win-crt-runtime-l1-1-0.dll
 0001:0000fd44       _register_thread_local_exe_atexit_callback 0000000140010d44 f   ucrt:api-ms-win-crt-runtime-l1-1-0.dll
 0001:0000fd4a       _configthreadlocale        0000000140010d4a f   ucrt:api-ms-win-crt-locale-l1-1-0.dll
 0001:0000fd50       _set_new_mode              0000000140010d50 f   ucrt:api-ms-win-crt-heap-l1-1-0.dll
 0001:0000fd56       __p__commode               0000000140010d56 f   ucrt:api-ms-win-crt-stdio-l1-1-0.dll
 0001:0000fd5c       free                       0000000140010d5c f   ucrt:api-ms-win-crt-heap-l1-1-0.dll
 0001:0000fd62       _initialize_onexit_table   0000000140010d62 f   ucrt:api-ms-win-crt-runtime-l1-1-0.dll
 0001:0000fd68       _register_onexit_function  0000000140010d68 f   ucrt:api-ms-win-crt-runtime-l1-1-0.dll
 0001:0000fd6e       _crt_atexit                0000000140010d6e f   ucrt:api-ms-win-crt-runtime-l1-1-0.dll
 0001:0000fd90       _guard_dispatch_icall_nop  0000000140010d90 f   MSVCRT:guard_dispatch.obj
 0001:0000fdb0       _guard_xfg_dispatch_icall_nop 0000000140010db0 f   MSVCRT:guard_xfg_dispatch.obj
 0002:00000000       __imp_SleepConditionVariableSRW 0000000140012000     kernel32:KERNEL32.dll
 0002:00000008       __imp_GetCurrentThreadId   0000000140012008     kernel32:KERNEL32.dll
 0002:00000010       __imp_GetTickCount64       0000000140012010     kernel32:KERNEL32.dll
 0002:00000018       __imp_RtlCaptureContext    0000000140012018     kernel32:KERNEL32.dll
 0002:00000020       __imp_RtlLookupFunctionEntry 0000000140012020     kernel32:KERNEL32.dll
 0002:00000028       __imp_RtlVirtualUnwind     0000000140012028     kernel32:KERNEL32.dll
 0002:00000030       __imp_UnhandledExceptionFilter 0000000140012030     kernel32:KERNEL32.dll
 0002:00000038       __imp_SetUnhandledExceptionFilter 0000000140012038     kernel32:KERNEL32.dll
 0002:00000040       __imp_GetCurrentProcess    0000000140012040     kernel32:KERNEL32.dll
 0002:00000048       __imp_TerminateProcess     0000000140012048     kernel32:KERNEL32.dll
 0002:00000050       __imp_IsProcessorFeaturePresent 0000000140012050     kernel32:KERNEL32.dll
 0002:00000058       __imp_QueryPerformanceCounter 0000000140012058     kernel32:KERNEL32.dll
 0002:00000060       __imp_GetCurrentProcessId  0000000140012060     kernel32:KERNEL32.dll
 0002:00000068       __imp_GetSystemTimeAsFileTime 0000000140012068     kernel32:KERNEL32.dll
 0002:00000070       __imp_InitializeSListHead  0000000140012070     kernel32:KERNEL32.dll
 0002:00000078       __imp_IsDebuggerPresent    0000000140012078     kernel32:KERNEL32.dll
 0002:00000080       __imp_GetModuleHandleW     0000000140012080     kernel32:KERNEL32.dll
 0002:00000088       \177KERNEL32_NULL_THUNK_DATA 0000000140012088     kernel32:KERNEL32.dll
 0002:00000090       __imp_?_Xbad_function_call@std@@YAXXZ 0000000140012090     msvcprt:MSVCP140.dll
 0002:00000098       __imp_?_Syserror_map@std@@YAPEBDH@Z 0000000140012098     msvcprt:MSVCP140.dll
 0002:000000a0       __imp_?_Xout_of_range@std@@YAXPEBD@Z 00000001400120a0     msvcprt:MSVCP140.dll
 0002:000000a8       __imp_?_Throw_Cpp_error@std@@YAXH@Z 00000001400120a8     msvcprt:MSVCP140.dll
 0002:000000b0       __imp__Thrd_hardware_concurrency 00000001400120b0     msvcprt:MSVCP140.dll
 0002:000000b8       __imp__Thrd_id             00000001400120b8     msvcprt:MSVCP140.dll
 0002:000000c0       __imp__Cnd_wait            00000001400120c0     msvcprt:MSVCP140.dll
 0002:000000c8       __imp__Cnd_broadcast       00000001400120c8     msvcprt:MSVCP140.dll
 0002:000000d0       __imp__Cnd_signal          00000001400120d0     msvcprt:MSVCP140.dll
 0002:000000d8       __imp__Cnd_do_broadcast_at_thread_exit 00000001400120d8     msvcprt:MSVCP140.dll
[...]
 0002:00003bfd       $ip2state$?_Invoke_by_stop@?$stop_callback@U_Cv_any_notify_all@condition_variable_any@std@@@std@@CAXQEAV_Stop_callback_base@2@@Z 0000000140015bfd     ock_Adapter_CpuPool:executor.obj
 0002:00003c00       $unwind$??1?$unique_ptr@$$BY0A@Vjthread@std@@U?$default_delete@$$BY0A@Vjthread@std@@@2@@std@@QEAA@XZ 0000000140015c00     ock_Adapter_CpuPool:executor.obj
 0002:00003c10       $cppxdata$??1?$unique_ptr@$$BY0A@Vjthread@std@@U?$default_delete@$$BY0A@Vjthread@std@@@2@@std@@QEAA@XZ 0000000140015c10     ock_Adapter_CpuPool:executor.obj
 0002:00003c19       $ip2state$??1?$unique_ptr@$$BY0A@Vjthread@std@@U?$default_delete@$$BY0A@Vjthread@std@@@2@@std@@QEAA@XZ 0000000140015c19     ock_Adapter_CpuPool:executor.obj
 0002:00003c1c       $unwind$??1?$thread_pool@$07@BS@@QEAA@XZ 0000000140015c1c     ock_Adapter_CpuPool:executor.obj
 0002:00003c34       $cppxdata$??1?$thread_pool@$07@BS@@QEAA@XZ 0000000140015c34     ock_Adapter_CpuPool:executor.obj
 0002:00003c41       $stateUnwindMap$??1?$thread_pool@$07@BS@@QEAA@XZ 0000000140015c41     ock_Adapter_CpuPool:executor.obj
 0002:00003c63       $tryMap$??1?$thread_pool@$07@BS@@QEAA@XZ 0000000140015c63     ock_Adapter_CpuPool:executor.obj
 0002:00003c6b       $handlerMap$??1?$thread_pool@$07@BS@@QEAA@XZ 0000000140015c6b     ock_Adapter_CpuPool:executor.obj
 0002:00003c73       $ip2state$??1?$thread_pool@$07@BS@@QEAA@XZ 0000000140015c73     ock_Adapter_CpuPool:executor.obj
 0002:00003c78       $unwind$?wait@?$thread_pool@$07@BS@@QEAAXXZ 0000000140015c78     ock_Adapter_CpuPool:executor.obj
 0002:00003c80       $chain$1$?wait@?$thread_pool@$07@BS@@QEAAXXZ 0000000140015c80     ock_Adapter_CpuPool:executor.obj
 0002:00003c98       $chain$3$?wait@?$thread_pool@$07@BS@@QEAAXXZ 0000000140015c98     ock_Adapter_CpuPool:executor.obj
 0002:00003c98       $chain$5$?wait@?$thread_pool@$07@BS@@QEAAXXZ 0000000140015c98     ock_Adapter_CpuPool:executor.obj
 0002:00003cac       $chain$4$?wait@?$thread_pool@$07@BS@@QEAAXXZ 0000000140015cac     ock_Adapter_CpuPool:executor.obj
 0002:00003cbc       $unwind$?worker@?$thread_pool@$07@BS@@AEAAXAEBVstop_token@std@@_K@Z 0000000140015cbc     ock_Adapter_CpuPool:executor.obj
 0002:00003ce4       $cppxdata$?worker@?$thread_pool@$07@BS@@AEAAXAEBVstop_token@std@@_K@Z 0000000140015ce4     ock_Adapter_CpuPool:executor.obj
 0002:00003cf1       $stateUnwindMap$?worker@?$thread_pool@$07@BS@@AEAAXAEBVstop_token@std@@_K@Z 0000000140015cf1     ock_Adapter_CpuPool:executor.obj
 0002:00003d21       $tryMap$?worker@?$thread_pool@$07@BS@@AEAAXAEBVstop_token@std@@_K@Z 0000000140015d21     ock_Adapter_CpuPool:executor.obj
 0002:00003d29       $handlerMap$?worker@?$thread_pool@$07@BS@@AEAAXAEBVstop_token@std@@_K@Z 0000000140015d29     ock_Adapter_CpuPool:executor.obj
 0002:00003d32       $ip2state$?worker@?$thread_pool@$07@BS@@AEAAXAEBVstop_token@std@@_K@Z 0000000140015d32     ock_Adapter_CpuPool:executor.obj
 0002:00003d50       $unwind$??1?$unique_ptr@VExecutor@cpu_pool@ock@@U?$default_delete@VExecutor@cpu_pool@ock@@@std@@@std@@QEAA@XZ 0000000140015d50     ock_Adapter_CpuPool:executor.obj
 0002:00003d64       $cppxdata$??1?$unique_ptr@VExecutor@cpu_pool@ock@@U?$default_delete@VExecutor@cpu_pool@ock@@@std@@@std@@QEAA@XZ 0000000140015d64     ock_Adapter_CpuPool:executor.obj
 0002:00003d6d       $ip2state$??1?$unique_ptr@VExecutor@cpu_pool@ock@@U?$default_delete@VExecutor@cpu_pool@ock@@@std@@@std@@QEAA@XZ 0000000140015d6d     ock_Adapter_CpuPool:executor.obj
 0002:00003d74       $chain$0$??1<lambda_1>@?L@??submit@Executor@cpu_pool@ock@@UEAA?AV?$expected@XVError@foundation@ock@@@tl@@V?$unique_ptr@VReadyWork@contracts@ock@@U?$default_delete@VReadyWork@contracts@ock@@@std@@@std@@@Z@QEAA@XZ 0000000140015d74     ock_Adapter_CpuPool:executor.obj
 0002:00003d88       $chain$1$??1<lambda_1>@?L@??submit@Executor@cpu_pool@ock@@UEAA?AV?$expected@XVError@foundation@ock@@@tl@@V?$unique_ptr@VReadyWork@contracts@ock@@U?$default_delete@VReadyWork@contracts@ock@@@std@@@std@@@Z@QEAA@XZ 0000000140015d88     ock_Adapter_CpuPool:executor.obj
 0002:00003d98       $unwind$??$detach_task@V<lambda_1>@?L@??submit@Executor@cpu_pool@ock@@UEAA?AV?$expected@XVError@foundation@ock@@@tl@@V?$unique_ptr@VReadyWork@contracts@ock@@U?$default_delete@VReadyWork@contracts@ock@@@std@@@std@@@Z@@?$thread_pool@$07@BS@@QEAAX$$QEAV<lambda_1>@?L@??submit@Executor@cpu_pool@ock@@UEAA?AV?$expected@XVError@foundation@ock@@@tl@@V?$unique_ptr@VReadyWork@contracts@ock@@U?$default_delete@VReadyWork@contracts@ock@@@std@@@std@@@Z@C@Z 0000000140015d98     ock_Adapter_CpuPool:executor.obj
 0002:00003db4       $cppxdata$??$detach_task@V<lambda_1>@?L@??submit@Executor@cpu_pool@ock@@UEAA?AV?$expected@XVError@foundation@ock@@@tl@@V?$unique_ptr@VReadyWork@contracts@ock@@U?$default_delete@VReadyWork@contracts@ock@@@std@@@std@@@Z@@?$thread_pool@$07@BS@@QEAAX$$QEAV<lambda_1>@?L@??submit@Executor@cpu_pool@ock@@UEAA?AV?$expected@XVError@foundation@ock@@@tl@@V?$unique_ptr@VReadyWork@contracts@ock@@U?$default_delete@VReadyWork@contracts@ock@@@std@@@std@@@Z@C@Z 0000000140015db4     ock_Adapter_CpuPool:executor.obj
 0002:00003dbd       $stateUnwindMap$??$detach_task@V<lambda_1>@?L@??submit@Executor@cpu_pool@ock@@UEAA?AV?$expected@XVError@foundation@ock@@@tl@@V?$unique_ptr@VReadyWork@contracts@ock@@U?$default_delete@VReadyWork@contracts@ock@@@std@@@std@@@Z@@?$thread_pool@$07@BS@@QEAAX$$QEAV<lambda_1>@?L@??submit@Executor@cpu_pool@ock@@UEAA?AV?$expected@XVError@foundation@ock@@@tl@@V?$unique_ptr@VReadyWork@contracts@ock@@U?$default_delete@VReadyWork@contracts@ock@@@std@@@std@@@Z@C@Z 0000000140015dbd     ock_Adapter_CpuPool:executor.obj
 0002:00003dc9       $ip2state$??$detach_task@V<lambda_1>@?L@??submit@Executor@cpu_pool@ock@@UEAA?AV?$expected@XVError@foundation@ock@@@tl@@V?$unique_ptr@VReadyWork@contracts@ock@@U?$default_delete@VReadyWork@contracts@ock@@@std@@@std@@@Z@@?$thread_pool@$07@BS@@QEAAX$$QEAV<lambda_1>@?L@??submit@Executor@cpu_pool@ock@@UEAA?AV?$expected@XVError@foundation@ock@@@tl@@V?$unique_ptr@VReadyWork@contracts@ock@@U?$default_delete@VReadyWork@contracts@ock@@@std@@@std@@@Z@C@Z 0000000140015dc9     ock_Adapter_CpuPool:executor.obj
 0002:00003dd8       $unwind$??$wait_until@Usteady_clock@chrono@std@@V?$duration@_JU?$ratio@$00$0DLJKMKAA@@std@@@23@V<lambda_1>@?4??drain_until@Executor@cpu_pool@ock@@UEAA?AV?$expected@XVError@foundation@ock@@@tl@@V?$time_point@Usteady_clock@chrono@std@@V?$duration@_JU?$ratio@$00$0DLJKMKAA@@std@@@23@@23@@Z@@condition_variable@std@@QEAA_NAEAV?$unique_lock@Vmutex@std@@@1@AEBV?$time_point@Usteady_clock@chrono@std@@V?$duration@_JU?$ratio@$00$0DLJKMKAA@@std@@@23@@chrono@1@V<lambda_1>@?4??drain_until@Executor@cpu_pool@ock@@UEAA?AV?$expected@XVError@foundation@ock@@@tl@@V341@@Z@@Z 0000000140015dd8     ock_Adapter_CpuPool:executor.obj
 0002:00003df4       $unwind$??$wait_until@Usteady_clock@chrono@std@@V?$duration@_JU?$ratio@$00$0DLJKMKAA@@std@@@23@@?$thread_pool@$07@BS@@QEAA_NAEBV?$time_point@Usteady_clock@chrono@std@@V?$duration@_JU?$ratio@$00$0DLJKMKAA@@std@@@23@@chrono@std@@@Z 0000000140015df4     ock_Adapter_CpuPool:executor.obj
 0002:00003e00       $chain$5$??$wait_until@Usteady_clock@chrono@std@@V?$duration@_JU?$ratio@$00$0DLJKMKAA@@std@@@23@@?$thread_pool@$07@BS@@QEAA_NAEBV?$time_point@Usteady_clock@chrono@std@@V?$duration@_JU?$ratio@$00$0DLJKMKAA@@std@@@23@@chrono@std@@@Z 0000000140015e00     ock_Adapter_CpuPool:executor.obj
 0002:00003e28       $chain$7$??$wait_until@Usteady_clock@chrono@std@@V?$duration@_JU?$ratio@$00$0DLJKMKAA@@std@@@23@@?$thread_pool@$07@BS@@QEAA_NAEBV?$time_point@Usteady_clock@chrono@std@@V?$duration@_JU?$ratio@$00$0DLJKMKAA@@std@@@23@@chrono@std@@@Z 0000000140015e28     ock_Adapter_CpuPool:executor.obj
 0002:00003e28       $chain$9$??$wait_until@Usteady_clock@chrono@std@@V?$duration@_JU?$ratio@$00$0DLJKMKAA@@std@@@23@@?$thread_pool@$07@BS@@QEAA_NAEBV?$time_point@Usteady_clock@chrono@std@@V?$duration@_JU?$ratio@$00$0DLJKMKAA@@std@@@23@@chrono@std@@@Z 0000000140015e28     ock_Adapter_CpuPool:executor.obj
 0002:00003e3c       $chain$8$??$wait_until@Usteady_clock@chrono@std@@V?$duration@_JU?$ratio@$00$0DLJKMKAA@@std@@@23@@?$thread_pool@$07@BS@@QEAA_NAEBV?$time_point@Usteady_clock@chrono@std@@V?$duration@_JU?$ratio@$00$0DLJKMKAA@@std@@@23@@chrono@std@@@Z 0000000140015e3c     ock_Adapter_CpuPool:executor.obj
 0002:00003e4c       $unwind$??$?0V<lambda_2_>@?0???0?$thread_pool@$07@BS@@QEAA@_K@Z@@?$thread_pool@$07@BS@@QEAA@_K$$QEAV<lambda_2_>@?0???001@QEAA@0@Z@@Z 0000000140015e4c     ock_Adapter_CpuPool:executor.obj
 0002:00003e68       $cppxdata$??$?0V<lambda_2_>@?0???0?$thread_pool@$07@BS@@QEAA@_K@Z@@?$thread_pool@$07@BS@@QEAA@_K$$QEAV<lambda_2_>@?0???001@QEAA@0@Z@@Z 0000000140015e68     ock_Adapter_CpuPool:executor.obj
 0002:00003e71       $stateUnwindMap$??$?0V<lambda_2_>@?0???0?$thread_pool@$07@BS@@QEAA@_K@Z@@?$thread_pool@$07@BS@@QEAA@_K$$QEAV<lambda_2_>@?0???001@QEAA@0@Z@@Z 0000000140015e71     ock_Adapter_CpuPool:executor.obj
 0002:00003e8c       $ip2state$??$?0V<lambda_2_>@?0???0?$thread_pool@$07@BS@@QEAA@_K@Z@@?$thread_pool@$07@BS@@QEAA@_K$$QEAV<lambda_2_>@?0???001@QEAA@0@Z@@Z 0000000140015e8c     ock_Adapter_CpuPool:executor.obj
 0002:00003e94       $unwind$??$create_threads@V<lambda_2_>@?0???0?$thread_pool@$07@BS@@QEAA@_K@Z@@?$thread_pool@$07@BS@@AEAAX_K$$QEAV<lambda_2_>@?0???001@QEAA@0@Z@@Z 0000000140015e94     ock_Adapter_CpuPool:executor.obj
 0002:00003ec0       $cppxdata$??$create_threads@V<lambda_2_>@?0???0?$thread_pool@$07@BS@@QEAA@_K@Z@@?$thread_pool@$07@BS@@AEAAX_K$$QEAV<lambda_2_>@?0???001@QEAA@0@Z@@Z 0000000140015ec0     ock_Adapter_CpuPool:executor.obj
 0002:00003ec9       $stateUnwindMap$??$create_threads@V<lambda_2_>@?0???0?$thread_pool@$07@BS@@QEAA@_K@Z@@?$thread_pool@$07@BS@@AEAAX_K$$QEAV<lambda_2_>@?0???001@QEAA@0@Z@@Z 0000000140015ec9     ock_Adapter_CpuPool:executor.obj
 0002:00003ee6       $ip2state$??$create_threads@V<lambda_2_>@?0???0?$thread_pool@$07@BS@@QEAA@_K@Z@@?$thread_pool@$07@BS@@AEAAX_K$$QEAV<lambda_2_>@?0???001@QEAA@0@Z@@Z 0000000140015ee6     ock_Adapter_CpuPool:executor.obj
 0002:00003f00       $unwind$??$_Invoke@V?$tuple@V<lambda_2>@?5???$create_threads@V<lambda_2_>@?0???0?$thread_pool@$07@BS@@QEAA@_K@Z@@?$thread_pool@$07@BS@@AEAAX_K$$QEAV<lambda_2_>@?0???023@QEAA@0@Z@@Z@Vstop_token@std@@@std@@$0A@$00@thread@std@@CAIPEAX@Z 0000000140015f00     ock_Adapter_CpuPool:executor.obj
 0002:00003f10       $cppxdata$??$_Invoke@V?$tuple@V<lambda_2>@?5???$create_threads@V<lambda_2_>@?0???0?$thread_pool@$07@BS@@QEAA@_K@Z@@?$thread_pool@$07@BS@@AEAAX_K$$QEAV<lambda_2_>@?0???023@QEAA@0@Z@@Z@Vstop_token@std@@@std@@$0A@$00@thread@std@@CAIPEAX@Z 0000000140015f10     ock_Adapter_CpuPool:executor.obj
 0002:00003f15       $ip2state$??$_Invoke@V?$tuple@V<lambda_2>@?5???$create_threads@V<lambda_2_>@?0???0?$thread_pool@$07@BS@@QEAA@_K@Z@@?$thread_pool@$07@BS@@AEAAX_K$$QEAV<lambda_2_>@?0???023@QEAA@0@Z@@Z@Vstop_token@std@@@std@@$0A@$00@thread@std@@CAIPEAX@Z 0000000140015f15     ock_Adapter_CpuPool:executor.obj
 0002:00003f18       $unwind$??$?0PEAVcondition_variable_any@std@@@?$stop_callback@U_Cv_any_notify_all@condition_variable_any@std@@@std@@QEAA@AEBVstop_token@1@$$QEAPEAVcondition_variable_any@1@@Z 0000000140015f18     ock_Adapter_CpuPool:executor.obj
 0002:00003f34       $cppxdata$??$?0PEAVcondition_variable_any@std@@@?$stop_callback@U_Cv_any_notify_all@condition_variable_any@std@@@std@@QEAA@AEBVstop_token@1@$$QEAPEAVcondition_variable_any@1@@Z 0000000140015f34     ock_Adapter_CpuPool:executor.obj
 0002:00003f3d       $stateUnwindMap$??$?0PEAVcondition_variable_any@std@@@?$stop_callback@U_Cv_any_notify_all@condition_variable_any@std@@@std@@QEAA@AEBVstop_token@1@$$QEAPEAVcondition_variable_any@1@@Z 0000000140015f3d     ock_Adapter_CpuPool:executor.obj
 0002:00003f48       $ip2state$??$?0PEAVcondition_variable_any@std@@@?$stop_callback@U_Cv_any_notify_all@condition_variable_any@std@@@std@@QEAA@AEBVstop_token@1@$$QEAPEAVcondition_variable_any@1@@Z 0000000140015f48     ock_Adapter_CpuPool:executor.obj
 0002:00003f50       $unwind$??1?$_Unlock_guard@V?$unique_lock@Vmutex@std@@@std@@@std@@QEAA@XZ 0000000140015f50     ock_Adapter_CpuPool:executor.obj
 0002:00003f64       $cppxdata$??1?$_Unlock_guard@V?$unique_lock@Vmutex@std@@@std@@@std@@QEAA@XZ 0000000140015f64     ock_Adapter_CpuPool:executor.obj
 0002:00003f69       $ip2state$??1?$_Unlock_guard@V?$unique_lock@Vmutex@std@@@std@@@std@@QEAA@XZ 0000000140015f69     ock_Adapter_CpuPool:executor.obj
 0002:00003f6c       $unwind$?_Do_call@?$_Func_impl_no_alloc@V<lambda_1>@?L@??submit@Executor@cpu_pool@ock@@UEAA?AV?$expected@XVError@foundation@ock@@@tl@@V?$unique_ptr@VReadyWork@contracts@ock@@U?$default_delete@VReadyWork@contracts@ock@@@std@@@std@@@Z@X$$V@std@@EEAAXXZ 0000000140015f6c     ock_Adapter_CpuPool:executor.obj
 0002:00003f84       $cppxdata$?_Do_call@?$_Func_impl_no_alloc@V<lambda_1>@?L@??submit@Executor@cpu_pool@ock@@UEAA?AV?$expected@XVError@foundation@ock@@@tl@@V?$unique_ptr@VReadyWork@contracts@ock@@U?$default_delete@VReadyWork@contracts@ock@@@std@@@std@@@Z@X$$V@std@@EEAAXXZ 0000000140015f84     ock_Adapter_CpuPool:executor.obj
 0002:00003f8d       $stateUnwindMap$?_Do_call@?$_Func_impl_no_alloc@V<lambda_1>@?L@??submit@Executor@cpu_pool@ock@@UEAA?AV?$expected@XVError@foundation@ock@@@tl@@V?$unique_ptr@VReadyWork@contracts@ock@@U?$default_delete@VReadyWork@contracts@ock@@@std@@@std@@@Z@X$$V@std@@EEAAXXZ 0000000140015f8d     ock_Adapter_CpuPool:executor.obj
 0002:00003f94       $ip2state$?_Do_call@?$_Func_impl_no_alloc@V<lambda_1>@?L@??submit@Executor@cpu_pool@ock@@UEAA?AV?$expected@XVError@foundation@ock@@@tl@@V?$unique_ptr@VReadyWork@contracts@ock@@U?$default_delete@VReadyWork@contracts@ock@@@std@@@std@@@Z@X$$V@std@@EEAAXXZ 0000000140015f94     ock_Adapter_CpuPool:executor.obj
 0002:00003f98       $chain$1$?_Delete_this@?$_Func_impl_no_alloc@V<lambda_1>@?L@??submit@Executor@cpu_pool@ock@@UEAA?AV?$expected@XVError@foundation@ock@@@tl@@V?$unique_ptr@VReadyWork@contracts@ock@@U?$default_delete@VReadyWork@contracts@ock@@@std@@@std@@@Z@X$$V@std@@EEAAX_N@Z 0000000140015f98     ock_Adapter_CpuPool:executor.obj
 0002:00003fb0       $chain$2$?_Delete_this@?$_Func_impl_no_alloc@V<lambda_1>@?L@??submit@Executor@cpu_pool@ock@@UEAA?AV?$expected@XVError@foundation@ock@@@tl@@V?$unique_ptr@VReadyWork@contracts@ock@@U?$default_delete@VReadyWork@contracts@ock@@@std@@@std@@@Z@X$$V@std@@EEAAX_N@Z 0000000140015fb0     ock_Adapter_CpuPool:executor.obj
 0002:00003fc4       $chain$3$?_Delete_this@?$_Func_impl_no_alloc@V<lambda_1>@?L@??submit@Executor@cpu_pool@ock@@UEAA?AV?$expected@XVError@foundation@ock@@@tl@@V?$unique_ptr@VReadyWork@contracts@ock@@U?$default_delete@VReadyWork@contracts@ock@@@std@@@std@@@Z@X$$V@std@@EEAAX_N@Z 0000000140015fc4     ock_Adapter_CpuPool:executor.obj
 0002:00003fd4       $chain$4$?_Delete_this@?$_Func_impl_no_alloc@V<lambda_1>@?L@??submit@Executor@cpu_pool@ock@@UEAA?AV?$expected@XVError@foundation@ock@@@tl@@V?$unique_ptr@VReadyWork@contracts@ock@@U?$default_delete@VReadyWork@contracts@ock@@@std@@@std@@@Z@X$$V@std@@EEAAX_N@Z 0000000140015fd4     ock_Adapter_CpuPool:executor.obj
 0002:00003fe4       $unwind$_Cnd_timedwait_for_impl 0000000140015fe4     msvcprt:sharedmutex.obj
 0002:00003ffc       $unwind$??_M@YAXPEAX_K1P6AX0@Z@Z 0000000140015ffc     MSVCRT:ehvecdtr.obj
 0002:00004024       $unwind$?__ArrayUnwind@@YAXPEAX_K1P6AX0@Z@Z 0000000140016024     MSVCRT:ehvecdtr.obj
 0002:00004050       $unwind$?filt$0@?0??__ArrayUnwind@@YAXPEAX_K1P6AX0@Z@Z@4HA 0000000140016050     MSVCRT:ehvecdtr.obj
 0002:0000405c       $unwind$__GSHandlerCheckCommon 000000014001605c     MSVCRT:gshandler.obj
 0002:00004064       $unwind$__GSHandlerCheck_EH4 0000000140016064     MSVCRT:gshandlereh4.obj
 0002:00004080       $xdatasym                  0000000140016080     MSVCRT:amdsecgs.obj
 0002:00004084       $unwind$?__scrt_common_main_seh@@YAHXZ 0000000140016084     MSVCRT:exe_main.obj
 0002:000040bc       $unwind$??_L@YAXPEAX_K1P6AX0@Z2@Z 00000001400160bc     MSVCRT:ehvecctr.obj
 0002:000040e8       $unwind$__report_gsfailure 00000001400160e8     MSVCRT:gs_report.obj
 0002:000040f0       $unwind$capture_previous_context 00000001400160f0     MSVCRT:gs_report.obj
 0002:000040fc       $unwind$__scrt_is_nonwritable_in_current_image 00000001400160fc     MSVCRT:utility.obj
 0002:0000411c       $unwind$__scrt_is_nonwritable_in_current_image$filt$0 000000014001611c     MSVCRT:utility.obj
 0002:00004124       $unwind$__security_init_cookie 0000000140016124     MSVCRT:gs_support.obj
 0002:00004130       $unwind$__scrt_fastfail    0000000140016130     MSVCRT:utility_desktop.obj
 0002:00004140       $xdatasym                  0000000140016140     MSVCRT:guard_dispatch.obj
 0002:00004148       $xdatasym                  0000000140016148     MSVCRT:guard_xfg_dispatch.obj
 0002:0000414c       $unwind$__isa_available_init 000000014001614c     MSVCRT:cpu_disp.obj
 0002:00004c8a       .idata$6                   0000000140016c8a     msvcprt:MSVCP140.dll
 0002:00004c98       .idata$6                   0000000140016c98     msvcprt:MSVCP140_ATOMIC_WAIT.dll
 0002:00004db0       .idata$6                   0000000140016db0     vcruntime:VCRUNTIME140.dll
 0002:00004dc2       .idata$6                   0000000140016dc2     vcruntime:VCRUNTIME140_1.dll
 0002:00004fdc       .idata$6                   0000000140016fdc     ucrt:api-ms-win-crt-runtime-l1-1-0.dll
 0002:00004ffe       .idata$6                   0000000140016ffe     ucrt:api-ms-win-crt-heap-l1-1-0.dll
 0002:0000501e       .idata$6                   000000014001701e     ucrt:api-ms-win-crt-string-l1-1-0.dll
 0002:00005040       .idata$6                   0000000140017040     ucrt:api-ms-win-crt-math-l1-1-0.dll
 0002:00005060       .idata$6                   0000000140017060     ucrt:api-ms-win-crt-stdio-l1-1-0.dll
 0002:00005080       .idata$6                   0000000140017080     ucrt:api-ms-win-crt-locale-l1-1-0.dll
 0002:0000522e       .idata$6                   000000014001722e     kernel32:KERNEL32.dll
 0003:000001e8       ??_R0?AV<lambda_2>@?1??main@@YAHXZ@@8 00000001400181e8     main.obj
 0003:00000218       ??_R0?AV<lambda_1>@?1??main@@YAHXZ@@8 0000000140018218     main.obj
 0003:00000410       ??_R0?AV<lambda_1>@?L@??submit@Executor@cpu_pool@ock@@UEAA?AV?$expected@XVError@foundation@ock@@@tl@@V?$unique_ptr@VReadyWork@contracts@ock@@U?$default_delete@VReadyWork@contracts@ock@@@std@@@std@@@Z@@8 0000000140018410     ock_Adapter_CpuPool:executor.obj
 0003:00000710       ??_R0?AV?$_Func_impl_no_alloc@V<lambda_1>@?1??main@@YAHXZ@V?$expected@XVError@foundation@ock@@@tl@@$$V@std@@@8 0000000140018710     main.obj
 0003:00000790       ??_R0?AV?$_Func_impl_no_alloc@V<lambda_2>@?1??main@@YAHXZ@XV?$expected@XVError@foundation@ock@@@tl@@@std@@@8 0000000140018790     main.obj
 0003:00000ef0       ??_R0?AV?$_Func_impl_no_alloc@V<lambda_1>@?L@??submit@Executor@cpu_pool@ock@@UEAA?AV?$expected@XVError@foundation@ock@@@tl@@V?$unique_ptr@VReadyWork@contracts@ock@@U?$default_delete@VReadyWork@contracts@ock@@@std@@@std@@@Z@X$$V@std@@@8 0000000140018ef0     ock_Adapter_CpuPool:executor.obj
 0003:00001020       GS_ExceptionRecord         0000000140019020     MSVCRT:gs_report.obj
 0003:000010c0       GS_ContextRecord           00000001400190c0     MSVCRT:gs_report.obj
 0003:000015a0       ?is_initialized_as_dll@@3_NA 00000001400195a0     MSVCRT:utility.obj
 0003:000015a1       ?module_local_atexit_table_initialized@@3_NA 00000001400195a1     MSVCRT:utility.obj
 0003:000015a8       ?module_local_atexit_table@@3U_onexit_table_t@@A 00000001400195a8     MSVCRT:utility.obj
 0003:000015c0       ?module_local_at_quick_exit_table@@3U_onexit_table_t@@A 00000001400195c0     MSVCRT:utility.obj
 0005:00000060       $R000000                   000000014001c060     * linker generated manifest res *
