Internal ctest changing into directory: J:/Code/Kernel_v2/build/b2-data-asan
Test project J:/Code/Kernel_v2/build/b2-data-asan
      Start  1: T04.binding.field_parity
 1/15 Test  #1: T04.binding.field_parity .........   Passed    0.32 sec
      Start  2: T23.binding.schema_concurrent
 2/15 Test  #2: T23.binding.schema_concurrent ....   Passed    0.26 sec
      Start  3: T04.data.values
 3/15 Test  #3: T04.data.values ..................   Passed    0.23 sec
      Start  4: T04.data.duplicate
 4/15 Test  #4: T04.data.duplicate ...............   Passed    0.11 sec
      Start  5: T04.data.invalid
 5/15 Test  #5: T04.data.invalid .................   Passed    0.21 sec
      Start  6: T04.data.budgets
 6/15 Test  #6: T04.data.budgets .................   Passed    0.14 sec
      Start  7: T04.data.freeze
 7/15 Test  #7: T04.data.freeze ..................   Passed    0.12 sec
      Start  8: T04.data.allocation_failures
 8/15 Test  #8: T04.data.allocation_failures .....   Passed    0.10 sec
      Start  9: T04.data.ownership
 9/15 Test  #9: T04.data.ownership ...............   Passed    0.10 sec
      Start 10: T04.data.builder_numbers
10/15 Test #10: T04.data.builder_numbers .........   Passed    0.10 sec
      Start 11: T04.data.encode
11/15 Test #11: T04.data.encode ..................   Passed    0.10 sec
      Start 12: T04.data.concurrent
12/15 Test #12: T04.data.concurrent ..............   Passed    0.10 sec
      Start 13: T04.data.buffer
13/15 Test #13: T04.data.buffer ..................   Passed    0.09 sec
      Start 14: T04.data.growth_cleanup
14/15 Test #14: T04.data.growth_cleanup ..........   Passed    0.10 sec
      Start 15: T12.data.view_escape
15/15 Test #15: T12.data.view_escape .............   Passed    0.31 sec

100% tests passed, 0 tests failed out of 15

Total Test time (real) =   2.39 sec
