CMake is re-running because J:/Code/Kernel_v2/build/b2-sdk-debug/CMakeFiles/generate.stamp is out-of-date.
  the file 'J:/Code/Kernel_v2/cmake/TargetDependencies.cmake'
  is newer than 'J:/Code/Kernel_v2/build/b2-sdk-debug/CMakeFiles/generate.stamp.depend'
  result='-1'
-- Configuring done (2.0s)
-- Generating done (0.2s)
-- Build files have been written to: J:/Code/Kernel_v2/build/b2-sdk-debug
适用于 .NET Framework MSBuild 版本 17.14.23+b0019275e

  ock_Data.vcxproj -> J:\Code\Kernel_v2\build\b2-sdk-debug\Debug\ock_Data.lib
  observation_wire.cpp
  outcome_wire.cpp
  protocol.cpp
  正在生成代码...
  ock_ControlProtocol.vcxproj -> J:\Code\Kernel_v2\build\b2-sdk-debug\Debug\ock_ControlProtocol.lib
  ock_Runtime.vcxproj -> J:\Code\Kernel_v2\build\b2-sdk-debug\Debug\ock_Runtime.lib
  catalog.cpp
  ock_Dynamic.vcxproj -> J:\Code\Kernel_v2\build\b2-sdk-debug\Debug\ock_Dynamic.lib
  cursor.cpp
  router.cpp
  invoke_method.cpp
  catalog_methods.cpp
  subscription.cpp
  subscription_methods.cpp
  list_method.cpp
  正在生成代码...
  ock_Control.vcxproj -> J:\Code\Kernel_v2\build\b2-sdk-debug\Debug\ock_Control.lib
  catalog.cpp
  catalog_contract.vcxproj -> J:\Code\Kernel_v2\build\b2-sdk-debug\tests\unit\data\Debug\catalog_contract.exe
