Internal ctest changing into directory: J:/Code/Kernel_v2/build/b4-debug
Test project J:/Code/Kernel_v2/build/b4-debug
      Start  25: T12.executor.cpu_pool.ownership_transfer
 1/10 Test  #25: T12.executor.cpu_pool.ownership_transfer ...   Passed    0.15 sec
      Start  26: T12.executor.cpu_pool.exactly_once
 2/10 Test  #26: T12.executor.cpu_pool.exactly_once .........   Passed    0.06 sec
      Start  27: T12.executor.cpu_pool.rejection_cleanup
 3/10 Test  #27: T12.executor.cpu_pool.rejection_cleanup ....   Passed    0.07 sec
      Start  28: T12.executor.cpu_pool.exception_boundary
 4/10 Test  #28: T12.executor.cpu_pool.exception_boundary ...   Passed    0.10 sec
      Start  29: T12.executor.cpu_pool.drain_shutdown
 5/10 Test  #29: T12.executor.cpu_pool.drain_shutdown .......   Passed    0.06 sec
      Start  30: T12.executor.cpu_pool.worker_rejection
 6/10 Test  #30: T12.executor.cpu_pool.worker_rejection .....   Passed    0.09 sec
      Start  31: T12.executor.cpu_pool.queue_full
 7/10 Test  #31: T12.executor.cpu_pool.queue_full ...........   Passed    0.06 sec
      Start  46: T22.executor.real_parallel
 8/10 Test  #46: T22.executor.real_parallel .................   Passed    0.06 sec
      Start  47: T22.executor.stop_timeout
 9/10 Test  #47: T22.executor.stop_timeout ..................   Passed    0.06 sec
      Start 223: T03.native.host_combined_drain
10/10 Test #223: T03.native.host_combined_drain .............   Passed    1.31 sec

100% tests passed, 0 tests failed out of 10

Label Time Summary:
B4                     =   0.72 sec*proc (9 tests)
B5                     =   1.31 sec*proc (1 test)
D3.01                  =   0.72 sec*proc (9 tests)
D3.07                  =   1.31 sec*proc (1 test)
ExecutorConformance    =   0.59 sec*proc (7 tests)

Total Test time (real) =   2.09 sec
