T02.registration.atomic_candidate_contract
T02.registration.batch_k_failure_atomic
T02.registration.callback_exception_cleanup
T02.registration.declared_operations_complete
T02.registration.error_budget_sticky
T02.registration.exact_operation_versions
T02.registration.execution_capabilities
T02.registration.ignored_errors_sticky
T02.registration.manifest_owned_budget
T02.registration.module_cycles_rejected
T02.registration.module_dag_order
T02.registration.module_identity_versions
T02.registration.provider_binding
T02.registration.schema_capability_absent
T02.registration.service_binding
T02.registration.shape_compile_contract
T05.registration.exact_fingerprint
T05.registration.failure_preserves_catalog
T05.registration.publish_once_freeze
T05.registration.registry_generation
T05.registration.snapshot_lifetime
T05.registration.typed_binding_success
T24.registration.cold_docs_separation
T24.registration.handler_not_exposed
T24.registration.internal_component_boundary
