Internal ctest changing into directory: J:/Code/Kernel_v2/build/b4-debug
Test project J:/Code/Kernel_v2/build/b4-debug
      Start 106: T03.native.execution_service_control
 1/11 Test #106: T03.native.execution_service_control ...   Passed    0.13 sec
      Start 108: T03.native.host_execution_lifecycle
 2/11 Test #108: T03.native.host_execution_lifecycle ....   Passed    0.09 sec
      Start 115: T03.native.no_task_path
 3/11 Test #115: T03.native.no_task_path ................   Passed    0.08 sec
      Start 138: T03.host.ready_gate
 4/11 Test #138: T03.host.ready_gate ....................   Passed    0.22 sec
      Start 140: T22.host.pending_report
 5/11 Test #140: T22.host.pending_report ................   Passed    0.07 sec
      Start 141: T22.host.lifecycle_reentrancy
 6/11 Test #141: T22.host.lifecycle_reentrancy ..........   Passed    0.09 sec
      Start 143: T03.host.catalog_context
 7/11 Test #143: T03.host.catalog_context ...............   Passed    0.07 sec
      Start 147: T22.host.shutdown_deadline
 8/11 Test #147: T22.host.shutdown_deadline .............   Passed    0.12 sec
      Start 149: T22.host.admission_race
 9/11 Test #149: T22.host.admission_race ................   Passed    0.10 sec
      Start 151: T22.host.shutdown_order
10/11 Test #151: T22.host.shutdown_order ................   Passed    0.08 sec
      Start 153: T23.host.owner_reclamation
11/11 Test #153: T23.host.owner_reclamation .............   Passed    0.08 sec

100% tests passed, 0 tests failed out of 11

Label Time Summary:
B5       =   0.22 sec*proc (2 tests)
D1.05    =   0.08 sec*proc (1 test)
D1.06    =   0.82 sec*proc (8 tests)
D3.04    =   0.22 sec*proc (2 tests)

Total Test time (real) =   1.15 sec
