适用于 .NET Framework MSBuild 版本 17.14.23+b0019275e

  ock_data_contract.vcxproj -> J:\Code\Kernel_v2\build\b2-data-debug\Debug\ock_data_contract.lib
  observation_wire.cpp
  protocol.cpp
  正在生成代码...
  ock_protocol_contract.vcxproj -> J:\Code\Kernel_v2\build\b2-data-debug\Debug\ock_protocol_contract.lib
  observation_wire.cpp
  observation_wire_contract.vcxproj -> J:\Code\Kernel_v2\build\b2-data-debug\Debug\observation_wire_contract.exe
适用于 .NET Framework MSBuild 版本 17.14.23+b0019275e

  ock_data_contract.vcxproj -> J:\Code\Kernel_v2\build\b2-data-debug\Debug\ock_data_contract.lib
  ock_protocol_contract.vcxproj -> J:\Code\Kernel_v2\build\b2-data-debug\Debug\ock_protocol_contract.lib
  frame.cpp
  protocol_contract.vcxproj -> J:\Code\Kernel_v2\build\b2-data-debug\Debug\protocol_contract.exe
适用于 .NET Framework MSBuild 版本 17.14.23+b0019275e

  ock_data_contract.vcxproj -> J:\Code\Kernel_v2\build\b2-data-debug\Debug\ock_data_contract.lib
  ock_binding_contract.vcxproj -> J:\Code\Kernel_v2\build\b2-data-debug\Debug\ock_binding_contract.lib
  ock_catalog_contract.vcxproj -> J:\Code\Kernel_v2\build\b2-data-debug\Debug\ock_catalog_contract.lib
  ock_protocol_contract.vcxproj -> J:\Code\Kernel_v2\build\b2-data-debug\Debug\ock_protocol_contract.lib
  ock_router_contract.vcxproj -> J:\Code\Kernel_v2\build\b2-data-debug\Debug\ock_router_contract.lib
  router_contract.vcxproj -> J:\Code\Kernel_v2\build\b2-data-debug\Debug\router_contract.exe
