test_T07_permit_cancel_claim_orders (commit_model.test_commit_model.CommitContracts.test_T07_permit_cancel_claim_orders) ... ok
test_T07_permit_revoke_claim_orders (commit_model.test_commit_model.CommitContracts.test_T07_permit_revoke_claim_orders) ... ok
test_T07_permit_binding_expiry_single_use (commit_model.test_commit_model.CommitContracts.test_T07_permit_binding_expiry_single_use) ... ok
test_T07_permit_leases_do_not_authorize (commit_model.test_commit_model.CommitContracts.test_T07_permit_leases_do_not_authorize) ... ok
test_T07_commit_capacity_reserved_before_claim (commit_model.test_commit_model.CommitContracts.test_T07_commit_capacity_reserved_before_claim) ... ok
test_T07_commit_lifecycle_revision_orders (commit_model.test_commit_model.CommitContracts.test_T07_commit_lifecycle_revision_orders) ... ok
test_T14_commit_reservation_serializes_and_rejects_stale_base (commit_model.test_commit_model.CommitContracts.test_T14_commit_reservation_serializes_and_rejects_stale_base) ... ok
test_T14_commit_wait_and_lock_order (commit_model.test_commit_model.CommitContracts.test_T14_commit_wait_and_lock_order) ... ok
test_T14_commit_all_transaction_crash_windows (commit_model.test_commit_model.CommitContracts.test_T14_commit_all_transaction_crash_windows) ... ok
test_T14_commit_permit_and_durable_are_not_published (commit_model.test_commit_model.CommitContracts.test_T14_commit_permit_and_durable_are_not_published) ... ok
test_T14_commit_publication_is_one_owned_record (commit_model.test_commit_model.CommitContracts.test_T14_commit_publication_is_one_owned_record) ... ok
test_T14_commit_duplicate_and_late_callback (commit_model.test_commit_model.CommitContracts.test_T14_commit_duplicate_and_late_callback) ... ok
test_T16_commit_unknown_result_reconciles_actual_storage (commit_model.test_commit_model.CommitContracts.test_T16_commit_unknown_result_reconciles_actual_storage) ... ok
test_T16_commit_publish_failure_preserves_ledger (commit_model.test_commit_model.CommitContracts.test_T16_commit_publish_failure_preserves_ledger) ... ok
test_T16_commit_recovery_validates_before_opening (commit_model.test_commit_model.CommitContracts.test_T16_commit_recovery_validates_before_opening) ... ok
test_T07_commit_memory_commit_and_empty_delta (commit_model.test_commit_model.CommitContracts.test_T07_commit_memory_commit_and_empty_delta) ... ok
test_T07_commit_materials_prepared_before_consumption (commit_model.test_commit_model.CommitContracts.test_T07_commit_materials_prepared_before_consumption) ... ok
test_T16_effect_claim_permit_send_are_separate (commit_model.test_commit_model.CommitContracts.test_T16_effect_claim_permit_send_are_separate) ... ok
test_T07_effect_cancel_revoke_send_orders (commit_model.test_commit_model.CommitContracts.test_T07_effect_cancel_revoke_send_orders) ... ok
test_T16_effect_crash_windows_never_blind_resend (commit_model.test_commit_model.CommitContracts.test_T16_effect_crash_windows_never_blind_resend) ... ok
test_T16_effect_reconcile_and_partial_facts (commit_model.test_commit_model.CommitContracts.test_T16_effect_reconcile_and_partial_facts) ... ok
test_T16_effect_missing_evidence_stays_unknown (commit_model.test_commit_model.CommitContracts.test_T16_effect_missing_evidence_stays_unknown) ... ok
test_T16_effect_result_encoding_does_not_erase_effect (commit_model.test_commit_model.CommitContracts.test_T16_effect_result_encoding_does_not_erase_effect) ... ok
test_T14_commit_materials_frozen_after_claim (commit_model.test_commit_model.CommitContracts.test_T14_commit_materials_frozen_after_claim) ... ok
test_T16_effect_outcome_evidence_shape_matches_contract (commit_model.test_commit_model.CommitContracts.test_T16_effect_outcome_evidence_shape_matches_contract) ... ok
test_T16_effect_before_claim_crash_allows_same_identity_retry (commit_model.test_commit_model.CommitContracts.test_T16_effect_before_claim_crash_allows_same_identity_retry) ... ok
test_T07_effect_cancel_before_permit_records_no_apply (commit_model.test_commit_model.CommitContracts.test_T07_effect_cancel_before_permit_records_no_apply) ... ok
test_T14_commit_intent_and_state_share_transaction (commit_model.test_commit_model.CommitContracts.test_T14_commit_intent_and_state_share_transaction) ... ok
test_T16_commit_memory_recovery_rejected_before_mutation (commit_model.test_commit_model.CommitContracts.test_T16_commit_memory_recovery_rejected_before_mutation) ... FAIL
test_T14_commit_candidate_chain_validated_before_claim (commit_model.test_commit_model.CommitContracts.test_T14_commit_candidate_chain_validated_before_claim) ... FAIL
test_T14_commit_published_outcome_uses_frozen_material (commit_model.test_commit_model.CommitContracts.test_T14_commit_published_outcome_uses_frozen_material) ... FAIL
test_T07_effect_claim_material_binding_is_frozen (commit_model.test_commit_model.CommitContracts.test_T07_effect_claim_material_binding_is_frozen) ... FAIL
test_T16_effect_sent_facts_use_frozen_identity (commit_model.test_commit_model.CommitContracts.test_T16_effect_sent_facts_use_frozen_identity) ... FAIL
test_T15_intent_same_key_returns_existing_identity (dedup_model.test_dedup_model.DedupContracts.test_T15_intent_same_key_returns_existing_identity) ... ok
test_T15_intent_fingerprint_covers_all_semantic_fields (dedup_model.test_dedup_model.DedupContracts.test_T15_intent_fingerprint_covers_all_semantic_fields) ... ok
test_T15_intent_stable_principal_scope_and_permissions (dedup_model.test_dedup_model.DedupContracts.test_T15_intent_stable_principal_scope_and_permissions) ... ok
test_T15_intent_server_scope_and_namespace_reject_forgery (dedup_model.test_dedup_model.DedupContracts.test_T15_intent_server_scope_and_namespace_reject_forgery) ... ok
test_T15_intent_future_expired_and_existing_before_floor (dedup_model.test_dedup_model.DedupContracts.test_T15_intent_future_expired_and_existing_before_floor) ... ok
test_T14_intent_acceptance_transaction_crash_windows (dedup_model.test_dedup_model.DedupContracts.test_T14_intent_acceptance_transaction_crash_windows) ... ok
test_T15_intent_claim_gc_both_orders (dedup_model.test_dedup_model.DedupContracts.test_T15_intent_claim_gc_both_orders) ... ok
test_T15_intent_writer_transaction_prevents_interleaving (dedup_model.test_dedup_model.DedupContracts.test_T15_intent_writer_transaction_prevents_interleaving) ... ok
test_T15_gc_watermark_and_delete_crash_windows (dedup_model.test_dedup_model.DedupContracts.test_T15_gc_watermark_and_delete_crash_windows) ... ok
test_T15_gc_delete_before_watermark_is_detected (dedup_model.test_dedup_model.DedupContracts.test_T15_gc_delete_before_watermark_is_detected) ... ok
test_T15_gc_pins_inflight_unknown_and_references (dedup_model.test_dedup_model.DedupContracts.test_T15_gc_pins_inflight_unknown_and_references) ... ok
test_T15_gc_scope_watermarks_are_independent_monotonic (dedup_model.test_dedup_model.DedupContracts.test_T15_gc_scope_watermarks_are_independent_monotonic) ... ok
test_T15_intent_volatile_capacity_preserves_window (dedup_model.test_dedup_model.DedupContracts.test_T15_intent_volatile_capacity_preserves_window) ... ok
test_T15_intent_client_retry_never_changes_identity (dedup_model.test_dedup_model.DedupContracts.test_T15_intent_client_retry_never_changes_identity) ... ok
test_T15_step_internal_key_and_parameter_binding (dedup_model.test_dedup_model.DedupContracts.test_T15_step_internal_key_and_parameter_binding) ... ok
test_T15_step_branch_iteration_and_occurrence_are_identity (dedup_model.test_dedup_model.DedupContracts.test_T15_step_branch_iteration_and_occurrence_are_identity) ... ok
test_T15_step_admission_lifetime_definition_and_authorization (dedup_model.test_dedup_model.DedupContracts.test_T15_step_admission_lifetime_definition_and_authorization) ... ok
test_T15_step_external_interface_has_no_epoch_bypass (dedup_model.test_dedup_model.DedupContracts.test_T15_step_external_interface_has_no_epoch_bypass) ... ok
test_T18_restore_restart_preserves_store_and_generation (dedup_model.test_dedup_model.DedupContracts.test_T18_restore_restart_preserves_store_and_generation) ... ok
test_T18_restore_old_backup_changes_generation_and_seals_effects (dedup_model.test_dedup_model.DedupContracts.test_T18_restore_old_backup_changes_generation_and_seals_effects) ... ok
test_T18_restore_reconciliation_does_not_replay_history (dedup_model.test_dedup_model.DedupContracts.test_T18_restore_reconciliation_does_not_replay_history) ... ok
test_T18_backup_manifest_pins_and_validation (dedup_model.test_dedup_model.DedupContracts.test_T18_backup_manifest_pins_and_validation) ... ok
test_T18_restore_invalidates_child_admission (dedup_model.test_dedup_model.DedupContracts.test_T18_restore_invalidates_child_admission) ... ok
test_T15_intent_expected_manifest_matches_fixed_cases (dedup_model.test_dedup_model.DedupContracts.test_T15_intent_expected_manifest_matches_fixed_cases) ... ok
test_T18_restore_structure_checked_before_generation_change (dedup_model.test_dedup_model.DedupContracts.test_T18_restore_structure_checked_before_generation_change) ... ok
test_T18_restore_new_effect_requires_reconciliation_and_new_intent (dedup_model.test_dedup_model.DedupContracts.test_T18_restore_new_effect_requires_reconciliation_and_new_intent) ... ok
test_T15_intent_request_symbol_values_are_owned (dedup_model.test_dedup_model.DedupContracts.test_T15_intent_request_symbol_values_are_owned) ... FAIL
test_T15_intent_fingerprint_preserves_scalar_types (dedup_model.test_dedup_model.DedupContracts.test_T15_intent_fingerprint_preserves_scalar_types) ... FAIL
test_T18_restore_unknown_effect_cannot_reenter_claimed (dedup_model.test_dedup_model.DedupContracts.test_T18_restore_unknown_effect_cannot_reenter_claimed) ... FAIL

======================================================================
FAIL: test_T16_commit_memory_recovery_rejected_before_mutation (commit_model.test_commit_model.CommitContracts.test_T16_commit_memory_recovery_rejected_before_mutation)
----------------------------------------------------------------------
Traceback (most recent call last):
  File "E:\VS2019Qt5.15\3D\tests\model\commit_model\test_commit_model.py", line 401, in test_T16_commit_memory_recovery_rejected_before_mutation
    with self.assertRaises(ContractError): d.recover()
AssertionError: ContractError not raised

======================================================================
FAIL: test_T14_commit_candidate_chain_validated_before_claim (commit_model.test_commit_model.CommitContracts.test_T14_commit_candidate_chain_validated_before_claim)
----------------------------------------------------------------------
Traceback (most recent call last):
  File "E:\VS2019Qt5.15\3D\tests\model\commit_model\test_commit_model.py", line 409, in test_T14_commit_candidate_chain_validated_before_claim
    with self.assertRaises(ContractError): d.claim(a, p, permit, now=10)
AssertionError: ContractError not raised

======================================================================
FAIL: test_T14_commit_published_outcome_uses_frozen_material (commit_model.test_commit_model.CommitContracts.test_T14_commit_published_outcome_uses_frozen_material)
----------------------------------------------------------------------
Traceback (most recent call last):
  File "E:\VS2019Qt5.15\3D\tests\model\commit_model\test_commit_model.py", line 418, in test_T14_commit_published_outcome_uses_frozen_material
    self.assertEqual(d.outcome(a),expected)
AssertionError: {'evi[30 chars]s': [], 'kind': 'StateCommitted', 'commit_id':[98 chars]999}} != {'evi[30 chars]s': [{'kind': 'CommitFact', 'fact_id': 'commit[355 chars]: 7}}
Diff is 974 characters long. Set self.maxDiff to None to see it.

======================================================================
FAIL: test_T07_effect_claim_material_binding_is_frozen (commit_model.test_commit_model.CommitContracts.test_T07_effect_claim_material_binding_is_frozen)
----------------------------------------------------------------------
Traceback (most recent call last):
  File "E:\VS2019Qt5.15\3D\tests\model\commit_model\test_commit_model.py", line 427, in test_T07_effect_claim_material_binding_is_frozen
    with self.assertRaises(ContractError):
AssertionError: ContractError not raised

======================================================================
FAIL: test_T16_effect_sent_facts_use_frozen_identity (commit_model.test_commit_model.CommitContracts.test_T16_effect_sent_facts_use_frozen_identity)
----------------------------------------------------------------------
Traceback (most recent call last):
  File "E:\VS2019Qt5.15\3D\tests\model\commit_model\test_commit_model.py", line 436, in test_T16_effect_sent_facts_use_frozen_identity
    e.record();outcome=e.outcome();self.assertEqual(outcome['effect_id'],'effect-1');self.assertEqual(outcome['application'],'Applied');self.assertEqual(outcome['external_evidence'],['device-ledger:effect-1'])
                                   ^^^^^^^^^^^^^^^^^^^^^^^^^^^^^^^^^^^^^^^^^^^^^^^^^
AssertionError: 'forged' != 'effect-1'
- forged
+ effect-1


======================================================================
FAIL: test_T15_intent_request_symbol_values_are_owned (dedup_model.test_dedup_model.DedupContracts.test_T15_intent_request_symbol_values_are_owned)
----------------------------------------------------------------------
Traceback (most recent call last):
  File "E:\VS2019Qt5.15\3D\tests\model\dedup_model\test_dedup_model.py", line 343, in test_T15_intent_request_symbol_values_are_owned
    self.assertEqual(s.image,stored)
AssertionError: {'sco[352 chars]d': [99, 2]},), 'target-1', (('revision', 0),)[871 chars]: {}} != {'sco[352 chars]d': [1, 2]},), 'target-1', (('revision', 0),),[870 chars]: {}}
Diff is 5941 characters long. Set self.maxDiff to None to see it.

======================================================================
FAIL: test_T15_intent_fingerprint_preserves_scalar_types (dedup_model.test_dedup_model.DedupContracts.test_T15_intent_fingerprint_preserves_scalar_types)
----------------------------------------------------------------------
Traceback (most recent call last):
  File "E:\VS2019Qt5.15\3D\tests\model\dedup_model\test_dedup_model.py", line 350, in test_T15_intent_fingerprint_preserves_scalar_types
    with self.assertRaises(ContractError):s.claim(session,'default',1,'n',replace(req,args=(after,)))
AssertionError: ContractError not raised

======================================================================
FAIL: test_T18_restore_unknown_effect_cannot_reenter_claimed (dedup_model.test_dedup_model.DedupContracts.test_T18_restore_unknown_effect_cannot_reenter_claimed)
----------------------------------------------------------------------
Traceback (most recent call last):
  File "E:\VS2019Qt5.15\3D\tests\model\dedup_model\test_dedup_model.py", line 362, in test_T18_restore_unknown_effect_cannot_reenter_claimed
    with self.assertRaises(ContractError):s.set_status(key,status)
AssertionError: ContractError not raised

----------------------------------------------------------------------
Ran 62 tests in 0.100s

FAILED (failures=8)
