-- Installing: J:\Code\Kernel_v2\build\state-install-45z_osac\original/lib/cmake/OCK/OCKThirdPartyTargets.cmake
-- Installing: J:\Code\Kernel_v2\build\state-install-45z_osac\original/include/tl/expected.hpp
-- Installing: J:\Code\Kernel_v2\build\state-install-45z_osac\original/share/ock/licenses/tl-expected-CC0-1.0.txt
-- Installing: J:\Code\Kernel_v2\build\state-install-45z_osac\original/lib/ock_Runtime.lib
-- Installing: J:\Code\Kernel_v2\build\state-install-45z_osac\original/lib/ock_State.lib
-- Up-to-date: J:\Code\Kernel_v2\build\state-install-45z_osac\original/include
-- Installing: J:\Code\Kernel_v2\build\state-install-45z_osac\original/include/ock
-- Installing: J:\Code\Kernel_v2\build\state-install-45z_osac\original/include/ock/state
-- Installing: J:\Code\Kernel_v2\build\state-install-45z_osac\original/include/ock/state/atomic.hpp
-- Installing: J:\Code\Kernel_v2\build\state-install-45z_osac\original/include/ock/state/commit.hpp
-- Installing: J:\Code\Kernel_v2\build\state-install-45z_osac\original/include/ock/state/detail
-- Installing: J:\Code\Kernel_v2\build\state-install-45z_osac\original/include/ock/state/detail/published_state.hpp
-- Installing: J:\Code\Kernel_v2\build\state-install-45z_osac\original/include/ock/state/domain.hpp
-- Installing: J:\Code\Kernel_v2\build\state-install-45z_osac\original/include/ock/state/edit.hpp
-- Installing: J:\Code\Kernel_v2\build\state-install-45z_osac\original/include/ock/state/history.hpp
-- Installing: J:\Code\Kernel_v2\build\state-install-45z_osac\original/include/ock/state/object_root.hpp
-- Installing: J:\Code\Kernel_v2\build\state-install-45z_osac\original/include/ock/state/provider.hpp
-- Installing: J:\Code\Kernel_v2\build\state-install-45z_osac\original/include/ock/state/root.hpp
-- Installing: J:\Code\Kernel_v2\build\state-install-45z_osac\original/lib/cmake/OCK/OCKTargets.cmake
-- Installing: J:\Code\Kernel_v2\build\state-install-45z_osac\original/lib/cmake/OCK/OCKTargets-debug.cmake
-- Installing: J:\Code\Kernel_v2\build\state-install-45z_osac\original/lib/cmake/OCK/OCKConfig.cmake
-- Installing: J:\Code\Kernel_v2\build\state-install-45z_osac\original/lib/cmake/OCK/OCKConfigVersion.cmake
-- Up-to-date: J:\Code\Kernel_v2\build\state-install-45z_osac\original/include
-- Up-to-date: J:\Code\Kernel_v2\build\state-install-45z_osac\original/include/ock
-- Installing: J:\Code\Kernel_v2\build\state-install-45z_osac\original/include/ock/foundation
-- Installing: J:\Code\Kernel_v2\build\state-install-45z_osac\original/include/ock/foundation/foundation.hpp
-- Installing: J:\Code\Kernel_v2\build\state-install-45z_osac\original/include/ock/foundation/sdk_version.hpp
-- Up-to-date: J:\Code\Kernel_v2\build\state-install-45z_osac\original/include
-- Up-to-date: J:\Code\Kernel_v2\build\state-install-45z_osac\original/include/ock
-- Installing: J:\Code\Kernel_v2\build\state-install-45z_osac\original/include/ock/contracts
-- Installing: J:\Code\Kernel_v2\build\state-install-45z_osac\original/include/ock/contracts/context.hpp
-- Installing: J:\Code\Kernel_v2\build\state-install-45z_osac\original/include/ock/contracts/executor.hpp
-- Installing: J:\Code\Kernel_v2\build\state-install-45z_osac\original/include/ock/contracts/identity.hpp
-- Installing: J:\Code\Kernel_v2\build\state-install-45z_osac\original/include/ock/contracts/logging.hpp
-- Installing: J:\Code\Kernel_v2\build\state-install-45z_osac\original/include/ock/contracts/observation.hpp
-- Installing: J:\Code\Kernel_v2\build\state-install-45z_osac\original/include/ock/contracts/operation.hpp
-- Installing: J:\Code\Kernel_v2\build\state-install-45z_osac\original/include/ock/contracts/outcome.hpp
-- Installing: J:\Code\Kernel_v2\build\state-install-45z_osac\original/include/ock/contracts/ports.hpp
-- Up-to-date: J:\Code\Kernel_v2\build\state-install-45z_osac\original/include
-- Up-to-date: J:\Code\Kernel_v2\build\state-install-45z_osac\original/include/ock
-- Installing: J:\Code\Kernel_v2\build\state-install-45z_osac\original/include/ock/runtime
-- Installing: J:\Code\Kernel_v2\build\state-install-45z_osac\original/include/ock/runtime/detail
-- Installing: J:\Code\Kernel_v2\build\state-install-45z_osac\original/include/ock/runtime/detail/host.hpp
-- Installing: J:\Code\Kernel_v2\build\state-install-45z_osac\original/include/ock/runtime/detail/invocation.hpp
-- Installing: J:\Code\Kernel_v2\build\state-install-45z_osac\original/include/ock/runtime/detail/private_bridge.hpp
-- Installing: J:\Code\Kernel_v2\build\state-install-45z_osac\original/include/ock/runtime/host.hpp
-- Installing: J:\Code\Kernel_v2\build\state-install-45z_osac\original/include/ock/runtime/logging.hpp
-- Installing: J:\Code\Kernel_v2\build\state-install-45z_osac\original/include/ock/runtime/native_types.hpp
-- Installing: J:\Code\Kernel_v2\build\state-install-45z_osac\original/include/ock/runtime/policy.hpp
-- Installing: J:\Code\Kernel_v2\build\state-install-45z_osac\original/include/ock/runtime/registry.hpp
-- Installing: J:\Code\Kernel_v2\build\state-install-45z_osac\original/include/ock/runtime/resources.hpp
-- Installing: J:\Code\Kernel_v2\build\state-install-45z_osac\original/include/ock/runtime/scheduler.hpp
-- Installing: J:\Code\Kernel_v2\build\state-install-45z_osac\original/share/ock/sdk_api_manifest.json
