test_expected_failure_is_not_success (test_model_adapter.ModelAdapterTests.test_expected_failure_is_not_success) ... FAIL
test_failure_exits_nonzero (test_model_adapter.ModelAdapterTests.test_failure_exits_nonzero) ... ok
test_missing_case_rejected_before_execution (test_model_adapter.ModelAdapterTests.test_missing_case_rejected_before_execution) ... ok
test_skip_is_not_success (test_model_adapter.ModelAdapterTests.test_skip_is_not_success) ... FAIL
test_success_runs_and_exits_zero (test_model_adapter.ModelAdapterTests.test_success_runs_and_exits_zero) ... ok
test_unexpected_success_is_not_success (test_model_adapter.ModelAdapterTests.test_unexpected_success_is_not_success) ... ok

======================================================================
FAIL: test_expected_failure_is_not_success (test_model_adapter.ModelAdapterTests.test_expected_failure_is_not_success)
----------------------------------------------------------------------
Traceback (most recent call last):
  File "E:\VS2019Qt5.15\3D\tests\tools\bootstrap\test_model_adapter.py", line 27, in test_expected_failure_is_not_success
    self.assertNotEqual(self.run_fixture(lambda case:case.fail('expected failure'),True),0)
AssertionError: False == 0

======================================================================
FAIL: test_skip_is_not_success (test_model_adapter.ModelAdapterTests.test_skip_is_not_success)
----------------------------------------------------------------------
Traceback (most recent call last):
  File "E:\VS2019Qt5.15\3D\tests\tools\bootstrap\test_model_adapter.py", line 25, in test_skip_is_not_success
    self.assertNotEqual(self.run_fixture(lambda case:case.skipTest('required case skipped')),0)
AssertionError: False == 0

----------------------------------------------------------------------
Ran 6 tests in 0.012s

FAILED (failures=2)
