T02.contracts.type_contract_constraints
T02.contracts.typed_value_validation
T02.contracts.read_shape
T02.contracts.state_edit_shape
T02.contracts.effect_shape
T02.contracts.lifecycle_shape
T02.contracts.context_capability_boundary
T02.contracts.atomic_read_adapters
T02.contracts.atomic_async_rejected
T05.contracts.operation_exact_identity
T05.contracts.typed_binding_fingerprint
T05.contracts.binding_generation_before_access
T05.contracts.binding_owner_lifetime
T05.contracts.execution_identity_separation
T06.contracts.outcome_closed_variants
T06.contracts.known_facts_append_only
T06.contracts.publication_proof_required
T06.contracts.effect_report_preserves_fact
T06.contracts.lifecycle_report_preserves_state
T06.contracts.before_apply_and_composite_proofs
T06.contracts.reply_phase_completion_separation
T06.contracts.executor_inline_ownership
T06.contracts.executor_reject_exception_cleanup
T06.contracts.completion_once_and_drain
T06.contracts.atomic_prepared_identity
T06.contracts.record_evidence_boundary
T19.contracts.summary_owned_snapshot
T19.contracts.observation_host_version
T19.contracts.observation_budgets
T19.contracts.authorized_owner_filter
T19.contracts.completion_independent_of_observation
T19.contracts.live_keyset_progress
T24.contracts.port_factory_contract_manifest
