适用于 .NET Framework MSBuild 版本 17.14.23+b0019275e

  1>Checking Build System
  Building Custom Rule J:/Code/Kernel_v2/CMakeLists.txt
  Building Custom Rule J:/Code/Kernel_v2/CMakeLists.txt
  Building Custom Rule J:/Code/Kernel_v2/CMakeLists.txt
  payload.cpp
  Building Custom Rule J:/Code/Kernel_v2/tests/contract/executor/CMakeLists.txt
  Building Custom Rule J:/Code/Kernel_v2/CMakeLists.txt
  Building Custom Rule J:/Code/Kernel_v2/CMakeLists.txt
  executor.cpp
  registry.cpp
  asan.cpp
  consumer.cpp
  asio.cpp
  ock_probe_asan.vcxproj -> J:\Code\Kernel_v2\build\b4-asan\Debug\ock_probe_asan.exe
  Building Custom Rule J:/Code/Kernel_v2/CMakeLists.txt
  cli11.cpp
  policy.cpp
  ock_executor_consumer.vcxproj -> J:\Code\Kernel_v2\build\b4-asan\tests\contract\executor\Debug\ock_executor_consumer.exe
  ock_Adapter_CpuPool.vcxproj -> J:\Code\Kernel_v2\build\b4-asan\Debug\ock_Adapter_CpuPool.lib
  Building Custom Rule J:/Code/Kernel_v2/CMakeLists.txt
  Building Custom Rule J:/Code/Kernel_v2/CMakeLists.txt
  expected.cpp
  jsoncons.cpp
  ock_Data.vcxproj -> J:\Code\Kernel_v2\build\b4-asan\Debug\ock_Data.lib
  Building Custom Rule J:/Code/Kernel_v2/CMakeLists.txt
  ock_probe_asio.vcxproj -> J:\Code\Kernel_v2\build\b4-asan\Debug\ock_probe_asio.exe
  Building Custom Rule J:/Code/Kernel_v2/CMakeLists.txt
  thread_pool.cpp
  toolchain.cpp
  ock_probe_expected.vcxproj -> J:\Code\Kernel_v2\build\b4-asan\Debug\ock_probe_expected.exe
  Building Custom Rule J:/Code/Kernel_v2/CMakeLists.txt
  Building Custom Rule J:/Code/Kernel_v2/CMakeLists.txt
  sdk_metadata.cpp
  protocol.cpp
  ock_probe_cli11.vcxproj -> J:\Code\Kernel_v2\build\b4-asan\Debug\ock_probe_cli11.exe
  ock_probe_toolchain.vcxproj -> J:\Code\Kernel_v2\build\b4-asan\Debug\ock_probe_toolchain.exe
  invocation.cpp
  observation_wire.cpp
  ock_sdk_metadata_probe.vcxproj -> J:\Code\Kernel_v2\build\b4-asan\Debug\ock_sdk_metadata_probe.exe
  Building Custom Rule J:/Code/Kernel_v2/tests/conformance/executor/CMakeLists.txt
  ock_probe_thread_pool.vcxproj -> J:\Code\Kernel_v2\build\b4-asan\Debug\ock_probe_thread_pool.exe
  Building Custom Rule J:/Code/Kernel_v2/tests/contract/executor/CMakeLists.txt
  lifecycle.cpp
  contract.cpp
  outcome_wire.cpp
  host.cpp
  ock_executor_contract.vcxproj -> J:\Code\Kernel_v2\build\b4-asan\tests\conformance\executor\Debug\ock_executor_contract.exe
  正在生成代码...
  ock_executor_lifecycle.vcxproj -> J:\Code\Kernel_v2\build\b4-asan\tests\contract\executor\Debug\ock_executor_lifecycle.exe
  ock_ControlProtocol.vcxproj -> J:\Code\Kernel_v2\build\b4-asan\Debug\ock_ControlProtocol.lib
  ock_probe_jsoncons.vcxproj -> J:\Code\Kernel_v2\build\b4-asan\Debug\ock_probe_jsoncons.exe
  Building Custom Rule J:/Code/Kernel_v2/CMakeLists.txt
  Building Custom Rule J:/Code/Kernel_v2/CMakeLists.txt
  native_security.cpp
  client.cpp
  intent.cpp
  pipe.cpp
  watch.cpp
  scheduler.cpp
  正在生成代码...
  正在生成代码...
  ock_Adapter_LocalIPC.vcxproj -> J:\Code\Kernel_v2\build\b4-asan\Debug\ock_Adapter_LocalIPC.lib
  ock_ControlClient.vcxproj -> J:\Code\Kernel_v2\build\b4-asan\Debug\ock_ControlClient.lib
  Building Custom Rule J:/Code/Kernel_v2/apps/ock/CMakeLists.txt
  Building Custom Rule J:/Code/Kernel_v2/tests/integration/cli/CMakeLists.txt
  Building Custom Rule J:/Code/Kernel_v2/tests/integration/windows_ipc/CMakeLists.txt
  peer.cpp
  Building Custom Rule J:/Code/Kernel_v2/tests/integration/windows_ipc/CMakeLists.txt
  pressure_peer.cpp
  client_contract.cpp
  main.cpp
  resources.cpp
  ock_ipc_pressure_peer.vcxproj -> J:\Code\Kernel_v2\build\b4-asan\tests\integration\windows_ipc\Debug\ock_ipc_pressure_peer.exe
  ock_ipc_peer.vcxproj -> J:\Code\Kernel_v2\build\b4-asan\tests\integration\windows_ipc\Debug\ock_ipc_peer.exe
  ock_client_contract.vcxproj -> J:\Code\Kernel_v2\build\b4-asan\tests\integration\cli\Debug\ock_client_contract.exe
  ock.vcxproj -> J:\Code\Kernel_v2\build\b4-asan\apps\ock\Debug\ock.exe
  logging.cpp
  正在生成代码...
  ock_Runtime.vcxproj -> J:\Code\Kernel_v2\build\b4-asan\Debug\ock_Runtime.lib
  Building Custom Rule J:/Code/Kernel_v2/tests/contract/resources/CMakeLists.txt
  Building Custom Rule J:/Code/Kernel_v2/CMakeLists.txt
  Building Custom Rule J:/Code/Kernel_v2/tests/unit/scheduler/CMakeLists.txt
  contract.cpp
  schema.cpp
  contract.cpp
  ock_resources_contract.vcxproj -> J:\Code\Kernel_v2\build\b4-asan\tests\contract\resources\Debug\ock_resources_contract.exe
  ock_scheduler_contract.vcxproj -> J:\Code\Kernel_v2\build\b4-asan\tests\unit\scheduler\Debug\ock_scheduler_contract.exe
  catalog.cpp
  正在生成代码...
  ock_Dynamic.vcxproj -> J:\Code\Kernel_v2\build\b4-asan\Debug\ock_Dynamic.lib
  Building Custom Rule J:/Code/Kernel_v2/CMakeLists.txt
  cursor.cpp
  router.cpp
  invoke_method.cpp
  catalog_methods.cpp
  subscription.cpp
  subscription_methods.cpp
  list_method.cpp
  get_method.cpp
  observation_transport.cpp
  正在生成代码...
  ock_Control.vcxproj -> J:\Code\Kernel_v2\build\b4-asan\Debug\ock_Control.lib
  Building Custom Rule J:/Code/Kernel_v2/tests/integration/cli/CMakeLists.txt
  Building Custom Rule J:/Code/Kernel_v2/tests/integration/windows_ipc/CMakeLists.txt
  Building Custom Rule J:/Code/Kernel_v2/examples/stateless_service/CMakeLists.txt
  control_main.cpp
  observation_peer.cpp
  cost_samples.cpp
  service.cpp
  service.cpp
  ock_ipc_observation_peer.vcxproj -> J:\Code\Kernel_v2\build\b4-asan\tests\integration\windows_ipc\Debug\ock_ipc_observation_peer.exe
  正在生成代码...
  allocation_probe.cpp
  正在生成代码...
  ock_stateless_service.vcxproj -> J:\Code\Kernel_v2\build\b4-asan\examples\stateless_service\Debug\ock_stateless_service.exe
  ock_b3_cost_samples.vcxproj -> J:\Code\Kernel_v2\build\b4-asan\tests\integration\cli\Debug\ock_b3_cost_samples.exe
  Building Custom Rule J:/Code/Kernel_v2/CMakeLists.txt
