Internal ctest changing into directory: J:/Code/Kernel_v2/build/b2-data-asan
Test project J:/Code/Kernel_v2/build/b2-data-asan
      Start  1: T04.data.values
 1/13 Test  #1: T04.data.values ..................   Passed    0.17 sec
      Start  2: T04.data.duplicate
 2/13 Test  #2: T04.data.duplicate ...............   Passed    0.12 sec
      Start  3: T04.data.invalid
 3/13 Test  #3: T04.data.invalid .................   Passed    0.12 sec
      Start  4: T04.data.budgets
 4/13 Test  #4: T04.data.budgets .................   Passed    0.13 sec
      Start  5: T04.data.freeze
 5/13 Test  #5: T04.data.freeze ..................   Passed    0.14 sec
      Start  6: T04.data.allocation_failures
 6/13 Test  #6: T04.data.allocation_failures .....   Passed    0.11 sec
      Start  7: T04.data.ownership
 7/13 Test  #7: T04.data.ownership ...............   Passed    0.11 sec
      Start  8: T04.data.builder_numbers
 8/13 Test  #8: T04.data.builder_numbers .........   Passed    0.11 sec
      Start  9: T04.data.encode
 9/13 Test  #9: T04.data.encode ..................   Passed    0.13 sec
      Start 10: T04.data.concurrent
10/13 Test #10: T04.data.concurrent ..............   Passed    0.15 sec
      Start 11: T04.data.buffer
11/13 Test #11: T04.data.buffer ..................   Passed    0.12 sec
      Start 12: T04.data.growth_cleanup
12/13 Test #12: T04.data.growth_cleanup ..........   Passed    0.11 sec
      Start 13: T12.data.view_escape
13/13 Test #13: T12.data.view_escape .............   Passed    0.41 sec

100% tests passed, 0 tests failed out of 13

Total Test time (real) =   1.95 sec
