-- The CXX compiler identification is MSVC 19.44.35228.0
-- Detecting CXX compiler ABI info
-- Detecting CXX compiler ABI info - done
-- Check for working CXX compiler: F:/VS2022/VS2022/VC/Tools/MSVC/14.44.35207/bin/Hostx64/x64/cl.exe - skipped
-- Detecting CXX compile features
-- Detecting CXX compile features - done
-- Found Python3: C:/Users/xrx10/AppData/Local/Programs/Python/Python311/python.exe (found suitable version "3.11.9", minimum required is "3.11") found components: Interpreter
-- {fmt} version: 11.1.4
-- Build type: 
-- Build spdlog: 1.15.1
-- Performing Test CMAKE_HAVE_LIBC_PTHREAD
-- Performing Test CMAKE_HAVE_LIBC_PTHREAD - Failed
-- Looking for pthread_create in pthreads
-- Looking for pthread_create in pthreads - not found
-- Looking for pthread_create in pthread
-- Looking for pthread_create in pthread - not found
-- Found Threads: TRUE
-- Build type: 
-- Looking for _fwrite_nolock
-- Looking for _fwrite_nolock - found
-- Configuring done (86.7s)
-- Generating done (1.5s)
-- Build files have been written to: E:/VS2019Qt5.15/3D/build/d0.06-a/asan
