适用于 .NET Framework MSBuild 版本 17.14.23+b0019275e

  1>Checking Build System
  ock_Data.vcxproj -> J:\Code\Kernel_v2\build\b4-debug\Debug\ock_Data.lib
  ock_ControlProtocol.vcxproj -> J:\Code\Kernel_v2\build\b4-debug\Debug\ock_ControlProtocol.lib
  ock_ControlClient.vcxproj -> J:\Code\Kernel_v2\build\b4-debug\Debug\ock_ControlClient.lib
  ock_probe_asio.vcxproj -> J:\Code\Kernel_v2\build\b4-debug\Debug\ock_probe_asio.exe
  executor.cpp
  ock_probe_cli11.vcxproj -> J:\Code\Kernel_v2\build\b4-debug\Debug\ock_probe_cli11.exe
  ock_Adapter_LocalIPC.vcxproj -> J:\Code\Kernel_v2\build\b4-debug\Debug\ock_Adapter_LocalIPC.lib
  ock_probe_expected.vcxproj -> J:\Code\Kernel_v2\build\b4-debug\Debug\ock_probe_expected.exe
  resources.cpp
  ock_probe_jsoncons.vcxproj -> J:\Code\Kernel_v2\build\b4-debug\Debug\ock_probe_jsoncons.exe
  ock_ipc_peer.vcxproj -> J:\Code\Kernel_v2\build\b4-debug\tests\integration\windows_ipc\Debug\ock_ipc_peer.exe
  consumer.cpp
  ock_ipc_pressure_peer.vcxproj -> J:\Code\Kernel_v2\build\b4-debug\tests\integration\windows_ipc\Debug\ock_ipc_pressure_peer.exe
  ock_probe_thread_pool.vcxproj -> J:\Code\Kernel_v2\build\b4-debug\Debug\ock_probe_thread_pool.exe
  ock_probe_toolchain.vcxproj -> J:\Code\Kernel_v2\build\b4-debug\Debug\ock_probe_toolchain.exe
  ock.vcxproj -> J:\Code\Kernel_v2\build\b4-debug\apps\ock\Debug\ock.exe
  ock_client_contract.vcxproj -> J:\Code\Kernel_v2\build\b4-debug\tests\integration\cli\Debug\ock_client_contract.exe
  sdk_metadata.cpp
  ock_sdk_metadata_probe.vcxproj -> J:\Code\Kernel_v2\build\b4-debug\Debug\ock_sdk_metadata_probe.exe
  scheduler.cpp
  ock_executor_consumer.vcxproj -> J:\Code\Kernel_v2\build\b4-debug\tests\contract\executor\Debug\ock_executor_consumer.exe
  ock_Adapter_CpuPool.vcxproj -> J:\Code\Kernel_v2\build\b4-debug\Debug\ock_Adapter_CpuPool.lib
  Building Custom Rule J:/Code/Kernel_v2/tests/conformance/executor/CMakeLists.txt
  contract.cpp
  lifecycle.cpp
  正在生成代码...
  ock_Runtime.vcxproj -> J:\Code\Kernel_v2\build\b4-debug\Debug\ock_Runtime.lib
  ock_Dynamic.vcxproj -> J:\Code\Kernel_v2\build\b4-debug\Debug\ock_Dynamic.lib
  ock_Control.vcxproj -> J:\Code\Kernel_v2\build\b4-debug\Debug\ock_Control.lib
  contract.cpp
  contract.cpp
  ock_stateless_service.vcxproj -> J:\Code\Kernel_v2\build\b4-debug\examples\stateless_service\Debug\ock_stateless_service.exe
  ock_ipc_observation_peer.vcxproj -> J:\Code\Kernel_v2\build\b4-debug\tests\integration\windows_ipc\Debug\ock_ipc_observation_peer.exe
  ock_b3_cost_samples.vcxproj -> J:\Code\Kernel_v2\build\b4-debug\tests\integration\cli\Debug\ock_b3_cost_samples.exe
  ock_executor_contract.vcxproj -> J:\Code\Kernel_v2\build\b4-debug\tests\conformance\executor\Debug\ock_executor_contract.exe
  ock_executor_lifecycle.vcxproj -> J:\Code\Kernel_v2\build\b4-debug\tests\contract\executor\Debug\ock_executor_lifecycle.exe
  ock_resources_contract.vcxproj -> J:\Code\Kernel_v2\build\b4-debug\tests\contract\resources\Debug\ock_resources_contract.exe
  ock_scheduler_contract.vcxproj -> J:\Code\Kernel_v2\build\b4-debug\tests\unit\scheduler\Debug\ock_scheduler_contract.exe
