CMake is re-running because J:/Code/Kernel_v2/build/b2-sdk-debug/CMakeFiles/generate.stamp is out-of-date.
  the file 'J:/Code/Kernel_v2/CMakeLists.txt'
  is newer than 'J:/Code/Kernel_v2/build/b2-sdk-debug/CMakeFiles/generate.stamp.depend'
  result='-1'
-- Configuring done (1.8s)
-- Generating done (0.2s)
-- Build files have been written to: J:/Code/Kernel_v2/build/b2-sdk-debug
适用于 .NET Framework MSBuild 版本 17.14.23+b0019275e

  ock_Data.vcxproj -> J:\Code\Kernel_v2\build\b2-sdk-debug\Debug\ock_Data.lib
  outcome_wire.cpp
  ock_ControlProtocol.vcxproj -> J:\Code\Kernel_v2\build\b2-sdk-debug\Debug\ock_ControlProtocol.lib
  ock_Runtime.vcxproj -> J:\Code\Kernel_v2\build\b2-sdk-debug\Debug\ock_Runtime.lib
  schema.cpp
  catalog.cpp
  正在生成代码...
  ock_Dynamic.vcxproj -> J:\Code\Kernel_v2\build\b2-sdk-debug\Debug\ock_Dynamic.lib
  get_method.cpp
  list_method.cpp
  subscription_methods.cpp
  catalog_methods.cpp
  invoke_method.cpp
  router.cpp
  正在生成代码...
  ock_Control.vcxproj -> J:\Code\Kernel_v2\build\b2-sdk-debug\Debug\ock_Control.lib
  get.cpp
  get_contract.vcxproj -> J:\Code\Kernel_v2\build\b2-sdk-debug\tests\unit\data\Debug\get_contract.exe
适用于 .NET Framework MSBuild 版本 17.14.23+b0019275e

  ock_Data.vcxproj -> J:\Code\Kernel_v2\build\b2-sdk-debug\Debug\ock_Data.lib
  ock_ControlProtocol.vcxproj -> J:\Code\Kernel_v2\build\b2-sdk-debug\Debug\ock_ControlProtocol.lib
  ock_Runtime.vcxproj -> J:\Code\Kernel_v2\build\b2-sdk-debug\Debug\ock_Runtime.lib
  ock_Dynamic.vcxproj -> J:\Code\Kernel_v2\build\b2-sdk-debug\Debug\ock_Dynamic.lib
  ock_Control.vcxproj -> J:\Code\Kernel_v2\build\b2-sdk-debug\Debug\ock_Control.lib
  list.cpp
  list_contract.vcxproj -> J:\Code\Kernel_v2\build\b2-sdk-debug\tests\unit\data\Debug\list_contract.exe
适用于 .NET Framework MSBuild 版本 17.14.23+b0019275e

  ock_Data.vcxproj -> J:\Code\Kernel_v2\build\b2-sdk-debug\Debug\ock_Data.lib
  ock_ControlProtocol.vcxproj -> J:\Code\Kernel_v2\build\b2-sdk-debug\Debug\ock_ControlProtocol.lib
  ock_Runtime.vcxproj -> J:\Code\Kernel_v2\build\b2-sdk-debug\Debug\ock_Runtime.lib
  ock_Dynamic.vcxproj -> J:\Code\Kernel_v2\build\b2-sdk-debug\Debug\ock_Dynamic.lib
  outcome.cpp
  outcome_wire_contract.vcxproj -> J:\Code\Kernel_v2\build\b2-sdk-debug\tests\unit\data\Debug\outcome_wire_contract.exe
适用于 .NET Framework MSBuild 版本 17.14.23+b0019275e

  ock_Data.vcxproj -> J:\Code\Kernel_v2\build\b2-sdk-debug\Debug\ock_Data.lib
  ock_Runtime.vcxproj -> J:\Code\Kernel_v2\build\b2-sdk-debug\Debug\ock_Runtime.lib
  ock_Dynamic.vcxproj -> J:\Code\Kernel_v2\build\b2-sdk-debug\Debug\ock_Dynamic.lib
  binding.cpp
  binding_parity.vcxproj -> J:\Code\Kernel_v2\build\b2-sdk-debug\tests\unit\data\Debug\binding_parity.exe
适用于 .NET Framework MSBuild 版本 17.14.23+b0019275e

  ock_Data.vcxproj -> J:\Code\Kernel_v2\build\b2-sdk-debug\Debug\ock_Data.lib
  ock_Runtime.vcxproj -> J:\Code\Kernel_v2\build\b2-sdk-debug\Debug\ock_Runtime.lib
  ock_Dynamic.vcxproj -> J:\Code\Kernel_v2\build\b2-sdk-debug\Debug\ock_Dynamic.lib
  schema.cpp
  schema_contract.vcxproj -> J:\Code\Kernel_v2\build\b2-sdk-debug\tests\unit\data\Debug\schema_contract.exe
