适用于 .NET Framework MSBuild 版本 17.14.40+3e7442088

  ock_dep_catch2.vcxproj -> E:\VS2019Qt5.15\3D\build\win-msvc-release\Release\ock_dep_catch2.lib
  ock_probe_asio.vcxproj -> E:\VS2019Qt5.15\3D\build\win-msvc-release\Release\ock_probe_asio.exe
  benchmark.vcxproj -> E:\VS2019Qt5.15\3D\build\win-msvc-release\_upstream\benchmark\src\Release\benchmark.lib
  ock_probe_benchmark.vcxproj -> E:\VS2019Qt5.15\3D\build\win-msvc-release\Release\ock_probe_benchmark.exe
  ock_probe_catch2.vcxproj -> E:\VS2019Qt5.15\3D\build\win-msvc-release\Release\ock_probe_catch2.exe
  ock_probe_cli11.vcxproj -> E:\VS2019Qt5.15\3D\build\win-msvc-release\Release\ock_probe_cli11.exe
  ock_probe_expected.vcxproj -> E:\VS2019Qt5.15\3D\build\win-msvc-release\Release\ock_probe_expected.exe
  fmt.vcxproj -> E:\VS2019Qt5.15\3D\build\win-msvc-release\_upstream\fmt\Release\fmt.lib
  ock_probe_fmt.vcxproj -> E:\VS2019Qt5.15\3D\build\win-msvc-release\Release\ock_probe_fmt.exe
  ock_probe_immer.vcxproj -> E:\VS2019Qt5.15\3D\build\win-msvc-release\Release\ock_probe_immer.exe
  ock_probe_jsoncons.vcxproj -> E:\VS2019Qt5.15\3D\build\win-msvc-release\Release\ock_probe_jsoncons.exe
  spdlog.vcxproj -> E:\VS2019Qt5.15\3D\build\win-msvc-release\_upstream\spdlog\Release\spdlog.lib
  ock_probe_spdlog.vcxproj -> E:\VS2019Qt5.15\3D\build\win-msvc-release\Release\ock_probe_spdlog.exe
  ock_probe_thread_pool.vcxproj -> E:\VS2019Qt5.15\3D\build\win-msvc-release\Release\ock_probe_thread_pool.exe
  ock_probe_toml11.vcxproj -> E:\VS2019Qt5.15\3D\build\win-msvc-release\Release\ock_probe_toml11.exe
  ock_probe_toolchain.vcxproj -> E:\VS2019Qt5.15\3D\build\win-msvc-release\Release\ock_probe_toolchain.exe
  ock_sdk_metadata_probe.vcxproj -> E:\VS2019Qt5.15\3D\build\win-msvc-release\Release\ock_sdk_metadata_probe.exe
  ock_dep_sqlite.vcxproj -> E:\VS2019Qt5.15\3D\build\win-msvc-release\Release\ock_dep_sqlite.lib
  ock_probe_sqlite.vcxproj -> E:\VS2019Qt5.15\3D\build\win-msvc-release\Release\ock_probe_sqlite.exe
