Internal ctest changing into directory: J:/Code/Kernel_v2/build/b4-debug
Test project J:/Code/Kernel_v2/build/b4-debug
      Start 12: T12.executor.cpu_pool.ownership_transfer
 1/22 Test #12: T12.executor.cpu_pool.ownership_transfer .....   Passed    0.12 sec
      Start 13: T12.executor.cpu_pool.exactly_once
 2/22 Test #13: T12.executor.cpu_pool.exactly_once ...........   Passed    0.05 sec
      Start 14: T12.executor.cpu_pool.rejection_cleanup
 3/22 Test #14: T12.executor.cpu_pool.rejection_cleanup ......   Passed    0.05 sec
      Start 15: T12.executor.cpu_pool.exception_boundary
 4/22 Test #15: T12.executor.cpu_pool.exception_boundary .....   Passed    0.04 sec
      Start 16: T12.executor.cpu_pool.drain_shutdown
 5/22 Test #16: T12.executor.cpu_pool.drain_shutdown .........   Passed    0.04 sec
      Start 17: T12.executor.cpu_pool.worker_rejection
 6/22 Test #17: T12.executor.cpu_pool.worker_rejection .......   Passed    0.04 sec
      Start 18: T12.executor.controlled.ownership_transfer
 7/22 Test #18: T12.executor.controlled.ownership_transfer ...   Passed    0.04 sec
      Start 19: T12.executor.controlled.exactly_once
 8/22 Test #19: T12.executor.controlled.exactly_once .........   Passed    0.04 sec
      Start 20: T12.executor.controlled.rejection_cleanup
 9/22 Test #20: T12.executor.controlled.rejection_cleanup ....   Passed    0.04 sec
      Start 21: T12.executor.controlled.exception_boundary
10/22 Test #21: T12.executor.controlled.exception_boundary ...   Passed    0.04 sec
      Start 22: T12.executor.controlled.drain_shutdown
11/22 Test #22: T12.executor.controlled.drain_shutdown .......   Passed    0.04 sec
      Start 23: T12.executor.controlled.worker_rejection
12/22 Test #23: T12.executor.controlled.worker_rejection .....   Passed    0.03 sec
      Start 24: T12.executor.inline.ownership_transfer
13/22 Test #24: T12.executor.inline.ownership_transfer .......   Passed    0.03 sec
      Start 25: T12.executor.inline.exactly_once
14/22 Test #25: T12.executor.inline.exactly_once .............   Passed    0.04 sec
      Start 26: T12.executor.inline.rejection_cleanup
15/22 Test #26: T12.executor.inline.rejection_cleanup ........   Passed    0.06 sec
      Start 27: T12.executor.inline.exception_boundary
16/22 Test #27: T12.executor.inline.exception_boundary .......   Passed    0.05 sec
      Start 28: T12.executor.inline.drain_shutdown
17/22 Test #28: T12.executor.inline.drain_shutdown ...........   Passed    0.04 sec
      Start 29: T12.executor.inline.worker_rejection
18/22 Test #29: T12.executor.inline.worker_rejection .........   Passed    0.06 sec
      Start 30: T22.executor.real_parallel
19/22 Test #30: T22.executor.real_parallel ...................   Passed    0.05 sec
      Start 31: T22.executor.stop_timeout
20/22 Test #31: T22.executor.stop_timeout ....................   Passed    0.05 sec
      Start 32: T22.executor.inline_reentrancy
21/22 Test #32: T22.executor.inline_reentrancy ...............   Passed    0.05 sec
      Start 33: T22.executor.controlled_order
22/22 Test #33: T22.executor.controlled_order ................   Passed    0.06 sec

100% tests passed, 0 tests failed out of 22

Label Time Summary:
B4                     =   1.05 sec*proc (22 tests)
D3.01                  =   1.05 sec*proc (22 tests)
ExecutorConformance    =   0.85 sec*proc (18 tests)

Total Test time (real) =   1.08 sec
