CMake is re-running because E:/VS2019Qt5.15/3D/build/d0.06-a/empty-release/CMakeFiles/generate.stamp is out-of-date.
  the file 'E:/VS2019Qt5.15/3D/cmake/Dependencies.cmake'
  is newer than 'E:/VS2019Qt5.15/3D/build/d0.06-a/empty-release/CMakeFiles/generate.stamp.depend'
  result='-1'
-- {fmt} version: 11.1.4
-- Build type: 
-- Build spdlog: 1.15.1
-- Build type: 
-- Google Benchmark version: v1.9.1, normalized to 1.9.1
-- Performing Test HAVE_STD_REGEX -- success
-- Performing Test HAVE_GNU_POSIX_REGEX -- failed to compile
-- Performing Test HAVE_POSIX_REGEX -- failed to compile
-- Performing Test HAVE_STEADY_CLOCK -- success
-- Performing Test HAVE_PTHREAD_AFFINITY -- failed to compile
-- Configuring done (6.0s)
-- Generating done (3.7s)
-- Build files have been written to: E:/VS2019Qt5.15/3D/build/d0.06-a/empty-release
适用于 .NET Framework MSBuild 版本 17.14.40+3e7442088

  1>Checking Build System
  Building Custom Rule E:/VS2019Qt5.15/3D/tests/dependencies/CMakeLists.txt
  正在扫描源以查找模块依赖项...
  catch_amalgamated.cpp
  Building Custom Rule E:/VS2019Qt5.15/3D/build/d0.06-a/cache/sources/benchmark-17fbd9d8ea36/src/CMakeLists.txt
  benchmark.cc
  Building Custom Rule E:/VS2019Qt5.15/3D/tests/dependencies/CMakeLists.txt
  正在扫描源以查找模块依赖项...
  cli11.cpp
  正在编译...
  catch_amalgamated.cpp
  正在编译...
  cli11.cpp
  Building Custom Rule E:/VS2019Qt5.15/3D/tests/dependencies/CMakeLists.txt
  Building Custom Rule E:/VS2019Qt5.15/3D/tests/dependencies/CMakeLists.txt
  正在扫描源以查找模块依赖项...
  sqlite3.c
  asio.cpp
  正在编译...
  asio.cpp
  benchmark_api_internal.cc
  benchmark_name.cc
  benchmark_register.cc
  benchmark_runner.cc
  check.cc
  colorprint.cc
  commandlineflags.cc
  complexity.cc
  console_reporter.cc
  counter.cc
  csv_reporter.cc
  json_reporter.cc
  perf_counters.cc
  reporter.cc
  statistics.cc
  string_util.cc
  sysinfo.cc
  timers.cc
  Building Custom Rule E:/VS2019Qt5.15/3D/tests/dependencies/CMakeLists.txt
  正在扫描源以查找模块依赖项...
  Building Custom Rule E:/VS2019Qt5.15/3D/build/d0.06-a/cache/sources/fmt-95f89f1eb3b5/CMakeLists.txt
  Building Custom Rule E:/VS2019Qt5.15/3D/tests/dependencies/CMakeLists.txt
  expected.cpp
  benchmark.vcxproj -> E:\VS2019Qt5.15\3D\build\d0.06-a\empty-release\_upstream\benchmark\src\Release\benchmark.lib
  正在扫描源以查找模块依赖项...
  format.cc
  immer.cpp
  正在编译...
  ock_probe_cli11.vcxproj -> E:\VS2019Qt5.15\3D\build\d0.06-a\empty-release\Release\ock_probe_cli11.exe
  ock_probe_asio.vcxproj -> E:\VS2019Qt5.15\3D\build\d0.06-a\empty-release\Release\ock_probe_asio.exe
  os.cc
  expected.cpp
  正在生成代码...
  ock_dep_sqlite.vcxproj -> E:\VS2019Qt5.15\3D\build\d0.06-a\empty-release\Release\ock_dep_sqlite.lib
  ock_dep_catch2.vcxproj -> E:\VS2019Qt5.15\3D\build\d0.06-a\empty-release\Release\ock_dep_catch2.lib
  Building Custom Rule E:/VS2019Qt5.15/3D/tests/dependencies/CMakeLists.txt
  ock_probe_expected.vcxproj -> E:\VS2019Qt5.15\3D\build\d0.06-a\empty-release\Release\ock_probe_expected.exe
  fmt.vcxproj -> E:\VS2019Qt5.15\3D\build\d0.06-a\empty-release\_upstream\fmt\Release\fmt.lib
  正在扫描源以查找模块依赖项...
  Building Custom Rule E:/VS2019Qt5.15/3D/tests/dependencies/CMakeLists.txt
  Building Custom Rule E:/VS2019Qt5.15/3D/tests/dependencies/CMakeLists.txt
  benchmark.cpp
  正在扫描源以查找模块依赖项...
  正在编译...
  正在扫描源以查找模块依赖项...
  Building Custom Rule E:/VS2019Qt5.15/3D/tests/dependencies/CMakeLists.txt
  fmt.cpp
  benchmark.cpp
  正在扫描源以查找模块依赖项...
  正在编译...
  catch2.cpp
  jsoncons.cpp
  正在编译...
  fmt.cpp
  正在编译...
  catch2.cpp
  正在编译...
  jsoncons.cpp
  immer.cpp
  ock_probe_benchmark.vcxproj -> E:\VS2019Qt5.15\3D\build\d0.06-a\empty-release\Release\ock_probe_benchmark.exe
  ock_probe_fmt.vcxproj -> E:\VS2019Qt5.15\3D\build\d0.06-a\empty-release\Release\ock_probe_fmt.exe
  ock_probe_immer.vcxproj -> E:\VS2019Qt5.15\3D\build\d0.06-a\empty-release\Release\ock_probe_immer.exe
  ock_probe_catch2.vcxproj -> E:\VS2019Qt5.15\3D\build\d0.06-a\empty-release\Release\ock_probe_catch2.exe
  Building Custom Rule E:/VS2019Qt5.15/3D/build/d0.06-a/cache/sources/spdlog-8730cb1e8f30/CMakeLists.txt
  spdlog.cpp
  Building Custom Rule E:/VS2019Qt5.15/3D/tests/dependencies/CMakeLists.txt
  正在扫描源以查找模块依赖项...
  thread_pool.cpp
  正在编译...
  thread_pool.cpp
  Building Custom Rule E:/VS2019Qt5.15/3D/tests/dependencies/CMakeLists.txt
  正在扫描源以查找模块依赖项...
  sqlite.cpp
  Building Custom Rule E:/VS2019Qt5.15/3D/tests/dependencies/CMakeLists.txt
  正在编译...
  正在扫描源以查找模块依赖项...
  sqlite.cpp
  toml11.cpp
  正在编译...
  toml11.cpp
  stdout_sinks.cpp
  ock_probe_sqlite.vcxproj -> E:\VS2019Qt5.15\3D\build\d0.06-a\empty-release\Release\ock_probe_sqlite.exe
  Building Custom Rule E:/VS2019Qt5.15/3D/tests/dependencies/CMakeLists.txt
  正在扫描源以查找模块依赖项...
  toolchain.cpp
  正在编译...
  toolchain.cpp
  color_sinks.cpp
  ock_probe_thread_pool.vcxproj -> E:\VS2019Qt5.15\3D\build\d0.06-a\empty-release\Release\ock_probe_thread_pool.exe
  ock_probe_toolchain.vcxproj -> E:\VS2019Qt5.15\3D\build\d0.06-a\empty-release\Release\ock_probe_toolchain.exe
  file_sinks.cpp
  ock_probe_toml11.vcxproj -> E:\VS2019Qt5.15\3D\build\d0.06-a\empty-release\Release\ock_probe_toml11.exe
  ock_probe_jsoncons.vcxproj -> E:\VS2019Qt5.15\3D\build\d0.06-a\empty-release\Release\ock_probe_jsoncons.exe
  async.cpp
  cfg.cpp
  正在生成代码...
  spdlog.vcxproj -> E:\VS2019Qt5.15\3D\build\d0.06-a\empty-release\_upstream\spdlog\Release\spdlog.lib
  Building Custom Rule E:/VS2019Qt5.15/3D/tests/dependencies/CMakeLists.txt
  正在扫描源以查找模块依赖项...
  spdlog.cpp
  正在编译...
  spdlog.cpp
  ock_probe_spdlog.vcxproj -> E:\VS2019Qt5.15\3D\build\d0.06-a\empty-release\Release\ock_probe_spdlog.exe
  Building Custom Rule E:/VS2019Qt5.15/3D/tests/dependencies/CMakeLists.txt
