适用于 .NET Framework MSBuild 版本 17.14.23+b0019275e

  ock_Data.vcxproj -> J:\Code\Kernel_v2\build\b2-sdk-release\Release\ock_Data.lib
  ock_Runtime.vcxproj -> J:\Code\Kernel_v2\build\b2-sdk-release\Release\ock_Runtime.lib
  ock_Dynamic.vcxproj -> J:\Code\Kernel_v2\build\b2-sdk-release\Release\ock_Dynamic.lib
  binding_parity.vcxproj -> J:\Code\Kernel_v2\build\b2-sdk-release\tests\unit\data\Release\binding_parity.exe
  ock_ControlProtocol.vcxproj -> J:\Code\Kernel_v2\build\b2-sdk-release\Release\ock_ControlProtocol.lib
  ock_host_tests.vcxproj -> J:\Code\Kernel_v2\build\b2-sdk-release\tests\contract\host\Release\ock_host_tests.exe
  ock_probe_asio.vcxproj -> J:\Code\Kernel_v2\build\b2-sdk-release\Release\ock_probe_asio.exe
  ock_Control.vcxproj -> J:\Code\Kernel_v2\build\b2-sdk-release\Release\ock_Control.lib
  ock_host_fault_tests.vcxproj -> J:\Code\Kernel_v2\build\b2-sdk-release\tests\contract\host\Release\ock_host_fault_tests.exe
  ock_probe_expected.vcxproj -> J:\Code\Kernel_v2\build\b2-sdk-release\Release\ock_probe_expected.exe
  catalog_contract.vcxproj -> J:\Code\Kernel_v2\build\b2-sdk-release\tests\unit\data\Release\catalog_contract.exe
  ock_probe_cli11.vcxproj -> J:\Code\Kernel_v2\build\b2-sdk-release\Release\ock_probe_cli11.exe
  ock_probe_jsoncons.vcxproj -> J:\Code\Kernel_v2\build\b2-sdk-release\Release\ock_probe_jsoncons.exe
  ock_probe_toolchain.vcxproj -> J:\Code\Kernel_v2\build\b2-sdk-release\Release\ock_probe_toolchain.exe
  ock_Adapter_LocalIPC.vcxproj -> J:\Code\Kernel_v2\build\b2-sdk-release\Release\ock_Adapter_LocalIPC.lib
  ock_sdk_metadata_probe.vcxproj -> J:\Code\Kernel_v2\build\b2-sdk-release\Release\ock_sdk_metadata_probe.exe
  observation_wire_contract.vcxproj -> J:\Code\Kernel_v2\build\b2-sdk-release\tests\unit\data\Release\observation_wire_contract.exe
  ock_ControlClient.vcxproj -> J:\Code\Kernel_v2\build\b2-sdk-release\Release\ock_ControlClient.lib
  parser_seed_contract.vcxproj -> J:\Code\Kernel_v2\build\b2-sdk-release\tests\unit\data\Release\parser_seed_contract.exe
  outcome_wire_contract.vcxproj -> J:\Code\Kernel_v2\build\b2-sdk-release\tests\unit\data\Release\outcome_wire_contract.exe
  get_contract.vcxproj -> J:\Code\Kernel_v2\build\b2-sdk-release\tests\unit\data\Release\get_contract.exe
  list_contract.vcxproj -> J:\Code\Kernel_v2\build\b2-sdk-release\tests\unit\data\Release\list_contract.exe
  payload_contract.vcxproj -> J:\Code\Kernel_v2\build\b2-sdk-release\tests\unit\data\Release\payload_contract.exe
  protocol_contract.vcxproj -> J:\Code\Kernel_v2\build\b2-sdk-release\tests\unit\data\Release\protocol_contract.exe
  cursor_contract.vcxproj -> J:\Code\Kernel_v2\build\b2-sdk-release\tests\unit\data\Release\cursor_contract.exe
  dynamic_native_contract.vcxproj -> J:\Code\Kernel_v2\build\b2-sdk-release\tests\unit\data\Release\dynamic_native_contract.exe
  schema_contract.vcxproj -> J:\Code\Kernel_v2\build\b2-sdk-release\tests\unit\data\Release\schema_contract.exe
  router_contract.vcxproj -> J:\Code\Kernel_v2\build\b2-sdk-release\tests\unit\data\Release\router_contract.exe
  subscription_contract.vcxproj -> J:\Code\Kernel_v2\build\b2-sdk-release\tests\unit\data\Release\subscription_contract.exe
  ock_ipc_observation_peer.vcxproj -> J:\Code\Kernel_v2\build\b2-sdk-release\tests\integration\windows_ipc\Release\ock_ipc_observation_peer.exe
  ock_stateless_service.vcxproj -> J:\Code\Kernel_v2\build\b2-sdk-release\examples\stateless_service\Release\ock_stateless_service.exe
  ock_ipc_peer.vcxproj -> J:\Code\Kernel_v2\build\b2-sdk-release\tests\integration\windows_ipc\Release\ock_ipc_peer.exe
  cost_samples.cpp
  ock_ipc_pressure_peer.vcxproj -> J:\Code\Kernel_v2\build\b2-sdk-release\tests\integration\windows_ipc\Release\ock_ipc_pressure_peer.exe
  ock.vcxproj -> J:\Code\Kernel_v2\build\b2-sdk-release\apps\ock\Release\ock.exe
  ock_client_contract.vcxproj -> J:\Code\Kernel_v2\build\b2-sdk-release\tests\integration\cli\Release\ock_client_contract.exe
  ock_b3_cost_samples.vcxproj -> J:\Code\Kernel_v2\build\b2-sdk-release\tests\integration\cli\Release\ock_b3_cost_samples.exe
