CMake is re-running because J:/Code/Kernel_v2/build/b4-debug/examples/managed_service/CMakeFiles/generate.stamp is out-of-date.
  the file 'J:/Code/Kernel_v2/examples/managed_service/CMakeLists.txt'
  is newer than 'J:/Code/Kernel_v2/build/b4-debug/examples/managed_service/CMakeFiles/generate.stamp.depend'
  result='-1'
-- Configuring done (2.5s)
-- Generating done (0.4s)
-- Build files have been written to: J:/Code/Kernel_v2/build/b4-debug
适用于 .NET Framework MSBuild 版本 17.14.23+b0019275e

  1>Checking Build System
  ock_Adapter_CpuPool.vcxproj -> J:\Code\Kernel_v2\build\b4-debug\Debug\ock_Adapter_CpuPool.lib
  host_execution.cpp
  host.cpp
  正在生成代码...
  ock_Runtime.vcxproj -> J:\Code\Kernel_v2\build\b4-debug\Debug\ock_Runtime.lib
  ock_native_service.vcxproj -> J:\Code\Kernel_v2\build\b4-debug\examples\native_service\Debug\ock_native_service.exe
  native_tests.cpp
  execution_service_cases.cpp
  structured_cases.cpp
  async_cases.cpp
  session_cases.cpp
  observation_cases.cpp
  正在生成代码...
  ock_native_tests.vcxproj -> J:\Code\Kernel_v2\build\b4-debug\tests\contract\native\Debug\ock_native_tests.exe
  {"actual_cases": ["T02.native.candidate_read_dispatch", "T02.native.exact_binding", "T02.native.invalid_input", "T02.native.private_dispatch", "T02.native.registered_compute", "T02.native.registered_read", "T02.native.validation_exception", "T03.native.cancel_and_budget", "T03.native.component_boundary", "T03.native.example_consumer", "T03.native.execution_service_control", "T03.native.execution_table_ownership", "T03.native.host_async_completion", "T03.native.host_async_deadline", "T03.native.host_async_drain", "T03.native.host_cached_result_sessions", "T03.native.host_execution_lifecycle", "T03.native.host_execution_resources", "T03.native.host_observation_drain", "T03.native.host_required_record", "T03.native.host_required_record_drain", "T03.native.host_structured_lifetime", "T03.native.managed_execution_path", "T03.native.managed_execution_resource_wait", "T03.native.managed_record", "T03.native.managed_record_ownership", "T03.native.managed_resources", "T03.native.no_self_wait", "T03.native.no_task_path", "T03.native.observation_lease_drain", "T03.native.provider_unavailable", "T03.native.reentrant_and_concurrent", "T03.native.resource_lifetime", "T03.native.thread_modes", "T03.native.thread_origin", "T06.native.admission_order", "T06.native.authority_origin", "T06.native.business_failure", "T06.native.execution_source_observation", "T06.native.host_structured_admission", "T06.native.invalid_output", "T06.native.lifecycle_replacement", "T06.native.managed_admission", "T06.native.observation_journal", "T06.native.outcome_consistency", "T06.native.permission_intersection", "T06.native.policy_contract_alignment", "T06.native.revoke_and_regrant", "T06.native.session_and_deadline", "T06.native.target_binding", "T23.native.allocation_governance", "T23.native.allocation_other_costs", "T23.native.allocation_probe", "T23.native.allocation_steady"], "count": 54}
适用于 .NET Framework MSBuild 版本 17.14.23+b0019275e

  ock_Adapter_CpuPool.vcxproj -> J:\Code\Kernel_v2\build\b4-debug\Debug\ock_Adapter_CpuPool.lib
  ock_Data.vcxproj -> J:\Code\Kernel_v2\build\b4-debug\Debug\ock_Data.lib
  ock_ControlProtocol.vcxproj -> J:\Code\Kernel_v2\build\b4-debug\Debug\ock_ControlProtocol.lib
  ock_Adapter_LocalIPC.vcxproj -> J:\Code\Kernel_v2\build\b4-debug\Debug\ock_Adapter_LocalIPC.lib
  ock_Runtime.vcxproj -> J:\Code\Kernel_v2\build\b4-debug\Debug\ock_Runtime.lib
  ock_Dynamic.vcxproj -> J:\Code\Kernel_v2\build\b4-debug\Debug\ock_Dynamic.lib
  execution_method.cpp
  invoke_method.cpp
  正在生成代码...
  ock_Control.vcxproj -> J:\Code\Kernel_v2\build\b4-debug\Debug\ock_Control.lib
  Building Custom Rule J:/Code/Kernel_v2/examples/managed_service/CMakeLists.txt
  main.cpp
  service.cpp
  正在生成代码...
  ock_managed_service.vcxproj -> J:\Code\Kernel_v2\build\b4-debug\examples\managed_service\Debug\ock_managed_service.exe
适用于 .NET Framework MSBuild 版本 17.14.23+b0019275e

  ock_Data.vcxproj -> J:\Code\Kernel_v2\build\b4-debug\Debug\ock_Data.lib
  ock_ControlProtocol.vcxproj -> J:\Code\Kernel_v2\build\b4-debug\Debug\ock_ControlProtocol.lib
  ock_Adapter_LocalIPC.vcxproj -> J:\Code\Kernel_v2\build\b4-debug\Debug\ock_Adapter_LocalIPC.lib
  ock_ControlClient.vcxproj -> J:\Code\Kernel_v2\build\b4-debug\Debug\ock_ControlClient.lib
  ock.vcxproj -> J:\Code\Kernel_v2\build\b4-debug\apps\ock\Debug\ock.exe
