-- Installing: J:\Code\Kernel_v2\build\state-install-2psb82f0\original/lib/cmake/OCK/OCKThirdPartyTargets.cmake
-- Installing: J:\Code\Kernel_v2\build\state-install-2psb82f0\original/include/tl/expected.hpp
-- Installing: J:\Code\Kernel_v2\build\state-install-2psb82f0\original/share/ock/licenses/tl-expected-CC0-1.0.txt
-- Installing: J:\Code\Kernel_v2\build\state-install-2psb82f0\original/lib/ock_Runtime.lib
-- Installing: J:\Code\Kernel_v2\build\state-install-2psb82f0\original/lib/ock_State.lib
-- Up-to-date: J:\Code\Kernel_v2\build\state-install-2psb82f0\original/include
-- Installing: J:\Code\Kernel_v2\build\state-install-2psb82f0\original/include/ock
-- Installing: J:\Code\Kernel_v2\build\state-install-2psb82f0\original/include/ock/state
-- Installing: J:\Code\Kernel_v2\build\state-install-2psb82f0\original/include/ock/state/atomic.hpp
-- Installing: J:\Code\Kernel_v2\build\state-install-2psb82f0\original/include/ock/state/commit.hpp
-- Installing: J:\Code\Kernel_v2\build\state-install-2psb82f0\original/include/ock/state/detail
-- Installing: J:\Code\Kernel_v2\build\state-install-2psb82f0\original/include/ock/state/detail/published_state.hpp
-- Installing: J:\Code\Kernel_v2\build\state-install-2psb82f0\original/include/ock/state/domain.hpp
-- Installing: J:\Code\Kernel_v2\build\state-install-2psb82f0\original/include/ock/state/edit.hpp
-- Installing: J:\Code\Kernel_v2\build\state-install-2psb82f0\original/include/ock/state/history.hpp
-- Installing: J:\Code\Kernel_v2\build\state-install-2psb82f0\original/include/ock/state/object_root.hpp
-- Installing: J:\Code\Kernel_v2\build\state-install-2psb82f0\original/include/ock/state/provider.hpp
-- Installing: J:\Code\Kernel_v2\build\state-install-2psb82f0\original/include/ock/state/root.hpp
-- Installing: J:\Code\Kernel_v2\build\state-install-2psb82f0\original/lib/ock_Data.lib
-- Up-to-date: J:\Code\Kernel_v2\build\state-install-2psb82f0\original/include
-- Up-to-date: J:\Code\Kernel_v2\build\state-install-2psb82f0\original/include/ock
-- Installing: J:\Code\Kernel_v2\build\state-install-2psb82f0\original/include/ock/data
-- Installing: J:\Code\Kernel_v2\build\state-install-2psb82f0\original/include/ock/data/payload.hpp
-- Installing: J:\Code\Kernel_v2\build\state-install-2psb82f0\original/lib/ock_Dynamic.lib
-- Up-to-date: J:\Code\Kernel_v2\build\state-install-2psb82f0\original/include
-- Up-to-date: J:\Code\Kernel_v2\build\state-install-2psb82f0\original/include/ock
-- Installing: J:\Code\Kernel_v2\build\state-install-2psb82f0\original/include/ock/dynamic
-- Installing: J:\Code\Kernel_v2\build\state-install-2psb82f0\original/include/ock/dynamic/binding
-- Installing: J:\Code\Kernel_v2\build\state-install-2psb82f0\original/include/ock/dynamic/binding/bound_operation.hpp
-- Installing: J:\Code\Kernel_v2\build\state-install-2psb82f0\original/include/ock/dynamic/binding/record.hpp
-- Installing: J:\Code\Kernel_v2\build\state-install-2psb82f0\original/include/ock/dynamic/binding/registered_record.hpp
-- Installing: J:\Code\Kernel_v2\build\state-install-2psb82f0\original/include/ock/dynamic/binding/schema.hpp
-- Installing: J:\Code\Kernel_v2\build\state-install-2psb82f0\original/include/ock/dynamic/binding/type_contract.hpp
-- Installing: J:\Code\Kernel_v2\build\state-install-2psb82f0\original/include/ock/dynamic/catalog
-- Installing: J:\Code\Kernel_v2\build\state-install-2psb82f0\original/include/ock/dynamic/catalog/catalog.hpp
-- Installing: J:\Code\Kernel_v2\build\state-install-2psb82f0\original/lib/ock_ControlProtocol.lib
-- Up-to-date: J:\Code\Kernel_v2\build\state-install-2psb82f0\original/include
-- Up-to-date: J:\Code\Kernel_v2\build\state-install-2psb82f0\original/include/ock
-- Installing: J:\Code\Kernel_v2\build\state-install-2psb82f0\original/include/ock/control_protocol
-- Installing: J:\Code\Kernel_v2\build\state-install-2psb82f0\original/include/ock/control_protocol/observation_wire.hpp
-- Installing: J:\Code\Kernel_v2\build\state-install-2psb82f0\original/include/ock/control_protocol/outcome_wire.hpp
-- Installing: J:\Code\Kernel_v2\build\state-install-2psb82f0\original/include/ock/control_protocol/protocol.hpp
-- Installing: J:\Code\Kernel_v2\build\state-install-2psb82f0\original/include/ock/control_protocol/transport.hpp
-- Installing: J:\Code\Kernel_v2\build\state-install-2psb82f0\original/lib/ock_Control.lib
-- Up-to-date: J:\Code\Kernel_v2\build\state-install-2psb82f0\original/include
-- Up-to-date: J:\Code\Kernel_v2\build\state-install-2psb82f0\original/include/ock
-- Installing: J:\Code\Kernel_v2\build\state-install-2psb82f0\original/include/ock/control
-- Installing: J:\Code\Kernel_v2\build\state-install-2psb82f0\original/include/ock/control/catalog_methods.hpp
-- Installing: J:\Code\Kernel_v2\build\state-install-2psb82f0\original/include/ock/control/cursor.hpp
-- Installing: J:\Code\Kernel_v2\build\state-install-2psb82f0\original/include/ock/control/execution_method.hpp
-- Installing: J:\Code\Kernel_v2\build\state-install-2psb82f0\original/include/ock/control/get_method.hpp
-- Installing: J:\Code\Kernel_v2\build\state-install-2psb82f0\original/include/ock/control/invoke_method.hpp
-- Installing: J:\Code\Kernel_v2\build\state-install-2psb82f0\original/include/ock/control/list_method.hpp
-- Installing: J:\Code\Kernel_v2\build\state-install-2psb82f0\original/include/ock/control/observation_transport.hpp
-- Installing: J:\Code\Kernel_v2\build\state-install-2psb82f0\original/include/ock/control/router.hpp
-- Installing: J:\Code\Kernel_v2\build\state-install-2psb82f0\original/include/ock/control/subscription.hpp
-- Installing: J:\Code\Kernel_v2\build\state-install-2psb82f0\original/include/ock/control/subscription_methods.hpp
-- Installing: J:\Code\Kernel_v2\build\state-install-2psb82f0\original/lib/ock_ControlClient.lib
-- Up-to-date: J:\Code\Kernel_v2\build\state-install-2psb82f0\original/include
-- Up-to-date: J:\Code\Kernel_v2\build\state-install-2psb82f0\original/include/ock
-- Installing: J:\Code\Kernel_v2\build\state-install-2psb82f0\original/include/ock/control_client
-- Installing: J:\Code\Kernel_v2\build\state-install-2psb82f0\original/include/ock/control_client/client.hpp
-- Installing: J:\Code\Kernel_v2\build\state-install-2psb82f0\original/include/ock/control_client/intent.hpp
-- Installing: J:\Code\Kernel_v2\build\state-install-2psb82f0\original/include/ock/control_client/watch.hpp
-- Installing: J:\Code\Kernel_v2\build\state-install-2psb82f0\original/lib/ock_Adapter_LocalIPC.lib
-- Up-to-date: J:\Code\Kernel_v2\build\state-install-2psb82f0\original/include
-- Up-to-date: J:\Code\Kernel_v2\build\state-install-2psb82f0\original/include/ock
-- Installing: J:\Code\Kernel_v2\build\state-install-2psb82f0\original/include/ock/local_ipc
-- Installing: J:\Code\Kernel_v2\build\state-install-2psb82f0\original/include/ock/local_ipc/pipe.hpp
-- Installing: J:\Code\Kernel_v2\build\state-install-2psb82f0\original/lib/ock_Adapter_CpuPool.lib
-- Up-to-date: J:\Code\Kernel_v2\build\state-install-2psb82f0\original/include
-- Up-to-date: J:\Code\Kernel_v2\build\state-install-2psb82f0\original/include/ock
-- Installing: J:\Code\Kernel_v2\build\state-install-2psb82f0\original/include/ock/adapters
-- Installing: J:\Code\Kernel_v2\build\state-install-2psb82f0\original/include/ock/adapters/cpu_pool
-- Installing: J:\Code\Kernel_v2\build\state-install-2psb82f0\original/include/ock/adapters/cpu_pool/cpu_pool.hpp
-- Installing: J:\Code\Kernel_v2\build\state-install-2psb82f0\original/include/ock/cpu_pool
-- Installing: J:\Code\Kernel_v2\build\state-install-2psb82f0\original/bin/ock.exe
-- Installing: J:\Code\Kernel_v2\build\state-install-2psb82f0\original/lib/cmake/OCK/OCKTargets.cmake
-- Installing: J:\Code\Kernel_v2\build\state-install-2psb82f0\original/lib/cmake/OCK/OCKTargets-release.cmake
-- Installing: J:\Code\Kernel_v2\build\state-install-2psb82f0\original/lib/cmake/OCK/OCKConfig.cmake
-- Installing: J:\Code\Kernel_v2\build\state-install-2psb82f0\original/lib/cmake/OCK/OCKConfigVersion.cmake
-- Up-to-date: J:\Code\Kernel_v2\build\state-install-2psb82f0\original/include
-- Up-to-date: J:\Code\Kernel_v2\build\state-install-2psb82f0\original/include/ock
-- Installing: J:\Code\Kernel_v2\build\state-install-2psb82f0\original/include/ock/foundation
-- Installing: J:\Code\Kernel_v2\build\state-install-2psb82f0\original/include/ock/foundation/foundation.hpp
-- Installing: J:\Code\Kernel_v2\build\state-install-2psb82f0\original/include/ock/foundation/sdk_version.hpp
-- Up-to-date: J:\Code\Kernel_v2\build\state-install-2psb82f0\original/include
-- Up-to-date: J:\Code\Kernel_v2\build\state-install-2psb82f0\original/include/ock
-- Installing: J:\Code\Kernel_v2\build\state-install-2psb82f0\original/include/ock/contracts
-- Installing: J:\Code\Kernel_v2\build\state-install-2psb82f0\original/include/ock/contracts/context.hpp
-- Installing: J:\Code\Kernel_v2\build\state-install-2psb82f0\original/include/ock/contracts/executor.hpp
-- Installing: J:\Code\Kernel_v2\build\state-install-2psb82f0\original/include/ock/contracts/identity.hpp
-- Installing: J:\Code\Kernel_v2\build\state-install-2psb82f0\original/include/ock/contracts/logging.hpp
-- Installing: J:\Code\Kernel_v2\build\state-install-2psb82f0\original/include/ock/contracts/observation.hpp
-- Installing: J:\Code\Kernel_v2\build\state-install-2psb82f0\original/include/ock/contracts/operation.hpp
-- Installing: J:\Code\Kernel_v2\build\state-install-2psb82f0\original/include/ock/contracts/outcome.hpp
-- Installing: J:\Code\Kernel_v2\build\state-install-2psb82f0\original/include/ock/contracts/ports.hpp
-- Up-to-date: J:\Code\Kernel_v2\build\state-install-2psb82f0\original/include
-- Up-to-date: J:\Code\Kernel_v2\build\state-install-2psb82f0\original/include/ock
-- Installing: J:\Code\Kernel_v2\build\state-install-2psb82f0\original/include/ock/runtime
-- Installing: J:\Code\Kernel_v2\build\state-install-2psb82f0\original/include/ock/runtime/detail
-- Installing: J:\Code\Kernel_v2\build\state-install-2psb82f0\original/include/ock/runtime/detail/host.hpp
-- Installing: J:\Code\Kernel_v2\build\state-install-2psb82f0\original/include/ock/runtime/detail/invocation.hpp
-- Installing: J:\Code\Kernel_v2\build\state-install-2psb82f0\original/include/ock/runtime/detail/private_bridge.hpp
-- Installing: J:\Code\Kernel_v2\build\state-install-2psb82f0\original/include/ock/runtime/host.hpp
-- Installing: J:\Code\Kernel_v2\build\state-install-2psb82f0\original/include/ock/runtime/logging.hpp
-- Installing: J:\Code\Kernel_v2\build\state-install-2psb82f0\original/include/ock/runtime/native_types.hpp
-- Installing: J:\Code\Kernel_v2\build\state-install-2psb82f0\original/include/ock/runtime/policy.hpp
-- Installing: J:\Code\Kernel_v2\build\state-install-2psb82f0\original/include/ock/runtime/registry.hpp
-- Installing: J:\Code\Kernel_v2\build\state-install-2psb82f0\original/include/ock/runtime/resources.hpp
-- Installing: J:\Code\Kernel_v2\build\state-install-2psb82f0\original/include/ock/runtime/scheduler.hpp
-- Installing: J:\Code\Kernel_v2\build\state-install-2psb82f0\original/share/ock/schemas/catalog
-- Installing: J:\Code\Kernel_v2\build\state-install-2psb82f0\original/share/ock/schemas/catalog/command-card.schema.json
-- Installing: J:\Code\Kernel_v2\build\state-install-2psb82f0\original/share/ock/schemas/rpc-v1
-- Installing: J:\Code\Kernel_v2\build\state-install-2psb82f0\original/share/ock/schemas/rpc-v1/common.schema.json
-- Installing: J:\Code\Kernel_v2\build\state-install-2psb82f0\original/share/ock/schemas/rpc-v1/execution-cancel.schema.json
-- Installing: J:\Code\Kernel_v2\build\state-install-2psb82f0\original/share/ock/schemas/rpc-v1/execution-get-summary.schema.json
-- Installing: J:\Code\Kernel_v2\build\state-install-2psb82f0\original/share/ock/schemas/rpc-v1/execution-list.schema.json
-- Installing: J:\Code\Kernel_v2\build\state-install-2psb82f0\original/share/ock/schemas/rpc-v1/execution-wait.schema.json
-- Installing: J:\Code\Kernel_v2\build\state-install-2psb82f0\original/share/ock/schemas/rpc-v1/notifications.schema.json
-- Installing: J:\Code\Kernel_v2\build\state-install-2psb82f0\original/share/ock/schemas/rpc-v1/outcome.schema.json
-- Installing: J:\Code\Kernel_v2\build\state-install-2psb82f0\original/share/ock/schemas/rpc-v1/result-read.schema.json
-- Installing: J:\Code\Kernel_v2\build\state-install-2psb82f0\original/share/ock/schemas/rpc-v1/submit.schema.json
-- Installing: J:\Code\Kernel_v2\build\state-install-2psb82f0\original/share/ock/sdk_api_manifest.json
