适用于 .NET Framework MSBuild 版本 17.14.23+b0019275e

  1>Checking Build System
  Building Custom Rule J:/Code/Kernel_v2/CMakeLists.txt
  payload.cpp
  Building Custom Rule J:/Code/Kernel_v2/CMakeLists.txt
  Building Custom Rule J:/Code/Kernel_v2/CMakeLists.txt
  Building Custom Rule J:/Code/Kernel_v2/CMakeLists.txt
  Building Custom Rule J:/Code/Kernel_v2/CMakeLists.txt
  toolchain.cpp
  Building Custom Rule J:/Code/Kernel_v2/CMakeLists.txt
  registry.cpp
  jsoncons.cpp
  expected.cpp
  sdk_metadata.cpp
  ock_probe_toolchain.vcxproj -> J:\Code\Kernel_v2\build\b2-sdk-release\Release\ock_probe_toolchain.exe
  ock_sdk_metadata_probe.vcxproj -> J:\Code\Kernel_v2\build\b2-sdk-release\Release\ock_sdk_metadata_probe.exe
  ock_probe_expected.vcxproj -> J:\Code\Kernel_v2\build\b2-sdk-release\Release\ock_probe_expected.exe
  policy.cpp
  ock_Data.vcxproj -> J:\Code\Kernel_v2\build\b2-sdk-release\Release\ock_Data.lib
  Building Custom Rule J:/Code/Kernel_v2/CMakeLists.txt
  Building Custom Rule J:/Code/Kernel_v2/tests/unit/data/CMakeLists.txt
  Building Custom Rule J:/Code/Kernel_v2/tests/unit/data/CMakeLists.txt
  payload.cpp
  parser_seeds.cpp
  protocol.cpp
  observation_wire.cpp
  invocation.cpp
  parser_seed_contract.vcxproj -> J:\Code\Kernel_v2\build\b2-sdk-release\tests\unit\data\Release\parser_seed_contract.exe
  outcome_wire.cpp
  payload_contract.vcxproj -> J:\Code\Kernel_v2\build\b2-sdk-release\tests\unit\data\Release\payload_contract.exe
  正在生成代码...
  host.cpp
  ock_ControlProtocol.vcxproj -> J:\Code\Kernel_v2\build\b2-sdk-release\Release\ock_ControlProtocol.lib
  Building Custom Rule J:/Code/Kernel_v2/tests/unit/data/CMakeLists.txt
  Building Custom Rule J:/Code/Kernel_v2/tests/unit/data/CMakeLists.txt
  frame.cpp
  observation_wire.cpp
  protocol_contract.vcxproj -> J:\Code\Kernel_v2\build\b2-sdk-release\tests\unit\data\Release\protocol_contract.exe
  observation_wire_contract.vcxproj -> J:\Code\Kernel_v2\build\b2-sdk-release\tests\unit\data\Release\observation_wire_contract.exe
  logging.cpp
  正在生成代码...
  ock_probe_jsoncons.vcxproj -> J:\Code\Kernel_v2\build\b2-sdk-release\Release\ock_probe_jsoncons.exe
  ock_Runtime.vcxproj -> J:\Code\Kernel_v2\build\b2-sdk-release\Release\ock_Runtime.lib
  Building Custom Rule J:/Code/Kernel_v2/CMakeLists.txt
  schema.cpp
  catalog.cpp
  正在生成代码...
  ock_Dynamic.vcxproj -> J:\Code\Kernel_v2\build\b2-sdk-release\Release\ock_Dynamic.lib
  Building Custom Rule J:/Code/Kernel_v2/tests/unit/data/CMakeLists.txt
  Building Custom Rule J:/Code/Kernel_v2/tests/unit/data/CMakeLists.txt
  binding.cpp
  schema.cpp
  Building Custom Rule J:/Code/Kernel_v2/tests/unit/data/CMakeLists.txt
  outcome.cpp
  Building Custom Rule J:/Code/Kernel_v2/CMakeLists.txt
  cursor.cpp
  router.cpp
  schema_contract.vcxproj -> J:\Code\Kernel_v2\build\b2-sdk-release\tests\unit\data\Release\schema_contract.exe
  binding_parity.vcxproj -> J:\Code\Kernel_v2\build\b2-sdk-release\tests\unit\data\Release\binding_parity.exe
  invoke_method.cpp
  outcome_wire_contract.vcxproj -> J:\Code\Kernel_v2\build\b2-sdk-release\tests\unit\data\Release\outcome_wire_contract.exe
  catalog_methods.cpp
  subscription.cpp
  subscription_methods.cpp
  list_method.cpp
  get_method.cpp
  正在生成代码...
  ock_Control.vcxproj -> J:\Code\Kernel_v2\build\b2-sdk-release\Release\ock_Control.lib
  Building Custom Rule J:/Code/Kernel_v2/tests/unit/data/CMakeLists.txt
  Building Custom Rule J:/Code/Kernel_v2/tests/unit/data/CMakeLists.txt
  Building Custom Rule J:/Code/Kernel_v2/tests/unit/data/CMakeLists.txt
  catalog.cpp
  subscription.cpp
  router.cpp
  Building Custom Rule J:/Code/Kernel_v2/tests/unit/data/CMakeLists.txt
  Building Custom Rule J:/Code/Kernel_v2/tests/unit/data/CMakeLists.txt
  list.cpp
  Building Custom Rule J:/Code/Kernel_v2/tests/unit/data/CMakeLists.txt
  get.cpp
  cursor.cpp
  cursor_contract.vcxproj -> J:\Code\Kernel_v2\build\b2-sdk-release\tests\unit\data\Release\cursor_contract.exe
  Building Custom Rule J:/Code/Kernel_v2/tests/unit/data/CMakeLists.txt
  native.cpp
  router_contract.vcxproj -> J:\Code\Kernel_v2\build\b2-sdk-release\tests\unit\data\Release\router_contract.exe
  list_contract.vcxproj -> J:\Code\Kernel_v2\build\b2-sdk-release\tests\unit\data\Release\list_contract.exe
  get_contract.vcxproj -> J:\Code\Kernel_v2\build\b2-sdk-release\tests\unit\data\Release\get_contract.exe
  catalog_contract.vcxproj -> J:\Code\Kernel_v2\build\b2-sdk-release\tests\unit\data\Release\catalog_contract.exe
  subscription_contract.vcxproj -> J:\Code\Kernel_v2\build\b2-sdk-release\tests\unit\data\Release\subscription_contract.exe
  dynamic_native_contract.vcxproj -> J:\Code\Kernel_v2\build\b2-sdk-release\tests\unit\data\Release\dynamic_native_contract.exe
  Building Custom Rule J:/Code/Kernel_v2/CMakeLists.txt
