Preset CMake variables:

  BUILD_TESTING="ON"
  CMAKE_CXX_EXTENSIONS="OFF"
  CMAKE_CXX_STANDARD="20"
  CMAKE_CXX_STANDARD_REQUIRED="ON"
  CMAKE_MSVC_DEBUG_INFORMATION_FORMAT="Embedded"
  CMAKE_SYSTEM_VERSION="10.0.26100.0"
  CMAKE_TOOLCHAIN_FILE:FILEPATH="J:/Code/Kernel_v2/cmake/LockedMSVC.cmake"
  OCK_DEPENDENCY_CACHE="J:/Code/Kernel_v2/build/d0.06-a/cache"

Preset environment variables:

  MSBUILDDISABLENODEREUSE="1"

-- The CXX compiler identification is MSVC 19.44.35216.0
-- Detecting CXX compiler ABI info
-- Detecting CXX compiler ABI info - done
-- Check for working CXX compiler: J:/Code/Kernel_v2/build/msvc-validation/e8697b7e3597a578/bin/cl.exe - skipped
-- Detecting CXX compile features
-- Detecting CXX compile features - done
-- Found Python3: J:/Code/Kernel_v2/build/runtime/python311/python.exe (found suitable version "3.11.9", minimum required is "3.11") found components: Interpreter
-- Configuring done (5.1s)
-- Generating done (0.5s)
-- Build files have been written to: J:/Code/Kernel_v2/build/b6-formal-asan
