适用于 .NET Framework MSBuild 版本 17.14.23+b0019275e

  ock_Data.vcxproj -> J:\Code\Kernel_v2\build\b2-sdk-asan\Debug\ock_Data.lib
  ock_Runtime.vcxproj -> J:\Code\Kernel_v2\build\b2-sdk-asan\Debug\ock_Runtime.lib
  ock_Dynamic.vcxproj -> J:\Code\Kernel_v2\build\b2-sdk-asan\Debug\ock_Dynamic.lib
  binding.cpp
  ock_host_tests.vcxproj -> J:\Code\Kernel_v2\build\b2-sdk-asan\tests\contract\host\Debug\ock_host_tests.exe
  ock_ControlProtocol.vcxproj -> J:\Code\Kernel_v2\build\b2-sdk-asan\Debug\ock_ControlProtocol.lib
  ock_probe_asio.vcxproj -> J:\Code\Kernel_v2\build\b2-sdk-asan\Debug\ock_probe_asio.exe
  ock_host_fault_tests.vcxproj -> J:\Code\Kernel_v2\build\b2-sdk-asan\tests\contract\host\Debug\ock_host_fault_tests.exe
  ock_probe_cli11.vcxproj -> J:\Code\Kernel_v2\build\b2-sdk-asan\Debug\ock_probe_cli11.exe
  ock_probe_expected.vcxproj -> J:\Code\Kernel_v2\build\b2-sdk-asan\Debug\ock_probe_expected.exe
  ock_probe_toolchain.vcxproj -> J:\Code\Kernel_v2\build\b2-sdk-asan\Debug\ock_probe_toolchain.exe
  ock_probe_jsoncons.vcxproj -> J:\Code\Kernel_v2\build\b2-sdk-asan\Debug\ock_probe_jsoncons.exe
  ock_probe_asan.vcxproj -> J:\Code\Kernel_v2\build\b2-sdk-asan\Debug\ock_probe_asan.exe
  ock_sdk_metadata_probe.vcxproj -> J:\Code\Kernel_v2\build\b2-sdk-asan\Debug\ock_sdk_metadata_probe.exe
  outcome_wire_contract.vcxproj -> J:\Code\Kernel_v2\build\b2-sdk-asan\tests\unit\data\Debug\outcome_wire_contract.exe
  parser_seed_contract.vcxproj -> J:\Code\Kernel_v2\build\b2-sdk-asan\tests\unit\data\Debug\parser_seed_contract.exe
  payload_contract.vcxproj -> J:\Code\Kernel_v2\build\b2-sdk-asan\tests\unit\data\Debug\payload_contract.exe
  protocol_contract.vcxproj -> J:\Code\Kernel_v2\build\b2-sdk-asan\tests\unit\data\Debug\protocol_contract.exe
  schema_contract.vcxproj -> J:\Code\Kernel_v2\build\b2-sdk-asan\tests\unit\data\Debug\schema_contract.exe
  ock_Adapter_LocalIPC.vcxproj -> J:\Code\Kernel_v2\build\b2-sdk-asan\Debug\ock_Adapter_LocalIPC.lib
  observation_wire_contract.vcxproj -> J:\Code\Kernel_v2\build\b2-sdk-asan\tests\unit\data\Debug\observation_wire_contract.exe
  invoke_method.cpp
  ock_ipc_pressure_peer.vcxproj -> J:\Code\Kernel_v2\build\b2-sdk-asan\tests\integration\windows_ipc\Debug\ock_ipc_pressure_peer.exe
  ock_ipc_peer.vcxproj -> J:\Code\Kernel_v2\build\b2-sdk-asan\tests\integration\windows_ipc\Debug\ock_ipc_peer.exe
  watch.cpp
  binding_parity.vcxproj -> J:\Code\Kernel_v2\build\b2-sdk-asan\tests\unit\data\Debug\binding_parity.exe
  ock_ControlClient.vcxproj -> J:\Code\Kernel_v2\build\b2-sdk-asan\Debug\ock_ControlClient.lib
  main.cpp
  client_contract.cpp
  ock_Control.vcxproj -> J:\Code\Kernel_v2\build\b2-sdk-asan\Debug\ock_Control.lib
  get_contract.vcxproj -> J:\Code\Kernel_v2\build\b2-sdk-asan\tests\unit\data\Debug\get_contract.exe
  native.cpp
  router_contract.vcxproj -> J:\Code\Kernel_v2\build\b2-sdk-asan\tests\unit\data\Debug\router_contract.exe
  catalog_contract.vcxproj -> J:\Code\Kernel_v2\build\b2-sdk-asan\tests\unit\data\Debug\catalog_contract.exe
  control_main.cpp
  service.cpp
  subscription_contract.vcxproj -> J:\Code\Kernel_v2\build\b2-sdk-asan\tests\unit\data\Debug\subscription_contract.exe
  ock_client_contract.vcxproj -> J:\Code\Kernel_v2\build\b2-sdk-asan\tests\integration\cli\Debug\ock_client_contract.exe
  cursor_contract.vcxproj -> J:\Code\Kernel_v2\build\b2-sdk-asan\tests\unit\data\Debug\cursor_contract.exe
  ock.vcxproj -> J:\Code\Kernel_v2\build\b2-sdk-asan\apps\ock\Debug\ock.exe
  ock_ipc_observation_peer.vcxproj -> J:\Code\Kernel_v2\build\b2-sdk-asan\tests\integration\windows_ipc\Debug\ock_ipc_observation_peer.exe
  service.cpp
  list_contract.vcxproj -> J:\Code\Kernel_v2\build\b2-sdk-asan\tests\unit\data\Debug\list_contract.exe
  cost_samples.cpp
  dynamic_native_contract.vcxproj -> J:\Code\Kernel_v2\build\b2-sdk-asan\tests\unit\data\Debug\dynamic_native_contract.exe
  正在生成代码...
  正在生成代码...
  ock_stateless_service.vcxproj -> J:\Code\Kernel_v2\build\b2-sdk-asan\examples\stateless_service\Debug\ock_stateless_service.exe
  ock_b3_cost_samples.vcxproj -> J:\Code\Kernel_v2\build\b2-sdk-asan\tests\integration\cli\Debug\ock_b3_cost_samples.exe
