CMake is re-running because J:/Code/Kernel_v2/build/b4-debug/examples/managed_service/CMakeFiles/generate.stamp is out-of-date.
  the file 'J:/Code/Kernel_v2/examples/managed_service/CMakeLists.txt'
  is newer than 'J:/Code/Kernel_v2/build/b4-debug/examples/managed_service/CMakeFiles/generate.stamp.depend'
  result='-1'
-- Configuring done (2.5s)
-- Generating done (0.4s)
-- Build files have been written to: J:/Code/Kernel_v2/build/b4-debug
适用于 .NET Framework MSBuild 版本 17.14.23+b0019275e

  1>Checking Build System
  ock_Adapter_CpuPool.vcxproj -> J:\Code\Kernel_v2\build\b4-debug\Debug\ock_Adapter_CpuPool.lib
  ock_Data.vcxproj -> J:\Code\Kernel_v2\build\b4-debug\Debug\ock_Data.lib
  ock_ControlProtocol.vcxproj -> J:\Code\Kernel_v2\build\b4-debug\Debug\ock_ControlProtocol.lib
  ock_Adapter_LocalIPC.vcxproj -> J:\Code\Kernel_v2\build\b4-debug\Debug\ock_Adapter_LocalIPC.lib
  host_execution.cpp
  host.cpp
  invocation.cpp
  policy.cpp
  正在生成代码...
  ock_Runtime.vcxproj -> J:\Code\Kernel_v2\build\b4-debug\Debug\ock_Runtime.lib
  catalog.cpp
  ock_Dynamic.vcxproj -> J:\Code\Kernel_v2\build\b4-debug\Debug\ock_Dynamic.lib
  execution_method.cpp
  get_method.cpp
  list_method.cpp
  observation_transport.cpp
  subscription.cpp
  subscription_methods.cpp
  catalog_methods.cpp
  invoke_method.cpp
  router.cpp
  正在生成代码...
  ock_Control.vcxproj -> J:\Code\Kernel_v2\build\b4-debug\Debug\ock_Control.lib
  Building Custom Rule J:/Code/Kernel_v2/examples/managed_service/CMakeLists.txt
  main.cpp
  service.cpp
  正在生成代码...
  ock_managed_service.vcxproj -> J:\Code\Kernel_v2\build\b4-debug\examples\managed_service\Debug\ock_managed_service.exe
适用于 .NET Framework MSBuild 版本 17.14.23+b0019275e
MSBUILD : error MSB1009: 项目文件不存在。
开关:ock_protocol_list.vcxproj
