Internal ctest changing into directory: J:/Code/Kernel_v2/build/b4-asan
UpdateCTestConfiguration  from :J:/Code/Kernel_v2/build/b4-asan/DartConfiguration.tcl
Parse Config file:J:/Code/Kernel_v2/build/b4-asan/DartConfiguration.tcl
UpdateCTestConfiguration  from :J:/Code/Kernel_v2/build/b4-asan/DartConfiguration.tcl
Parse Config file:J:/Code/Kernel_v2/build/b4-asan/DartConfiguration.tcl
Test project J:/Code/Kernel_v2/build/b4-asan
Constructing a list of tests
Done constructing a list of tests
Updating test list for fixtures
Added 0 tests to meet fixture requirements
Checking test dependency graph...
Checking test dependency graph end
test 226
    Start 226: T03.native.host_combined_drain

226: Test command: J:\Code\Kernel_v2\build\b4-asan\tests\contract\native\RelWithDebInfo\ock_native_tests.exe "T03.native.host_combined_drain"
226: Working Directory: J:/Code/Kernel_v2/build/b4-asan/tests/contract/native
226: Environment variables: 
226:  MSBUILDDISABLENODEREUSE=1
226: Environment variable modifications: 
226:  PATH=path_list_prepend:J:/Code/Kernel_v2/build/msvc-validation/e8697b7e3597a578/bin
226: Test timeout computed to be: 60
226: combined 0 begin
226: combined 0 ready
226: combined 0 session-open
226: combined 0 bound
226: combined 0 observer-installed
226: combined 0 submitted
226: combined handler entry
226: combined handler reentrant 1 resource 1
226: combined 0 first-entered
226: combined 0 resource-wait
226: combined 0 callback-fault-isolated
226: combined 0 observer-entered
226: combined 0 first-stop-timeout
226: combined 0 observer-stop-timeout
226: combined 0 outcome-verified
226: combined 0 observer-released
226: combined 0 logging-pending
226: combined 0 quiescent
226: combined 1 begin
226: combined 1 ready
226: combined 1 session-open
226: combined 1 bound
226: combined 1 observer-installed
226: combined 1 submitted
226: combined handler entry
226: combined handler reentrant 1 resource 1
226: combined 1 first-entered
226: combined 1 resource-wait
226: combined 1 callback-fault-isolated
226: combined 1 observer-entered
226: combined 1 first-stop-timeout
226: combined 1 observer-stop-timeout
226: combined 1 outcome-verified
226: combined 1 observer-released
226: combined 1 logging-pending
226: combined 1 quiescent
226: combined 2 begin
226: combined 2 ready
226: combined 2 session-open
226: combined 2 bound
226: combined 2 observer-installed
226: combined 2 submitted
226: combined handler entry
226: combined handler reentrant 1 resource 1
226: combined 2 first-entered
226: combined 2 resource-wait
226: combined 2 callback-fault-isolated
226: combined 2 observer-entered
226: combined 2 first-stop-timeout
226: combined 2 observer-stop-timeout
226: combined 2 outcome-verified
226: combined 2 observer-released
226: combined 2 logging-pending
226: combined 2 quiescent
226: combined 3 begin
226: combined 3 ready
226: combined 3 session-open
226: combined 3 bound
226: combined 3 observer-installed
226: combined 3 submitted
226: combined handler entry
226: combined handler reentrant 1 resource 1
226: combined 3 first-entered
226: combined 3 resource-wait
226: combined 3 callback-fault-isolated
226: combined 3 observer-entered
226: combined 3 first-stop-timeout
226: combined 3 observer-stop-timeout
226: combined 3 outcome-verified
226: combined 3 observer-released
226: combined 3 logging-pending
226: combined 3 quiescent
226: combined 4 begin
226: combined 4 ready
226: combined 4 session-open
226: combined 4 bound
226: combined 4 observer-installed
226: combined 4 submitted
226: combined handler entry
226: combined handler reentrant 1 resource 1
226: combined 4 first-entered
226: combined 4 resource-wait
226: combined 4 callback-fault-isolated
226: combined 4 observer-entered
226: combined 4 first-stop-timeout
226: combined 4 observer-stop-timeout
226: combined 4 outcome-verified
226: combined 4 observer-released
226: combined 4 logging-pending
226: combined 4 quiescent
226: combined 5 begin
226: combined 5 ready
226: combined 5 session-open
226: combined 5 bound
226: combined 5 observer-installed
226: combined 5 submitted
226: combined handler entry
226: combined handler reentrant 1 resource 1
226: combined 5 first-entered
226: combined 5 resource-wait
226: combined 5 callback-fault-isolated
226: combined 5 observer-entered
226: combined 5 first-stop-timeout
226: combined 5 observer-stop-timeout
226: combined 5 outcome-verified
226: combined 5 observer-released
226: combined 5 logging-pending
226: combined 5 quiescent
226: combined 6 begin
226: combined 6 ready
226: combined 6 session-open
226: combined 6 bound
226: combined 6 observer-installed
226: combined 6 submitted
226: combined handler entry
226: combined handler reentrant 1 resource 1
226: combined 6 first-entered
226: combined 6 resource-wait
226: combined 6 callback-fault-isolated
226: combined 6 observer-entered
226: combined 6 first-stop-timeout
226: combined 6 observer-stop-timeout
226: combined 6 outcome-verified
226: combined 6 observer-released
226: combined 6 logging-pending
226: combined 6 quiescent
226: combined 7 begin
226: combined 7 ready
226: combined 7 session-open
226: combined 7 bound
226: combined 7 observer-installed
226: combined 7 submitted
226: combined handler entry
226: combined handler reentrant 1 resource 1
226: combined 7 first-entered
226: combined 7 resource-wait
226: combined 7 callback-fault-isolated
226: combined 7 observer-entered
226: combined 7 first-stop-timeout
226: combined 7 observer-stop-timeout
226: combined 7 outcome-verified
226: combined 7 observer-released
226: combined 7 logging-pending
226: combined 7 quiescent
1/1 Test #226: T03.native.host_combined_drain ...   Passed    1.33 sec

The following tests passed:
	T03.native.host_combined_drain

100% tests passed, 0 tests failed out of 1

Label Time Summary:
B5       =   1.33 sec*proc (1 test)
D3.07    =   1.33 sec*proc (1 test)

Total Test time (real) =   1.35 sec
