expected archive_sha256 fe3b18aecb849029b6af94922be0c25eee1b7b86565b1c8350692ed776cf42fb licenses ['COPYING']
expected COPYING Creative Commons Legal Code

CC0 1.0 Universal

    CREATIVE COMMONS CORPORATION IS NOT A LAW FIRM AND DOES NOT PROVIDE
    LEGAL SERVICES. DISTRIBUTION OF THIS DOCUMENT DOES NOT CREATE AN
    ATTORNEY-CLIENT RELATIONSHIP. CREATIVE COMMONS PROVIDES THIS
    INFORMATION ON AN "AS-IS" BASIS. CREATIVE COMMONS MAKES NO WARRANTIES
    REGARDING THE USE OF THIS DOCUMENT OR THE INFORMATION OR WORKS
    PROVIDED HEREUNDER, AND DISCLAIMS LIABILITY FOR DAM
thread_pool archive_sha256 89514aca234c373becd6311f10fd6cff2868d8e5575d33b1ce7642a40fa95239 licenses ['LICENSE.txt']
thread_pool LICENSE.txt MIT License

Copyright (c) 2024 Barak Shoshany

Permission is hereby granted, free of charge, to any person obtaining a copy
of this software and associated documentation files (the "Software"), to deal
in the Software without restriction, including without limitation the rights
to use, copy, modify, merge, publish, distribute, sublicense, and/or sell
copies of the Software, and to permit persons to whom the Software is
furnished to do so, subjec
spdlog archive_sha256 8730cb1e8f30db1449fce4e6de82cbf4203fb6294127c7922253513f0cbcbf17 licenses ['LICENSE']
spdlog LICENSE The MIT License (MIT)

Copyright (c) 2016 Gabi Melman.                                       

Permission is hereby granted, free of charge, to any person obtaining a copy
of this software and associated documentation files (the "Software"), to deal
in the Software without restriction, including without limitation the rights
to use, copy, modify, merge, publish, distribute, sublicense, and/or sell
copies of the Software, and to permit per
immer archive_sha256 23f5774983da93fc2e2c0f20ae06d0752ad74fff71134d330b7af8a2738d714f licenses ['LICENSE']
immer LICENSE Boost Software License - Version 1.0 - August 17th, 2003

Permission is hereby granted, free of charge, to any person or organization
obtaining a copy of the software and accompanying documentation covered by
this license (the "Software") to use, reproduce, display, distribute,
execute, and transmit the Software, and to prepare derivative works of the
Software, and to permit third-parties to whom the Software is furnished to
do so, all subject to
jsoncons archive_sha256 f0d3e80a95dbac57f3943fc8d21326d34989698cb03bbd2e59a784d1f470b7b5 licenses ['LICENSE']
jsoncons LICENSE //          Copyright Daniel Parker 2013 - 2020.
// Distributed under the Boost Software License, Version 1.0.
//    (See accompanying file LICENSE or copy at
//          http://www.boost.org/LICENSE_1_0.txt)

Boost Software License - Version 1.0 - August 17th, 2003

Permission is hereby granted, free of charge, to any person or organization
obtaining a copy of the software and accompanying documentation covered by
this license (the "Software") t
asio archive_sha256 269344e5d51148a7da2e690bd6676b76257b2c636e94fec0ffe8f2acef3119d1 licenses ['asio/LICENSE_1_0.txt']
asio asio/LICENSE_1_0.txt Boost Software License - Version 1.0 - August 17th, 2003

Permission is hereby granted, free of charge, to any person or organization
obtaining a copy of the software and accompanying documentation covered by
this license (the "Software") to use, reproduce, display, distribute,
execute, and transmit the Software, and to prepare derivative works of the
Software, and to permit third-parties to whom the Software is furnished to
do so, all subject to
fmt archive_sha256 95f89f1eb3b53478417185afc0b7e3d40ec889687af86e890da20068534d29f7 licenses ['LICENSE']
fmt LICENSE Copyright (c) 2012 - present, Victor Zverovich and {fmt} contributors

Permission is hereby granted, free of charge, to any person obtaining
a copy of this software and associated documentation files (the
"Software"), to deal in the Software without restriction, including
without limitation the rights to use, copy, modify, merge, publish,
distribute, sublicense, and/or sell copies of the Software, and to
permit persons to whom the Software is fur
toml11 archive_sha256 5f08eaa5cd867192fa821cd0ec9b6c91629ff6247350d1f45f8d432c28b7fe5f licenses ['LICENSE']
toml11 LICENSE The MIT License (MIT)

Copyright (c) 2017 Toru Niina

Permission is hereby granted, free of charge, to any person obtaining a copy
of this software and associated documentation files (the "Software"), to deal
in the Software without restriction, including without limitation the rights
to use, copy, modify, merge, publish, distribute, sublicense, and/or sell
copies of the Software, and to permit persons to whom the Software is
furnished to do so, 
benchmark archive_sha256 17fbd9d8ea361688f3059bd381afe828a55479cf3ce77f96b351f30b4a481bc8 licenses ['LICENSE']
benchmark LICENSE 
                                 Apache License
                           Version 2.0, January 2004
                        http://www.apache.org/licenses/

   TERMS AND CONDITIONS FOR USE, REPRODUCTION, AND DISTRIBUTION

   1. Definitions.

      "License" shall mean the terms and conditions for use, reproduction,
      and distribution as defined by Sections 1 through 9 of this document.

      "Licensor" shall mean the copyright owner or ent
cli11 archive_sha256 c91e8768600e61be11f7250e3cf3e71afd9d0f18f9c9e9e209a8e084ca08cd85 licenses ['LICENSE']
cli11 LICENSE CLI11 2.2 Copyright (c) 2017-2025 University of Cincinnati, developed by Henry
Schreiner under NSF AWARD 1414736. All rights reserved.

Redistribution and use in source and binary forms of CLI11, with or without
modification, are permitted provided that the following conditions are met:

1. Redistributions of source code must retain the above copyright notice, this
   list of conditions and the following disclaimer.
2. Redistributions in binary f
catch2 archive_sha256 553e6c94498c42edaecc9c8459f1a320a7e4cf49155635cf7123212bb9f09cf2 licenses ['LICENSE.txt']
catch2 LICENSE.txt Boost Software License - Version 1.0 - August 17th, 2003

Permission is hereby granted, free of charge, to any person or organization
obtaining a copy of the software and accompanying documentation covered by
this license (the "Software") to use, reproduce, display, distribute,
execute, and transmit the Software, and to prepare derivative works of the
Software, and to permit third-parties to whom the Software is furnished to
do so, all subject to
sqlite archive_sha256 acb1e6f5d832484bf6d32b681e858c38add8b2acdfd42ac5df24b8afb46552b4 licenses ['sqlite3.h']
sqlite sqlite3.h /*
** 2001-09-15
**
** The author disclaims copyright to this source code.  In place of
** a legal notice, here is a blessing:
**
**    May you do good and not evil.
**    May you find forgiveness for yourself and forgive others.
**    May you share freely, never taking more than you give.
**
*************************************************************************
** This header file defines the interface that the SQLite library
** presents to c
