{
  "backtraceGraph" : 
  {
    "commands" : 
    [
      "add_test"
    ],
    "files" : 
    [
      "J:/Code/Kernel_v2/tests/unit/data/CMakeLists.txt"
    ],
    "nodes" : 
    [
      {
        "file" : 0
      },
      {
        "command" : 0,
        "file" : 0,
        "line" : 72,
        "parent" : 0
      }
    ]
  },
  "kind" : "ctestInfo",
  "tests" : 
  [
    {
      "backtrace" : 1,
      "command" : 
      [
        "J:/Code/Kernel_v2/build/b2-sdk-release/tests/unit/data/Release/catalog_contract.exe",
        "J:/Code/Kernel_v2/schemas/catalog/command-card.schema.json"
      ],
      "config" : "Release",
      "name" : "T05.catalog.visibility",
      "properties" : 
      [
        {
          "name" : "ENVIRONMENT_MODIFICATION",
          "value" : 
          [
            "PATH=path_list_prepend:J:/Code/Kernel_v2/build/msvc-validation/e8697b7e3597a578/bin"
          ]
        },
        {
          "name" : "TIMEOUT",
          "value" : 20.0
        },
        {
          "name" : "WORKING_DIRECTORY",
          "value" : "J:/Code/Kernel_v2/build/b2-sdk-release/tests/unit/data"
        }
      ]
    }
  ],
  "version" : 
  {
    "major" : 1,
    "minor" : 0
  }
}