test_added_work_package (test_traceability.TraceabilityTests.test_added_work_package) ... ok
test_case_owned_by_unrelated_package (test_traceability.TraceabilityTests.test_case_owned_by_unrelated_package) ... ok
test_changed_normative_hash (test_traceability.TraceabilityTests.test_changed_normative_hash) ... ok
test_conformance_cannot_waive_common_cases (test_traceability.TraceabilityTests.test_conformance_cannot_waive_common_cases) ... ok
test_deleted_expected_case (test_traceability.TraceabilityTests.test_deleted_expected_case) ... ok
test_deleted_requirement (test_traceability.TraceabilityTests.test_deleted_requirement) ... ok
test_dependency_cycle (test_traceability.TraceabilityTests.test_dependency_cycle) ... ok
test_duplicate_expected_case (test_traceability.TraceabilityTests.test_duplicate_expected_case) ... ok
test_fault_backend_cannot_be_qualified (test_traceability.TraceabilityTests.test_fault_backend_cannot_be_qualified) ... ok
test_g0_cannot_demand_future_production_backend (test_traceability.TraceabilityTests.test_g0_cannot_demand_future_production_backend) ... ok
test_increment_case_link_mismatch (test_traceability.TraceabilityTests.test_increment_case_link_mismatch) ... ok
test_increment_lacks_final_revalidation (test_traceability.TraceabilityTests.test_increment_lacks_final_revalidation) ... ok
test_missing_command_check (test_traceability.TraceabilityTests.test_missing_command_check) ... ok
test_missing_increment (test_traceability.TraceabilityTests.test_missing_increment) ... ok
test_missing_plan_completed (test_traceability.TraceabilityTests.test_missing_plan_completed) ... ok
test_no_production_backend_is_verified_yet (test_traceability.TraceabilityTests.test_no_production_backend_is_verified_yet) ... ok
test_not_applicable_is_not_passed (test_traceability.TraceabilityTests.test_not_applicable_is_not_passed) ... ok
test_planned_case_cannot_claim_passed (test_traceability.TraceabilityTests.test_planned_case_cannot_claim_passed) ... ok
test_registering_legacy_migration_is_out_of_scope (test_traceability.TraceabilityTests.test_registering_legacy_migration_is_out_of_scope) ... ok
test_removed_dependency (test_traceability.TraceabilityTests.test_removed_dependency) ... ok
test_settings_consumer_cannot_require_fake_document (test_traceability.TraceabilityTests.test_settings_consumer_cannot_require_fake_document) ... ok
test_stateless_consumer_cannot_select_state (test_traceability.TraceabilityTests.test_stateless_consumer_cannot_select_state) ... ok
test_valid_registration (test_traceability.TraceabilityTests.test_valid_registration) ... ok
test_wrong_requirement_owner (test_traceability.TraceabilityTests.test_wrong_requirement_owner) ... ok

----------------------------------------------------------------------
Ran 24 tests in 0.413s

OK
