适用于 .NET Framework MSBuild 版本 17.14.23+b0019275e

  1>Checking Build System
  ock_Data.vcxproj -> J:\Code\Kernel_v2\build\b2-sdk-release\Release\ock_Data.lib
  host.cpp
  ock_ControlProtocol.vcxproj -> J:\Code\Kernel_v2\build\b2-sdk-release\Release\ock_ControlProtocol.lib
  Building Custom Rule J:/Code/Kernel_v2/CMakeLists.txt
  Building Custom Rule J:/Code/Kernel_v2/CMakeLists.txt
  ock_probe_jsoncons.vcxproj -> J:\Code\Kernel_v2\build\b2-sdk-release\Release\ock_probe_jsoncons.exe
  ock_probe_expected.vcxproj -> J:\Code\Kernel_v2\build\b2-sdk-release\Release\ock_probe_expected.exe
  ock_probe_toolchain.vcxproj -> J:\Code\Kernel_v2\build\b2-sdk-release\Release\ock_probe_toolchain.exe
  parser_seed_contract.vcxproj -> J:\Code\Kernel_v2\build\b2-sdk-release\tests\unit\data\Release\parser_seed_contract.exe
  sdk_metadata.cpp
  asio.cpp
  cli11.cpp
  Building Custom Rule J:/Code/Kernel_v2/CMakeLists.txt
  Building Custom Rule J:/Code/Kernel_v2/CMakeLists.txt
  payload_contract.vcxproj -> J:\Code\Kernel_v2\build\b2-sdk-release\tests\unit\data\Release\payload_contract.exe
  native_security.cpp
  protocol_contract.vcxproj -> J:\Code\Kernel_v2\build\b2-sdk-release\tests\unit\data\Release\protocol_contract.exe
  client.cpp
  ock_sdk_metadata_probe.vcxproj -> J:\Code\Kernel_v2\build\b2-sdk-release\Release\ock_sdk_metadata_probe.exe
  observation_wire_contract.vcxproj -> J:\Code\Kernel_v2\build\b2-sdk-release\tests\unit\data\Release\observation_wire_contract.exe
  pipe.cpp
  intent.cpp
  watch.cpp
  ock_Runtime.vcxproj -> J:\Code\Kernel_v2\build\b2-sdk-release\Release\ock_Runtime.lib
  ock_probe_asio.vcxproj -> J:\Code\Kernel_v2\build\b2-sdk-release\Release\ock_probe_asio.exe
  ock_Dynamic.vcxproj -> J:\Code\Kernel_v2\build\b2-sdk-release\Release\ock_Dynamic.lib
  fault_host_unit.cpp
  host_tests.cpp
  binding_parity.vcxproj -> J:\Code\Kernel_v2\build\b2-sdk-release\tests\unit\data\Release\binding_parity.exe
  ock_probe_cli11.vcxproj -> J:\Code\Kernel_v2\build\b2-sdk-release\Release\ock_probe_cli11.exe
  invoke_method.cpp
  outcome_wire_contract.vcxproj -> J:\Code\Kernel_v2\build\b2-sdk-release\tests\unit\data\Release\outcome_wire_contract.exe
  正在生成代码...
  schema_contract.vcxproj -> J:\Code\Kernel_v2\build\b2-sdk-release\tests\unit\data\Release\schema_contract.exe
  正在生成代码...
  ock_Adapter_LocalIPC.vcxproj -> J:\Code\Kernel_v2\build\b2-sdk-release\Release\ock_Adapter_LocalIPC.lib
  Building Custom Rule J:/Code/Kernel_v2/tests/integration/windows_ipc/CMakeLists.txt
  Building Custom Rule J:/Code/Kernel_v2/tests/integration/windows_ipc/CMakeLists.txt
  pressure_peer.cpp
  peer.cpp
  ock_ControlClient.vcxproj -> J:\Code\Kernel_v2\build\b2-sdk-release\Release\ock_ControlClient.lib
  Building Custom Rule J:/Code/Kernel_v2/tests/integration/cli/CMakeLists.txt
  fault_main.cpp
  observation_transport.cpp
  Building Custom Rule J:/Code/Kernel_v2/apps/ock/CMakeLists.txt
  client_contract.cpp
  main.cpp
  ock_ipc_pressure_peer.vcxproj -> J:\Code\Kernel_v2\build\b2-sdk-release\tests\integration\windows_ipc\Release\ock_ipc_pressure_peer.exe
  ock_ipc_peer.vcxproj -> J:\Code\Kernel_v2\build\b2-sdk-release\tests\integration\windows_ipc\Release\ock_ipc_peer.exe
  正在生成代码...
  正在生成代码...
  ock_Control.vcxproj -> J:\Code\Kernel_v2\build\b2-sdk-release\Release\ock_Control.lib
  Building Custom Rule J:/Code/Kernel_v2/examples/stateless_service/CMakeLists.txt
  Building Custom Rule J:/Code/Kernel_v2/tests/integration/windows_ipc/CMakeLists.txt
  Building Custom Rule J:/Code/Kernel_v2/tests/integration/cli/CMakeLists.txt
  control_main.cpp
  cost_samples.cpp
  ock_client_contract.vcxproj -> J:\Code\Kernel_v2\build\b2-sdk-release\tests\integration\cli\Release\ock_client_contract.exe
  observation_peer.cpp
  list_contract.vcxproj -> J:\Code\Kernel_v2\build\b2-sdk-release\tests\unit\data\Release\list_contract.exe
  ock_host_tests.vcxproj -> J:\Code\Kernel_v2\build\b2-sdk-release\tests\contract\host\Release\ock_host_tests.exe
  catalog_contract.vcxproj -> J:\Code\Kernel_v2\build\b2-sdk-release\tests\unit\data\Release\catalog_contract.exe
  native.cpp
  get_contract.vcxproj -> J:\Code\Kernel_v2\build\b2-sdk-release\tests\unit\data\Release\get_contract.exe
  subscription_contract.vcxproj -> J:\Code\Kernel_v2\build\b2-sdk-release\tests\unit\data\Release\subscription_contract.exe
  router_contract.vcxproj -> J:\Code\Kernel_v2\build\b2-sdk-release\tests\unit\data\Release\router_contract.exe
  cursor_contract.vcxproj -> J:\Code\Kernel_v2\build\b2-sdk-release\tests\unit\data\Release\cursor_contract.exe
  service.cpp
  
  正在搜索库
      正在搜索 ..\..\..\Release\ock_Runtime.lib:
      正在搜索 E:\Windows Kits\10\lib\10.0.26100.0\um\x64\bcrypt.lib:
      正在搜索 E:\Windows Kits\10\lib\10.0.26100.0\um\x64\kernel32.lib:
      正在搜索 E:\Windows Kits\10\lib\10.0.26100.0\um\x64\user32.lib:
      正在搜索 E:\Windows Kits\10\lib\10.0.26100.0\um\x64\gdi32.lib:
      正在搜索 E:\Windows Kits\10\lib\10.0.26100.0\um\x64\winspool.lib:
      正在搜索 E:\Windows Kits\10\lib\10.0.26100.0\um\x64\shell32.lib:
      正在搜索 E:\Windows Kits\10\lib\10.0.26100.0\um\x64\ole32.lib:
      正在搜索 E:\Windows Kits\10\lib\10.0.26100.0\um\x64\oleaut32.lib:
      正在搜索 E:\Windows Kits\10\lib\10.0.26100.0\um\x64\uuid.lib:
      正在搜索 E:\Windows Kits\10\lib\10.0.26100.0\um\x64\comdlg32.lib:
      正在搜索 E:\Windows Kits\10\lib\10.0.26100.0\um\x64\advapi32.lib:
      正在搜索 E:\vs2022IDE\VC\Tools\MSVC\14.44.35207\lib\x64\msvcprt.lib:
      正在搜索 E:\vs2022IDE\VC\Tools\MSVC\14.44.35207\lib\x64\MSVCRT.lib:
      正在搜索 E:\vs2022IDE\VC\Tools\MSVC\14.44.35207\lib\x64\OLDNAMES.lib:
      正在搜索 E:\vs2022IDE\VC\Tools\MSVC\14.44.35207\lib\x64\vcruntime.lib:
      正在搜索 E:\Windows Kits\10\lib\10.0.26100.0\ucrt\x64\ucrt.lib:
      正在搜索 ..\..\..\Release\ock_Runtime.lib:
      正在搜索 E:\Windows Kits\10\lib\10.0.26100.0\um\x64\bcrypt.lib:
      正在搜索 E:\Windows Kits\10\lib\10.0.26100.0\um\x64\kernel32.lib:
      正在搜索 E:\Windows Kits\10\lib\10.0.26100.0\um\x64\user32.lib:
      正在搜索 E:\Windows Kits\10\lib\10.0.26100.0\um\x64\gdi32.lib:
      正在搜索 E:\Windows Kits\10\lib\10.0.26100.0\um\x64\winspool.lib:
      正在搜索 E:\Windows Kits\10\lib\10.0.26100.0\um\x64\shell32.lib:
      正在搜索 E:\Windows Kits\10\lib\10.0.26100.0\um\x64\ole32.lib:
      正在搜索 E:\Windows Kits\10\lib\10.0.26100.0\um\x64\oleaut32.lib:
      正在搜索 E:\Windows Kits\10\lib\10.0.26100.0\um\x64\uuid.lib:
      正在搜索 E:\Windows Kits\10\lib\10.0.26100.0\um\x64\comdlg32.lib:
      正在搜索 E:\Windows Kits\10\lib\10.0.26100.0\um\x64\advapi32.lib:
      正在搜索 E:\vs2022IDE\VC\Tools\MSVC\14.44.35207\lib\x64\msvcprt.lib:
      正在搜索 E:\vs2022IDE\VC\Tools\MSVC\14.44.35207\lib\x64\MSVCRT.lib:
      正在搜索 E:\vs2022IDE\VC\Tools\MSVC\14.44.35207\lib\x64\OLDNAMES.lib:
      正在搜索 E:\vs2022IDE\VC\Tools\MSVC\14.44.35207\lib\x64\vcruntime.lib:
      正在搜索 E:\Windows Kits\10\lib\10.0.26100.0\ucrt\x64\ucrt.lib:
      正在搜索 ..\..\..\Release\ock_Runtime.lib:
      正在搜索 E:\Windows Kits\10\lib\10.0.26100.0\um\x64\bcrypt.lib:
  
  已完成库搜索
  
  正在搜索库
      正在搜索 ..\..\..\Release\ock_Runtime.lib:
      正在搜索 E:\Windows Kits\10\lib\10.0.26100.0\um\x64\bcrypt.lib:
      正在搜索 E:\Windows Kits\10\lib\10.0.26100.0\um\x64\kernel32.lib:
      正在搜索 E:\Windows Kits\10\lib\10.0.26100.0\um\x64\user32.lib:
      正在搜索 E:\Windows Kits\10\lib\10.0.26100.0\um\x64\gdi32.lib:
      正在搜索 E:\Windows Kits\10\lib\10.0.26100.0\um\x64\winspool.lib:
      正在搜索 E:\Windows Kits\10\lib\10.0.26100.0\um\x64\shell32.lib:
      正在搜索 E:\Windows Kits\10\lib\10.0.26100.0\um\x64\ole32.lib:
      正在搜索 E:\Windows Kits\10\lib\10.0.26100.0\um\x64\oleaut32.lib:
      正在搜索 E:\Windows Kits\10\lib\10.0.26100.0\um\x64\uuid.lib:
      正在搜索 E:\Windows Kits\10\lib\10.0.26100.0\um\x64\comdlg32.lib:
      正在搜索 E:\Windows Kits\10\lib\10.0.26100.0\um\x64\advapi32.lib:
      正在搜索 E:\vs2022IDE\VC\Tools\MSVC\14.44.35207\lib\x64\msvcprt.lib:
      正在搜索 E:\vs2022IDE\VC\Tools\MSVC\14.44.35207\lib\x64\MSVCRT.lib:
      正在搜索 E:\vs2022IDE\VC\Tools\MSVC\14.44.35207\lib\x64\OLDNAMES.lib:
      正在搜索 E:\vs2022IDE\VC\Tools\MSVC\14.44.35207\lib\x64\vcruntime.lib:
      正在搜索 E:\Windows Kits\10\lib\10.0.26100.0\ucrt\x64\ucrt.lib:
  
  已完成库搜索
  
  正在搜索库
      正在搜索 ..\..\..\Release\ock_Runtime.lib:
      正在搜索 E:\Windows Kits\10\lib\10.0.26100.0\um\x64\bcrypt.lib:
      正在搜索 E:\Windows Kits\10\lib\10.0.26100.0\um\x64\kernel32.lib:
      正在搜索 E:\Windows Kits\10\lib\10.0.26100.0\um\x64\user32.lib:
      正在搜索 E:\Windows Kits\10\lib\10.0.26100.0\um\x64\gdi32.lib:
      正在搜索 E:\Windows Kits\10\lib\10.0.26100.0\um\x64\winspool.lib:
      正在搜索 E:\Windows Kits\10\lib\10.0.26100.0\um\x64\shell32.lib:
      正在搜索 E:\Windows Kits\10\lib\10.0.26100.0\um\x64\ole32.lib:
      正在搜索 E:\Windows Kits\10\lib\10.0.26100.0\um\x64\oleaut32.lib:
      正在搜索 E:\Windows Kits\10\lib\10.0.26100.0\um\x64\uuid.lib:
      正在搜索 E:\Windows Kits\10\lib\10.0.26100.0\um\x64\comdlg32.lib:
      正在搜索 E:\Windows Kits\10\lib\10.0.26100.0\um\x64\advapi32.lib:
      正在搜索 E:\vs2022IDE\VC\Tools\MSVC\14.44.35207\lib\x64\msvcprt.lib:
      正在搜索 E:\vs2022IDE\VC\Tools\MSVC\14.44.35207\lib\x64\MSVCRT.lib:
      正在搜索 E:\vs2022IDE\VC\Tools\MSVC\14.44.35207\lib\x64\OLDNAMES.lib:
      正在搜索 E:\vs2022IDE\VC\Tools\MSVC\14.44.35207\lib\x64\vcruntime.lib:
      正在搜索 E:\Windows Kits\10\lib\10.0.26100.0\ucrt\x64\ucrt.lib:
  
  已完成库搜索
  
  正在搜索库
      正在搜索 ..\..\..\Release\ock_Runtime.lib:
      正在搜索 E:\Windows Kits\10\lib\10.0.26100.0\um\x64\bcrypt.lib:
      正在搜索 E:\Windows Kits\10\lib\10.0.26100.0\um\x64\kernel32.lib:
      正在搜索 E:\Windows Kits\10\lib\10.0.26100.0\um\x64\user32.lib:
      正在搜索 E:\Windows Kits\10\lib\10.0.26100.0\um\x64\gdi32.lib:
      正在搜索 E:\Windows Kits\10\lib\10.0.26100.0\um\x64\winspool.lib:
      正在搜索 E:\Windows Kits\10\lib\10.0.26100.0\um\x64\shell32.lib:
      正在搜索 E:\Windows Kits\10\lib\10.0.26100.0\um\x64\ole32.lib:
      正在搜索 E:\Windows Kits\10\lib\10.0.26100.0\um\x64\oleaut32.lib:
      正在搜索 E:\Windows Kits\10\lib\10.0.26100.0\um\x64\uuid.lib:
      正在搜索 E:\Windows Kits\10\lib\10.0.26100.0\um\x64\comdlg32.lib:
      正在搜索 E:\Windows Kits\10\lib\10.0.26100.0\um\x64\advapi32.lib:
      正在搜索 E:\vs2022IDE\VC\Tools\MSVC\14.44.35207\lib\x64\msvcprt.lib:
      正在搜索 E:\vs2022IDE\VC\Tools\MSVC\14.44.35207\lib\x64\MSVCRT.lib:
      正在搜索 E:\vs2022IDE\VC\Tools\MSVC\14.44.35207\lib\x64\OLDNAMES.lib:
      正在搜索 E:\vs2022IDE\VC\Tools\MSVC\14.44.35207\lib\x64\vcruntime.lib:
      正在搜索 E:\Windows Kits\10\lib\10.0.26100.0\ucrt\x64\ucrt.lib:
  
  已完成库搜索
  
  正在搜索库
      正在搜索 ..\..\..\Release\ock_Runtime.lib:
      正在搜索 E:\Windows Kits\10\lib\10.0.26100.0\um\x64\bcrypt.lib:
      正在搜索 E:\Windows Kits\10\lib\10.0.26100.0\um\x64\kernel32.lib:
      正在搜索 E:\Windows Kits\10\lib\10.0.26100.0\um\x64\user32.lib:
      正在搜索 E:\Windows Kits\10\lib\10.0.26100.0\um\x64\gdi32.lib:
      正在搜索 E:\Windows Kits\10\lib\10.0.26100.0\um\x64\winspool.lib:
      正在搜索 E:\Windows Kits\10\lib\10.0.26100.0\um\x64\shell32.lib:
      正在搜索 E:\Windows Kits\10\lib\10.0.26100.0\um\x64\ole32.lib:
      正在搜索 E:\Windows Kits\10\lib\10.0.26100.0\um\x64\oleaut32.lib:
      正在搜索 E:\Windows Kits\10\lib\10.0.26100.0\um\x64\uuid.lib:
      正在搜索 E:\Windows Kits\10\lib\10.0.26100.0\um\x64\comdlg32.lib:
      正在搜索 E:\Windows Kits\10\lib\10.0.26100.0\um\x64\advapi32.lib:
      正在搜索 E:\vs2022IDE\VC\Tools\MSVC\14.44.35207\lib\x64\msvcprt.lib:
      正在搜索 E:\vs2022IDE\VC\Tools\MSVC\14.44.35207\lib\x64\MSVCRT.lib:
      正在搜索 E:\vs2022IDE\VC\Tools\MSVC\14.44.35207\lib\x64\OLDNAMES.lib:
      正在搜索 E:\vs2022IDE\VC\Tools\MSVC\14.44.35207\lib\x64\vcruntime.lib:
  
  已完成库搜索
  service.cpp
  ock_host_fault_tests.vcxproj -> J:\Code\Kernel_v2\build\b2-sdk-release\tests\contract\host\Release\ock_host_fault_tests.exe
  ock_ipc_observation_peer.vcxproj -> J:\Code\Kernel_v2\build\b2-sdk-release\tests\integration\windows_ipc\Release\ock_ipc_observation_peer.exe
  ock.vcxproj -> J:\Code\Kernel_v2\build\b2-sdk-release\apps\ock\Release\ock.exe
  正在生成代码...
  allocation_probe.cpp
  正在生成代码...
  dynamic_native_contract.vcxproj -> J:\Code\Kernel_v2\build\b2-sdk-release\tests\unit\data\Release\dynamic_native_contract.exe
  ock_stateless_service.vcxproj -> J:\Code\Kernel_v2\build\b2-sdk-release\examples\stateless_service\Release\ock_stateless_service.exe
  ock_b3_cost_samples.vcxproj -> J:\Code\Kernel_v2\build\b2-sdk-release\tests\integration\cli\Release\ock_b3_cost_samples.exe
