适用于 .NET Framework MSBuild 版本 17.14.23+b0019275e

  1>Checking Build System
  Building Custom Rule J:/Code/Kernel_v2/CMakeLists.txt
  payload.cpp
  Building Custom Rule J:/Code/Kernel_v2/CMakeLists.txt
  Building Custom Rule J:/Code/Kernel_v2/CMakeLists.txt
  Building Custom Rule J:/Code/Kernel_v2/tests/compile/contracts/CMakeLists.txt
  Building Custom Rule J:/Code/Kernel_v2/CMakeLists.txt
  contracts_tests.cpp
  registry.cpp
  executor.cpp
  object_root.cpp
  Building Custom Rule J:/Code/Kernel_v2/CMakeLists.txt
  asio.cpp
  object_edit.cpp
  正在生成代码...
J:\Code\Kernel_v2\tests\compile\contracts\contracts_tests.cpp(691,5): warning C4297: “ThrowReceiver::candidate_ready”: 假定函数不引发异常，但确实发生了 [J:\Code\Kernel_v2\build\b6-final-release\tests\compile\contracts\ock_contracts_tests.vcxproj]
      J:\Code\Kernel_v2\tests\compile\contracts\contracts_tests.cpp(691,5):
      在函数上指定了 __declspec(nothrow)、throw()、noexcept(true)或 noexcept
  
  policy.cpp
  ock_State.vcxproj -> J:\Code\Kernel_v2\build\b6-final-release\Release\ock_State.lib
  ock_Adapter_CpuPool.vcxproj -> J:\Code\Kernel_v2\build\b6-final-release\Release\ock_Adapter_CpuPool.lib
  Building Custom Rule J:/Code/Kernel_v2/CMakeLists.txt
  Building Custom Rule J:/Code/Kernel_v2/CMakeLists.txt
  cli11.cpp
  expected.cpp
  ock_Data.vcxproj -> J:\Code\Kernel_v2\build\b6-final-release\Release\ock_Data.lib
  Building Custom Rule J:/Code/Kernel_v2/CMakeLists.txt
  immer.cpp
  ock_probe_expected.vcxproj -> J:\Code\Kernel_v2\build\b6-final-release\Release\ock_probe_expected.exe
  ock_probe_asio.vcxproj -> J:\Code\Kernel_v2\build\b6-final-release\Release\ock_probe_asio.exe
  Building Custom Rule J:/Code/Kernel_v2/CMakeLists.txt
  Building Custom Rule J:/Code/Kernel_v2/CMakeLists.txt
  jsoncons.cpp
  thread_pool.cpp
  ock_contracts_tests.vcxproj -> J:\Code\Kernel_v2\build\b6-final-release\tests\compile\contracts\Release\ock_contracts_tests.exe
  Building Custom Rule J:/Code/Kernel_v2/CMakeLists.txt
  toolchain.cpp
  invocation.cpp
  ock_probe_immer.vcxproj -> J:\Code\Kernel_v2\build\b6-final-release\Release\ock_probe_immer.exe
  Building Custom Rule J:/Code/Kernel_v2/CMakeLists.txt
  ock_probe_toolchain.vcxproj -> J:\Code\Kernel_v2\build\b6-final-release\Release\ock_probe_toolchain.exe
  sdk_metadata.cpp
  Building Custom Rule J:/Code/Kernel_v2/tests/unit/state_roots/CMakeLists.txt
  memory_commit.cpp
  ock_probe_thread_pool.vcxproj -> J:\Code\Kernel_v2\build\b6-final-release\Release\ock_probe_thread_pool.exe
  {"actual_cases": ["T02.contracts.type_contract_constraints", "T02.contracts.typed_value_validation", "T02.contracts.read_shape", "T02.contracts.state_edit_shape", "T02.contracts.effect_shape", "T02.contracts.lifecycle_shape", "T02.contracts.context_capability_boundary", "T02.contracts.atomic_read_adapters", "T02.contracts.atomic_async_rejected", "T05.contracts.operation_exact_identity", "T05.contracts.typed_binding_fingerprint", "T05.contracts.binding_generation_before_access", "T05.contracts.binding_owner_lifetime", "T05.contracts.execution_identity_separation", "T06.contracts.outcome_closed_variants", "T06.contracts.known_facts_append_only", "T06.contracts.publication_proof_required", "T06.contracts.effect_report_preserves_fact", "T06.contracts.lifecycle_report_preserves_state", "T06.contracts.before_apply_and_composite_proofs", "T06.contracts.reply_phase_completion_separation", "T06.contracts.executor_inline_ownership", "T06.contracts.executor_reject_exception_cleanup", "T06.contracts.completion_once_and_drain", "T06.contracts.atomic_prepared_identity", "T06.contracts.record_evidence_boundary", "T19.contracts.summary_owned_snapshot", "T19.contracts.observation_host_version", "T19.contracts.observation_budgets", "T19.contracts.authorized_owner_filter", "T19.contracts.completion_independent_of_observation", "T19.contracts.live_keyset_progress", "T24.contracts.port_factory_contract_manifest"], "count": 33}
  ock_sdk_metadata_probe.vcxproj -> J:\Code\Kernel_v2\build\b6-final-release\Release\ock_sdk_metadata_probe.exe
  Building Custom Rule J:/Code/Kernel_v2/CMakeLists.txt
  ock_probe_cli11.vcxproj -> J:\Code\Kernel_v2\build\b6-final-release\Release\ock_probe_cli11.exe
  Building Custom Rule J:/Code/Kernel_v2/tests/unit/state_roots/CMakeLists.txt
  Building Custom Rule J:/Code/Kernel_v2/tests/unit/state_roots/CMakeLists.txt
  Building Custom Rule J:/Code/Kernel_v2/tests/unit/state_roots/CMakeLists.txt
  frozen_roots.cpp
  domain_snapshots.cpp
  Building Custom Rule J:/Code/Kernel_v2/tests/unit/state_roots/CMakeLists.txt
  Building Custom Rule J:/Code/Kernel_v2/tests/unit/state_roots/CMakeLists.txt
  state_cost.cpp
  host.cpp
  atomic_group.cpp
  ock_state_roots.vcxproj -> J:\Code\Kernel_v2\build\b6-final-release\tests\unit\state_roots\Release\ock_state_roots.exe
  object_roots.cpp
  ock_state_snapshots.vcxproj -> J:\Code\Kernel_v2\build\b6-final-release\tests\unit\state_roots\Release\ock_state_snapshots.exe
  ock_state_cost.vcxproj -> J:\Code\Kernel_v2\build\b6-final-release\tests\unit\state_roots\Release\ock_state_cost.exe
  ock_state_commit.vcxproj -> J:\Code\Kernel_v2\build\b6-final-release\tests\unit\state_roots\Release\ock_state_commit.exe
  protocol.cpp
  Building Custom Rule J:/Code/Kernel_v2/tests/unit/data/CMakeLists.txt
  parser_seeds.cpp
  observation_wire.cpp
  ock_state_objects.vcxproj -> J:\Code\Kernel_v2\build\b6-final-release\tests\unit\state_roots\Release\ock_state_objects.exe
  outcome_wire.cpp
  Building Custom Rule J:/Code/Kernel_v2/tests/unit/data/CMakeLists.txt
  ock_state_atomic.vcxproj -> J:\Code\Kernel_v2\build\b6-final-release\tests\unit\state_roots\Release\ock_state_atomic.exe
  payload.cpp
  parser_seed_contract.vcxproj -> J:\Code\Kernel_v2\build\b6-final-release\tests\unit\data\Release\parser_seed_contract.exe
  正在生成代码...
  ock_ControlProtocol.vcxproj -> J:\Code\Kernel_v2\build\b6-final-release\Release\ock_ControlProtocol.lib
  Building Custom Rule J:/Code/Kernel_v2/CMakeLists.txt
  Building Custom Rule J:/Code/Kernel_v2/tests/unit/data/CMakeLists.txt
  Building Custom Rule J:/Code/Kernel_v2/tests/unit/data/CMakeLists.txt
  Building Custom Rule J:/Code/Kernel_v2/CMakeLists.txt
  frame.cpp
  native_security.cpp
  payload_contract.vcxproj -> J:\Code\Kernel_v2\build\b6-final-release\tests\unit\data\Release\payload_contract.exe
  observation_wire.cpp
  client.cpp
  protocol_contract.vcxproj -> J:\Code\Kernel_v2\build\b6-final-release\tests\unit\data\Release\protocol_contract.exe
  pipe.cpp
  intent.cpp
  observation_wire_contract.vcxproj -> J:\Code\Kernel_v2\build\b6-final-release\tests\unit\data\Release\observation_wire_contract.exe
  watch.cpp
  正在生成代码...
  正在生成代码...
  ock_Adapter_LocalIPC.vcxproj -> J:\Code\Kernel_v2\build\b6-final-release\Release\ock_Adapter_LocalIPC.lib
  Building Custom Rule J:/Code/Kernel_v2/tests/integration/windows_ipc/CMakeLists.txt
  Building Custom Rule J:/Code/Kernel_v2/tests/integration/windows_ipc/CMakeLists.txt
  peer.cpp
  pressure_peer.cpp
  ock_ControlClient.vcxproj -> J:\Code\Kernel_v2\build\b6-final-release\Release\ock_ControlClient.lib
  Building Custom Rule J:/Code/Kernel_v2/tests/integration/cli/CMakeLists.txt
  Building Custom Rule J:/Code/Kernel_v2/apps/ock/CMakeLists.txt
  main.cpp
  client_contract.cpp
  ock_ipc_pressure_peer.vcxproj -> J:\Code\Kernel_v2\build\b6-final-release\tests\integration\windows_ipc\Release\ock_ipc_pressure_peer.exe
  ock_ipc_peer.vcxproj -> J:\Code\Kernel_v2\build\b6-final-release\tests\integration\windows_ipc\Release\ock_ipc_peer.exe
  scheduler.cpp
  ock_probe_jsoncons.vcxproj -> J:\Code\Kernel_v2\build\b6-final-release\Release\ock_probe_jsoncons.exe
  ock_client_contract.vcxproj -> J:\Code\Kernel_v2\build\b6-final-release\tests\integration\cli\Release\ock_client_contract.exe
  resources.cpp
  ock.vcxproj -> J:\Code\Kernel_v2\build\b6-final-release\apps\ock\Release\ock.exe
  resource_wait_binding.cpp
  execution_identity.cpp
  host_execution.cpp
  logging.cpp
  正在生成代码...
  ock_Runtime.vcxproj -> J:\Code\Kernel_v2\build\b6-final-release\Release\ock_Runtime.lib
  Building Custom Rule J:/Code/Kernel_v2/tests/contract/authorization/CMakeLists.txt
  Building Custom Rule J:/Code/Kernel_v2/tests/contract/host/CMakeLists.txt
  Building Custom Rule J:/Code/Kernel_v2/CMakeLists.txt
  Building Custom Rule J:/Code/Kernel_v2/tests/contract/host/CMakeLists.txt
  Building Custom Rule J:/Code/Kernel_v2/examples/native_service/CMakeLists.txt
  Building Custom Rule J:/Code/Kernel_v2/tests/contract/registration/CMakeLists.txt
  Building Custom Rule J:/Code/Kernel_v2/examples/settings_service/CMakeLists.txt
  Building Custom Rule J:/Code/Kernel_v2/tests/unit/state_roots/CMakeLists.txt
  runtime_state.cpp
  policy_tests.cpp
  fault_main.cpp
  registration_tests.cpp
  main.cpp
  schema.cpp
  fault_allocations.cpp
  fault_host_unit.cpp
  catalog.cpp
  main.cpp
  host_tests.cpp
  正在生成代码...
  allocation_probe.cpp
  正在生成代码...
  ock_native_service.vcxproj -> J:\Code\Kernel_v2\build\b6-final-release\examples\native_service\Release\ock_native_service.exe
  ock_registration_tests.vcxproj -> J:\Code\Kernel_v2\build\b6-final-release\tests\contract\registration\Release\ock_registration_tests.exe
  ock_policy_tests.vcxproj -> J:\Code\Kernel_v2\build\b6-final-release\tests\contract\authorization\Release\ock_policy_tests.exe
  {"actual_cases": ["T02.registration.atomic_candidate_contract", "T02.registration.batch_k_failure_atomic", "T02.registration.callback_exception_cleanup", "T02.registration.declared_operations_complete", "T02.registration.error_budget_sticky", "T02.registration.exact_operation_versions", "T02.registration.execution_capabilities", "T02.registration.ignored_errors_sticky", "T02.registration.manifest_owned_budget", "T02.registration.module_cycles_rejected", "T02.registration.module_dag_order", "T02.registration.module_identity_versions", "T02.registration.provider_binding", "T02.registration.schema_capability_absent", "T02.registration.service_binding", "T02.registration.shape_compile_contract", "T05.registration.exact_fingerprint", "T05.registration.failure_preserves_catalog", "T05.registration.publish_once_freeze", "T05.registration.registry_generation", "T05.registration.snapshot_lifetime", "T05.registration.typed_binding_success", "T24.registration.cold_docs_separation", "T24.registration.handler_not_exposed", "T24.registration.internal_component_boundary"], "count": 25}
  {"actual_cases": ["T07.policy.authentication_source", "T07.policy.cancel_arbitration", "T07.policy.consume_before_revoke", "T07.policy.delegation_shrink", "T07.policy.exception_atomicity", "T07.policy.expiry_boundary", "T07.policy.generation_exhaustion", "T07.policy.group_members_complete", "T07.policy.group_substitution", "T07.policy.operation_exact_contract", "T07.policy.owned_inputs_budget", "T07.policy.owner_scope", "T07.policy.permit_concurrent", "T07.policy.permit_once", "T07.policy.permit_origin_binding", "T07.policy.recursive_delegation_denied", "T07.policy.revoke_before_consume", "T07.policy.scope_four_way", "T07.policy.service_principal", "T07.policy.session_isolation", "T07.policy.target_frozen_set", "T07.policy.target_issued_identity", "T07.policy.target_lifecycle", "T19.policy.page_binding_isolation", "T19.policy.page_owner_authorization", "T19.policy.page_revoke_live_keyset", "T19.policy.query_field_projection", "T19.policy.subscription_connection_cleanup", "T19.policy.subscription_scope_atomic", "T20.policy.control_queue_reserve", "T20.policy.coordinator_budget", "T20.policy.failed_start_not_started", "T20.policy.internal_component_boundary", "T20.policy.queued_revoke_drop", "T20.policy.transmission_start_arbitration", "T20.policy.unknown_start_no_retry", "T20.policy.unsubscribe_inflight"], "count": 37}
  Building Custom Rule J:/Code/Kernel_v2/tests/contract/native/CMakeLists.txt
  native_tests.cpp
  正在生成代码...
  allocation_probe.cpp
  execution_service_cases.cpp
  
  正在搜索库
      正在搜索 ..\..\..\Release\ock_Runtime.lib:
      正在搜索 E:\Windows Kits\10\lib\10.0.26100.0\um\x64\bcrypt.lib:
      正在搜索 E:\Windows Kits\10\lib\10.0.26100.0\um\x64\kernel32.lib:
      正在搜索 E:\Windows Kits\10\lib\10.0.26100.0\um\x64\user32.lib:
      正在搜索 E:\Windows Kits\10\lib\10.0.26100.0\um\x64\gdi32.lib:
      正在搜索 E:\Windows Kits\10\lib\10.0.26100.0\um\x64\winspool.lib:
      正在搜索 E:\Windows Kits\10\lib\10.0.26100.0\um\x64\shell32.lib:
      正在搜索 E:\Windows Kits\10\lib\10.0.26100.0\um\x64\ole32.lib:
      正在搜索 E:\Windows Kits\10\lib\10.0.26100.0\um\x64\oleaut32.lib:
      正在搜索 E:\Windows Kits\10\lib\10.0.26100.0\um\x64\uuid.lib:
      正在搜索 E:\Windows Kits\10\lib\10.0.26100.0\um\x64\comdlg32.lib:
      正在搜索 E:\Windows Kits\10\lib\10.0.26100.0\um\x64\advapi32.lib:
      正在搜索 E:\vs2022IDE\VC\Tools\MSVC\14.44.35207\lib\x64\msvcprt.lib:
      正在搜索 E:\vs2022IDE\VC\Tools\MSVC\14.44.35207\lib\x64\MSVCRT.lib:
      正在搜索 E:\vs2022IDE\VC\Tools\MSVC\14.44.35207\lib\x64\OLDNAMES.lib:
      正在搜索 E:\vs2022IDE\VC\Tools\MSVC\14.44.35207\lib\x64\vcruntime.lib:
      正在搜索 E:\Windows Kits\10\lib\10.0.26100.0\ucrt\x64\ucrt.lib:
      正在搜索 ..\..\..\Release\ock_Runtime.lib:
      正在搜索 E:\Windows Kits\10\lib\10.0.26100.0\um\x64\bcrypt.lib:
      正在搜索 E:\Windows Kits\10\lib\10.0.26100.0\um\x64\kernel32.lib:
      正在搜索 E:\Windows Kits\10\lib\10.0.26100.0\um\x64\user32.lib:
      正在搜索 E:\Windows Kits\10\lib\10.0.26100.0\um\x64\gdi32.lib:
      正在搜索 E:\Windows Kits\10\lib\10.0.26100.0\um\x64\winspool.lib:
      正在搜索 E:\Windows Kits\10\lib\10.0.26100.0\um\x64\shell32.lib:
      正在搜索 E:\Windows Kits\10\lib\10.0.26100.0\um\x64\ole32.lib:
      正在搜索 E:\Windows Kits\10\lib\10.0.26100.0\um\x64\oleaut32.lib:
      正在搜索 E:\Windows Kits\10\lib\10.0.26100.0\um\x64\uuid.lib:
      正在搜索 E:\Windows Kits\10\lib\10.0.26100.0\um\x64\comdlg32.lib:
      正在搜索 E:\Windows Kits\10\lib\10.0.26100.0\um\x64\advapi32.lib:
      正在搜索 E:\vs2022IDE\VC\Tools\MSVC\14.44.35207\lib\x64\msvcprt.lib:
      正在搜索 E:\vs2022IDE\VC\Tools\MSVC\14.44.35207\lib\x64\MSVCRT.lib:
      正在搜索 E:\vs2022IDE\VC\Tools\MSVC\14.44.35207\lib\x64\OLDNAMES.lib:
      正在搜索 E:\vs2022IDE\VC\Tools\MSVC\14.44.35207\lib\x64\vcruntime.lib:
      正在搜索 E:\Windows Kits\10\lib\10.0.26100.0\ucrt\x64\ucrt.lib:
      正在搜索 ..\..\..\Release\ock_Runtime.lib:
      正在搜索 E:\Windows Kits\10\lib\10.0.26100.0\um\x64\bcrypt.lib:
  
  已完成库搜索
  
  正在搜索库
      正在搜索 ..\..\..\Release\ock_Runtime.lib:
      正在搜索 E:\Windows Kits\10\lib\10.0.26100.0\um\x64\bcrypt.lib:
      正在搜索 E:\Windows Kits\10\lib\10.0.26100.0\um\x64\kernel32.lib:
      正在搜索 E:\Windows Kits\10\lib\10.0.26100.0\um\x64\user32.lib:
      正在搜索 E:\Windows Kits\10\lib\10.0.26100.0\um\x64\gdi32.lib:
      正在搜索 E:\Windows Kits\10\lib\10.0.26100.0\um\x64\winspool.lib:
      正在搜索 E:\Windows Kits\10\lib\10.0.26100.0\um\x64\shell32.lib:
      正在搜索 E:\Windows Kits\10\lib\10.0.26100.0\um\x64\ole32.lib:
      正在搜索 E:\Windows Kits\10\lib\10.0.26100.0\um\x64\oleaut32.lib:
      正在搜索 E:\Windows Kits\10\lib\10.0.26100.0\um\x64\uuid.lib:
      正在搜索 E:\Windows Kits\10\lib\10.0.26100.0\um\x64\comdlg32.lib:
      正在搜索 E:\Windows Kits\10\lib\10.0.26100.0\um\x64\advapi32.lib:
      正在搜索 E:\vs2022IDE\VC\Tools\MSVC\14.44.35207\lib\x64\msvcprt.lib:
      正在搜索 E:\vs2022IDE\VC\Tools\MSVC\14.44.35207\lib\x64\MSVCRT.lib:
      正在搜索 E:\vs2022IDE\VC\Tools\MSVC\14.44.35207\lib\x64\OLDNAMES.lib:
      正在搜索 E:\vs2022IDE\VC\Tools\MSVC\14.44.35207\lib\x64\vcruntime.lib:
      正在搜索 E:\Windows Kits\10\lib\10.0.26100.0\ucrt\x64\ucrt.lib:
  
  已完成库搜索
  
  正在搜索库
      正在搜索 ..\..\..\Release\ock_Runtime.lib:
      正在搜索 E:\Windows Kits\10\lib\10.0.26100.0\um\x64\bcrypt.lib:
      正在搜索 E:\Windows Kits\10\lib\10.0.26100.0\um\x64\kernel32.lib:
      正在搜索 E:\Windows Kits\10\lib\10.0.26100.0\um\x64\user32.lib:
      正在搜索 E:\Windows Kits\10\lib\10.0.26100.0\um\x64\gdi32.lib:
      正在搜索 E:\Windows Kits\10\lib\10.0.26100.0\um\x64\winspool.lib:
      正在搜索 E:\Windows Kits\10\lib\10.0.26100.0\um\x64\shell32.lib:
      正在搜索 E:\Windows Kits\10\lib\10.0.26100.0\um\x64\ole32.lib:
      正在搜索 E:\Windows Kits\10\lib\10.0.26100.0\um\x64\oleaut32.lib:
      正在搜索 E:\Windows Kits\10\lib\10.0.26100.0\um\x64\uuid.lib:
      正在搜索 E:\Windows Kits\10\lib\10.0.26100.0\um\x64\comdlg32.lib:
      正在搜索 E:\Windows Kits\10\lib\10.0.26100.0\um\x64\advapi32.lib:
      正在搜索 E:\vs2022IDE\VC\Tools\MSVC\14.44.35207\lib\x64\msvcprt.lib:
      正在搜索 E:\vs2022IDE\VC\Tools\MSVC\14.44.35207\lib\x64\MSVCRT.lib:
      正在搜索 E:\vs2022IDE\VC\Tools\MSVC\14.44.35207\lib\x64\OLDNAMES.lib:
      正在搜索 E:\vs2022IDE\VC\Tools\MSVC\14.44.35207\lib\x64\vcruntime.lib:
      正在搜索 E:\Windows Kits\10\lib\10.0.26100.0\ucrt\x64\ucrt.lib:
  
  已完成库搜索
  
  正在搜索库
      正在搜索 ..\..\..\Release\ock_Runtime.lib:
      正在搜索 E:\Windows Kits\10\lib\10.0.26100.0\um\x64\bcrypt.lib:
      正在搜索 E:\Windows Kits\10\lib\10.0.26100.0\um\x64\kernel32.lib:
      正在搜索 E:\Windows Kits\10\lib\10.0.26100.0\um\x64\user32.lib:
      正在搜索 E:\Windows Kits\10\lib\10.0.26100.0\um\x64\gdi32.lib:
      正在搜索 E:\Windows Kits\10\lib\10.0.26100.0\um\x64\winspool.lib:
      正在搜索 E:\Windows Kits\10\lib\10.0.26100.0\um\x64\shell32.lib:
      正在搜索 E:\Windows Kits\10\lib\10.0.26100.0\um\x64\ole32.lib:
      正在搜索 E:\Windows Kits\10\lib\10.0.26100.0\um\x64\oleaut32.lib:
      正在搜索 E:\Windows Kits\10\lib\10.0.26100.0\um\x64\uuid.lib:
      正在搜索 E:\Windows Kits\10\lib\10.0.26100.0\um\x64\comdlg32.lib:
      正在搜索 E:\Windows Kits\10\lib\10.0.26100.0\um\x64\advapi32.lib:
      正在搜索 E:\vs2022IDE\VC\Tools\MSVC\14.44.35207\lib\x64\msvcprt.lib:
      正在搜索 E:\vs2022IDE\VC\Tools\MSVC\14.44.35207\lib\x64\MSVCRT.lib:
      正在搜索 E:\vs2022IDE\VC\Tools\MSVC\14.44.35207\lib\x64\OLDNAMES.lib:
      正在搜索 E:\vs2022IDE\VC\Tools\MSVC\14.44.35207\lib\x64\vcruntime.lib:
      正在搜索 E:\Windows Kits\10\lib\10.0.26100.0\ucrt\x64\ucrt.lib:
  
  已完成库搜索
  
  正在搜索库
      正在搜索 ..\..\..\Release\ock_Runtime.lib:
      正在搜索 E:\Windows Kits\10\lib\10.0.26100.0\um\x64\bcrypt.lib:
      正在搜索 E:\Windows Kits\10\lib\10.0.26100.0\um\x64\kernel32.lib:
      正在搜索 E:\Windows Kits\10\lib\10.0.26100.0\um\x64\user32.lib:
      正在搜索 E:\Windows Kits\10\lib\10.0.26100.0\um\x64\gdi32.lib:
      正在搜索 E:\Windows Kits\10\lib\10.0.26100.0\um\x64\winspool.lib:
      正在搜索 E:\Windows Kits\10\lib\10.0.26100.0\um\x64\shell32.lib:
      正在搜索 E:\Windows Kits\10\lib\10.0.26100.0\um\x64\ole32.lib:
      正在搜索 E:\Windows Kits\10\lib\10.0.26100.0\um\x64\oleaut32.lib:
      正在搜索 E:\Windows Kits\10\lib\10.0.26100.0\um\x64\uuid.lib:
      正在搜索 E:\Windows Kits\10\lib\10.0.26100.0\um\x64\comdlg32.lib:
      正在搜索 E:\Windows Kits\10\lib\10.0.26100.0\um\x64\advapi32.lib:
      正在搜索 E:\vs2022IDE\VC\Tools\MSVC\14.44.35207\lib\x64\msvcprt.lib:
      正在搜索 E:\vs2022IDE\VC\Tools\MSVC\14.44.35207\lib\x64\MSVCRT.lib:
      正在搜索 E:\vs2022IDE\VC\Tools\MSVC\14.44.35207\lib\x64\OLDNAMES.lib:
      正在搜索 E:\vs2022IDE\VC\Tools\MSVC\14.44.35207\lib\x64\vcruntime.lib:
  
  已完成库搜索
  ock_host_fault_tests.vcxproj -> J:\Code\Kernel_v2\build\b6-final-release\tests\contract\host\Release\ock_host_fault_tests.exe
  ock_settings_service.vcxproj -> J:\Code\Kernel_v2\build\b6-final-release\examples\settings_service\Release\ock_settings_service.exe
  ock_host_tests.vcxproj -> J:\Code\Kernel_v2\build\b6-final-release\tests\contract\host\Release\ock_host_tests.exe
  ock_Dynamic.vcxproj -> J:\Code\Kernel_v2\build\b6-final-release\Release\ock_Dynamic.lib
  Building Custom Rule J:/Code/Kernel_v2/tests/unit/data/CMakeLists.txt
  Building Custom Rule J:/Code/Kernel_v2/CMakeLists.txt
  Building Custom Rule J:/Code/Kernel_v2/tests/unit/data/CMakeLists.txt
  Building Custom Rule J:/Code/Kernel_v2/tests/unit/data/CMakeLists.txt
  binding.cpp
  outcome.cpp
  cursor.cpp
  schema.cpp
  structured_cases.cpp
  router.cpp
  binding_parity.vcxproj -> J:\Code\Kernel_v2\build\b6-final-release\tests\unit\data\Release\binding_parity.exe
  schema_contract.vcxproj -> J:\Code\Kernel_v2\build\b6-final-release\tests\unit\data\Release\schema_contract.exe
  invoke_method.cpp
  ock_state_runtime.vcxproj -> J:\Code\Kernel_v2\build\b6-final-release\tests\unit\state_roots\Release\ock_state_runtime.exe
  outcome_wire_contract.vcxproj -> J:\Code\Kernel_v2\build\b6-final-release\tests\unit\data\Release\outcome_wire_contract.exe
  catalog_methods.cpp
  async_cases.cpp
  subscription.cpp
  subscription_methods.cpp
  session_cases.cpp
  list_method.cpp
  get_method.cpp
  observation_cases.cpp
  observation_transport.cpp
  execution_method.cpp
  combined_cases.cpp
  正在生成代码...
  post_closure_cases.cpp
  ock_Control.vcxproj -> J:\Code\Kernel_v2\build\b6-final-release\Release\ock_Control.lib
  Building Custom Rule J:/Code/Kernel_v2/tests/unit/data/CMakeLists.txt
  Building Custom Rule J:/Code/Kernel_v2/tests/unit/data/CMakeLists.txt
  Building Custom Rule J:/Code/Kernel_v2/tests/unit/data/CMakeLists.txt
  Building Custom Rule J:/Code/Kernel_v2/tests/unit/data/CMakeLists.txt
  Building Custom Rule J:/Code/Kernel_v2/tests/integration/windows_ipc/CMakeLists.txt
  Building Custom Rule J:/Code/Kernel_v2/examples/managed_service/CMakeLists.txt
  Building Custom Rule J:/Code/Kernel_v2/tests/unit/data/CMakeLists.txt
  Building Custom Rule J:/Code/Kernel_v2/tests/unit/data/CMakeLists.txt
  Building Custom Rule J:/Code/Kernel_v2/examples/stateless_service/CMakeLists.txt
  Building Custom Rule J:/Code/Kernel_v2/tests/unit/data/CMakeLists.txt
  Building Custom Rule J:/Code/Kernel_v2/tests/integration/cli/CMakeLists.txt
  Building Custom Rule J:/Code/Kernel_v2/tests/unit/data/CMakeLists.txt
  native.cpp
  cost_samples.cpp
  observation_peer.cpp
  control_main.cpp
  subscription.cpp
  service.cpp
  service.cpp
  list.cpp
  正在生成代码...
  ock_ipc_observation_peer.vcxproj -> J:\Code\Kernel_v2\build\b6-final-release\tests\integration\windows_ipc\Release\ock_ipc_observation_peer.exe
  正在生成代码...
  catalog.cpp
  allocation_probe.cpp
  list_contract.vcxproj -> J:\Code\Kernel_v2\build\b6-final-release\tests\unit\data\Release\list_contract.exe
  get.cpp
  cursor.cpp
  正在生成代码...
  cursor_contract.vcxproj -> J:\Code\Kernel_v2\build\b6-final-release\tests\unit\data\Release\cursor_contract.exe
  dynamic_native_contract.vcxproj -> J:\Code\Kernel_v2\build\b6-final-release\tests\unit\data\Release\dynamic_native_contract.exe
  catalog_contract.vcxproj -> J:\Code\Kernel_v2\build\b6-final-release\tests\unit\data\Release\catalog_contract.exe
  subscription_contract.vcxproj -> J:\Code\Kernel_v2\build\b6-final-release\tests\unit\data\Release\subscription_contract.exe
  router.cpp
  get_contract.vcxproj -> J:\Code\Kernel_v2\build\b6-final-release\tests\unit\data\Release\get_contract.exe
  main.cpp
  submit.cpp
  service.cpp
  router_contract.vcxproj -> J:\Code\Kernel_v2\build\b6-final-release\tests\unit\data\Release\router_contract.exe
  正在生成代码...
  dynamic_submit_contract.vcxproj -> J:\Code\Kernel_v2\build\b6-final-release\tests\unit\data\Release\dynamic_submit_contract.exe
  ock_stateless_service.vcxproj -> J:\Code\Kernel_v2\build\b6-final-release\examples\stateless_service\Release\ock_stateless_service.exe
  ock_b3_cost_samples.vcxproj -> J:\Code\Kernel_v2\build\b6-final-release\tests\integration\cli\Release\ock_b3_cost_samples.exe
  ock_managed_service.vcxproj -> J:\Code\Kernel_v2\build\b6-final-release\examples\managed_service\Release\ock_managed_service.exe
  ock_native_tests.vcxproj -> J:\Code\Kernel_v2\build\b6-final-release\tests\contract\native\Release\ock_native_tests.exe
  {"actual_cases": ["T02.native.candidate_read_dispatch", "T02.native.exact_binding", "T02.native.invalid_input", "T02.native.private_dispatch", "T02.native.registered_compute", "T02.native.registered_read", "T02.native.validation_exception", "T03.native.cancel_and_budget", "T03.native.component_boundary", "T03.native.example_consumer", "T03.native.execution_admission_endurance", "T03.native.execution_admission_pins", "T03.native.execution_reclaim_protection", "T03.native.execution_service_control", "T03.native.execution_table_ownership", "T03.native.host_async_completion", "T03.native.host_async_deadline", "T03.native.host_async_drain", "T03.native.host_cached_result_sessions", "T03.native.host_combined_drain", "T03.native.host_execution_lifecycle", "T03.native.host_execution_resources", "T03.native.host_observation_drain", "T03.native.host_required_record", "T03.native.host_required_record_drain", "T03.native.host_structured_lifetime", "T03.native.managed_async_input_accounting", "T03.native.managed_execution_path", "T03.native.managed_execution_resource_wait", "T03.native.managed_record", "T03.native.managed_record_ownership", "T03.native.managed_resources", "T03.native.no_self_wait", "T03.native.no_task_path", "T03.native.observation_lease_drain", "T03.native.provider_unavailable", "T03.native.reentrant_and_concurrent", "T03.native.resource_lifetime", "T03.native.thread_modes", "T03.native.thread_origin", "T06.native.admission_order", "T06.native.authority_origin", "T06.native.business_failure", "T06.native.execution_source_observation", "T06.native.host_structured_admission", "T06.native.invalid_output", "T06.native.lifecycle_replacement", "T06.native.managed_accepted_failures", "T06.native.managed_admission", "T06.native.observation_journal", "T06.native.outcome_consistency", "T06.native.permission_intersection", "T06.native.policy_contract_alignment", "T06.native.revoke_and_regrant", "T06.native.session_and_deadline", "T06.native.target_binding", "T23.native.allocation_governance", "T23.native.allocation_other_costs", "T23.native.allocation_probe", "T23.native.allocation_steady"], "count": 60}
  Building Custom Rule J:/Code/Kernel_v2/CMakeLists.txt
