CMake is re-running because J:/Code/Kernel_v2/build/b2-sdk-debug/examples/stateless_service/CMakeFiles/generate.stamp is out-of-date.
  the file 'J:/Code/Kernel_v2/examples/stateless_service/CMakeLists.txt'
  is newer than 'J:/Code/Kernel_v2/build/b2-sdk-debug/examples/stateless_service/CMakeFiles/generate.stamp.depend'
  result='-1'
-- Configuring done (2.4s)
-- Generating done (0.7s)
-- Build files have been written to: J:/Code/Kernel_v2/build/b2-sdk-debug
适用于 .NET Framework MSBuild 版本 17.14.23+b0019275e

  ock_Data.vcxproj -> J:\Code\Kernel_v2\build\b2-sdk-debug\Debug\ock_Data.lib
  ock_ControlProtocol.vcxproj -> J:\Code\Kernel_v2\build\b2-sdk-debug\Debug\ock_ControlProtocol.lib
  ock_Adapter_LocalIPC.vcxproj -> J:\Code\Kernel_v2\build\b2-sdk-debug\Debug\ock_Adapter_LocalIPC.lib
  client.cpp
  intent.cpp
  watch.cpp
  正在生成代码...
  ock_ControlClient.vcxproj -> J:\Code\Kernel_v2\build\b2-sdk-debug\Debug\ock_ControlClient.lib
  main.cpp
  ock.vcxproj -> J:\Code\Kernel_v2\build\b2-sdk-debug\apps\ock\Debug\ock.exe
适用于 .NET Framework MSBuild 版本 17.14.23+b0019275e

  ock_Data.vcxproj -> J:\Code\Kernel_v2\build\b2-sdk-debug\Debug\ock_Data.lib
  ock_ControlProtocol.vcxproj -> J:\Code\Kernel_v2\build\b2-sdk-debug\Debug\ock_ControlProtocol.lib
  ock_ControlClient.vcxproj -> J:\Code\Kernel_v2\build\b2-sdk-debug\Debug\ock_ControlClient.lib
  client_contract.cpp
  ock_client_contract.vcxproj -> J:\Code\Kernel_v2\build\b2-sdk-debug\tests\integration\cli\Debug\ock_client_contract.exe
适用于 .NET Framework MSBuild 版本 17.14.23+b0019275e

  ock_Data.vcxproj -> J:\Code\Kernel_v2\build\b2-sdk-debug\Debug\ock_Data.lib
  ock_ControlProtocol.vcxproj -> J:\Code\Kernel_v2\build\b2-sdk-debug\Debug\ock_ControlProtocol.lib
  ock_Adapter_LocalIPC.vcxproj -> J:\Code\Kernel_v2\build\b2-sdk-debug\Debug\ock_Adapter_LocalIPC.lib
  peer.cpp
  ock_ipc_peer.vcxproj -> J:\Code\Kernel_v2\build\b2-sdk-debug\tests\integration\windows_ipc\Debug\ock_ipc_peer.exe
