CMake is re-running because E:/VS2019Qt5.15/3D/build/d0.06-a/empty-repeat-debug/CMakeFiles/generate.stamp is out-of-date.
  the file 'E:/VS2019Qt5.15/3D/cmake/Dependencies.cmake'
  is newer than 'E:/VS2019Qt5.15/3D/build/d0.06-a/empty-repeat-debug/CMakeFiles/generate.stamp.depend'
  result='-1'
-- {fmt} version: 11.1.4
-- Build type: 
-- Build spdlog: 1.15.1
-- Build type: 
-- Google Benchmark version: v1.9.1, normalized to 1.9.1
-- Performing Test HAVE_STD_REGEX -- success
-- Performing Test HAVE_GNU_POSIX_REGEX -- failed to compile
-- Performing Test HAVE_POSIX_REGEX -- failed to compile
-- Performing Test HAVE_STEADY_CLOCK -- success
-- Performing Test HAVE_PTHREAD_AFFINITY -- failed to compile
-- Configuring done (11.2s)
-- Generating done (6.5s)
-- Build files have been written to: E:/VS2019Qt5.15/3D/build/d0.06-a/empty-repeat-debug
适用于 .NET Framework MSBuild 版本 17.14.40+3e7442088

  1>Checking Build System
  Building Custom Rule E:/VS2019Qt5.15/3D/tests/dependencies/CMakeLists.txt
  正在扫描源以查找模块依赖项...
  Building Custom Rule E:/VS2019Qt5.15/3D/tests/dependencies/CMakeLists.txt
  Building Custom Rule E:/VS2019Qt5.15/3D/tests/dependencies/CMakeLists.txt
  正在扫描源以查找模块依赖项...
  Building Custom Rule E:/VS2019Qt5.15/3D/build/d0.06-a/cache/sources/benchmark-17fbd9d8ea36/src/CMakeLists.txt
  catch_amalgamated.cpp
  Building Custom Rule E:/VS2019Qt5.15/3D/tests/dependencies/CMakeLists.txt
  asio.cpp
  sqlite3.c
  正在扫描源以查找模块依赖项...
  benchmark.cc
  正在编译...
  cli11.cpp
  正在编译...
  catch_amalgamated.cpp
  Building Custom Rule E:/VS2019Qt5.15/3D/tests/dependencies/CMakeLists.txt
  asio.cpp
  ock_dep_sqlite.vcxproj -> E:\VS2019Qt5.15\3D\build\d0.06-a\empty-repeat-debug\Debug\ock_dep_sqlite.lib
  正在编译...
  正在扫描源以查找模块依赖项...
  cli11.cpp
  expected.cpp
  正在编译...
  benchmark_api_internal.cc
  benchmark_name.cc
  benchmark_register.cc
  benchmark_runner.cc
  check.cc
  colorprint.cc
  commandlineflags.cc
  complexity.cc
  console_reporter.cc
  counter.cc
  csv_reporter.cc
  json_reporter.cc
  perf_counters.cc
  expected.cpp
  reporter.cc
  statistics.cc
  string_util.cc
  sysinfo.cc
  timers.cc
  ock_probe_expected.vcxproj -> E:\VS2019Qt5.15\3D\build\d0.06-a\empty-repeat-debug\Debug\ock_probe_expected.exe
  Building Custom Rule E:/VS2019Qt5.15/3D/build/d0.06-a/cache/sources/fmt-95f89f1eb3b5/CMakeLists.txt
  ock_probe_asio.vcxproj -> E:\VS2019Qt5.15\3D\build\d0.06-a\empty-repeat-debug\Debug\ock_probe_asio.exe
  format.cc
  Building Custom Rule E:/VS2019Qt5.15/3D/tests/dependencies/CMakeLists.txt
  正在扫描源以查找模块依赖项...
  Building Custom Rule E:/VS2019Qt5.15/3D/tests/dependencies/CMakeLists.txt
  immer.cpp
  正在扫描源以查找模块依赖项...
  正在编译...
  jsoncons.cpp
  immer.cpp
  正在编译...
  os.cc
  jsoncons.cpp
  正在生成代码...
  ock_probe_cli11.vcxproj -> E:\VS2019Qt5.15\3D\build\d0.06-a\empty-repeat-debug\Debug\ock_probe_cli11.exe
  benchmark.vcxproj -> E:\VS2019Qt5.15\3D\build\d0.06-a\empty-repeat-debug\_upstream\benchmark\src\Debug\benchmark.lib
  fmt.vcxproj -> E:\VS2019Qt5.15\3D\build\d0.06-a\empty-repeat-debug\_upstream\fmt\Debug\fmtd.lib
  ock_dep_catch2.vcxproj -> E:\VS2019Qt5.15\3D\build\d0.06-a\empty-repeat-debug\Debug\ock_dep_catch2.lib
  Building Custom Rule E:/VS2019Qt5.15/3D/tests/dependencies/CMakeLists.txt
  ock_probe_immer.vcxproj -> E:\VS2019Qt5.15\3D\build\d0.06-a\empty-repeat-debug\Debug\ock_probe_immer.exe
  正在扫描源以查找模块依赖项...
  benchmark.cpp
  Building Custom Rule E:/VS2019Qt5.15/3D/tests/dependencies/CMakeLists.txt
  正在扫描源以查找模块依赖项...
  正在编译...
  Building Custom Rule E:/VS2019Qt5.15/3D/tests/dependencies/CMakeLists.txt
  thread_pool.cpp
  benchmark.cpp
  正在扫描源以查找模块依赖项...
  toml11.cpp
  正在编译...
  toml11.cpp
  正在编译...
  Building Custom Rule E:/VS2019Qt5.15/3D/tests/dependencies/CMakeLists.txt
  thread_pool.cpp
  正在扫描源以查找模块依赖项...
  toolchain.cpp
  正在编译...
  ock_probe_benchmark.vcxproj -> E:\VS2019Qt5.15\3D\build\d0.06-a\empty-repeat-debug\Debug\ock_probe_benchmark.exe
  toolchain.cpp
  ock_probe_toolchain.vcxproj -> E:\VS2019Qt5.15\3D\build\d0.06-a\empty-repeat-debug\Debug\ock_probe_toolchain.exe
  Building Custom Rule E:/VS2019Qt5.15/3D/tests/dependencies/CMakeLists.txt
  Building Custom Rule E:/VS2019Qt5.15/3D/tests/dependencies/CMakeLists.txt
  正在扫描源以查找模块依赖项...
  fmt.cpp
  正在编译...
  ock_probe_thread_pool.vcxproj -> E:\VS2019Qt5.15\3D\build\d0.06-a\empty-repeat-debug\Debug\ock_probe_thread_pool.exe
  fmt.cpp
  ock_probe_toml11.vcxproj -> E:\VS2019Qt5.15\3D\build\d0.06-a\empty-repeat-debug\Debug\ock_probe_toml11.exe
  ock_probe_fmt.vcxproj -> E:\VS2019Qt5.15\3D\build\d0.06-a\empty-repeat-debug\Debug\ock_probe_fmt.exe
  正在扫描源以查找模块依赖项...
  Building Custom Rule E:/VS2019Qt5.15/3D/build/d0.06-a/cache/sources/spdlog-8730cb1e8f30/CMakeLists.txt
  sqlite.cpp
  正在编译...
  sqlite.cpp
  spdlog.cpp
  Building Custom Rule E:/VS2019Qt5.15/3D/tests/dependencies/CMakeLists.txt
  正在扫描源以查找模块依赖项...
  catch2.cpp
  正在编译...
  ock_probe_jsoncons.vcxproj -> E:\VS2019Qt5.15\3D\build\d0.06-a\empty-repeat-debug\Debug\ock_probe_jsoncons.exe
  catch2.cpp
  ock_probe_sqlite.vcxproj -> E:\VS2019Qt5.15\3D\build\d0.06-a\empty-repeat-debug\Debug\ock_probe_sqlite.exe
  stdout_sinks.cpp
  ock_probe_catch2.vcxproj -> E:\VS2019Qt5.15\3D\build\d0.06-a\empty-repeat-debug\Debug\ock_probe_catch2.exe
  color_sinks.cpp
  file_sinks.cpp
  async.cpp
  cfg.cpp
  正在生成代码...
  spdlog.vcxproj -> E:\VS2019Qt5.15\3D\build\d0.06-a\empty-repeat-debug\_upstream\spdlog\Debug\spdlogd.lib
  Building Custom Rule E:/VS2019Qt5.15/3D/tests/dependencies/CMakeLists.txt
  正在扫描源以查找模块依赖项...
  spdlog.cpp
  正在编译...
  spdlog.cpp
  ock_probe_spdlog.vcxproj -> E:\VS2019Qt5.15\3D\build\d0.06-a\empty-repeat-debug\Debug\ock_probe_spdlog.exe
  Building Custom Rule E:/VS2019Qt5.15/3D/tests/dependencies/CMakeLists.txt
