适用于 .NET Framework MSBuild 版本 17.14.23+b0019275e

  1>Checking Build System
  Building Custom Rule J:/Code/Kernel_v2/CMakeLists.txt
  ock_Data.vcxproj -> J:\Code\Kernel_v2\build\b4-debug\Debug\ock_Data.lib
  Building Custom Rule J:/Code/Kernel_v2/CMakeLists.txt
  Building Custom Rule J:/Code/Kernel_v2/CMakeLists.txt
  ock_Runtime.vcxproj -> J:\Code\Kernel_v2\build\b4-debug\Debug\ock_Runtime.lib
  ock_Adapter_CpuPool.vcxproj -> J:\Code\Kernel_v2\build\b4-debug\Debug\ock_Adapter_CpuPool.lib
  Building Custom Rule J:/Code/Kernel_v2/CMakeLists.txt
  Building Custom Rule J:/Code/Kernel_v2/CMakeLists.txt
  consumer.cpp
  Building Custom Rule J:/Code/Kernel_v2/CMakeLists.txt
  Building Custom Rule J:/Code/Kernel_v2/CMakeLists.txt
  ock_probe_asio.vcxproj -> J:\Code\Kernel_v2\build\b4-debug\Debug\ock_probe_asio.exe
  ock_probe_cli11.vcxproj -> J:\Code\Kernel_v2\build\b4-debug\Debug\ock_probe_cli11.exe
  Building Custom Rule J:/Code/Kernel_v2/CMakeLists.txt
  ock_probe_jsoncons.vcxproj -> J:\Code\Kernel_v2\build\b4-debug\Debug\ock_probe_jsoncons.exe
  ock_probe_expected.vcxproj -> J:\Code\Kernel_v2\build\b4-debug\Debug\ock_probe_expected.exe
  Building Custom Rule J:/Code/Kernel_v2/CMakeLists.txt
  Building Custom Rule J:/Code/Kernel_v2/CMakeLists.txt
  ock_probe_thread_pool.vcxproj -> J:\Code\Kernel_v2\build\b4-debug\Debug\ock_probe_thread_pool.exe
  Building Custom Rule J:/Code/Kernel_v2/CMakeLists.txt
  ock_probe_toolchain.vcxproj -> J:\Code\Kernel_v2\build\b4-debug\Debug\ock_probe_toolchain.exe
  Building Custom Rule J:/Code/Kernel_v2/tests/unit/data/CMakeLists.txt
  ock_sdk_metadata_probe.vcxproj -> J:\Code\Kernel_v2\build\b4-debug\Debug\ock_sdk_metadata_probe.exe
  Building Custom Rule J:/Code/Kernel_v2/tests/unit/data/CMakeLists.txt
  ock_native_service.vcxproj -> J:\Code\Kernel_v2\build\b4-debug\examples\native_service\Debug\ock_native_service.exe
  Building Custom Rule J:/Code/Kernel_v2/CMakeLists.txt
  ock_executor_contract.vcxproj -> J:\Code\Kernel_v2\build\b4-debug\tests\conformance\executor\Debug\ock_executor_contract.exe
  ock_native_tests.vcxproj -> J:\Code\Kernel_v2\build\b4-debug\tests\contract\native\Debug\ock_native_tests.exe
  contract.cpp
  lifecycle.cpp
  contract.cpp
  {"actual_cases": ["T02.native.candidate_read_dispatch", "T02.native.exact_binding", "T02.native.invalid_input", "T02.native.private_dispatch", "T02.native.registered_compute", "T02.native.registered_read", "T02.native.validation_exception", "T03.native.cancel_and_budget", "T03.native.component_boundary", "T03.native.example_consumer", "T03.native.execution_service_control", "T03.native.execution_table_ownership", "T03.native.host_async_completion", "T03.native.host_async_deadline", "T03.native.host_async_drain", "T03.native.host_cached_result_sessions", "T03.native.host_combined_drain", "T03.native.host_execution_lifecycle", "T03.native.host_execution_resources", "T03.native.host_observation_drain", "T03.native.host_required_record", "T03.native.host_required_record_drain", "T03.native.host_structured_lifetime", "T03.native.managed_execution_path", "T03.native.managed_execution_resource_wait", "T03.native.managed_record", "T03.native.managed_record_ownership", "T03.native.managed_resources", "T03.native.no_self_wait", "T03.native.no_task_path", "T03.native.observation_lease_drain", "T03.native.provider_unavailable", "T03.native.reentrant_and_concurrent", "T03.native.resource_lifetime", "T03.native.thread_modes", "T03.native.thread_origin", "T06.native.admission_order", "T06.native.authority_origin", "T06.native.business_failure", "T06.native.execution_source_observation", "T06.native.host_structured_admission", "T06.native.invalid_output", "T06.native.lifecycle_replacement", "T06.native.managed_admission", "T06.native.observation_journal", "T06.native.outcome_consistency", "T06.native.permission_intersection", "T06.native.policy_contract_alignment", "T06.native.revoke_and_regrant", "T06.native.session_and_deadline", "T06.native.target_binding", "T23.native.allocation_governance", "T23.native.allocation_other_costs", "T23.native.allocation_probe", "T23.native.allocation_steady"], "count": 55}
  ock_Dynamic.vcxproj -> J:\Code\Kernel_v2\build\b4-debug\Debug\ock_Dynamic.lib
  parser_seeds.cpp
  payload.cpp
  ock_executor_consumer.vcxproj -> J:\Code\Kernel_v2\build\b4-debug\tests\contract\executor\Debug\ock_executor_consumer.exe
  ock_ControlProtocol.vcxproj -> J:\Code\Kernel_v2\build\b4-debug\Debug\ock_ControlProtocol.lib
  Building Custom Rule J:/Code/Kernel_v2/CMakeLists.txt
  Building Custom Rule J:/Code/Kernel_v2/tests/unit/data/CMakeLists.txt
  Building Custom Rule J:/Code/Kernel_v2/tests/unit/data/CMakeLists.txt
  ock_ControlClient.vcxproj -> J:\Code\Kernel_v2\build\b4-debug\Debug\ock_ControlClient.lib
  frame.cpp
  payload_contract.vcxproj -> J:\Code\Kernel_v2\build\b4-debug\tests\unit\data\Debug\payload_contract.exe
  observation_wire.cpp
  parser_seed_contract.vcxproj -> J:\Code\Kernel_v2\build\b4-debug\tests\unit\data\Debug\parser_seed_contract.exe
  Building Custom Rule J:/Code/Kernel_v2/CMakeLists.txt
  ock_Adapter_LocalIPC.vcxproj -> J:\Code\Kernel_v2\build\b4-debug\Debug\ock_Adapter_LocalIPC.lib
  Building Custom Rule J:/Code/Kernel_v2/CMakeLists.txt
  Building Custom Rule J:/Code/Kernel_v2/tests/unit/data/CMakeLists.txt
  ock_Control.vcxproj -> J:\Code\Kernel_v2\build\b4-debug\Debug\ock_Control.lib
  schema.cpp
  Building Custom Rule J:/Code/Kernel_v2/tests/unit/data/CMakeLists.txt
  ock_executor_lifecycle.vcxproj -> J:\Code\Kernel_v2\build\b4-debug\tests\contract\executor\Debug\ock_executor_lifecycle.exe
  catalog.cpp
  ock_scheduler_contract.vcxproj -> J:\Code\Kernel_v2\build\b4-debug\tests\unit\scheduler\Debug\ock_scheduler_contract.exe
  protocol_contract.vcxproj -> J:\Code\Kernel_v2\build\b4-debug\tests\unit\data\Debug\protocol_contract.exe
  list.cpp
  get.cpp
  outcome_wire_contract.vcxproj -> J:\Code\Kernel_v2\build\b4-debug\tests\unit\data\Debug\outcome_wire_contract.exe
  Building Custom Rule J:/Code/Kernel_v2/tests/unit/data/CMakeLists.txt
  binding.cpp
  subscription_contract.vcxproj -> J:\Code\Kernel_v2\build\b4-debug\tests\unit\data\Debug\subscription_contract.exe
  observation_wire_contract.vcxproj -> J:\Code\Kernel_v2\build\b4-debug\tests\unit\data\Debug\observation_wire_contract.exe
  router.cpp
  cursor_contract.vcxproj -> J:\Code\Kernel_v2\build\b4-debug\tests\unit\data\Debug\cursor_contract.exe
  schema_contract.vcxproj -> J:\Code\Kernel_v2\build\b4-debug\tests\unit\data\Debug\schema_contract.exe
  binding_parity.vcxproj -> J:\Code\Kernel_v2\build\b4-debug\tests\unit\data\Debug\binding_parity.exe
  ock_resources_contract.vcxproj -> J:\Code\Kernel_v2\build\b4-debug\tests\contract\resources\Debug\ock_resources_contract.exe
  ock_client_contract.vcxproj -> J:\Code\Kernel_v2\build\b4-debug\tests\integration\cli\Debug\ock_client_contract.exe
  submit.cpp
  native.cpp
  get_contract.vcxproj -> J:\Code\Kernel_v2\build\b4-debug\tests\unit\data\Debug\get_contract.exe
  router_contract.vcxproj -> J:\Code\Kernel_v2\build\b4-debug\tests\unit\data\Debug\router_contract.exe
  catalog_contract.vcxproj -> J:\Code\Kernel_v2\build\b4-debug\tests\unit\data\Debug\catalog_contract.exe
  list_contract.vcxproj -> J:\Code\Kernel_v2\build\b4-debug\tests\unit\data\Debug\list_contract.exe
  ock.vcxproj -> J:\Code\Kernel_v2\build\b4-debug\apps\ock\Debug\ock.exe
  service.cpp
  pressure_peer.cpp
  ock_ipc_peer.vcxproj -> J:\Code\Kernel_v2\build\b4-debug\tests\integration\windows_ipc\Debug\ock_ipc_peer.exe
  ock_managed_service.vcxproj -> J:\Code\Kernel_v2\build\b4-debug\examples\managed_service\Debug\ock_managed_service.exe
  control_main.cpp
  observation_peer.cpp
  dynamic_native_contract.vcxproj -> J:\Code\Kernel_v2\build\b4-debug\tests\unit\data\Debug\dynamic_native_contract.exe
  ock_ipc_pressure_peer.vcxproj -> J:\Code\Kernel_v2\build\b4-debug\tests\integration\windows_ipc\Debug\ock_ipc_pressure_peer.exe
  service.cpp
  cost_samples.cpp
  dynamic_submit_contract.vcxproj -> J:\Code\Kernel_v2\build\b4-debug\tests\unit\data\Debug\dynamic_submit_contract.exe
  ock_ipc_observation_peer.vcxproj -> J:\Code\Kernel_v2\build\b4-debug\tests\integration\windows_ipc\Debug\ock_ipc_observation_peer.exe
  正在生成代码...
  正在生成代码...
  ock_b3_cost_samples.vcxproj -> J:\Code\Kernel_v2\build\b4-debug\tests\integration\cli\Debug\ock_b3_cost_samples.exe
  ock_stateless_service.vcxproj -> J:\Code\Kernel_v2\build\b4-debug\examples\stateless_service\Debug\ock_stateless_service.exe
  Building Custom Rule J:/Code/Kernel_v2/CMakeLists.txt
