适用于 .NET Framework MSBuild 版本 17.14.23+b0019275e

  ock_Data.vcxproj -> J:\Code\Kernel_v2\build\b6-formal-asan\Debug\ock_Data.lib
  execution_identity.cpp
  ock_State.vcxproj -> J:\Code\Kernel_v2\build\b6-formal-asan\Debug\ock_State.lib
  ock_Adapter_CpuPool.vcxproj -> J:\Code\Kernel_v2\build\b6-formal-asan\Debug\ock_Adapter_CpuPool.lib
  ock_contracts_tests.vcxproj -> J:\Code\Kernel_v2\build\b6-formal-asan\tests\compile\contracts\Debug\ock_contracts_tests.exe
  ock_probe_asan.vcxproj -> J:\Code\Kernel_v2\build\b6-formal-asan\Debug\ock_probe_asan.exe
  ock_probe_expected.vcxproj -> J:\Code\Kernel_v2\build\b6-formal-asan\Debug\ock_probe_expected.exe
  ock_probe_asio.vcxproj -> J:\Code\Kernel_v2\build\b6-formal-asan\Debug\ock_probe_asio.exe
  ock_probe_immer.vcxproj -> J:\Code\Kernel_v2\build\b6-formal-asan\Debug\ock_probe_immer.exe
  ock_probe_cli11.vcxproj -> J:\Code\Kernel_v2\build\b6-formal-asan\Debug\ock_probe_cli11.exe
  {"actual_cases": ["T02.contracts.type_contract_constraints", "T02.contracts.typed_value_validation", "T02.contracts.read_shape", "T02.contracts.state_edit_shape", "T02.contracts.effect_shape", "T02.contracts.lifecycle_shape", "T02.contracts.context_capability_boundary", "T02.contracts.atomic_read_adapters", "T02.contracts.atomic_async_rejected", "T05.contracts.operation_exact_identity", "T05.contracts.typed_binding_fingerprint", "T05.contracts.binding_generation_before_access", "T05.contracts.binding_owner_lifetime", "T05.contracts.execution_identity_separation", "T06.contracts.outcome_closed_variants", "T06.contracts.known_facts_append_only", "T06.contracts.publication_proof_required", "T06.contracts.effect_report_preserves_fact", "T06.contracts.lifecycle_report_preserves_state", "T06.contracts.before_apply_and_composite_proofs", "T06.contracts.reply_phase_completion_separation", "T06.contracts.executor_inline_ownership", "T06.contracts.executor_reject_exception_cleanup", "T06.contracts.completion_once_and_drain", "T06.contracts.atomic_prepared_identity", "T06.contracts.record_evidence_boundary", "T19.contracts.summary_owned_snapshot", "T19.contracts.observation_host_version", "T19.contracts.observation_budgets", "T19.contracts.authorized_owner_filter", "T19.contracts.completion_independent_of_observation", "T19.contracts.live_keyset_progress", "T24.contracts.port_factory_contract_manifest"], "count": 33}
  ock_probe_thread_pool.vcxproj -> J:\Code\Kernel_v2\build\b6-formal-asan\Debug\ock_probe_thread_pool.exe
  ock_probe_jsoncons.vcxproj -> J:\Code\Kernel_v2\build\b6-formal-asan\Debug\ock_probe_jsoncons.exe
  ock_probe_toolchain.vcxproj -> J:\Code\Kernel_v2\build\b6-formal-asan\Debug\ock_probe_toolchain.exe
  ock_sdk_metadata_probe.vcxproj -> J:\Code\Kernel_v2\build\b6-formal-asan\Debug\ock_sdk_metadata_probe.exe
  ock_state_commit.vcxproj -> J:\Code\Kernel_v2\build\b6-formal-asan\tests\unit\state_roots\Debug\ock_state_commit.exe
  ock_ControlProtocol.vcxproj -> J:\Code\Kernel_v2\build\b6-formal-asan\Debug\ock_ControlProtocol.lib
  ock_state_roots.vcxproj -> J:\Code\Kernel_v2\build\b6-formal-asan\tests\unit\state_roots\Debug\ock_state_roots.exe
  ock_state_snapshots.vcxproj -> J:\Code\Kernel_v2\build\b6-formal-asan\tests\unit\state_roots\Debug\ock_state_snapshots.exe
  ock_state_cost.vcxproj -> J:\Code\Kernel_v2\build\b6-formal-asan\tests\unit\state_roots\Debug\ock_state_cost.exe
  ock_state_atomic.vcxproj -> J:\Code\Kernel_v2\build\b6-formal-asan\tests\unit\state_roots\Debug\ock_state_atomic.exe
  ock_state_objects.vcxproj -> J:\Code\Kernel_v2\build\b6-formal-asan\tests\unit\state_roots\Debug\ock_state_objects.exe
  parser_seed_contract.vcxproj -> J:\Code\Kernel_v2\build\b6-formal-asan\tests\unit\data\Debug\parser_seed_contract.exe
  payload_contract.vcxproj -> J:\Code\Kernel_v2\build\b6-formal-asan\tests\unit\data\Debug\payload_contract.exe
  protocol_contract.vcxproj -> J:\Code\Kernel_v2\build\b6-formal-asan\tests\unit\data\Debug\protocol_contract.exe
  ock_Adapter_LocalIPC.vcxproj -> J:\Code\Kernel_v2\build\b6-formal-asan\Debug\ock_Adapter_LocalIPC.lib
  observation_wire_contract.vcxproj -> J:\Code\Kernel_v2\build\b6-formal-asan\tests\unit\data\Debug\observation_wire_contract.exe
  ock_ipc_peer.vcxproj -> J:\Code\Kernel_v2\build\b6-formal-asan\tests\integration\windows_ipc\Debug\ock_ipc_peer.exe
  ock_ControlClient.vcxproj -> J:\Code\Kernel_v2\build\b6-formal-asan\Debug\ock_ControlClient.lib
  ock_ipc_pressure_peer.vcxproj -> J:\Code\Kernel_v2\build\b6-formal-asan\tests\integration\windows_ipc\Debug\ock_ipc_pressure_peer.exe
  ock.vcxproj -> J:\Code\Kernel_v2\build\b6-formal-asan\apps\ock\Debug\ock.exe
  ock_client_contract.vcxproj -> J:\Code\Kernel_v2\build\b6-formal-asan\tests\integration\cli\Debug\ock_client_contract.exe
  host_execution.cpp
  host.cpp
  invocation.cpp
  正在生成代码...
  ock_Runtime.vcxproj -> J:\Code\Kernel_v2\build\b6-formal-asan\Debug\ock_Runtime.lib
  runtime_state.cpp
  ock_Dynamic.vcxproj -> J:\Code\Kernel_v2\build\b6-formal-asan\Debug\ock_Dynamic.lib
  fault_host_unit.cpp
  main.cpp
  ock_policy_tests.vcxproj -> J:\Code\Kernel_v2\build\b6-formal-asan\tests\contract\authorization\Debug\ock_policy_tests.exe
  binding_parity.vcxproj -> J:\Code\Kernel_v2\build\b6-formal-asan\tests\unit\data\Debug\binding_parity.exe
  {"actual_cases": ["T07.policy.authentication_source", "T07.policy.cancel_arbitration", "T07.policy.consume_before_revoke", "T07.policy.delegation_shrink", "T07.policy.exception_atomicity", "T07.policy.expiry_boundary", "T07.policy.generation_exhaustion", "T07.policy.group_members_complete", "T07.policy.group_substitution", "T07.policy.operation_exact_contract", "T07.policy.owned_inputs_budget", "T07.policy.owner_scope", "T07.policy.permit_concurrent", "T07.policy.permit_once", "T07.policy.permit_origin_binding", "T07.policy.recursive_delegation_denied", "T07.policy.revoke_before_consume", "T07.policy.scope_four_way", "T07.policy.service_principal", "T07.policy.session_isolation", "T07.policy.target_frozen_set", "T07.policy.target_issued_identity", "T07.policy.target_lifecycle", "T19.policy.page_binding_isolation", "T19.policy.page_owner_authorization", "T19.policy.page_revoke_live_keyset", "T19.policy.query_field_projection", "T19.policy.subscription_connection_cleanup", "T19.policy.subscription_scope_atomic", "T20.policy.control_queue_reserve", "T20.policy.coordinator_budget", "T20.policy.failed_start_not_started", "T20.policy.internal_component_boundary", "T20.policy.queued_revoke_drop", "T20.policy.transmission_start_arbitration", "T20.policy.unknown_start_no_retry", "T20.policy.unsubscribe_inflight"], "count": 37}
  schema_contract.vcxproj -> J:\Code\Kernel_v2\build\b6-formal-asan\tests\unit\data\Debug\schema_contract.exe
  main.cpp
  fault_main.cpp
  outcome_wire_contract.vcxproj -> J:\Code\Kernel_v2\build\b6-formal-asan\tests\unit\data\Debug\outcome_wire_contract.exe
  ock_registration_tests.vcxproj -> J:\Code\Kernel_v2\build\b6-formal-asan\tests\contract\registration\Debug\ock_registration_tests.exe
  host_tests.cpp
  {"actual_cases": ["T02.registration.atomic_candidate_contract", "T02.registration.batch_k_failure_atomic", "T02.registration.callback_exception_cleanup", "T02.registration.declared_operations_complete", "T02.registration.error_budget_sticky", "T02.registration.exact_operation_versions", "T02.registration.execution_capabilities", "T02.registration.ignored_errors_sticky", "T02.registration.manifest_owned_budget", "T02.registration.module_cycles_rejected", "T02.registration.module_dag_order", "T02.registration.module_identity_versions", "T02.registration.provider_binding", "T02.registration.schema_capability_absent", "T02.registration.service_binding", "T02.registration.shape_compile_contract", "T05.registration.exact_fingerprint", "T05.registration.failure_preserves_catalog", "T05.registration.publish_once_freeze", "T05.registration.registry_generation", "T05.registration.snapshot_lifetime", "T05.registration.typed_binding_success", "T24.registration.cold_docs_separation", "T24.registration.handler_not_exposed", "T24.registration.internal_component_boundary"], "count": 25}
  execution_method.cpp
  ock_settings_service.vcxproj -> J:\Code\Kernel_v2\build\b6-formal-asan\examples\settings_service\Debug\ock_settings_service.exe
  正在生成代码...
  ock_native_service.vcxproj -> J:\Code\Kernel_v2\build\b6-formal-asan\examples\native_service\Debug\ock_native_service.exe
  invoke_method.cpp
  
  正在搜索库
      正在搜索 ..\..\..\Debug\ock_Runtime.lib:
      正在搜索 E:\Windows Kits\10\lib\10.0.26100.0\um\x64\bcrypt.lib:
      正在搜索 E:\Windows Kits\10\lib\10.0.26100.0\um\x64\kernel32.lib:
      正在搜索 E:\Windows Kits\10\lib\10.0.26100.0\um\x64\user32.lib:
      正在搜索 E:\Windows Kits\10\lib\10.0.26100.0\um\x64\gdi32.lib:
      正在搜索 E:\Windows Kits\10\lib\10.0.26100.0\um\x64\winspool.lib:
      正在搜索 E:\Windows Kits\10\lib\10.0.26100.0\um\x64\shell32.lib:
      正在搜索 E:\Windows Kits\10\lib\10.0.26100.0\um\x64\ole32.lib:
      正在搜索 E:\Windows Kits\10\lib\10.0.26100.0\um\x64\oleaut32.lib:
      正在搜索 E:\Windows Kits\10\lib\10.0.26100.0\um\x64\uuid.lib:
      正在搜索 E:\Windows Kits\10\lib\10.0.26100.0\um\x64\comdlg32.lib:
      正在搜索 E:\Windows Kits\10\lib\10.0.26100.0\um\x64\advapi32.lib:
      正在搜索 E:\vs2022IDE\VC\Tools\MSVC\14.44.35207\lib\x64\clang_rt.asan_dynamic_runtime_thunk-x86_64.lib:
      正在搜索 E:\vs2022IDE\VC\Tools\MSVC\14.44.35207\lib\x64\msvcprtd.lib:
      正在搜索 E:\vs2022IDE\VC\Tools\MSVC\14.44.35207\lib\x64\stl_asan.lib:
      正在搜索 E:\vs2022IDE\VC\Tools\MSVC\14.44.35207\lib\x64\clang_rt.asan_dynamic-x86_64.lib:
      正在搜索 E:\vs2022IDE\VC\Tools\MSVC\14.44.35207\lib\x64\MSVCRTD.lib:
      正在搜索 E:\vs2022IDE\VC\Tools\MSVC\14.44.35207\lib\x64\OLDNAMES.lib:
      正在搜索 E:\vs2022IDE\VC\Tools\MSVC\14.44.35207\lib\x64\VCASAND.lib:
      正在搜索 E:\vs2022IDE\VC\Tools\MSVC\14.44.35207\lib\x64\vcruntimed.lib:
      正在搜索 E:\Windows Kits\10\lib\10.0.26100.0\ucrt\x64\ucrtd.lib:
      正在搜索 E:\vs2022IDE\VC\Tools\MSVC\14.44.35207\lib\x64\legacy_stdio_wide_specifiers.lib:
      正在搜索 ..\..\..\Debug\ock_Runtime.lib:
      正在搜索 E:\Windows Kits\10\lib\10.0.26100.0\um\x64\bcrypt.lib:
      正在搜索 E:\Windows Kits\10\lib\10.0.26100.0\um\x64\kernel32.lib:
      正在搜索 E:\Windows Kits\10\lib\10.0.26100.0\um\x64\user32.lib:
      正在搜索 E:\Windows Kits\10\lib\10.0.26100.0\um\x64\gdi32.lib:
      正在搜索 E:\Windows Kits\10\lib\10.0.26100.0\um\x64\winspool.lib:
      正在搜索 E:\Windows Kits\10\lib\10.0.26100.0\um\x64\shell32.lib:
      正在搜索 E:\Windows Kits\10\lib\10.0.26100.0\um\x64\ole32.lib:
      正在搜索 E:\Windows Kits\10\lib\10.0.26100.0\um\x64\oleaut32.lib:
      正在搜索 E:\Windows Kits\10\lib\10.0.26100.0\um\x64\uuid.lib:
      正在搜索 E:\Windows Kits\10\lib\10.0.26100.0\um\x64\comdlg32.lib:
      正在搜索 E:\Windows Kits\10\lib\10.0.26100.0\um\x64\advapi32.lib:
      正在搜索 E:\vs2022IDE\VC\Tools\MSVC\14.44.35207\lib\x64\clang_rt.asan_dynamic_runtime_thunk-x86_64.lib:
      正在搜索 E:\vs2022IDE\VC\Tools\MSVC\14.44.35207\lib\x64\msvcprtd.lib:
      正在搜索 E:\vs2022IDE\VC\Tools\MSVC\14.44.35207\lib\x64\stl_asan.lib:
      正在搜索 E:\vs2022IDE\VC\Tools\MSVC\14.44.35207\lib\x64\clang_rt.asan_dynamic-x86_64.lib:
      正在搜索 E:\vs2022IDE\VC\Tools\MSVC\14.44.35207\lib\x64\MSVCRTD.lib:
      正在搜索 E:\vs2022IDE\VC\Tools\MSVC\14.44.35207\lib\x64\OLDNAMES.lib:
      正在搜索 E:\vs2022IDE\VC\Tools\MSVC\14.44.35207\lib\x64\VCASAND.lib:
      正在搜索 E:\vs2022IDE\VC\Tools\MSVC\14.44.35207\lib\x64\vcruntimed.lib:
      正在搜索 E:\Windows Kits\10\lib\10.0.26100.0\ucrt\x64\ucrtd.lib:
      正在搜索 E:\vs2022IDE\VC\Tools\MSVC\14.44.35207\lib\x64\legacy_stdio_wide_specifiers.lib:
      正在搜索 ..\..\..\Debug\ock_Runtime.lib:
      正在搜索 E:\Windows Kits\10\lib\10.0.26100.0\um\x64\bcrypt.lib:
      正在搜索 E:\Windows Kits\10\lib\10.0.26100.0\um\x64\kernel32.lib:
      正在搜索 E:\Windows Kits\10\lib\10.0.26100.0\um\x64\user32.lib:
      正在搜索 E:\Windows Kits\10\lib\10.0.26100.0\um\x64\gdi32.lib:
      正在搜索 E:\Windows Kits\10\lib\10.0.26100.0\um\x64\winspool.lib:
      正在搜索 E:\Windows Kits\10\lib\10.0.26100.0\um\x64\shell32.lib:
      正在搜索 E:\Windows Kits\10\lib\10.0.26100.0\um\x64\ole32.lib:
      正在搜索 E:\Windows Kits\10\lib\10.0.26100.0\um\x64\oleaut32.lib:
      正在搜索 E:\Windows Kits\10\lib\10.0.26100.0\um\x64\uuid.lib:
      正在搜索 E:\Windows Kits\10\lib\10.0.26100.0\um\x64\comdlg32.lib:
      正在搜索 E:\Windows Kits\10\lib\10.0.26100.0\um\x64\advapi32.lib:
      正在搜索 E:\vs2022IDE\VC\Tools\MSVC\14.44.35207\lib\x64\clang_rt.asan_dynamic_runtime_thunk-x86_64.lib:
      正在搜索 E:\vs2022IDE\VC\Tools\MSVC\14.44.35207\lib\x64\msvcprtd.lib:
      正在搜索 E:\vs2022IDE\VC\Tools\MSVC\14.44.35207\lib\x64\stl_asan.lib:
      正在搜索 E:\vs2022IDE\VC\Tools\MSVC\14.44.35207\lib\x64\clang_rt.asan_dynamic-x86_64.lib:
      正在搜索 E:\vs2022IDE\VC\Tools\MSVC\14.44.35207\lib\x64\MSVCRTD.lib:
      正在搜索 E:\vs2022IDE\VC\Tools\MSVC\14.44.35207\lib\x64\OLDNAMES.lib:
      正在搜索 E:\vs2022IDE\VC\Tools\MSVC\14.44.35207\lib\x64\VCASAND.lib:
      正在搜索 E:\vs2022IDE\VC\Tools\MSVC\14.44.35207\lib\x64\vcruntimed.lib:
      正在搜索 E:\Windows Kits\10\lib\10.0.26100.0\ucrt\x64\ucrtd.lib:
      正在搜索 E:\vs2022IDE\VC\Tools\MSVC\14.44.35207\lib\x64\legacy_stdio_wide_specifiers.lib:
      正在搜索 ..\..\..\Debug\ock_Runtime.lib:
      正在搜索 E:\Windows Kits\10\lib\10.0.26100.0\um\x64\bcrypt.lib:
  
  已完成库搜索
  
  正在搜索库
      正在搜索 ..\..\..\Debug\ock_Runtime.lib:
      正在搜索 E:\Windows Kits\10\lib\10.0.26100.0\um\x64\bcrypt.lib:
      正在搜索 E:\Windows Kits\10\lib\10.0.26100.0\um\x64\kernel32.lib:
      正在搜索 E:\Windows Kits\10\lib\10.0.26100.0\um\x64\user32.lib:
      正在搜索 E:\Windows Kits\10\lib\10.0.26100.0\um\x64\gdi32.lib:
      正在搜索 E:\Windows Kits\10\lib\10.0.26100.0\um\x64\winspool.lib:
      正在搜索 E:\Windows Kits\10\lib\10.0.26100.0\um\x64\shell32.lib:
      正在搜索 E:\Windows Kits\10\lib\10.0.26100.0\um\x64\ole32.lib:
      正在搜索 E:\Windows Kits\10\lib\10.0.26100.0\um\x64\oleaut32.lib:
      正在搜索 E:\Windows Kits\10\lib\10.0.26100.0\um\x64\uuid.lib:
      正在搜索 E:\Windows Kits\10\lib\10.0.26100.0\um\x64\comdlg32.lib:
      正在搜索 E:\Windows Kits\10\lib\10.0.26100.0\um\x64\advapi32.lib:
      正在搜索 E:\vs2022IDE\VC\Tools\MSVC\14.44.35207\lib\x64\clang_rt.asan_dynamic_runtime_thunk-x86_64.lib:
      正在搜索 E:\vs2022IDE\VC\Tools\MSVC\14.44.35207\lib\x64\msvcprtd.lib:
      正在搜索 E:\vs2022IDE\VC\Tools\MSVC\14.44.35207\lib\x64\stl_asan.lib:
      正在搜索 E:\vs2022IDE\VC\Tools\MSVC\14.44.35207\lib\x64\clang_rt.asan_dynamic-x86_64.lib:
      正在搜索 E:\vs2022IDE\VC\Tools\MSVC\14.44.35207\lib\x64\MSVCRTD.lib:
      正在搜索 E:\vs2022IDE\VC\Tools\MSVC\14.44.35207\lib\x64\OLDNAMES.lib:
      正在搜索 E:\vs2022IDE\VC\Tools\MSVC\14.44.35207\lib\x64\VCASAND.lib:
      正在搜索 E:\vs2022IDE\VC\Tools\MSVC\14.44.35207\lib\x64\vcruntimed.lib:
      正在搜索 E:\Windows Kits\10\lib\10.0.26100.0\ucrt\x64\ucrtd.lib:
      正在搜索 E:\vs2022IDE\VC\Tools\MSVC\14.44.35207\lib\x64\legacy_stdio_wide_specifiers.lib:
  
  已完成库搜索
  
  正在搜索库
      正在搜索 ..\..\..\Debug\ock_Runtime.lib:
      正在搜索 E:\Windows Kits\10\lib\10.0.26100.0\um\x64\bcrypt.lib:
      正在搜索 E:\Windows Kits\10\lib\10.0.26100.0\um\x64\kernel32.lib:
      正在搜索 E:\Windows Kits\10\lib\10.0.26100.0\um\x64\user32.lib:
      正在搜索 E:\Windows Kits\10\lib\10.0.26100.0\um\x64\gdi32.lib:
      正在搜索 E:\Windows Kits\10\lib\10.0.26100.0\um\x64\winspool.lib:
      正在搜索 E:\Windows Kits\10\lib\10.0.26100.0\um\x64\shell32.lib:
      正在搜索 E:\Windows Kits\10\lib\10.0.26100.0\um\x64\ole32.lib:
      正在搜索 E:\Windows Kits\10\lib\10.0.26100.0\um\x64\oleaut32.lib:
      正在搜索 E:\Windows Kits\10\lib\10.0.26100.0\um\x64\uuid.lib:
      正在搜索 E:\Windows Kits\10\lib\10.0.26100.0\um\x64\comdlg32.lib:
      正在搜索 E:\Windows Kits\10\lib\10.0.26100.0\um\x64\advapi32.lib:
      正在搜索 E:\vs2022IDE\VC\Tools\MSVC\14.44.35207\lib\x64\clang_rt.asan_dynamic_runtime_thunk-x86_64.lib:
      正在搜索 E:\vs2022IDE\VC\Tools\MSVC\14.44.35207\lib\x64\msvcprtd.lib:
      正在搜索 E:\vs2022IDE\VC\Tools\MSVC\14.44.35207\lib\x64\stl_asan.lib:
      正在搜索 E:\vs2022IDE\VC\Tools\MSVC\14.44.35207\lib\x64\clang_rt.asan_dynamic-x86_64.lib:
      正在搜索 E:\vs2022IDE\VC\Tools\MSVC\14.44.35207\lib\x64\MSVCRTD.lib:
      正在搜索 E:\vs2022IDE\VC\Tools\MSVC\14.44.35207\lib\x64\OLDNAMES.lib:
      正在搜索 E:\vs2022IDE\VC\Tools\MSVC\14.44.35207\lib\x64\VCASAND.lib:
      正在搜索 E:\vs2022IDE\VC\Tools\MSVC\14.44.35207\lib\x64\vcruntimed.lib:
      正在搜索 E:\Windows Kits\10\lib\10.0.26100.0\ucrt\x64\ucrtd.lib:
      正在搜索 E:\vs2022IDE\VC\Tools\MSVC\14.44.35207\lib\x64\legacy_stdio_wide_specifiers.lib:
  
  已完成库搜索
  
  正在搜索库
      正在搜索 ..\..\..\Debug\ock_Runtime.lib:
      正在搜索 E:\Windows Kits\10\lib\10.0.26100.0\um\x64\bcrypt.lib:
      正在搜索 E:\Windows Kits\10\lib\10.0.26100.0\um\x64\kernel32.lib:
      正在搜索 E:\Windows Kits\10\lib\10.0.26100.0\um\x64\user32.lib:
      正在搜索 E:\Windows Kits\10\lib\10.0.26100.0\um\x64\gdi32.lib:
      正在搜索 E:\Windows Kits\10\lib\10.0.26100.0\um\x64\winspool.lib:
      正在搜索 E:\Windows Kits\10\lib\10.0.26100.0\um\x64\shell32.lib:
      正在搜索 E:\Windows Kits\10\lib\10.0.26100.0\um\x64\ole32.lib:
      正在搜索 E:\Windows Kits\10\lib\10.0.26100.0\um\x64\oleaut32.lib:
      正在搜索 E:\Windows Kits\10\lib\10.0.26100.0\um\x64\uuid.lib:
      正在搜索 E:\Windows Kits\10\lib\10.0.26100.0\um\x64\comdlg32.lib:
      正在搜索 E:\Windows Kits\10\lib\10.0.26100.0\um\x64\advapi32.lib:
      正在搜索 E:\vs2022IDE\VC\Tools\MSVC\14.44.35207\lib\x64\clang_rt.asan_dynamic_runtime_thunk-x86_64.lib:
      正在搜索 E:\vs2022IDE\VC\Tools\MSVC\14.44.35207\lib\x64\msvcprtd.lib:
      正在搜索 E:\vs2022IDE\VC\Tools\MSVC\14.44.35207\lib\x64\stl_asan.lib:
      正在搜索 E:\vs2022IDE\VC\Tools\MSVC\14.44.35207\lib\x64\clang_rt.asan_dynamic-x86_64.lib:
      正在搜索 E:\vs2022IDE\VC\Tools\MSVC\14.44.35207\lib\x64\MSVCRTD.lib:
      正在搜索 E:\vs2022IDE\VC\Tools\MSVC\14.44.35207\lib\x64\OLDNAMES.lib:
      正在搜索 E:\vs2022IDE\VC\Tools\MSVC\14.44.35207\lib\x64\VCASAND.lib:
      正在搜索 E:\vs2022IDE\VC\Tools\MSVC\14.44.35207\lib\x64\vcruntimed.lib:
      正在搜索 E:\Windows Kits\10\lib\10.0.26100.0\ucrt\x64\ucrtd.lib:
      正在搜索 E:\vs2022IDE\VC\Tools\MSVC\14.44.35207\lib\x64\legacy_stdio_wide_specifiers.lib:
  
  已完成库搜索
  
  正在搜索库
      正在搜索 ..\..\..\Debug\ock_Runtime.lib:
      正在搜索 E:\Windows Kits\10\lib\10.0.26100.0\um\x64\bcrypt.lib:
      正在搜索 E:\Windows Kits\10\lib\10.0.26100.0\um\x64\kernel32.lib:
      正在搜索 E:\Windows Kits\10\lib\10.0.26100.0\um\x64\user32.lib:
      正在搜索 E:\Windows Kits\10\lib\10.0.26100.0\um\x64\gdi32.lib:
      正在搜索 E:\Windows Kits\10\lib\10.0.26100.0\um\x64\winspool.lib:
      正在搜索 E:\Windows Kits\10\lib\10.0.26100.0\um\x64\shell32.lib:
      正在搜索 E:\Windows Kits\10\lib\10.0.26100.0\um\x64\ole32.lib:
      正在搜索 E:\Windows Kits\10\lib\10.0.26100.0\um\x64\oleaut32.lib:
      正在搜索 E:\Windows Kits\10\lib\10.0.26100.0\um\x64\uuid.lib:
      正在搜索 E:\Windows Kits\10\lib\10.0.26100.0\um\x64\comdlg32.lib:
      正在搜索 E:\Windows Kits\10\lib\10.0.26100.0\um\x64\advapi32.lib:
      正在搜索 E:\vs2022IDE\VC\Tools\MSVC\14.44.35207\lib\x64\clang_rt.asan_dynamic_runtime_thunk-x86_64.lib:
      正在搜索 E:\vs2022IDE\VC\Tools\MSVC\14.44.35207\lib\x64\msvcprtd.lib:
      正在搜索 E:\vs2022IDE\VC\Tools\MSVC\14.44.35207\lib\x64\stl_asan.lib:
      正在搜索 E:\vs2022IDE\VC\Tools\MSVC\14.44.35207\lib\x64\clang_rt.asan_dynamic-x86_64.lib:
      正在搜索 E:\vs2022IDE\VC\Tools\MSVC\14.44.35207\lib\x64\MSVCRTD.lib:
      正在搜索 E:\vs2022IDE\VC\Tools\MSVC\14.44.35207\lib\x64\OLDNAMES.lib:
      正在搜索 E:\vs2022IDE\VC\Tools\MSVC\14.44.35207\lib\x64\VCASAND.lib:
      正在搜索 E:\vs2022IDE\VC\Tools\MSVC\14.44.35207\lib\x64\vcruntimed.lib:
  
  已完成库搜索
  ock_state_runtime.vcxproj -> J:\Code\Kernel_v2\build\b6-formal-asan\tests\unit\state_roots\Debug\ock_state_runtime.exe
  ock_host_fault_tests.vcxproj -> J:\Code\Kernel_v2\build\b6-formal-asan\tests\contract\host\Debug\ock_host_fault_tests.exe
  async_cases.cpp
  正在生成代码...
  ock_host_tests.vcxproj -> J:\Code\Kernel_v2\build\b6-formal-asan\tests\contract\host\Debug\ock_host_tests.exe
  combined_cases.cpp
  ock_Control.vcxproj -> J:\Code\Kernel_v2\build\b6-formal-asan\Debug\ock_Control.lib
  catalog.cpp
  main.cpp
  router_contract.vcxproj -> J:\Code\Kernel_v2\build\b6-formal-asan\tests\unit\data\Debug\router_contract.exe
  subscription_contract.vcxproj -> J:\Code\Kernel_v2\build\b6-formal-asan\tests\unit\data\Debug\subscription_contract.exe
  ock_ipc_observation_peer.vcxproj -> J:\Code\Kernel_v2\build\b6-formal-asan\tests\integration\windows_ipc\Debug\ock_ipc_observation_peer.exe
  control_main.cpp
  service.cpp
  service.cpp
  list_contract.vcxproj -> J:\Code\Kernel_v2\build\b6-formal-asan\tests\unit\data\Debug\list_contract.exe
  cursor_contract.vcxproj -> J:\Code\Kernel_v2\build\b6-formal-asan\tests\unit\data\Debug\cursor_contract.exe
  execution_service_cases.cpp
  submit.cpp
  get_contract.vcxproj -> J:\Code\Kernel_v2\build\b6-formal-asan\tests\unit\data\Debug\get_contract.exe
  service.cpp
  catalog_contract.vcxproj -> J:\Code\Kernel_v2\build\b6-formal-asan\tests\unit\data\Debug\catalog_contract.exe
  native.cpp
  cost_samples.cpp
  正在生成代码...
  正在生成代码...
  正在生成代码...
  native_tests.cpp
  ock_managed_service.vcxproj -> J:\Code\Kernel_v2\build\b6-formal-asan\examples\managed_service\Debug\ock_managed_service.exe
  dynamic_submit_contract.vcxproj -> J:\Code\Kernel_v2\build\b6-formal-asan\tests\unit\data\Debug\dynamic_submit_contract.exe
  ock_b3_cost_samples.vcxproj -> J:\Code\Kernel_v2\build\b6-formal-asan\tests\integration\cli\Debug\ock_b3_cost_samples.exe
  ock_stateless_service.vcxproj -> J:\Code\Kernel_v2\build\b6-formal-asan\examples\stateless_service\Debug\ock_stateless_service.exe
  observation_cases.cpp
  dynamic_native_contract.vcxproj -> J:\Code\Kernel_v2\build\b6-formal-asan\tests\unit\data\Debug\dynamic_native_contract.exe
  post_closure_cases.cpp
  session_cases.cpp
  structured_cases.cpp
  正在生成代码...
  ock_native_tests.vcxproj -> J:\Code\Kernel_v2\build\b6-formal-asan\tests\contract\native\Debug\ock_native_tests.exe
  {"actual_cases": ["T02.native.candidate_read_dispatch", "T02.native.exact_binding", "T02.native.invalid_input", "T02.native.private_dispatch", "T02.native.registered_compute", "T02.native.registered_read", "T02.native.validation_exception", "T03.native.cancel_and_budget", "T03.native.component_boundary", "T03.native.example_consumer", "T03.native.execution_admission_endurance", "T03.native.execution_admission_pins", "T03.native.execution_reclaim_protection", "T03.native.execution_service_control", "T03.native.execution_table_ownership", "T03.native.host_async_completion", "T03.native.host_async_deadline", "T03.native.host_async_drain", "T03.native.host_cached_result_sessions", "T03.native.host_combined_drain", "T03.native.host_execution_lifecycle", "T03.native.host_execution_resources", "T03.native.host_observation_drain", "T03.native.host_required_record", "T03.native.host_required_record_drain", "T03.native.host_structured_lifetime", "T03.native.managed_async_input_accounting", "T03.native.managed_execution_path", "T03.native.managed_execution_resource_wait", "T03.native.managed_record", "T03.native.managed_record_ownership", "T03.native.managed_resources", "T03.native.no_self_wait", "T03.native.no_task_path", "T03.native.observation_lease_drain", "T03.native.provider_unavailable", "T03.native.reentrant_and_concurrent", "T03.native.resource_lifetime", "T03.native.thread_modes", "T03.native.thread_origin", "T06.native.admission_order", "T06.native.authority_origin", "T06.native.business_failure", "T06.native.execution_source_observation", "T06.native.host_structured_admission", "T06.native.invalid_output", "T06.native.lifecycle_replacement", "T06.native.managed_accepted_failures", "T06.native.managed_admission", "T06.native.observation_journal", "T06.native.outcome_consistency", "T06.native.permission_intersection", "T06.native.policy_contract_alignment", "T06.native.revoke_and_regrant", "T06.native.session_and_deadline", "T06.native.target_binding", "T23.native.allocation_governance", "T23.native.allocation_other_costs", "T23.native.allocation_probe", "T23.native.allocation_steady"], "count": 60}
