适用于 .NET Framework MSBuild 版本 17.14.40+3e7442088

  1>Checking Build System
  Building Custom Rule E:/VS2019Qt5.15/3D/tests/dependencies/CMakeLists.txt
  正在扫描源以查找模块依赖项...
  Building Custom Rule E:/VS2019Qt5.15/3D/tests/dependencies/CMakeLists.txt
  catch_amalgamated.cpp
  正在扫描源以查找模块依赖项...
  cli11.cpp
  Building Custom Rule E:/VS2019Qt5.15/3D/tests/dependencies/CMakeLists.txt
  正在扫描源以查找模块依赖项...
  expected.cpp
  正在编译...
  expected.cpp
  正在编译...
  cli11.cpp
  正在编译...
  catch_amalgamated.cpp
  Building Custom Rule E:/VS2019Qt5.15/3D/tests/dependencies/CMakeLists.txt
  Building Custom Rule E:/VS2019Qt5.15/3D/tests/dependencies/CMakeLists.txt
  Building Custom Rule E:/VS2019Qt5.15/3D/build/d0.06-a/cache/sources/benchmark-17fbd9d8ea36/src/CMakeLists.txt
  正在扫描源以查找模块依赖项...
  sqlite3.c
  benchmark.cc
  asio.cpp
  ock_probe_expected.vcxproj -> E:\VS2019Qt5.15\3D\build\d0.06-a\trial-debug\Debug\ock_probe_expected.exe
  正在编译...
  asio.cpp
  ock_dep_sqlite.vcxproj -> E:\VS2019Qt5.15\3D\build\d0.06-a\trial-debug\Debug\ock_dep_sqlite.lib
  Building Custom Rule E:/VS2019Qt5.15/3D/build/d0.06-a/cache/sources/fmt-95f89f1eb3b5/CMakeLists.txt
  format.cc
  Building Custom Rule E:/VS2019Qt5.15/3D/tests/dependencies/CMakeLists.txt
  正在扫描源以查找模块依赖项...
  benchmark_api_internal.cc
  immer.cpp
  benchmark_name.cc
  benchmark_register.cc
  benchmark_runner.cc
  check.cc
  colorprint.cc
  commandlineflags.cc
  complexity.cc
  console_reporter.cc
  counter.cc
  csv_reporter.cc
  json_reporter.cc
  perf_counters.cc
  正在编译...
  reporter.cc
  os.cc
  statistics.cc
  string_util.cc
  sysinfo.cc
  timers.cc
  immer.cpp
  正在生成代码...
  ock_probe_cli11.vcxproj -> E:\VS2019Qt5.15\3D\build\d0.06-a\trial-debug\Debug\ock_probe_cli11.exe
  fmt.vcxproj -> E:\VS2019Qt5.15\3D\build\d0.06-a\trial-debug\_upstream\fmt\Debug\fmtd.lib
  Building Custom Rule E:/VS2019Qt5.15/3D/tests/dependencies/CMakeLists.txt
  正在扫描源以查找模块依赖项...
  jsoncons.cpp
  Building Custom Rule E:/VS2019Qt5.15/3D/tests/dependencies/CMakeLists.txt
  正在扫描源以查找模块依赖项...
  thread_pool.cpp
  ock_probe_asio.vcxproj -> E:\VS2019Qt5.15\3D\build\d0.06-a\trial-debug\Debug\ock_probe_asio.exe
  Building Custom Rule E:/VS2019Qt5.15/3D/tests/dependencies/CMakeLists.txt
  正在扫描源以查找模块依赖项...
  正在编译...
  toml11.cpp
  thread_pool.cpp
  benchmark.vcxproj -> E:\VS2019Qt5.15\3D\build\d0.06-a\trial-debug\_upstream\benchmark\src\Debug\benchmark.lib
  Building Custom Rule E:/VS2019Qt5.15/3D/tests/dependencies/CMakeLists.txt
  ock_probe_immer.vcxproj -> E:\VS2019Qt5.15\3D\build\d0.06-a\trial-debug\Debug\ock_probe_immer.exe
  正在扫描源以查找模块依赖项...
  toolchain.cpp
  ock_dep_catch2.vcxproj -> E:\VS2019Qt5.15\3D\build\d0.06-a\trial-debug\Debug\ock_dep_catch2.lib
  Building Custom Rule E:/VS2019Qt5.15/3D/tests/dependencies/CMakeLists.txt
  Building Custom Rule E:/VS2019Qt5.15/3D/tests/dependencies/CMakeLists.txt
  正在扫描源以查找模块依赖项...
  catch2.cpp
  正在编译...
  正在扫描源以查找模块依赖项...
  正在编译...
  toolchain.cpp
  benchmark.cpp
  catch2.cpp
  正在编译...
  jsoncons.cpp
  正在编译...
  benchmark.cpp
  正在编译...
  toml11.cpp
  Building Custom Rule E:/VS2019Qt5.15/3D/build/d0.06-a/cache/sources/spdlog-8730cb1e8f30/CMakeLists.txt
  ock_probe_toolchain.vcxproj -> E:\VS2019Qt5.15\3D\build\d0.06-a\trial-debug\Debug\ock_probe_toolchain.exe
  Building Custom Rule E:/VS2019Qt5.15/3D/tests/dependencies/CMakeLists.txt
  正在扫描源以查找模块依赖项...
  fmt.cpp
  ock_probe_thread_pool.vcxproj -> E:\VS2019Qt5.15\3D\build\d0.06-a\trial-debug\Debug\ock_probe_thread_pool.exe
  ock_probe_catch2.vcxproj -> E:\VS2019Qt5.15\3D\build\d0.06-a\trial-debug\Debug\ock_probe_catch2.exe
  ock_probe_benchmark.vcxproj -> E:\VS2019Qt5.15\3D\build\d0.06-a\trial-debug\Debug\ock_probe_benchmark.exe
  正在编译...
  spdlog.cpp
  fmt.cpp
  Building Custom Rule E:/VS2019Qt5.15/3D/tests/dependencies/CMakeLists.txt
  正在扫描源以查找模块依赖项...
  sqlite.cpp
  正在编译...
  sqlite.cpp
  ock_probe_toml11.vcxproj -> E:\VS2019Qt5.15\3D\build\d0.06-a\trial-debug\Debug\ock_probe_toml11.exe
  ock_probe_sqlite.vcxproj -> E:\VS2019Qt5.15\3D\build\d0.06-a\trial-debug\Debug\ock_probe_sqlite.exe
  stdout_sinks.cpp
  color_sinks.cpp
  ock_probe_jsoncons.vcxproj -> E:\VS2019Qt5.15\3D\build\d0.06-a\trial-debug\Debug\ock_probe_jsoncons.exe
  file_sinks.cpp
  async.cpp
  cfg.cpp
  正在生成代码...
  ock_probe_fmt.vcxproj -> E:\VS2019Qt5.15\3D\build\d0.06-a\trial-debug\Debug\ock_probe_fmt.exe
  spdlog.vcxproj -> E:\VS2019Qt5.15\3D\build\d0.06-a\trial-debug\_upstream\spdlog\Debug\spdlogd.lib
  Building Custom Rule E:/VS2019Qt5.15/3D/tests/dependencies/CMakeLists.txt
  正在扫描源以查找模块依赖项...
  spdlog.cpp
  正在编译...
  spdlog.cpp
  ock_probe_spdlog.vcxproj -> E:\VS2019Qt5.15\3D\build\d0.06-a\trial-debug\Debug\ock_probe_spdlog.exe
  Building Custom Rule E:/VS2019Qt5.15/3D/tests/dependencies/CMakeLists.txt
