适用于 .NET Framework MSBuild 版本 17.14.23+b0019275e

  1>Checking Build System
  Building Custom Rule J:/Code/Kernel_v2/CMakeLists.txt
  Building Custom Rule J:/Code/Kernel_v2/CMakeLists.txt
  registry.cpp
  payload.cpp
  policy.cpp
  ock_Data.vcxproj -> J:\Code\Kernel_v2\build\b2-sdk-debug\Debug\ock_Data.lib
  Building Custom Rule J:/Code/Kernel_v2/CMakeLists.txt
  protocol.cpp
  observation_wire.cpp
  invocation.cpp
  outcome_wire.cpp
  host.cpp
  正在生成代码...
  ock_ControlProtocol.vcxproj -> J:\Code\Kernel_v2\build\b2-sdk-debug\Debug\ock_ControlProtocol.lib
  logging.cpp
  正在生成代码...
  ock_Runtime.vcxproj -> J:\Code\Kernel_v2\build\b2-sdk-debug\Debug\ock_Runtime.lib
  Building Custom Rule J:/Code/Kernel_v2/CMakeLists.txt
  schema.cpp
  catalog.cpp
  正在生成代码...
  ock_Dynamic.vcxproj -> J:\Code\Kernel_v2\build\b2-sdk-debug\Debug\ock_Dynamic.lib
  Building Custom Rule J:/Code/Kernel_v2/CMakeLists.txt
  cursor.cpp
  router.cpp
  invoke_method.cpp
  subscription.cpp
  subscription_methods.cpp
  list_method.cpp
  正在生成代码...
  ock_Control.vcxproj -> J:\Code\Kernel_v2\build\b2-sdk-debug\Debug\ock_Control.lib
  Building Custom Rule J:/Code/Kernel_v2/CMakeLists.txt
