-- Installing: J:\Code\Kernel_v2\build\worker-shutdown-install-14904889e1\prefix/lib/cmake/OCK/OCKThirdPartyTargets.cmake
-- Installing: J:\Code\Kernel_v2\build\worker-shutdown-install-14904889e1\prefix/include/tl/expected.hpp
-- Installing: J:\Code\Kernel_v2\build\worker-shutdown-install-14904889e1\prefix/share/ock/licenses/tl-expected-CC0-1.0.txt
-- Installing: J:\Code\Kernel_v2\build\worker-shutdown-install-14904889e1\prefix/lib/ock_Runtime.lib
-- Installing: J:\Code\Kernel_v2\build\worker-shutdown-install-14904889e1\prefix/lib/ock_Adapter_CpuPool.lib
-- Up-to-date: J:\Code\Kernel_v2\build\worker-shutdown-install-14904889e1\prefix/include
-- Installing: J:\Code\Kernel_v2\build\worker-shutdown-install-14904889e1\prefix/include/ock
-- Installing: J:\Code\Kernel_v2\build\worker-shutdown-install-14904889e1\prefix/include/ock/adapters
-- Installing: J:\Code\Kernel_v2\build\worker-shutdown-install-14904889e1\prefix/include/ock/adapters/cpu_pool
-- Installing: J:\Code\Kernel_v2\build\worker-shutdown-install-14904889e1\prefix/include/ock/adapters/cpu_pool/cpu_pool.hpp
-- Installing: J:\Code\Kernel_v2\build\worker-shutdown-install-14904889e1\prefix/include/ock/cpu_pool
-- Installing: J:\Code\Kernel_v2\build\worker-shutdown-install-14904889e1\prefix/lib/cmake/OCK/OCKTargets.cmake
-- Installing: J:\Code\Kernel_v2\build\worker-shutdown-install-14904889e1\prefix/lib/cmake/OCK/OCKTargets-debug.cmake
-- Installing: J:\Code\Kernel_v2\build\worker-shutdown-install-14904889e1\prefix/lib/cmake/OCK/OCKConfig.cmake
-- Installing: J:\Code\Kernel_v2\build\worker-shutdown-install-14904889e1\prefix/lib/cmake/OCK/OCKConfigVersion.cmake
-- Up-to-date: J:\Code\Kernel_v2\build\worker-shutdown-install-14904889e1\prefix/include
-- Up-to-date: J:\Code\Kernel_v2\build\worker-shutdown-install-14904889e1\prefix/include/ock
-- Installing: J:\Code\Kernel_v2\build\worker-shutdown-install-14904889e1\prefix/include/ock/foundation
-- Installing: J:\Code\Kernel_v2\build\worker-shutdown-install-14904889e1\prefix/include/ock/foundation/foundation.hpp
-- Installing: J:\Code\Kernel_v2\build\worker-shutdown-install-14904889e1\prefix/include/ock/foundation/sdk_version.hpp
-- Up-to-date: J:\Code\Kernel_v2\build\worker-shutdown-install-14904889e1\prefix/include
-- Up-to-date: J:\Code\Kernel_v2\build\worker-shutdown-install-14904889e1\prefix/include/ock
-- Installing: J:\Code\Kernel_v2\build\worker-shutdown-install-14904889e1\prefix/include/ock/contracts
-- Installing: J:\Code\Kernel_v2\build\worker-shutdown-install-14904889e1\prefix/include/ock/contracts/context.hpp
-- Installing: J:\Code\Kernel_v2\build\worker-shutdown-install-14904889e1\prefix/include/ock/contracts/executor.hpp
-- Installing: J:\Code\Kernel_v2\build\worker-shutdown-install-14904889e1\prefix/include/ock/contracts/identity.hpp
-- Installing: J:\Code\Kernel_v2\build\worker-shutdown-install-14904889e1\prefix/include/ock/contracts/logging.hpp
-- Installing: J:\Code\Kernel_v2\build\worker-shutdown-install-14904889e1\prefix/include/ock/contracts/observation.hpp
-- Installing: J:\Code\Kernel_v2\build\worker-shutdown-install-14904889e1\prefix/include/ock/contracts/operation.hpp
-- Installing: J:\Code\Kernel_v2\build\worker-shutdown-install-14904889e1\prefix/include/ock/contracts/outcome.hpp
-- Installing: J:\Code\Kernel_v2\build\worker-shutdown-install-14904889e1\prefix/include/ock/contracts/ports.hpp
-- Up-to-date: J:\Code\Kernel_v2\build\worker-shutdown-install-14904889e1\prefix/include
-- Up-to-date: J:\Code\Kernel_v2\build\worker-shutdown-install-14904889e1\prefix/include/ock
-- Installing: J:\Code\Kernel_v2\build\worker-shutdown-install-14904889e1\prefix/include/ock/runtime
-- Installing: J:\Code\Kernel_v2\build\worker-shutdown-install-14904889e1\prefix/include/ock/runtime/detail
-- Installing: J:\Code\Kernel_v2\build\worker-shutdown-install-14904889e1\prefix/include/ock/runtime/detail/host.hpp
-- Installing: J:\Code\Kernel_v2\build\worker-shutdown-install-14904889e1\prefix/include/ock/runtime/detail/invocation.hpp
-- Installing: J:\Code\Kernel_v2\build\worker-shutdown-install-14904889e1\prefix/include/ock/runtime/detail/private_bridge.hpp
-- Installing: J:\Code\Kernel_v2\build\worker-shutdown-install-14904889e1\prefix/include/ock/runtime/host.hpp
-- Installing: J:\Code\Kernel_v2\build\worker-shutdown-install-14904889e1\prefix/include/ock/runtime/logging.hpp
-- Installing: J:\Code\Kernel_v2\build\worker-shutdown-install-14904889e1\prefix/include/ock/runtime/native_types.hpp
-- Installing: J:\Code\Kernel_v2\build\worker-shutdown-install-14904889e1\prefix/include/ock/runtime/policy.hpp
-- Installing: J:\Code\Kernel_v2\build\worker-shutdown-install-14904889e1\prefix/include/ock/runtime/registry.hpp
-- Installing: J:\Code\Kernel_v2\build\worker-shutdown-install-14904889e1\prefix/include/ock/runtime/resources.hpp
-- Installing: J:\Code\Kernel_v2\build\worker-shutdown-install-14904889e1\prefix/include/ock/runtime/scheduler.hpp
-- Installing: J:\Code\Kernel_v2\build\worker-shutdown-install-14904889e1\prefix/share/ock/sdk_api_manifest.json
