Internal ctest changing into directory: J:/Code/Kernel_v2/build/b2-data-debug
Test project J:/Code/Kernel_v2/build/b2-data-debug
      Start  1: T04.binding.field_parity
 1/17 Test  #1: T04.binding.field_parity .........   Passed    0.37 sec
      Start  2: T23.binding.schema_concurrent
 2/17 Test  #2: T23.binding.schema_concurrent ....   Passed    0.45 sec
      Start  3: T05.catalog.visibility
 3/17 Test  #3: T05.catalog.visibility ...........   Passed    0.28 sec
      Start  4: T06.protocol.frames
 4/17 Test  #4: T06.protocol.frames ..............   Passed    0.26 sec
      Start  5: T20.protocol.cursor
 5/17 Test  #5: T20.protocol.cursor ..............   Passed    0.18 sec
      Start  6: T04.data.values
 6/17 Test  #6: T04.data.values ..................   Passed    0.22 sec
      Start  7: T04.data.duplicate
 7/17 Test  #7: T04.data.duplicate ...............   Passed    0.08 sec
      Start  8: T04.data.invalid
 8/17 Test  #8: T04.data.invalid .................   Passed    0.09 sec
      Start  9: T04.data.budgets
 9/17 Test  #9: T04.data.budgets .................   Passed    0.07 sec
      Start 10: T04.data.freeze
10/17 Test #10: T04.data.freeze ..................   Passed    0.08 sec
      Start 11: T04.data.allocation_failures
11/17 Test #11: T04.data.allocation_failures .....   Passed    0.07 sec
      Start 12: T04.data.ownership
12/17 Test #12: T04.data.ownership ...............   Passed    0.11 sec
      Start 13: T04.data.builder_numbers
13/17 Test #13: T04.data.builder_numbers .........   Passed    0.08 sec
      Start 14: T04.data.encode
14/17 Test #14: T04.data.encode ..................   Passed    0.08 sec
      Start 15: T04.data.concurrent
15/17 Test #15: T04.data.concurrent ..............   Passed    0.10 sec
      Start 16: T04.data.buffer
16/17 Test #16: T04.data.buffer ..................   Passed    0.07 sec
      Start 17: T04.data.growth_cleanup
17/17 Test #17: T04.data.growth_cleanup ..........   Passed    0.05 sec

100% tests passed, 0 tests failed out of 17

Total Test time (real) =   2.67 sec
