{
  "selected": [
    "asio",
    "benchmark",
    "catch2",
    "cli11",
    "expected",
    "fmt",
    "immer",
    "jsoncons",
    "spdlog",
    "sqlite",
    "thread_pool",
    "toml11"
  ],
  "dependencies": {
    "asio": {
      "source": "E:/VS2019Qt5.15/3D/build/d0.06-a/cache/sources/asio-269344e5d511",
      "archive": "E:/VS2019Qt5.15/3D/build/d0.06-a/cache/archives/269344e5d51148a7da2e690bd6676b76257b2c636e94fec0ffe8f2acef3119d1.tar.gz",
      "archive_sha256": "269344e5d51148a7da2e690bd6676b76257b2c636e94fec0ffe8f2acef3119d1",
      "tree_sha256": "807b50c9f65f9f81ef0a8446c56c9d3e89de8c4bb6a2bb3b8fac8c6bf17b1825",
      "license_sha256": "c9bff75738922193e67fa726fa225535870d2aa1059f91452c411736284ad566",
      "downloaded": false
    },
    "benchmark": {
      "source": "E:/VS2019Qt5.15/3D/build/d0.06-a/cache/sources/benchmark-17fbd9d8ea36",
      "archive": "E:/VS2019Qt5.15/3D/build/d0.06-a/cache/archives/17fbd9d8ea361688f3059bd381afe828a55479cf3ce77f96b351f30b4a481bc8.tar.gz",
      "archive_sha256": "17fbd9d8ea361688f3059bd381afe828a55479cf3ce77f96b351f30b4a481bc8",
      "tree_sha256": "e98928f3314dddedaa515e15ff96c67db8ddd2c92ff12fc80947c1be28e1d48b",
      "license_sha256": "cfc7749b96f63bd31c3c42b5c471bf756814053e847c10f3eb003417bc523d30",
      "downloaded": false
    },
    "catch2": {
      "source": "E:/VS2019Qt5.15/3D/build/d0.06-a/cache/sources/catch2-553e6c94498c",
      "archive": "E:/VS2019Qt5.15/3D/build/d0.06-a/cache/archives/553e6c94498c42edaecc9c8459f1a320a7e4cf49155635cf7123212bb9f09cf2.tar.gz",
      "archive_sha256": "553e6c94498c42edaecc9c8459f1a320a7e4cf49155635cf7123212bb9f09cf2",
      "tree_sha256": "83b5c1be8977df3d105ae45e680c335e8e0857f61404a56a8173183e09b45f59",
      "license_sha256": "c9bff75738922193e67fa726fa225535870d2aa1059f91452c411736284ad566",
      "downloaded": false
    },
    "cli11": {
      "source": "E:/VS2019Qt5.15/3D/build/d0.06-a/cache/sources/cli11-c91e8768600e",
      "archive": "E:/VS2019Qt5.15/3D/build/d0.06-a/cache/archives/c91e8768600e61be11f7250e3cf3e71afd9d0f18f9c9e9e209a8e084ca08cd85.tar.gz",
      "archive_sha256": "c91e8768600e61be11f7250e3cf3e71afd9d0f18f9c9e9e209a8e084ca08cd85",
      "tree_sha256": "0d4e1cfbbd1c742543b1e1ee5d230276e6d8109ffe97c0ce9a57b76b32f6440a",
      "license_sha256": "88cffe4600851e8dad1b8eb1e304d54286a89d2373a1b98f59cb969b9e967b90",
      "downloaded": false
    },
    "expected": {
      "source": "E:/VS2019Qt5.15/3D/build/d0.06-a/cache/sources/expected-fe3b18aecb84",
      "archive": "E:/VS2019Qt5.15/3D/build/d0.06-a/cache/archives/fe3b18aecb849029b6af94922be0c25eee1b7b86565b1c8350692ed776cf42fb.tar.gz",
      "archive_sha256": "fe3b18aecb849029b6af94922be0c25eee1b7b86565b1c8350692ed776cf42fb",
      "tree_sha256": "e96f34ceab21594d71eb853682944dd5d423498f5fc855d1c1a1df6088a68cbe",
      "license_sha256": "a2010f343487d3f7618affe54f789f5487602331c0a8d03f49e9a7c547cf0499",
      "downloaded": false
    },
    "fmt": {
      "source": "E:/VS2019Qt5.15/3D/build/d0.06-a/cache/sources/fmt-95f89f1eb3b5",
      "archive": "E:/VS2019Qt5.15/3D/build/d0.06-a/cache/archives/95f89f1eb3b53478417185afc0b7e3d40ec889687af86e890da20068534d29f7.tar.gz",
      "archive_sha256": "95f89f1eb3b53478417185afc0b7e3d40ec889687af86e890da20068534d29f7",
      "tree_sha256": "a52a9506a5a6ac46c4c8916901ec56af4194c88cee5e71975a8647e7a78fdd9b",
      "license_sha256": "07580f2a3b35709ce703d523f447b242f6dfec7582a8c0df102c7fa2849375f8",
      "downloaded": false
    },
    "immer": {
      "source": "E:/VS2019Qt5.15/3D/build/d0.06-a/cache/sources/immer-23f5774983da",
      "archive": "E:/VS2019Qt5.15/3D/build/d0.06-a/cache/archives/23f5774983da93fc2e2c0f20ae06d0752ad74fff71134d330b7af8a2738d714f.tar.gz",
      "archive_sha256": "23f5774983da93fc2e2c0f20ae06d0752ad74fff71134d330b7af8a2738d714f",
      "tree_sha256": "3d32e3f1c69800bd9d53a8a486546bd953c38e6d4b9727d6a9b1b73d43878882",
      "license_sha256": "c9bff75738922193e67fa726fa225535870d2aa1059f91452c411736284ad566",
      "downloaded": false
    },
    "jsoncons": {
      "source": "E:/VS2019Qt5.15/3D/build/d0.06-a/cache/sources/jsoncons-f0d3e80a95db",
      "archive": "E:/VS2019Qt5.15/3D/build/d0.06-a/cache/archives/f0d3e80a95dbac57f3943fc8d21326d34989698cb03bbd2e59a784d1f470b7b5.tar.gz",
      "archive_sha256": "f0d3e80a95dbac57f3943fc8d21326d34989698cb03bbd2e59a784d1f470b7b5",
      "tree_sha256": "df4d18767954c53d89e4c2e505858347d6b5f3ed92c324f8166d107a2825725b",
      "license_sha256": "97550c71a0bdfc20bf85c6c5167d7b7785f9bd3448baee048fbedf742ed52270",
      "downloaded": false
    },
    "spdlog": {
      "source": "E:/VS2019Qt5.15/3D/build/d0.06-a/cache/sources/spdlog-8730cb1e8f30",
      "archive": "E:/VS2019Qt5.15/3D/build/d0.06-a/cache/archives/8730cb1e8f30db1449fce4e6de82cbf4203fb6294127c7922253513f0cbcbf17.tar.gz",
      "archive_sha256": "8730cb1e8f30db1449fce4e6de82cbf4203fb6294127c7922253513f0cbcbf17",
      "tree_sha256": "e33e0a50ee5134c478f4ae4e02c7dcc7a3ff888edae3ec71c80dec4240e805a3",
      "license_sha256": "4ccecab18d1ff0b61174fe3d6c430541625d3ddb865b0d5887db296f883c76e7",
      "downloaded": false
    },
    "sqlite": {
      "source": "E:/VS2019Qt5.15/3D/build/d0.06-a/cache/sources/sqlite-acb1e6f5d832",
      "archive": "E:/VS2019Qt5.15/3D/build/d0.06-a/cache/archives/acb1e6f5d832484bf6d32b681e858c38add8b2acdfd42ac5df24b8afb46552b4.zip",
      "archive_sha256": "acb1e6f5d832484bf6d32b681e858c38add8b2acdfd42ac5df24b8afb46552b4",
      "tree_sha256": "1e50b25792a33cbf31c28b2dff6227d7c70707df3bb61923628b119677c5fbbf",
      "license_sha256": "19585c8b5230e9d4f223bf31b709ece7b6a0bb3faf00d8310625d8e58cda1b1d",
      "downloaded": false
    },
    "thread_pool": {
      "source": "E:/VS2019Qt5.15/3D/build/d0.06-a/cache/sources/thread_pool-89514aca234c",
      "archive": "E:/VS2019Qt5.15/3D/build/d0.06-a/cache/archives/89514aca234c373becd6311f10fd6cff2868d8e5575d33b1ce7642a40fa95239.tar.gz",
      "archive_sha256": "89514aca234c373becd6311f10fd6cff2868d8e5575d33b1ce7642a40fa95239",
      "tree_sha256": "1a28cc06c7085423385fb6d763005a5b684a978de4c2b7e798030d3643c31f39",
      "license_sha256": "877daafacf05b94f7292b670304d1e746ab8e393f47c0693b10531e3660c2912",
      "downloaded": false
    },
    "toml11": {
      "source": "E:/VS2019Qt5.15/3D/build/d0.06-a/cache/sources/toml11-5f08eaa5cd86",
      "archive": "E:/VS2019Qt5.15/3D/build/d0.06-a/cache/archives/5f08eaa5cd867192fa821cd0ec9b6c91629ff6247350d1f45f8d432c28b7fe5f.tar.gz",
      "archive_sha256": "5f08eaa5cd867192fa821cd0ec9b6c91629ff6247350d1f45f8d432c28b7fe5f",
      "tree_sha256": "037d54cc59911f73105043d27be792a37c86f8f441c2c4064108a8d72f0ddb51",
      "license_sha256": "b547d41695cdfbc1d054b5044578e476a0e9d756849f1e0cb3864cfc83e50a9e",
      "downloaded": false
    }
  }
}
