Internal ctest changing into directory: J:/Code/Kernel_v2/build/b4-asan
Test project J:/Code/Kernel_v2/build/b4-asan
    Start 108: T03.native.execution_service_control
1/7 Test #108: T03.native.execution_service_control .........   Passed    0.11 sec
    Start 110: T03.native.host_execution_lifecycle
2/7 Test #110: T03.native.host_execution_lifecycle ..........   Passed    0.11 sec
    Start 111: T03.native.managed_execution_path
3/7 Test #111: T03.native.managed_execution_path ............   Passed    0.08 sec
    Start 112: T03.native.managed_execution_resource_wait
4/7 Test #112: T03.native.managed_execution_resource_wait ...   Passed    0.09 sec
    Start 113: T03.native.managed_record
5/7 Test #113: T03.native.managed_record ....................   Passed    0.10 sec
    Start 114: T03.native.managed_record_ownership
6/7 Test #114: T03.native.managed_record_ownership ..........   Passed    0.09 sec
    Start 126: T06.native.execution_source_observation
7/7 Test #126: T06.native.execution_source_observation ......   Passed    0.09 sec

100% tests passed, 0 tests failed out of 7

Label Time Summary:
B5       =   0.67 sec*proc (7 tests)
D3.04    =   0.67 sec*proc (7 tests)

Total Test time (real) =   0.69 sec
