适用于 .NET Framework MSBuild 版本 17.14.23+b0019275e

  1>Checking Build System
  Building Custom Rule J:/Code/Kernel_v2/build/b2-install-4s4f12wv/consumer-source/CMakeLists.txt
  Building Custom Rule J:/Code/Kernel_v2/build/b2-install-4s4f12wv/consumer-source/CMakeLists.txt
  Building Custom Rule J:/Code/Kernel_v2/build/b2-install-4s4f12wv/consumer-source/CMakeLists.txt
  Building Custom Rule J:/Code/Kernel_v2/build/b2-install-4s4f12wv/consumer-source/CMakeLists.txt
  h13.cpp
  Building Custom Rule J:/Code/Kernel_v2/build/b2-install-4s4f12wv/consumer-source/CMakeLists.txt
  h12.cpp
  Building Custom Rule J:/Code/Kernel_v2/build/b2-install-4s4f12wv/consumer-source/CMakeLists.txt
  h0.cpp
  h14.cpp
  h15.cpp
  h1.cpp
  h13.vcxproj -> J:\Code\Kernel_v2\build\b2-install-4s4f12wv\consumer\h13.dir\Debug\h13.lib
  h0.vcxproj -> J:\Code\Kernel_v2\build\b2-install-4s4f12wv\consumer\h0.dir\Debug\h0.lib
  Building Custom Rule J:/Code/Kernel_v2/build/b2-install-4s4f12wv/consumer-source/CMakeLists.txt
  Building Custom Rule J:/Code/Kernel_v2/build/b2-install-4s4f12wv/consumer-source/CMakeLists.txt
  Building Custom Rule J:/Code/Kernel_v2/build/b2-install-4s4f12wv/consumer-source/CMakeLists.txt
  h16.cpp
  h17.cpp
  h18.cpp
  h1.vcxproj -> J:\Code\Kernel_v2\build\b2-install-4s4f12wv\consumer\h1.dir\Debug\h1.lib
  h17.vcxproj -> J:\Code\Kernel_v2\build\b2-install-4s4f12wv\consumer\h17.dir\Debug\h17.lib
  Building Custom Rule J:/Code/Kernel_v2/build/b2-install-4s4f12wv/consumer-source/CMakeLists.txt
  h14.vcxproj -> J:\Code\Kernel_v2\build\b2-install-4s4f12wv\consumer\h14.dir\Debug\h14.lib
  Building Custom Rule J:/Code/Kernel_v2/build/b2-install-4s4f12wv/consumer-source/CMakeLists.txt
  Building Custom Rule J:/Code/Kernel_v2/build/b2-install-4s4f12wv/consumer-source/CMakeLists.txt
  h19.cpp
  h12.vcxproj -> J:\Code\Kernel_v2\build\b2-install-4s4f12wv\consumer\h12.dir\Debug\h12.lib
  h2.cpp
  h20.cpp
  h15.vcxproj -> J:\Code\Kernel_v2\build\b2-install-4s4f12wv\consumer\h15.dir\Debug\h15.lib
  Building Custom Rule J:/Code/Kernel_v2/build/b2-install-4s4f12wv/consumer-source/CMakeLists.txt
  h21.cpp
  h16.vcxproj -> J:\Code\Kernel_v2\build\b2-install-4s4f12wv\consumer\h16.dir\Debug\h16.lib
  h19.vcxproj -> J:\Code\Kernel_v2\build\b2-install-4s4f12wv\consumer\h19.dir\Debug\h19.lib
  Building Custom Rule J:/Code/Kernel_v2/build/b2-install-4s4f12wv/consumer-source/CMakeLists.txt
  Building Custom Rule J:/Code/Kernel_v2/build/b2-install-4s4f12wv/consumer-source/CMakeLists.txt
  h22.cpp
  h23.cpp
  h20.vcxproj -> J:\Code\Kernel_v2\build\b2-install-4s4f12wv\consumer\h20.dir\Debug\h20.lib
  h18.vcxproj -> J:\Code\Kernel_v2\build\b2-install-4s4f12wv\consumer\h18.dir\Debug\h18.lib
  Building Custom Rule J:/Code/Kernel_v2/build/b2-install-4s4f12wv/consumer-source/CMakeLists.txt
  Building Custom Rule J:/Code/Kernel_v2/build/b2-install-4s4f12wv/consumer-source/CMakeLists.txt
  h24.cpp
  h25.cpp
  h21.vcxproj -> J:\Code\Kernel_v2\build\b2-install-4s4f12wv\consumer\h21.dir\Debug\h21.lib
  Building Custom Rule J:/Code/Kernel_v2/build/b2-install-4s4f12wv/consumer-source/CMakeLists.txt
  h26.cpp
  h2.vcxproj -> J:\Code\Kernel_v2\build\b2-install-4s4f12wv\consumer\h2.dir\Debug\h2.lib
  Building Custom Rule J:/Code/Kernel_v2/build/b2-install-4s4f12wv/consumer-source/CMakeLists.txt
  h27.cpp
  h22.vcxproj -> J:\Code\Kernel_v2\build\b2-install-4s4f12wv\consumer\h22.dir\Debug\h22.lib
  Building Custom Rule J:/Code/Kernel_v2/build/b2-install-4s4f12wv/consumer-source/CMakeLists.txt
  h28.cpp
  h26.vcxproj -> J:\Code\Kernel_v2\build\b2-install-4s4f12wv\consumer\h26.dir\Debug\h26.lib
  Building Custom Rule J:/Code/Kernel_v2/build/b2-install-4s4f12wv/consumer-source/CMakeLists.txt
  h29.cpp
  h27.vcxproj -> J:\Code\Kernel_v2\build\b2-install-4s4f12wv\consumer\h27.dir\Debug\h27.lib
  Building Custom Rule J:/Code/Kernel_v2/build/b2-install-4s4f12wv/consumer-source/CMakeLists.txt
  h3.cpp
  h23.vcxproj -> J:\Code\Kernel_v2\build\b2-install-4s4f12wv\consumer\h23.dir\Debug\h23.lib
  Building Custom Rule J:/Code/Kernel_v2/build/b2-install-4s4f12wv/consumer-source/CMakeLists.txt
  h24.vcxproj -> J:\Code\Kernel_v2\build\b2-install-4s4f12wv\consumer\h24.dir\Debug\h24.lib
  Building Custom Rule J:/Code/Kernel_v2/build/b2-install-4s4f12wv/consumer-source/CMakeLists.txt
  h25.vcxproj -> J:\Code\Kernel_v2\build\b2-install-4s4f12wv\consumer\h25.dir\Debug\h25.lib
  h30.cpp
  Building Custom Rule J:/Code/Kernel_v2/build/b2-install-4s4f12wv/consumer-source/CMakeLists.txt
  h31.cpp
  h32.cpp
  h3.vcxproj -> J:\Code\Kernel_v2\build\b2-install-4s4f12wv\consumer\h3.dir\Debug\h3.lib
  Building Custom Rule J:/Code/Kernel_v2/build/b2-install-4s4f12wv/consumer-source/CMakeLists.txt
  h33.cpp
  h28.vcxproj -> J:\Code\Kernel_v2\build\b2-install-4s4f12wv\consumer\h28.dir\Debug\h28.lib
  Building Custom Rule J:/Code/Kernel_v2/build/b2-install-4s4f12wv/consumer-source/CMakeLists.txt
  h34.cpp
  h29.vcxproj -> J:\Code\Kernel_v2\build\b2-install-4s4f12wv\consumer\h29.dir\Debug\h29.lib
  Building Custom Rule J:/Code/Kernel_v2/build/b2-install-4s4f12wv/consumer-source/CMakeLists.txt
  h35.cpp
  Building Custom Rule J:/Code/Kernel_v2/build/b2-install-4s4f12wv/consumer-source/CMakeLists.txt
  h31.vcxproj -> J:\Code\Kernel_v2\build\b2-install-4s4f12wv\consumer\h31.dir\Debug\h31.lib
  h30.vcxproj -> J:\Code\Kernel_v2\build\b2-install-4s4f12wv\consumer\h30.dir\Debug\h30.lib
  Building Custom Rule J:/Code/Kernel_v2/build/b2-install-4s4f12wv/consumer-source/CMakeLists.txt
  Building Custom Rule J:/Code/Kernel_v2/build/b2-install-4s4f12wv/consumer-source/CMakeLists.txt
  h36.cpp
  h35.vcxproj -> J:\Code\Kernel_v2\build\b2-install-4s4f12wv\consumer\h35.dir\Debug\h35.lib
  h37.cpp
  h38.cpp
  h32.vcxproj -> J:\Code\Kernel_v2\build\b2-install-4s4f12wv\consumer\h32.dir\Debug\h32.lib
  h33.vcxproj -> J:\Code\Kernel_v2\build\b2-install-4s4f12wv\consumer\h33.dir\Debug\h33.lib
  Building Custom Rule J:/Code/Kernel_v2/build/b2-install-4s4f12wv/consumer-source/CMakeLists.txt
  Building Custom Rule J:/Code/Kernel_v2/build/b2-install-4s4f12wv/consumer-source/CMakeLists.txt
  h39.cpp
  h4.cpp
  h34.vcxproj -> J:\Code\Kernel_v2\build\b2-install-4s4f12wv\consumer\h34.dir\Debug\h34.lib
  Building Custom Rule J:/Code/Kernel_v2/build/b2-install-4s4f12wv/consumer-source/CMakeLists.txt
  h40.cpp
  h4.vcxproj -> J:\Code\Kernel_v2\build\b2-install-4s4f12wv\consumer\h4.dir\Debug\h4.lib
  Building Custom Rule J:/Code/Kernel_v2/build/b2-install-4s4f12wv/consumer-source/CMakeLists.txt
  h37.vcxproj -> J:\Code\Kernel_v2\build\b2-install-4s4f12wv\consumer\h37.dir\Debug\h37.lib
  h5.cpp
  Building Custom Rule J:/Code/Kernel_v2/build/b2-install-4s4f12wv/consumer-source/CMakeLists.txt
  Building Custom Rule J:/Code/Kernel_v2/build/b2-install-4s4f12wv/consumer-source/CMakeLists.txt
  h6.cpp
  h38.vcxproj -> J:\Code\Kernel_v2\build\b2-install-4s4f12wv\consumer\h38.dir\Debug\h38.lib
  h7.cpp
  h39.vcxproj -> J:\Code\Kernel_v2\build\b2-install-4s4f12wv\consumer\h39.dir\Debug\h39.lib
  h36.vcxproj -> J:\Code\Kernel_v2\build\b2-install-4s4f12wv\consumer\h36.dir\Debug\h36.lib
  Building Custom Rule J:/Code/Kernel_v2/build/b2-install-4s4f12wv/consumer-source/CMakeLists.txt
  h8.cpp
  h40.vcxproj -> J:\Code\Kernel_v2\build\b2-install-4s4f12wv\consumer\h40.dir\Debug\h40.lib
  h7.vcxproj -> J:\Code\Kernel_v2\build\b2-install-4s4f12wv\consumer\h7.dir\Debug\h7.lib
  h5.vcxproj -> J:\Code\Kernel_v2\build\b2-install-4s4f12wv\consumer\h5.dir\Debug\h5.lib
  h6.vcxproj -> J:\Code\Kernel_v2\build\b2-install-4s4f12wv\consumer\h6.dir\Debug\h6.lib
  h8.vcxproj -> J:\Code\Kernel_v2\build\b2-install-4s4f12wv\consumer\h8.dir\Debug\h8.lib
  Building Custom Rule J:/Code/Kernel_v2/build/b2-install-4s4f12wv/consumer-source/CMakeLists.txt
  Building Custom Rule J:/Code/Kernel_v2/build/b2-install-4s4f12wv/consumer-source/CMakeLists.txt
  main.cpp
  thin.cpp
LINK : warning LNK4300: 忽略“/INCREMENTAL”，因为输入模块包含 ASAN 元数据 [J:\Code\Kernel_v2\build\b2-install-4s4f12wv\consumer\installed_thin.vcxproj]
  installed_thin.vcxproj -> J:\Code\Kernel_v2\build\b2-install-4s4f12wv\consumer\Debug\installed_thin.exe
LINK : warning LNK4300: 忽略“/INCREMENTAL”，因为输入模块包含 ASAN 元数据 [J:\Code\Kernel_v2\build\b2-install-4s4f12wv\consumer\installed_b2.vcxproj]
  installed_b2.vcxproj -> J:\Code\Kernel_v2\build\b2-install-4s4f12wv\consumer\Debug\installed_b2.exe
  Building Custom Rule J:/Code/Kernel_v2/build/b2-install-4s4f12wv/consumer-source/CMakeLists.txt
