{
  "selected": [
    "expected",
    "fmt",
    "spdlog",
    "thread_pool"
  ],
  "dependencies": {
    "expected": {
      "source": "E:/VS2019Qt5.15/3D/build/d0.06-a/selected-only-cache/sources/expected-fe3b18aecb84",
      "archive": "E:/VS2019Qt5.15/3D/build/d0.06-a/selected-only-cache/archives/fe3b18aecb849029b6af94922be0c25eee1b7b86565b1c8350692ed776cf42fb.tar.gz",
      "archive_sha256": "fe3b18aecb849029b6af94922be0c25eee1b7b86565b1c8350692ed776cf42fb",
      "tree_sha256": "e96f34ceab21594d71eb853682944dd5d423498f5fc855d1c1a1df6088a68cbe",
      "license_sha256": "a2010f343487d3f7618affe54f789f5487602331c0a8d03f49e9a7c547cf0499",
      "downloaded": true
    },
    "fmt": {
      "source": "E:/VS2019Qt5.15/3D/build/d0.06-a/selected-only-cache/sources/fmt-95f89f1eb3b5",
      "archive": "E:/VS2019Qt5.15/3D/build/d0.06-a/selected-only-cache/archives/95f89f1eb3b53478417185afc0b7e3d40ec889687af86e890da20068534d29f7.tar.gz",
      "archive_sha256": "95f89f1eb3b53478417185afc0b7e3d40ec889687af86e890da20068534d29f7",
      "tree_sha256": "a52a9506a5a6ac46c4c8916901ec56af4194c88cee5e71975a8647e7a78fdd9b",
      "license_sha256": "07580f2a3b35709ce703d523f447b242f6dfec7582a8c0df102c7fa2849375f8",
      "downloaded": true
    },
    "spdlog": {
      "source": "E:/VS2019Qt5.15/3D/build/d0.06-a/selected-only-cache/sources/spdlog-8730cb1e8f30",
      "archive": "E:/VS2019Qt5.15/3D/build/d0.06-a/selected-only-cache/archives/8730cb1e8f30db1449fce4e6de82cbf4203fb6294127c7922253513f0cbcbf17.tar.gz",
      "archive_sha256": "8730cb1e8f30db1449fce4e6de82cbf4203fb6294127c7922253513f0cbcbf17",
      "tree_sha256": "e33e0a50ee5134c478f4ae4e02c7dcc7a3ff888edae3ec71c80dec4240e805a3",
      "license_sha256": "4ccecab18d1ff0b61174fe3d6c430541625d3ddb865b0d5887db296f883c76e7",
      "downloaded": true
    },
    "thread_pool": {
      "source": "E:/VS2019Qt5.15/3D/build/d0.06-a/selected-only-cache/sources/thread_pool-89514aca234c",
      "archive": "E:/VS2019Qt5.15/3D/build/d0.06-a/selected-only-cache/archives/89514aca234c373becd6311f10fd6cff2868d8e5575d33b1ce7642a40fa95239.tar.gz",
      "archive_sha256": "89514aca234c373becd6311f10fd6cff2868d8e5575d33b1ce7642a40fa95239",
      "tree_sha256": "1a28cc06c7085423385fb6d763005a5b684a978de4c2b7e798030d3643c31f39",
      "license_sha256": "877daafacf05b94f7292b670304d1e746ab8e393f47c0693b10531e3660c2912",
      "downloaded": true
    }
  }
}
