test_contracts_cannot_duplicate_or_add_third_party_backend (tests.architecture.test_contracts_stage.ComponentClosureTests.test_contracts_cannot_duplicate_or_add_third_party_backend) ... ok
test_core_stage_preserves_foundation_and_only_adds_contracts (tests.architecture.test_contracts_stage.ComponentClosureTests.test_core_stage_preserves_foundation_and_only_adds_contracts) ... ok
test_foundation_cannot_regress_or_lose_expected (tests.architecture.test_contracts_stage.ComponentClosureTests.test_foundation_cannot_regress_or_lose_expected) ... ok
test_other_product_implementation_rejected (tests.architecture.test_contracts_stage.ComponentClosureTests.test_other_product_implementation_rejected) ... ok
test_product_closure_rejects_other_modules_and_unknown_targets (tests.architecture.test_contracts_stage.ComponentClosureTests.test_product_closure_rejects_other_modules_and_unknown_targets) ... ok
test_actual_public_macros_and_compile_conditions_match_manifest (tests.architecture.test_contracts_stage.PublicBoundaryTests.test_actual_public_macros_and_compile_conditions_match_manifest) ... FAIL
test_comments_literals_and_narrow_types_not_backdoors (tests.architecture.test_contracts_stage.PublicBoundaryTests.test_comments_literals_and_narrow_types_not_backdoors) ... ok
test_dom_sql_and_runtime_includes_rejected (tests.architecture.test_contracts_stage.PublicBoundaryTests.test_dom_sql_and_runtime_includes_rejected) ... ok
test_exact_six_headers_required (tests.architecture.test_contracts_stage.PublicBoundaryTests.test_exact_six_headers_required) ... ok
test_public_capability_backdoors_rejected (tests.architecture.test_contracts_stage.PublicBoundaryTests.test_public_capability_backdoors_rejected) ... ok
test_registered_public_macros_must_remain_explicitly_empty (tests.architecture.test_contracts_stage.PublicBoundaryTests.test_registered_public_macros_must_remain_explicitly_empty) ... FAIL

======================================================================
FAIL: test_actual_public_macros_and_compile_conditions_match_manifest (tests.architecture.test_contracts_stage.PublicBoundaryTests.test_actual_public_macros_and_compile_conditions_match_manifest)
----------------------------------------------------------------------
Traceback (most recent call last):
  File "E:\VS2019Qt5.15\3D\tests\architecture\test_contracts_stage.py", line 64, in test_actual_public_macros_and_compile_conditions_match_manifest
    self.assertIn(diagnostic, check.validate_manifest(data, changed))
AssertionError: 'CoreContracts 实际公开宏定义漂移' not found in ['公开头声明/字节变化需要审查：E:\\VS2019Qt5.15\\3D\\packages\\contracts\\include\\ock\\contracts\\identity.hpp', '公开头声明/字节变化需要审查：E:\\VS2019Qt5.15\\3D\\packages\\contracts\\include\\ock\\contracts\\context.hpp', '公开头声明/字节变化需要审查：E:\\VS2019Qt5.15\\3D\\packages\\contracts\\include\\ock\\contracts\\outcome.hpp', '公开头声明/字节变化需要审查：E:\\VS2019Qt5.15\\3D\\packages\\contracts\\include\\ock\\contracts\\ports.hpp', '公开头声明/字节变化需要审查：E:\\VS2019Qt5.15\\3D\\packages\\contracts\\include\\ock\\contracts\\observation.hpp', '公开头声明/字节变化需要审查：E:\\VS2019Qt5.15\\3D\\packages\\contracts\\include\\ock\\contracts\\operation.hpp', '候选头已实现时必须转入受审查公开集合']

======================================================================
FAIL: test_registered_public_macros_must_remain_explicitly_empty (tests.architecture.test_contracts_stage.PublicBoundaryTests.test_registered_public_macros_must_remain_explicitly_empty)
----------------------------------------------------------------------
Traceback (most recent call last):
  File "E:\VS2019Qt5.15\3D\tests\architecture\test_contracts_stage.py", line 50, in test_registered_public_macros_must_remain_explicitly_empty
    self.assertIn(diagnostic, check.validate_manifest(changed))
AssertionError: 'CoreContracts 公开宏定义漂移' not found in ['公开头声明/字节变化需要审查：E:\\VS2019Qt5.15\\3D\\packages\\contracts\\include\\ock\\contracts\\identity.hpp', '公开头声明/字节变化需要审查：E:\\VS2019Qt5.15\\3D\\packages\\contracts\\include\\ock\\contracts\\context.hpp', '公开头声明/字节变化需要审查：E:\\VS2019Qt5.15\\3D\\packages\\contracts\\include\\ock\\contracts\\outcome.hpp', '公开头声明/字节变化需要审查：E:\\VS2019Qt5.15\\3D\\packages\\contracts\\include\\ock\\contracts\\ports.hpp', '公开头声明/字节变化需要审查：E:\\VS2019Qt5.15\\3D\\packages\\contracts\\include\\ock\\contracts\\observation.hpp', '公开头声明/字节变化需要审查：E:\\VS2019Qt5.15\\3D\\packages\\contracts\\include\\ock\\contracts\\operation.hpp', '候选头已实现时必须转入受审查公开集合']

----------------------------------------------------------------------
Ran 11 tests in 0.837s

FAILED (failures=2)
