适用于 .NET Framework MSBuild 版本 17.14.23+b0019275e

  1>Checking Build System
  Building Custom Rule J:/Code/Kernel_v2/CMakeLists.txt
  Building Custom Rule J:/Code/Kernel_v2/CMakeLists.txt
  Building Custom Rule J:/Code/Kernel_v2/CMakeLists.txt
  executor.cpp
  payload.cpp
  registry.cpp
  policy.cpp
  ock_Adapter_CpuPool.vcxproj -> J:\Code\Kernel_v2\build\b4-debug\Release\ock_Adapter_CpuPool.lib
  ock_Data.vcxproj -> J:\Code\Kernel_v2\build\b4-debug\Release\ock_Data.lib
  Building Custom Rule J:/Code/Kernel_v2/CMakeLists.txt
  protocol.cpp
  invocation.cpp
  observation_wire.cpp
  host.cpp
  outcome_wire.cpp
  正在生成代码...
  ock_ControlProtocol.vcxproj -> J:\Code\Kernel_v2\build\b4-debug\Release\ock_ControlProtocol.lib
  Building Custom Rule J:/Code/Kernel_v2/CMakeLists.txt
  native_security.cpp
  scheduler.cpp
  pipe.cpp
  正在生成代码...
  resources.cpp
  ock_Adapter_LocalIPC.vcxproj -> J:\Code\Kernel_v2\build\b4-debug\Release\ock_Adapter_LocalIPC.lib
  resource_wait_binding.cpp
  execution_identity.cpp
  host_execution.cpp
  logging.cpp
  正在生成代码...
  ock_Runtime.vcxproj -> J:\Code\Kernel_v2\build\b4-debug\Release\ock_Runtime.lib
  Building Custom Rule J:/Code/Kernel_v2/CMakeLists.txt
  schema.cpp
  catalog.cpp
  正在生成代码...
  ock_Dynamic.vcxproj -> J:\Code\Kernel_v2\build\b4-debug\Release\ock_Dynamic.lib
  Building Custom Rule J:/Code/Kernel_v2/CMakeLists.txt
  cursor.cpp
  router.cpp
  invoke_method.cpp
  catalog_methods.cpp
  subscription.cpp
  subscription_methods.cpp
  list_method.cpp
  get_method.cpp
  observation_transport.cpp
  execution_method.cpp
  正在生成代码...
  ock_Control.vcxproj -> J:\Code\Kernel_v2\build\b4-debug\Release\ock_Control.lib
  Building Custom Rule J:/Code/Kernel_v2/examples/managed_service/CMakeLists.txt
  main.cpp
  service.cpp
  正在生成代码...
  ock_managed_service.vcxproj -> J:\Code\Kernel_v2\build\b4-debug\examples\managed_service\Release\ock_managed_service.exe
