Microsoft (R) COFF/PE Dumper Version 14.44.35216.0
Copyright (C) Microsoft Corporation.  All rights reserved.


Dump of file J:\Code\Kernel_v2\build\embedded-formal-13354720f40a4bf497fb5327439abd37\consumer\RelWithDebInfo\footprint_baseline.exe

File Type: EXECUTABLE IMAGE

  Section contains the following imports:

    KERNEL32.dll
             14000D000 Import Address Table
             140012718 Import Name Table
                     0 time date stamp
                     0 Index of first forwarder reference

                          9D CloseHandle
                         481 QueryPerformanceCounter
                         482 QueryPerformanceFrequency
                         55C SetEvent
                         625 WaitForSingleObject
                         242 GetCurrentProcessId
                         412 MapViewOfFile
                         5FE UnmapViewOfFile
                         246 GetCurrentThreadId
                         511 RtlLookupFunctionEntry
                         518 RtlVirtualUnwind
                         5FB UnhandledExceptionFilter
                         5B8 SetUnhandledExceptionFilter
                         241 GetCurrentProcess
                         5D8 TerminateProcess
                         3B8 IsProcessorFeaturePresent
                         3B0 IsDebuggerPresent
                         301 GetStartupInfoW
                         2A5 GetModuleHandleW
                         31A GetSystemTimeAsFileTime
                         39A InitializeSListHead
                         466 PssQuerySnapshot
                         465 PssFreeSnapshot
                         463 PssCaptureSnapshot
                         423 MultiByteToWideChar
                         3F6 LoadLibraryExW
                         2DD GetProcAddress
                         1D4 FreeLibrary
                         43F OpenProcess
                         2E6 GetProcessId
                         28D GetLastError
                         498 RaiseException
                         329 GetTempPathW
                         325 GetTempFileNameW
                          E6 CreateFileW
                         264 GetEnvironmentVariableW
                         509 RtlCaptureContext

    MSVCP140_ATOMIC_WAIT.dll
             14000D170 Import Address Table
             140012888 Import Name Table
                     0 time date stamp
                     0 Index of first forwarder reference

                           9 __std_atomic_wait_direct
                           4 __std_atomic_notify_all_direct

    MSVCP140.dll
             14000D130 Import Address Table
             140012848 Import Name Table
                     0 time date stamp
                     0 Index of first forwarder reference

                         275 ?_Throw_Cpp_error@std@@YAXH@Z
                         54E _Cnd_do_broadcast_at_thread_exit
                         5B4 _Thrd_id
                         5B8 _Thrd_yield
                         5B5 _Thrd_join
                         591 _Query_perf_frequency
                         590 _Query_perf_counter

    clang_rt.asan_dynamic-x86_64.dll
             14000D3E8 Import Address Table
             140012B00 Import Name Table
                     0 time date stamp
                     0 Index of first forwarder reference

                          33 __asan_get_shadow_memory_dynamic_address
                          96 __asan_should_detect_stack_use_after_return
                          52 __asan_on_error__dll
                          87 __asan_set_seh_filter
                          5D __asan_register_globals
                          11 __asan_default_suppressions__dll
                         164 __sanitizer_cov_trace_const_cmp4__dll
                          10 __asan_default_options__dll
                         155 __sanitizer_cov_pcs_cleanup__dll
                         156 __sanitizer_cov_pcs_init__dll
                         14E __sanitizer_cov_bool_flag_init__dll
                          CA __asan_unregister_globals
                         14D __sanitizer_cov_8bit_counters_init__dll
                         16D __sanitizer_cov_trace_switch__dll
                         158 __sanitizer_cov_store16__dll
                         15C __sanitizer_cov_store8__dll
                         15B __sanitizer_cov_store4__dll
                         15A __sanitizer_cov_store2__dll
                         159 __sanitizer_cov_store1__dll
                         150 __sanitizer_cov_load16__dll
                         154 __sanitizer_cov_load8__dll
                         153 __sanitizer_cov_load4__dll
                          2F __asan_get_report_description
                         152 __sanitizer_cov_load2__dll
                         151 __sanitizer_cov_load1__dll
                         16C __sanitizer_cov_trace_pc_indir__dll
                         16A __sanitizer_cov_trace_pc_guard_cleanup__dll
                         16B __sanitizer_cov_trace_pc_guard_init__dll
                         169 __sanitizer_cov_trace_pc_guard__dll
                         163 __sanitizer_cov_trace_const_cmp2__dll
                         162 __sanitizer_cov_trace_const_cmp1__dll
                         160 __sanitizer_cov_trace_cmp8__dll
                         15F __sanitizer_cov_trace_cmp4__dll
                         15E __sanitizer_cov_trace_cmp2__dll
                         15D __sanitizer_cov_trace_cmp1__dll
                         161 __sanitizer_cov_trace_cmp__dll
                         146 __sancov_default_options__dll
                         17F __sanitizer_ignore_free_hook__dll
                         1A4 __sanitizer_weak_hook_strstr__dll
                         168 __sanitizer_cov_trace_gep__dll
                         172 __sanitizer_free_hook__dll
                         167 __sanitizer_cov_trace_div8__dll
                         14C __sanitizer_cov_8bit_counters_cleanup__dll
                         166 __sanitizer_cov_trace_div4__dll
                         165 __sanitizer_cov_trace_const_cmp8__dll
                         184 __sanitizer_malloc_hook__dll
                         1A3 __sanitizer_weak_hook_strncmp__dll
                         1A2 __sanitizer_weak_hook_strcmp__dll
                         1A1 __sanitizer_weak_hook_memcmp__dll
                         177 __sanitizer_get_dtls_size__dll
                         18F __sanitizer_sandbox_on_notify__dll
                         18E __sanitizer_report_error_summary__dll
                         185 __sanitizer_on_print__dll
                         18D __sanitizer_register_weak_function
                         186 __sanitizer_override_function
                         118 __asan_wrap_strlen
                         10F __asan_wrap_memcmp
                          C0 __asan_store8
                          BE __asan_store4
                          B8 __asan_store1
                          94 __asan_set_shadow_f8
                          88 __asan_set_shadow_00
                          81 __asan_report_store8
                          7F __asan_report_store4
                          79 __asan_report_store1
                          74 __asan_report_load8
                          72 __asan_report_load4
                          6C __asan_report_load1
                          48 __asan_memset
                          46 __asan_memcpy
                          3F __asan_load8
                          3D __asan_load4
                          37 __asan_load1
                         180 __sanitizer_install_malloc_and_free_hooks
                          86 __asan_set_error_report_callback

    VCRUNTIME140.dll
             14000D188 Import Address Table
             1400128A0 Import Name Table
                     0 time date stamp
                     0 Index of first forwarder reference

                          3C memcpy
                          46 wcsstr
                          42 strstr
                          25 __std_type_info_destroy_list
                          3E memset
                          1C __current_exception_context
                          1B __current_exception
                           8 __C_specific_handler
                           1 _CxxThrowException
                          22 __std_exception_destroy
                          21 __std_exception_copy
                          23 __std_terminate

    VCRUNTIME140_1.dll
             14000D1F0 Import Address Table
             140012908 Import Name Table
                     0 time date stamp
                     0 Index of first forwarder reference

                           0 __CxxFrameHandler4

    api-ms-win-crt-heap-l1-1-0.dll
             14000D218 Import Address Table
             140012930 Import Name Table
                     0 time date stamp
                     0 Index of first forwarder reference

                          16 _set_new_mode
                           0 _aligned_free
                           1 _aligned_malloc
                          18 free
                          1A realloc
                          19 malloc
                          11 _msize
                           2 _aligned_msize
                          17 calloc

    api-ms-win-crt-runtime-l1-1-0.dll
             14000D288 Import Address Table
             1400129A0 Import Name Table
                     0 time date stamp
                     0 Index of first forwarder reference

                          1E _crt_atexit
                          1D _crt_at_quick_exit
                          28 _get_initial_narrow_environment
                          34 _initialize_onexit_table
                          33 _initialize_narrow_environment
                          18 _configure_narrow_argv
                          36 _initterm
                           0 _Exit
                          16 _cexit
                          55 exit
                          14 _beginthreadex
                          67 terminate
                          23 _exit
                           4 __p___argc
                          54 abort
                           5 __p___argv
                          15 _c_exit
                          3D _register_thread_local_exe_atexit_callback
                          40 _seh_filter_exe
                          42 _set_app_type
                          37 _initterm_e
                          3C _register_onexit_function
                          22 _execute_onexit_table
                          3F _seh_filter_dll

    api-ms-win-crt-convert-l1-1-0.dll
             14000D200 Import Address Table
             140012918 Import Name Table
                     0 time date stamp
                     0 Index of first forwarder reference

                          64 strtoul
                          65 strtoull

    api-ms-win-crt-stdio-l1-1-0.dll
             14000D350 Import Address Table
             140012A68 Import Name Table
                     0 time date stamp
                     0 Index of first forwarder reference

                          77 fflush
                          80 fputs
                           3 __stdio_common_vfprintf
                          93 puts
                          13 __stdio_common_vswprintf_s
                          92 putchar
                           0 __acrt_iob_func
                          54 _set_fmode
                           1 __p__commode

    api-ms-win-crt-math-l1-1-0.dll
             14000D278 Import Address Table
             140012990 Import Name Table
                     0 time date stamp
                     0 Index of first forwarder reference

                           9 __setusermatherr

    api-ms-win-crt-locale-l1-1-0.dll
             14000D268 Import Address Table
             140012980 Import Name Table
                     0 time date stamp
                     0 Index of first forwarder reference

                           8 _configthreadlocale

    api-ms-win-crt-string-l1-1-0.dll
             14000D3A0 Import Address Table
             140012AB8 Import Name Table
                     0 time date stamp
                     0 Index of first forwarder reference

                          A8 wcsncpy_s
                          A9 wcsnlen
                          A3 wcslen
                          A6 wcsncmp
                          91 strnlen
                          B0 wmemcpy_s
                          9E wcscmp
                          A1 wcscpy_s

  Summary

        1000 .INTR
        1000 .WEAK
        2000 .data
        1000 .pdata
        8000 .rdata
        1000 .reloc
        1000 .rsrc
        C000 .text
