CMake is re-running because J:/Code/Kernel_v2/build/b4-debug/CMakeFiles/generate.stamp is out-of-date.
  the file 'J:/Code/Kernel_v2/CMakeLists.txt'
  is newer than 'J:/Code/Kernel_v2/build/b4-debug/CMakeFiles/generate.stamp.depend'
  result='-1'
-- Configuring done (2.4s)
-- Generating done (0.4s)
-- Build files have been written to: J:/Code/Kernel_v2/build/b4-debug
适用于 .NET Framework MSBuild 版本 17.14.23+b0019275e

__________________________________________________
项目“J:\Code\Kernel_v2\build\b4-debug\examples\managed_service\ock_managed_service.vcxproj”(默认目标):

__________________________________________________
项目“J:\Code\Kernel_v2\build\b4-debug\examples\managed_service\ock_managed_service.vcxproj”正在生成“J:\Code\Kernel_v2\build\b4-debug\ZERO_CHECK.vcxproj”(默认目标):

1>Checking Build System
__________________________________________________
项目“J:\Code\Kernel_v2\build\b4-debug\ZERO_CHECK.vcxproj”正在生成“J:\Code\Kernel_v2\build\b4-debug\ock_Adapter_CpuPool.vcxproj”(默认目标):

__________________________________________________
项目“J:\Code\Kernel_v2\build\b4-debug\ock_Adapter_CpuPool.vcxproj”正在生成“J:\Code\Kernel_v2\build\b4-debug\ZERO_CHECK.vcxproj”(默认目标):

__________________________________________________
项目“J:\Code\Kernel_v2\build\b4-debug\ZERO_CHECK.vcxproj”正在生成“J:\Code\Kernel_v2\build\b4-debug\ZERO_CHECK.vcxproj”(GetNativeManifest 目标):

__________________________________________________
项目“J:\Code\Kernel_v2\build\b4-debug\ZERO_CHECK.vcxproj”正在生成“J:\Code\Kernel_v2\build\b4-debug\ZERO_CHECK.vcxproj”(GetProjectInfoForReference 目标):

ock_Adapter_CpuPool.vcxproj -> J:\Code\Kernel_v2\build\b4-debug\Debug\ock_Adapter_CpuPool.lib
__________________________________________________
项目“J:\Code\Kernel_v2\build\b4-debug\ZERO_CHECK.vcxproj”正在生成“J:\Code\Kernel_v2\build\b4-debug\ZERO_CHECK.vcxproj”(GetCopyToOutputDirectoryItems 目标):

__________________________________________________
项目“J:\Code\Kernel_v2\build\b4-debug\ZERO_CHECK.vcxproj”正在生成“J:\Code\Kernel_v2\build\b4-debug\ock_Adapter_LocalIPC.vcxproj”(默认目标):

__________________________________________________
项目“J:\Code\Kernel_v2\build\b4-debug\ock_Adapter_LocalIPC.vcxproj”正在生成“J:\Code\Kernel_v2\build\b4-debug\ZERO_CHECK.vcxproj”(默认目标):

__________________________________________________
项目“J:\Code\Kernel_v2\build\b4-debug\ZERO_CHECK.vcxproj”正在生成“J:\Code\Kernel_v2\build\b4-debug\ock_ControlProtocol.vcxproj”(默认目标):

__________________________________________________
项目“J:\Code\Kernel_v2\build\b4-debug\ock_ControlProtocol.vcxproj”正在生成“J:\Code\Kernel_v2\build\b4-debug\ZERO_CHECK.vcxproj”(默认目标):

__________________________________________________
项目“J:\Code\Kernel_v2\build\b4-debug\ZERO_CHECK.vcxproj”正在生成“J:\Code\Kernel_v2\build\b4-debug\ock_Data.vcxproj”(默认目标):

__________________________________________________
项目“J:\Code\Kernel_v2\build\b4-debug\ock_Data.vcxproj”正在生成“J:\Code\Kernel_v2\build\b4-debug\ZERO_CHECK.vcxproj”(默认目标):

__________________________________________________
项目“J:\Code\Kernel_v2\build\b4-debug\ZERO_CHECK.vcxproj”正在生成“J:\Code\Kernel_v2\build\b4-debug\ZERO_CHECK.vcxproj”(GetNativeManifest 目标):

__________________________________________________
项目“J:\Code\Kernel_v2\build\b4-debug\ZERO_CHECK.vcxproj”正在生成“J:\Code\Kernel_v2\build\b4-debug\ZERO_CHECK.vcxproj”(GetProjectInfoForReference 目标):

ock_Data.vcxproj -> J:\Code\Kernel_v2\build\b4-debug\Debug\ock_Data.lib
__________________________________________________
项目“J:\Code\Kernel_v2\build\b4-debug\ZERO_CHECK.vcxproj”正在生成“J:\Code\Kernel_v2\build\b4-debug\ZERO_CHECK.vcxproj”(GetCopyToOutputDirectoryItems 目标):

__________________________________________________
项目“J:\Code\Kernel_v2\build\b4-debug\ZERO_CHECK.vcxproj”正在生成“J:\Code\Kernel_v2\build\b4-debug\ock_Data.vcxproj”(默认目标):

__________________________________________________
项目“J:\Code\Kernel_v2\build\b4-debug\ock_Data.vcxproj”正在生成“J:\Code\Kernel_v2\build\b4-debug\ock_Data.vcxproj”(默认目标):

__________________________________________________
项目“J:\Code\Kernel_v2\build\b4-debug\ock_Data.vcxproj”正在生成“J:\Code\Kernel_v2\build\b4-debug\ZERO_CHECK.vcxproj”(GetNativeManifest 目标):

__________________________________________________
项目“J:\Code\Kernel_v2\build\b4-debug\ZERO_CHECK.vcxproj”正在生成“J:\Code\Kernel_v2\build\b4-debug\ock_Data.vcxproj”(GetNativeManifest 目标):

__________________________________________________
项目“J:\Code\Kernel_v2\build\b4-debug\ock_Data.vcxproj”正在生成“J:\Code\Kernel_v2\build\b4-debug\ZERO_CHECK.vcxproj”(GetProjectInfoForReference 目标):

__________________________________________________
项目“J:\Code\Kernel_v2\build\b4-debug\ZERO_CHECK.vcxproj”正在生成“J:\Code\Kernel_v2\build\b4-debug\ock_Data.vcxproj”(GetProjectInfoForReference 目标):

ock_ControlProtocol.vcxproj -> J:\Code\Kernel_v2\build\b4-debug\Debug\ock_ControlProtocol.lib
__________________________________________________
项目“J:\Code\Kernel_v2\build\b4-debug\ock_Data.vcxproj”正在生成“J:\Code\Kernel_v2\build\b4-debug\ZERO_CHECK.vcxproj”(GetCopyToOutputDirectoryItems 目标):

__________________________________________________
项目“J:\Code\Kernel_v2\build\b4-debug\ZERO_CHECK.vcxproj”正在生成“J:\Code\Kernel_v2\build\b4-debug\ock_Data.vcxproj”(GetCopyToOutputDirectoryItems 目标):

__________________________________________________
项目“J:\Code\Kernel_v2\build\b4-debug\ock_Data.vcxproj”正在生成“J:\Code\Kernel_v2\build\b4-debug\ock_ControlProtocol.vcxproj”(默认目标):

__________________________________________________
项目“J:\Code\Kernel_v2\build\b4-debug\ock_ControlProtocol.vcxproj”正在生成“J:\Code\Kernel_v2\build\b4-debug\ZERO_CHECK.vcxproj”(GetNativeManifest 目标):

__________________________________________________
项目“J:\Code\Kernel_v2\build\b4-debug\ZERO_CHECK.vcxproj”正在生成“J:\Code\Kernel_v2\build\b4-debug\ock_Data.vcxproj”(GetNativeManifest 目标):

__________________________________________________
项目“J:\Code\Kernel_v2\build\b4-debug\ock_Data.vcxproj”正在生成“J:\Code\Kernel_v2\build\b4-debug\ock_ControlProtocol.vcxproj”(GetNativeManifest 目标):

__________________________________________________
项目“J:\Code\Kernel_v2\build\b4-debug\ock_ControlProtocol.vcxproj”正在生成“J:\Code\Kernel_v2\build\b4-debug\ZERO_CHECK.vcxproj”(GetProjectInfoForReference 目标):

__________________________________________________
项目“J:\Code\Kernel_v2\build\b4-debug\ZERO_CHECK.vcxproj”正在生成“J:\Code\Kernel_v2\build\b4-debug\ock_Data.vcxproj”(GetProjectInfoForReference 目标):

__________________________________________________
项目“J:\Code\Kernel_v2\build\b4-debug\ock_Data.vcxproj”正在生成“J:\Code\Kernel_v2\build\b4-debug\ock_ControlProtocol.vcxproj”(GetProjectInfoForReference 目标):

J:/Code/Kernel_v2/build/msvc-validation/e8697b7e3597a578/bin/CL.exe /c /IJ:\Code\Kernel_v2\packages\adapters\local_ipc\include /IJ:\Code\Kernel_v2 /IJ:\Code\Kernel_v2\packages\control\protocol\include /IJ:\Code\Kernel_v2\packages\contracts\include /IJ:\Code\Kernel_v2\packages\foundation\include /IJ:\Code\Kernel_v2\packages\dynamic\data\include /Z7 /nologo /W1 /WX- /diagnostics:column /Od /Ob0 /D _MBCS /D WIN32 /D _WINDOWS /D ASIO_STANDALONE=1 /D _WIN32_WINNT=0x0A00 /D "CMAKE_INTDIR=\"Debug\"" /EHsc /RTC1 /MDd /GS /fp:precise /Zc:wchar_t /Zc:forScope /Zc:inline /std:c++20 /permissive- /Fo"ock_Adapter_LocalIPC.dir\Debug\\" /Fd"J:\Code\Kernel_v2\build\b4-debug\Debug\ock_Adapter_LocalIPC.pdb" /external:W0 /Gd /TP /errorReport:queue  /external:I "J:/Code/Kernel_v2/build/d0.06-a/cache/sources/asio-269344e5d511/asio/include" /external:I "J:/Code/Kernel_v2/build/d0.06-a/cache/sources/expected-fe3b18aecb84/include" /utf-8 /Zc:__cplusplus J:\Code\Kernel_v2\packages\adapters\local_ipc\native_security.cpp J:\Code\Kernel_v2\packages\adapters\local_ipc\pipe.cpp
native_security.cpp
pipe.cpp
正在生成代码...
J:/Code/Kernel_v2/build/msvc-validation/e8697b7e3597a578/bin/Lib.exe /OUT:"J:\Code\Kernel_v2\build\b4-debug\Debug\ock_Adapter_LocalIPC.lib" /NOLOGO /MACHINE:X64  /machine:x64 ock_Adapter_LocalIPC.dir\Debug\native_security.obj
ock_Adapter_LocalIPC.dir\Debug\pipe.obj
ock_Adapter_LocalIPC.vcxproj -> J:\Code\Kernel_v2\build\b4-debug\Debug\ock_Adapter_LocalIPC.lib
__________________________________________________
项目“J:\Code\Kernel_v2\build\b4-debug\ock_ControlProtocol.vcxproj”正在生成“J:\Code\Kernel_v2\build\b4-debug\ZERO_CHECK.vcxproj”(GetCopyToOutputDirectoryItems 目标):

__________________________________________________
项目“J:\Code\Kernel_v2\build\b4-debug\ZERO_CHECK.vcxproj”正在生成“J:\Code\Kernel_v2\build\b4-debug\ock_ControlProtocol.vcxproj”(GetCopyToOutputDirectoryItems 目标):

__________________________________________________
项目“J:\Code\Kernel_v2\build\b4-debug\ock_ControlProtocol.vcxproj”正在生成“J:\Code\Kernel_v2\build\b4-debug\ock_Data.vcxproj”(GetCopyToOutputDirectoryItems 目标):

__________________________________________________
项目“J:\Code\Kernel_v2\build\b4-debug\ock_Data.vcxproj”正在生成“J:\Code\Kernel_v2\build\b4-debug\ock_Control.vcxproj”(默认目标):

__________________________________________________
项目“J:\Code\Kernel_v2\build\b4-debug\ock_Control.vcxproj”正在生成“J:\Code\Kernel_v2\build\b4-debug\ZERO_CHECK.vcxproj”(默认目标):

__________________________________________________
项目“J:\Code\Kernel_v2\build\b4-debug\ZERO_CHECK.vcxproj”正在生成“J:\Code\Kernel_v2\build\b4-debug\ock_ControlProtocol.vcxproj”(默认目标):

__________________________________________________
项目“J:\Code\Kernel_v2\build\b4-debug\ock_ControlProtocol.vcxproj”正在生成“J:\Code\Kernel_v2\build\b4-debug\ock_Data.vcxproj”(默认目标):

__________________________________________________
项目“J:\Code\Kernel_v2\build\b4-debug\ock_Data.vcxproj”正在生成“J:\Code\Kernel_v2\build\b4-debug\ock_Dynamic.vcxproj”(默认目标):

__________________________________________________
项目“J:\Code\Kernel_v2\build\b4-debug\ock_Dynamic.vcxproj”正在生成“J:\Code\Kernel_v2\build\b4-debug\ZERO_CHECK.vcxproj”(默认目标):

__________________________________________________
项目“J:\Code\Kernel_v2\build\b4-debug\ZERO_CHECK.vcxproj”正在生成“J:\Code\Kernel_v2\build\b4-debug\ock_Data.vcxproj”(默认目标):

__________________________________________________
项目“J:\Code\Kernel_v2\build\b4-debug\ock_Data.vcxproj”正在生成“J:\Code\Kernel_v2\build\b4-debug\ock_Runtime.vcxproj”(默认目标):

__________________________________________________
项目“J:\Code\Kernel_v2\build\b4-debug\ock_Runtime.vcxproj”正在生成“J:\Code\Kernel_v2\build\b4-debug\ZERO_CHECK.vcxproj”(默认目标):

__________________________________________________
项目“J:\Code\Kernel_v2\build\b4-debug\ZERO_CHECK.vcxproj”正在生成“J:\Code\Kernel_v2\build\b4-debug\ZERO_CHECK.vcxproj”(GetNativeManifest 目标):

__________________________________________________
项目“J:\Code\Kernel_v2\build\b4-debug\ZERO_CHECK.vcxproj”正在生成“J:\Code\Kernel_v2\build\b4-debug\ZERO_CHECK.vcxproj”(GetProjectInfoForReference 目标):

ock_Runtime.vcxproj -> J:\Code\Kernel_v2\build\b4-debug\Debug\ock_Runtime.lib
__________________________________________________
项目“J:\Code\Kernel_v2\build\b4-debug\ZERO_CHECK.vcxproj”正在生成“J:\Code\Kernel_v2\build\b4-debug\ZERO_CHECK.vcxproj”(GetCopyToOutputDirectoryItems 目标):

__________________________________________________
项目“J:\Code\Kernel_v2\build\b4-debug\ZERO_CHECK.vcxproj”正在生成“J:\Code\Kernel_v2\build\b4-debug\ock_Runtime.vcxproj”(默认目标):

__________________________________________________
项目“J:\Code\Kernel_v2\build\b4-debug\ock_Runtime.vcxproj”正在生成“J:\Code\Kernel_v2\build\b4-debug\ock_Runtime.vcxproj”(默认目标):

__________________________________________________
项目“J:\Code\Kernel_v2\build\b4-debug\ock_Runtime.vcxproj”正在生成“J:\Code\Kernel_v2\build\b4-debug\ZERO_CHECK.vcxproj”(GetNativeManifest 目标):

__________________________________________________
项目“J:\Code\Kernel_v2\build\b4-debug\ZERO_CHECK.vcxproj”正在生成“J:\Code\Kernel_v2\build\b4-debug\ock_Data.vcxproj”(GetNativeManifest 目标):

__________________________________________________
项目“J:\Code\Kernel_v2\build\b4-debug\ock_Data.vcxproj”正在生成“J:\Code\Kernel_v2\build\b4-debug\ock_Runtime.vcxproj”(GetNativeManifest 目标):

__________________________________________________
项目“J:\Code\Kernel_v2\build\b4-debug\ock_Runtime.vcxproj”正在生成“J:\Code\Kernel_v2\build\b4-debug\ZERO_CHECK.vcxproj”(GetProjectInfoForReference 目标):

__________________________________________________
项目“J:\Code\Kernel_v2\build\b4-debug\ZERO_CHECK.vcxproj”正在生成“J:\Code\Kernel_v2\build\b4-debug\ock_Data.vcxproj”(GetProjectInfoForReference 目标):

__________________________________________________
项目“J:\Code\Kernel_v2\build\b4-debug\ock_Data.vcxproj”正在生成“J:\Code\Kernel_v2\build\b4-debug\ock_Runtime.vcxproj”(GetProjectInfoForReference 目标):

ock_Dynamic.vcxproj -> J:\Code\Kernel_v2\build\b4-debug\Debug\ock_Dynamic.lib
__________________________________________________
项目“J:\Code\Kernel_v2\build\b4-debug\ock_Runtime.vcxproj”正在生成“J:\Code\Kernel_v2\build\b4-debug\ZERO_CHECK.vcxproj”(GetCopyToOutputDirectoryItems 目标):

__________________________________________________
项目“J:\Code\Kernel_v2\build\b4-debug\ZERO_CHECK.vcxproj”正在生成“J:\Code\Kernel_v2\build\b4-debug\ock_Data.vcxproj”(GetCopyToOutputDirectoryItems 目标):

__________________________________________________
项目“J:\Code\Kernel_v2\build\b4-debug\ock_Data.vcxproj”正在生成“J:\Code\Kernel_v2\build\b4-debug\ock_Runtime.vcxproj”(GetCopyToOutputDirectoryItems 目标):

__________________________________________________
项目“J:\Code\Kernel_v2\build\b4-debug\ock_Runtime.vcxproj”正在生成“J:\Code\Kernel_v2\build\b4-debug\ock_Dynamic.vcxproj”(默认目标):

__________________________________________________
项目“J:\Code\Kernel_v2\build\b4-debug\ock_Dynamic.vcxproj”正在生成“J:\Code\Kernel_v2\build\b4-debug\ZERO_CHECK.vcxproj”(GetNativeManifest 目标):

__________________________________________________
项目“J:\Code\Kernel_v2\build\b4-debug\ZERO_CHECK.vcxproj”正在生成“J:\Code\Kernel_v2\build\b4-debug\ock_ControlProtocol.vcxproj”(GetNativeManifest 目标):

__________________________________________________
项目“J:\Code\Kernel_v2\build\b4-debug\ock_ControlProtocol.vcxproj”正在生成“J:\Code\Kernel_v2\build\b4-debug\ock_Data.vcxproj”(GetNativeManifest 目标):

__________________________________________________
项目“J:\Code\Kernel_v2\build\b4-debug\ock_Data.vcxproj”正在生成“J:\Code\Kernel_v2\build\b4-debug\ock_Runtime.vcxproj”(GetNativeManifest 目标):

__________________________________________________
项目“J:\Code\Kernel_v2\build\b4-debug\ock_Runtime.vcxproj”正在生成“J:\Code\Kernel_v2\build\b4-debug\ock_Dynamic.vcxproj”(GetNativeManifest 目标):

__________________________________________________
项目“J:\Code\Kernel_v2\build\b4-debug\ock_Dynamic.vcxproj”正在生成“J:\Code\Kernel_v2\build\b4-debug\ZERO_CHECK.vcxproj”(GetProjectInfoForReference 目标):

__________________________________________________
项目“J:\Code\Kernel_v2\build\b4-debug\ZERO_CHECK.vcxproj”正在生成“J:\Code\Kernel_v2\build\b4-debug\ock_ControlProtocol.vcxproj”(GetProjectInfoForReference 目标):

__________________________________________________
项目“J:\Code\Kernel_v2\build\b4-debug\ock_ControlProtocol.vcxproj”正在生成“J:\Code\Kernel_v2\build\b4-debug\ock_Data.vcxproj”(GetProjectInfoForReference 目标):

__________________________________________________
项目“J:\Code\Kernel_v2\build\b4-debug\ock_Data.vcxproj”正在生成“J:\Code\Kernel_v2\build\b4-debug\ock_Runtime.vcxproj”(GetProjectInfoForReference 目标):

__________________________________________________
项目“J:\Code\Kernel_v2\build\b4-debug\ock_Runtime.vcxproj”正在生成“J:\Code\Kernel_v2\build\b4-debug\ock_Dynamic.vcxproj”(GetProjectInfoForReference 目标):

ock_Control.vcxproj -> J:\Code\Kernel_v2\build\b4-debug\Debug\ock_Control.lib
__________________________________________________
项目“J:\Code\Kernel_v2\build\b4-debug\ock_Dynamic.vcxproj”正在生成“J:\Code\Kernel_v2\build\b4-debug\ZERO_CHECK.vcxproj”(GetCopyToOutputDirectoryItems 目标):

__________________________________________________
项目“J:\Code\Kernel_v2\build\b4-debug\ZERO_CHECK.vcxproj”正在生成“J:\Code\Kernel_v2\build\b4-debug\ock_ControlProtocol.vcxproj”(GetCopyToOutputDirectoryItems 目标):

__________________________________________________
项目“J:\Code\Kernel_v2\build\b4-debug\ock_ControlProtocol.vcxproj”正在生成“J:\Code\Kernel_v2\build\b4-debug\ock_Data.vcxproj”(GetCopyToOutputDirectoryItems 目标):

__________________________________________________
项目“J:\Code\Kernel_v2\build\b4-debug\ock_Data.vcxproj”正在生成“J:\Code\Kernel_v2\build\b4-debug\ock_Dynamic.vcxproj”(GetCopyToOutputDirectoryItems 目标):

__________________________________________________
项目“J:\Code\Kernel_v2\build\b4-debug\ock_Dynamic.vcxproj”正在生成“J:\Code\Kernel_v2\build\b4-debug\ock_Runtime.vcxproj”(GetCopyToOutputDirectoryItems 目标):

__________________________________________________
项目“J:\Code\Kernel_v2\build\b4-debug\ock_Runtime.vcxproj”正在生成“J:\Code\Kernel_v2\build\b4-debug\ZERO_CHECK.vcxproj”(GetNativeManifest 目标):

__________________________________________________
项目“J:\Code\Kernel_v2\build\b4-debug\ZERO_CHECK.vcxproj”正在生成“J:\Code\Kernel_v2\build\b4-debug\ock_ControlProtocol.vcxproj”(GetNativeManifest 目标):

__________________________________________________
项目“J:\Code\Kernel_v2\build\b4-debug\ock_ControlProtocol.vcxproj”正在生成“J:\Code\Kernel_v2\build\b4-debug\ock_Data.vcxproj”(GetNativeManifest 目标):

__________________________________________________
项目“J:\Code\Kernel_v2\build\b4-debug\ock_Data.vcxproj”正在生成“J:\Code\Kernel_v2\build\b4-debug\ock_Dynamic.vcxproj”(GetNativeManifest 目标):

__________________________________________________
项目“J:\Code\Kernel_v2\build\b4-debug\ock_Dynamic.vcxproj”正在生成“J:\Code\Kernel_v2\build\b4-debug\ock_Runtime.vcxproj”(GetNativeManifest 目标):

__________________________________________________
项目“J:\Code\Kernel_v2\build\b4-debug\ock_Runtime.vcxproj”正在生成“J:\Code\Kernel_v2\build\b4-debug\ock_Adapter_CpuPool.vcxproj”(GetNativeManifest 目标):

__________________________________________________
项目“J:\Code\Kernel_v2\build\b4-debug\ock_Adapter_CpuPool.vcxproj”正在生成“J:\Code\Kernel_v2\build\b4-debug\ock_Adapter_LocalIPC.vcxproj”(GetNativeManifest 目标):

__________________________________________________
项目“J:\Code\Kernel_v2\build\b4-debug\ock_Adapter_LocalIPC.vcxproj”正在生成“J:\Code\Kernel_v2\build\b4-debug\ock_Control.vcxproj”(GetNativeManifest 目标):

Building Custom Rule J:/Code/Kernel_v2/examples/managed_service/CMakeLists.txt
__________________________________________________
项目“J:\Code\Kernel_v2\build\b4-debug\ock_Control.vcxproj”正在生成“J:\Code\Kernel_v2\build\b4-debug\ZERO_CHECK.vcxproj”(GetProjectInfoForReference 目标):

__________________________________________________
项目“J:\Code\Kernel_v2\build\b4-debug\ZERO_CHECK.vcxproj”正在生成“J:\Code\Kernel_v2\build\b4-debug\ock_ControlProtocol.vcxproj”(GetProjectInfoForReference 目标):

__________________________________________________
项目“J:\Code\Kernel_v2\build\b4-debug\ock_ControlProtocol.vcxproj”正在生成“J:\Code\Kernel_v2\build\b4-debug\ock_Data.vcxproj”(GetProjectInfoForReference 目标):

__________________________________________________
项目“J:\Code\Kernel_v2\build\b4-debug\ock_Data.vcxproj”正在生成“J:\Code\Kernel_v2\build\b4-debug\ock_Dynamic.vcxproj”(GetProjectInfoForReference 目标):

__________________________________________________
项目“J:\Code\Kernel_v2\build\b4-debug\ock_Dynamic.vcxproj”正在生成“J:\Code\Kernel_v2\build\b4-debug\ock_Runtime.vcxproj”(GetProjectInfoForReference 目标):

__________________________________________________
项目“J:\Code\Kernel_v2\build\b4-debug\ock_Runtime.vcxproj”正在生成“J:\Code\Kernel_v2\build\b4-debug\ock_Adapter_CpuPool.vcxproj”(GetProjectInfoForReference 目标):

__________________________________________________
项目“J:\Code\Kernel_v2\build\b4-debug\ock_Adapter_CpuPool.vcxproj”正在生成“J:\Code\Kernel_v2\build\b4-debug\ock_Adapter_LocalIPC.vcxproj”(GetProjectInfoForReference 目标):

__________________________________________________
项目“J:\Code\Kernel_v2\build\b4-debug\ock_Adapter_LocalIPC.vcxproj”正在生成“J:\Code\Kernel_v2\build\b4-debug\ock_Control.vcxproj”(GetProjectInfoForReference 目标):

J:/Code/Kernel_v2/build/msvc-validation/e8697b7e3597a578/bin/CL.exe /c /IJ:\Code\Kernel_v2\packages\control\server\include /IJ:\Code\Kernel_v2\packages\runtime\include /IJ:\Code\Kernel_v2\packages\contracts\include /IJ:\Code\Kernel_v2\packages\foundation\include /IJ:\Code\Kernel_v2\packages\dynamic\include /IJ:\Code\Kernel_v2\packages\dynamic\data\include /IJ:\Code\Kernel_v2\packages\control\protocol\include /IJ:\Code\Kernel_v2\packages\adapters\local_ipc\include /IJ:\Code\Kernel_v2\packages\adapters\cpu_pool\include /Z7 /nologo /W1 /WX- /diagnostics:column /Od /Ob0 /D _MBCS /D WIN32 /D _WINDOWS /D "CMAKE_INTDIR=\"Debug\"" /EHsc /RTC1 /MDd /GS /fp:precise /Zc:wchar_t /Zc:forScope /Zc:inline /std:c++20 /permissive- /Fo"ock_managed_service.dir\Debug\\" /Fd"ock_managed_service.dir\Debug\vc143.pdb" /external:W0 /Gd /TP /errorReport:queue  /external:I "J:/Code/Kernel_v2/build/d0.06-a/cache/sources/expected-fe3b18aecb84/include" /utf-8 /Zc:__cplusplus J:\Code\Kernel_v2\examples\managed_service\main.cpp J:\Code\Kernel_v2\examples\managed_service\service.cpp
main.cpp
service.cpp
正在生成代码...
J:/Code/Kernel_v2/build/msvc-validation/e8697b7e3597a578/bin/link.exe /ERRORREPORT:QUEUE /OUT:"J:\Code\Kernel_v2\build\b4-debug\examples\managed_service\Debug\ock_managed_service.exe" /INCREMENTAL /ILK:"ock_managed_service.dir\Debug\ock_managed_service.ilk" /NOLOGO ..\..\Debug\ock_Control.lib ..\..\Debug\ock_Adapter_LocalIPC.lib ..\..\Debug\ock_Adapter_CpuPool.lib ..\..\Debug\ock_Dynamic.lib ..\..\Debug\ock_Runtime.lib bcrypt.lib ..\..\Debug\ock_ControlProtocol.lib ..\..\Debug\ock_Data.lib advapi32.lib kernel32.lib user32.lib gdi32.lib winspool.lib shell32.lib ole32.lib oleaut32.lib uuid.lib comdlg32.lib advapi32.lib /MANIFEST /MANIFESTUAC:"level='asInvoker' uiAccess='false'" /manifest:embed /DEBUG /PDB:"J:/Code/Kernel_v2/build/b4-debug/examples/managed_service/Debug/ock_managed_service.pdb" /SUBSYSTEM:CONSOLE /TLBID:1 /DYNAMICBASE /NXCOMPAT /IMPLIB:"J:/Code/Kernel_v2/build/b4-debug/examples/managed_service/Debug/ock_managed_service.lib" /MACHINE:X64  /machine:x64 ock_managed_service.dir\Debug\main.obj
ock_managed_service.dir\Debug\service.obj
ock_managed_service.vcxproj -> J:\Code\Kernel_v2\build\b4-debug\examples\managed_service\Debug\ock_managed_service.exe
适用于 .NET Framework MSBuild 版本 17.14.23+b0019275e

__________________________________________________
项目“J:\Code\Kernel_v2\build\b4-debug\apps\ock\ock.vcxproj”(默认目标):

__________________________________________________
项目“J:\Code\Kernel_v2\build\b4-debug\apps\ock\ock.vcxproj”正在生成“J:\Code\Kernel_v2\build\b4-debug\ZERO_CHECK.vcxproj”(默认目标):

__________________________________________________
项目“J:\Code\Kernel_v2\build\b4-debug\ZERO_CHECK.vcxproj”正在生成“J:\Code\Kernel_v2\build\b4-debug\ock_Adapter_LocalIPC.vcxproj”(默认目标):

__________________________________________________
项目“J:\Code\Kernel_v2\build\b4-debug\ock_Adapter_LocalIPC.vcxproj”正在生成“J:\Code\Kernel_v2\build\b4-debug\ZERO_CHECK.vcxproj”(默认目标):

__________________________________________________
项目“J:\Code\Kernel_v2\build\b4-debug\ZERO_CHECK.vcxproj”正在生成“J:\Code\Kernel_v2\build\b4-debug\ock_ControlProtocol.vcxproj”(默认目标):

__________________________________________________
项目“J:\Code\Kernel_v2\build\b4-debug\ock_ControlProtocol.vcxproj”正在生成“J:\Code\Kernel_v2\build\b4-debug\ZERO_CHECK.vcxproj”(默认目标):

__________________________________________________
项目“J:\Code\Kernel_v2\build\b4-debug\ZERO_CHECK.vcxproj”正在生成“J:\Code\Kernel_v2\build\b4-debug\ock_Data.vcxproj”(默认目标):

__________________________________________________
项目“J:\Code\Kernel_v2\build\b4-debug\ock_Data.vcxproj”正在生成“J:\Code\Kernel_v2\build\b4-debug\ZERO_CHECK.vcxproj”(默认目标):

__________________________________________________
项目“J:\Code\Kernel_v2\build\b4-debug\ZERO_CHECK.vcxproj”正在生成“J:\Code\Kernel_v2\build\b4-debug\ZERO_CHECK.vcxproj”(GetNativeManifest 目标):

__________________________________________________
项目“J:\Code\Kernel_v2\build\b4-debug\ZERO_CHECK.vcxproj”正在生成“J:\Code\Kernel_v2\build\b4-debug\ZERO_CHECK.vcxproj”(GetProjectInfoForReference 目标):

ock_Data.vcxproj -> J:\Code\Kernel_v2\build\b4-debug\Debug\ock_Data.lib
__________________________________________________
项目“J:\Code\Kernel_v2\build\b4-debug\ZERO_CHECK.vcxproj”正在生成“J:\Code\Kernel_v2\build\b4-debug\ZERO_CHECK.vcxproj”(GetCopyToOutputDirectoryItems 目标):

__________________________________________________
项目“J:\Code\Kernel_v2\build\b4-debug\ZERO_CHECK.vcxproj”正在生成“J:\Code\Kernel_v2\build\b4-debug\ock_Data.vcxproj”(默认目标):

__________________________________________________
项目“J:\Code\Kernel_v2\build\b4-debug\ock_Data.vcxproj”正在生成“J:\Code\Kernel_v2\build\b4-debug\ock_Data.vcxproj”(默认目标):

__________________________________________________
项目“J:\Code\Kernel_v2\build\b4-debug\ock_Data.vcxproj”正在生成“J:\Code\Kernel_v2\build\b4-debug\ZERO_CHECK.vcxproj”(GetNativeManifest 目标):

__________________________________________________
项目“J:\Code\Kernel_v2\build\b4-debug\ZERO_CHECK.vcxproj”正在生成“J:\Code\Kernel_v2\build\b4-debug\ock_Data.vcxproj”(GetNativeManifest 目标):

__________________________________________________
项目“J:\Code\Kernel_v2\build\b4-debug\ock_Data.vcxproj”正在生成“J:\Code\Kernel_v2\build\b4-debug\ZERO_CHECK.vcxproj”(GetProjectInfoForReference 目标):

__________________________________________________
项目“J:\Code\Kernel_v2\build\b4-debug\ZERO_CHECK.vcxproj”正在生成“J:\Code\Kernel_v2\build\b4-debug\ock_Data.vcxproj”(GetProjectInfoForReference 目标):

ock_ControlProtocol.vcxproj -> J:\Code\Kernel_v2\build\b4-debug\Debug\ock_ControlProtocol.lib
__________________________________________________
项目“J:\Code\Kernel_v2\build\b4-debug\ock_Data.vcxproj”正在生成“J:\Code\Kernel_v2\build\b4-debug\ZERO_CHECK.vcxproj”(GetCopyToOutputDirectoryItems 目标):

__________________________________________________
项目“J:\Code\Kernel_v2\build\b4-debug\ZERO_CHECK.vcxproj”正在生成“J:\Code\Kernel_v2\build\b4-debug\ock_Data.vcxproj”(GetCopyToOutputDirectoryItems 目标):

__________________________________________________
项目“J:\Code\Kernel_v2\build\b4-debug\ock_Data.vcxproj”正在生成“J:\Code\Kernel_v2\build\b4-debug\ock_ControlProtocol.vcxproj”(默认目标):

__________________________________________________
项目“J:\Code\Kernel_v2\build\b4-debug\ock_ControlProtocol.vcxproj”正在生成“J:\Code\Kernel_v2\build\b4-debug\ZERO_CHECK.vcxproj”(GetNativeManifest 目标):

__________________________________________________
项目“J:\Code\Kernel_v2\build\b4-debug\ZERO_CHECK.vcxproj”正在生成“J:\Code\Kernel_v2\build\b4-debug\ock_Data.vcxproj”(GetNativeManifest 目标):

__________________________________________________
项目“J:\Code\Kernel_v2\build\b4-debug\ock_Data.vcxproj”正在生成“J:\Code\Kernel_v2\build\b4-debug\ock_ControlProtocol.vcxproj”(GetNativeManifest 目标):

__________________________________________________
项目“J:\Code\Kernel_v2\build\b4-debug\ock_ControlProtocol.vcxproj”正在生成“J:\Code\Kernel_v2\build\b4-debug\ZERO_CHECK.vcxproj”(GetProjectInfoForReference 目标):

__________________________________________________
项目“J:\Code\Kernel_v2\build\b4-debug\ZERO_CHECK.vcxproj”正在生成“J:\Code\Kernel_v2\build\b4-debug\ock_Data.vcxproj”(GetProjectInfoForReference 目标):

__________________________________________________
项目“J:\Code\Kernel_v2\build\b4-debug\ock_Data.vcxproj”正在生成“J:\Code\Kernel_v2\build\b4-debug\ock_ControlProtocol.vcxproj”(GetProjectInfoForReference 目标):

ock_Adapter_LocalIPC.vcxproj -> J:\Code\Kernel_v2\build\b4-debug\Debug\ock_Adapter_LocalIPC.lib
__________________________________________________
项目“J:\Code\Kernel_v2\build\b4-debug\ock_ControlProtocol.vcxproj”正在生成“J:\Code\Kernel_v2\build\b4-debug\ZERO_CHECK.vcxproj”(GetCopyToOutputDirectoryItems 目标):

__________________________________________________
项目“J:\Code\Kernel_v2\build\b4-debug\ZERO_CHECK.vcxproj”正在生成“J:\Code\Kernel_v2\build\b4-debug\ock_ControlProtocol.vcxproj”(GetCopyToOutputDirectoryItems 目标):

__________________________________________________
项目“J:\Code\Kernel_v2\build\b4-debug\ock_ControlProtocol.vcxproj”正在生成“J:\Code\Kernel_v2\build\b4-debug\ock_Data.vcxproj”(GetCopyToOutputDirectoryItems 目标):

__________________________________________________
项目“J:\Code\Kernel_v2\build\b4-debug\ock_Data.vcxproj”正在生成“J:\Code\Kernel_v2\build\b4-debug\ock_ControlClient.vcxproj”(默认目标):

__________________________________________________
项目“J:\Code\Kernel_v2\build\b4-debug\ock_ControlClient.vcxproj”正在生成“J:\Code\Kernel_v2\build\b4-debug\ZERO_CHECK.vcxproj”(默认目标):

__________________________________________________
项目“J:\Code\Kernel_v2\build\b4-debug\ZERO_CHECK.vcxproj”正在生成“J:\Code\Kernel_v2\build\b4-debug\ock_ControlProtocol.vcxproj”(默认目标):

__________________________________________________
项目“J:\Code\Kernel_v2\build\b4-debug\ock_ControlProtocol.vcxproj”正在生成“J:\Code\Kernel_v2\build\b4-debug\ock_Data.vcxproj”(默认目标):

__________________________________________________
项目“J:\Code\Kernel_v2\build\b4-debug\ock_Data.vcxproj”正在生成“J:\Code\Kernel_v2\build\b4-debug\ZERO_CHECK.vcxproj”(GetNativeManifest 目标):

__________________________________________________
项目“J:\Code\Kernel_v2\build\b4-debug\ZERO_CHECK.vcxproj”正在生成“J:\Code\Kernel_v2\build\b4-debug\ock_ControlProtocol.vcxproj”(GetNativeManifest 目标):

__________________________________________________
项目“J:\Code\Kernel_v2\build\b4-debug\ock_ControlProtocol.vcxproj”正在生成“J:\Code\Kernel_v2\build\b4-debug\ock_Data.vcxproj”(GetNativeManifest 目标):

__________________________________________________
项目“J:\Code\Kernel_v2\build\b4-debug\ock_Data.vcxproj”正在生成“J:\Code\Kernel_v2\build\b4-debug\ZERO_CHECK.vcxproj”(GetProjectInfoForReference 目标):

__________________________________________________
项目“J:\Code\Kernel_v2\build\b4-debug\ZERO_CHECK.vcxproj”正在生成“J:\Code\Kernel_v2\build\b4-debug\ock_ControlProtocol.vcxproj”(GetProjectInfoForReference 目标):

__________________________________________________
项目“J:\Code\Kernel_v2\build\b4-debug\ock_ControlProtocol.vcxproj”正在生成“J:\Code\Kernel_v2\build\b4-debug\ock_Data.vcxproj”(GetProjectInfoForReference 目标):

ock_ControlClient.vcxproj -> J:\Code\Kernel_v2\build\b4-debug\Debug\ock_ControlClient.lib
__________________________________________________
项目“J:\Code\Kernel_v2\build\b4-debug\ock_Data.vcxproj”正在生成“J:\Code\Kernel_v2\build\b4-debug\ZERO_CHECK.vcxproj”(GetCopyToOutputDirectoryItems 目标):

__________________________________________________
项目“J:\Code\Kernel_v2\build\b4-debug\ZERO_CHECK.vcxproj”正在生成“J:\Code\Kernel_v2\build\b4-debug\ock_ControlProtocol.vcxproj”(GetCopyToOutputDirectoryItems 目标):

__________________________________________________
项目“J:\Code\Kernel_v2\build\b4-debug\ock_ControlProtocol.vcxproj”正在生成“J:\Code\Kernel_v2\build\b4-debug\ock_Data.vcxproj”(GetCopyToOutputDirectoryItems 目标):

__________________________________________________
项目“J:\Code\Kernel_v2\build\b4-debug\ock_Data.vcxproj”正在生成“J:\Code\Kernel_v2\build\b4-debug\ZERO_CHECK.vcxproj”(GetNativeManifest 目标):

__________________________________________________
项目“J:\Code\Kernel_v2\build\b4-debug\ZERO_CHECK.vcxproj”正在生成“J:\Code\Kernel_v2\build\b4-debug\ock_ControlProtocol.vcxproj”(GetNativeManifest 目标):

__________________________________________________
项目“J:\Code\Kernel_v2\build\b4-debug\ock_ControlProtocol.vcxproj”正在生成“J:\Code\Kernel_v2\build\b4-debug\ock_Data.vcxproj”(GetNativeManifest 目标):

__________________________________________________
项目“J:\Code\Kernel_v2\build\b4-debug\ock_Data.vcxproj”正在生成“J:\Code\Kernel_v2\build\b4-debug\ock_Adapter_LocalIPC.vcxproj”(GetNativeManifest 目标):

__________________________________________________
项目“J:\Code\Kernel_v2\build\b4-debug\ock_Adapter_LocalIPC.vcxproj”正在生成“J:\Code\Kernel_v2\build\b4-debug\ock_ControlClient.vcxproj”(GetNativeManifest 目标):

__________________________________________________
项目“J:\Code\Kernel_v2\build\b4-debug\ock_ControlClient.vcxproj”正在生成“J:\Code\Kernel_v2\build\b4-debug\ZERO_CHECK.vcxproj”(GetProjectInfoForReference 目标):

__________________________________________________
项目“J:\Code\Kernel_v2\build\b4-debug\ZERO_CHECK.vcxproj”正在生成“J:\Code\Kernel_v2\build\b4-debug\ock_ControlProtocol.vcxproj”(GetProjectInfoForReference 目标):

__________________________________________________
项目“J:\Code\Kernel_v2\build\b4-debug\ock_ControlProtocol.vcxproj”正在生成“J:\Code\Kernel_v2\build\b4-debug\ock_Data.vcxproj”(GetProjectInfoForReference 目标):

__________________________________________________
项目“J:\Code\Kernel_v2\build\b4-debug\ock_Data.vcxproj”正在生成“J:\Code\Kernel_v2\build\b4-debug\ock_Adapter_LocalIPC.vcxproj”(GetProjectInfoForReference 目标):

__________________________________________________
项目“J:\Code\Kernel_v2\build\b4-debug\ock_Adapter_LocalIPC.vcxproj”正在生成“J:\Code\Kernel_v2\build\b4-debug\ock_ControlClient.vcxproj”(GetProjectInfoForReference 目标):

J:/Code/Kernel_v2/build/msvc-validation/e8697b7e3597a578/bin/CL.exe /c /IJ:\Code\Kernel_v2\packages\control\client\include /IJ:\Code\Kernel_v2\packages\control\protocol\include /IJ:\Code\Kernel_v2\packages\contracts\include /IJ:\Code\Kernel_v2\packages\foundation\include /IJ:\Code\Kernel_v2\packages\dynamic\data\include /IJ:\Code\Kernel_v2\packages\adapters\local_ipc\include /Z7 /nologo /W1 /WX- /diagnostics:column /Od /Ob0 /D _MBCS /D WIN32 /D _WINDOWS /D "CMAKE_INTDIR=\"Debug\"" /EHsc /RTC1 /MDd /GS /fp:precise /Zc:wchar_t /Zc:forScope /Zc:inline /std:c++20 /permissive- /Fo"ock.dir\Debug\\" /Fd"ock.dir\Debug\vc143.pdb" /external:W0 /Gd /TP /errorReport:queue  /external:I "J:/Code/Kernel_v2/build/d0.06-a/cache/sources/cli11-c91e8768600e/include" /external:I "J:/Code/Kernel_v2/build/d0.06-a/cache/sources/expected-fe3b18aecb84/include" /utf-8 /Zc:__cplusplus J:\Code\Kernel_v2\apps\ock\main.cpp
main.cpp
J:/Code/Kernel_v2/build/msvc-validation/e8697b7e3597a578/bin/link.exe /ERRORREPORT:QUEUE /OUT:"J:\Code\Kernel_v2\build\b4-debug\apps\ock\Debug\ock.exe" /INCREMENTAL /ILK:"ock.dir\Debug\ock.ilk" /NOLOGO ..\..\Debug\ock_ControlClient.lib ..\..\Debug\ock_Adapter_LocalIPC.lib bcrypt.lib ..\..\Debug\ock_ControlProtocol.lib ..\..\Debug\ock_Data.lib advapi32.lib kernel32.lib user32.lib gdi32.lib winspool.lib shell32.lib ole32.lib oleaut32.lib uuid.lib comdlg32.lib advapi32.lib /MANIFEST /MANIFESTUAC:"level='asInvoker' uiAccess='false'" /manifest:embed /DEBUG /PDB:"J:/Code/Kernel_v2/build/b4-debug/apps/ock/Debug/ock.pdb" /MAP /SUBSYSTEM:CONSOLE /TLBID:1 /DYNAMICBASE /NXCOMPAT /IMPLIB:"J:/Code/Kernel_v2/build/b4-debug/apps/ock/Debug/ock.lib" /MACHINE:X64  /machine:x64 ock.dir\Debug\main.obj
ock.vcxproj -> J:\Code\Kernel_v2\build\b4-debug\apps\ock\Debug\ock.exe
适用于 .NET Framework MSBuild 版本 17.14.23+b0019275e

__________________________________________________
项目“J:\Code\Kernel_v2\build\b4-debug\tests\integration\windows_ipc\ock_ipc_peer.vcxproj”(默认目标):

__________________________________________________
项目“J:\Code\Kernel_v2\build\b4-debug\tests\integration\windows_ipc\ock_ipc_peer.vcxproj”正在生成“J:\Code\Kernel_v2\build\b4-debug\ZERO_CHECK.vcxproj”(默认目标):

__________________________________________________
项目“J:\Code\Kernel_v2\build\b4-debug\ZERO_CHECK.vcxproj”正在生成“J:\Code\Kernel_v2\build\b4-debug\ock_Adapter_LocalIPC.vcxproj”(默认目标):

__________________________________________________
项目“J:\Code\Kernel_v2\build\b4-debug\ock_Adapter_LocalIPC.vcxproj”正在生成“J:\Code\Kernel_v2\build\b4-debug\ZERO_CHECK.vcxproj”(默认目标):

__________________________________________________
项目“J:\Code\Kernel_v2\build\b4-debug\ZERO_CHECK.vcxproj”正在生成“J:\Code\Kernel_v2\build\b4-debug\ock_ControlProtocol.vcxproj”(默认目标):

__________________________________________________
项目“J:\Code\Kernel_v2\build\b4-debug\ock_ControlProtocol.vcxproj”正在生成“J:\Code\Kernel_v2\build\b4-debug\ZERO_CHECK.vcxproj”(默认目标):

__________________________________________________
项目“J:\Code\Kernel_v2\build\b4-debug\ZERO_CHECK.vcxproj”正在生成“J:\Code\Kernel_v2\build\b4-debug\ock_Data.vcxproj”(默认目标):

__________________________________________________
项目“J:\Code\Kernel_v2\build\b4-debug\ock_Data.vcxproj”正在生成“J:\Code\Kernel_v2\build\b4-debug\ZERO_CHECK.vcxproj”(默认目标):

__________________________________________________
项目“J:\Code\Kernel_v2\build\b4-debug\ZERO_CHECK.vcxproj”正在生成“J:\Code\Kernel_v2\build\b4-debug\ZERO_CHECK.vcxproj”(GetNativeManifest 目标):

__________________________________________________
项目“J:\Code\Kernel_v2\build\b4-debug\ZERO_CHECK.vcxproj”正在生成“J:\Code\Kernel_v2\build\b4-debug\ZERO_CHECK.vcxproj”(GetProjectInfoForReference 目标):

ock_Data.vcxproj -> J:\Code\Kernel_v2\build\b4-debug\Debug\ock_Data.lib
__________________________________________________
项目“J:\Code\Kernel_v2\build\b4-debug\ZERO_CHECK.vcxproj”正在生成“J:\Code\Kernel_v2\build\b4-debug\ZERO_CHECK.vcxproj”(GetCopyToOutputDirectoryItems 目标):

__________________________________________________
项目“J:\Code\Kernel_v2\build\b4-debug\ZERO_CHECK.vcxproj”正在生成“J:\Code\Kernel_v2\build\b4-debug\ock_Data.vcxproj”(默认目标):

__________________________________________________
项目“J:\Code\Kernel_v2\build\b4-debug\ock_Data.vcxproj”正在生成“J:\Code\Kernel_v2\build\b4-debug\ock_Data.vcxproj”(默认目标):

__________________________________________________
项目“J:\Code\Kernel_v2\build\b4-debug\ock_Data.vcxproj”正在生成“J:\Code\Kernel_v2\build\b4-debug\ZERO_CHECK.vcxproj”(GetNativeManifest 目标):

__________________________________________________
项目“J:\Code\Kernel_v2\build\b4-debug\ZERO_CHECK.vcxproj”正在生成“J:\Code\Kernel_v2\build\b4-debug\ock_Data.vcxproj”(GetNativeManifest 目标):

__________________________________________________
项目“J:\Code\Kernel_v2\build\b4-debug\ock_Data.vcxproj”正在生成“J:\Code\Kernel_v2\build\b4-debug\ZERO_CHECK.vcxproj”(GetProjectInfoForReference 目标):

__________________________________________________
项目“J:\Code\Kernel_v2\build\b4-debug\ZERO_CHECK.vcxproj”正在生成“J:\Code\Kernel_v2\build\b4-debug\ock_Data.vcxproj”(GetProjectInfoForReference 目标):

ock_ControlProtocol.vcxproj -> J:\Code\Kernel_v2\build\b4-debug\Debug\ock_ControlProtocol.lib
__________________________________________________
项目“J:\Code\Kernel_v2\build\b4-debug\ock_Data.vcxproj”正在生成“J:\Code\Kernel_v2\build\b4-debug\ZERO_CHECK.vcxproj”(GetCopyToOutputDirectoryItems 目标):

__________________________________________________
项目“J:\Code\Kernel_v2\build\b4-debug\ZERO_CHECK.vcxproj”正在生成“J:\Code\Kernel_v2\build\b4-debug\ock_Data.vcxproj”(GetCopyToOutputDirectoryItems 目标):

__________________________________________________
项目“J:\Code\Kernel_v2\build\b4-debug\ock_Data.vcxproj”正在生成“J:\Code\Kernel_v2\build\b4-debug\ock_ControlProtocol.vcxproj”(默认目标):

__________________________________________________
项目“J:\Code\Kernel_v2\build\b4-debug\ock_ControlProtocol.vcxproj”正在生成“J:\Code\Kernel_v2\build\b4-debug\ZERO_CHECK.vcxproj”(GetNativeManifest 目标):

__________________________________________________
项目“J:\Code\Kernel_v2\build\b4-debug\ZERO_CHECK.vcxproj”正在生成“J:\Code\Kernel_v2\build\b4-debug\ock_Data.vcxproj”(GetNativeManifest 目标):

__________________________________________________
项目“J:\Code\Kernel_v2\build\b4-debug\ock_Data.vcxproj”正在生成“J:\Code\Kernel_v2\build\b4-debug\ock_ControlProtocol.vcxproj”(GetNativeManifest 目标):

__________________________________________________
项目“J:\Code\Kernel_v2\build\b4-debug\ock_ControlProtocol.vcxproj”正在生成“J:\Code\Kernel_v2\build\b4-debug\ZERO_CHECK.vcxproj”(GetProjectInfoForReference 目标):

__________________________________________________
项目“J:\Code\Kernel_v2\build\b4-debug\ZERO_CHECK.vcxproj”正在生成“J:\Code\Kernel_v2\build\b4-debug\ock_Data.vcxproj”(GetProjectInfoForReference 目标):

__________________________________________________
项目“J:\Code\Kernel_v2\build\b4-debug\ock_Data.vcxproj”正在生成“J:\Code\Kernel_v2\build\b4-debug\ock_ControlProtocol.vcxproj”(GetProjectInfoForReference 目标):

ock_Adapter_LocalIPC.vcxproj -> J:\Code\Kernel_v2\build\b4-debug\Debug\ock_Adapter_LocalIPC.lib
__________________________________________________
项目“J:\Code\Kernel_v2\build\b4-debug\ock_ControlProtocol.vcxproj”正在生成“J:\Code\Kernel_v2\build\b4-debug\ZERO_CHECK.vcxproj”(GetCopyToOutputDirectoryItems 目标):

__________________________________________________
项目“J:\Code\Kernel_v2\build\b4-debug\ZERO_CHECK.vcxproj”正在生成“J:\Code\Kernel_v2\build\b4-debug\ock_ControlProtocol.vcxproj”(GetCopyToOutputDirectoryItems 目标):

__________________________________________________
项目“J:\Code\Kernel_v2\build\b4-debug\ock_ControlProtocol.vcxproj”正在生成“J:\Code\Kernel_v2\build\b4-debug\ock_Data.vcxproj”(GetCopyToOutputDirectoryItems 目标):

__________________________________________________
项目“J:\Code\Kernel_v2\build\b4-debug\ock_Data.vcxproj”正在生成“J:\Code\Kernel_v2\build\b4-debug\ZERO_CHECK.vcxproj”(GetNativeManifest 目标):

__________________________________________________
项目“J:\Code\Kernel_v2\build\b4-debug\ZERO_CHECK.vcxproj”正在生成“J:\Code\Kernel_v2\build\b4-debug\ock_ControlProtocol.vcxproj”(GetNativeManifest 目标):

__________________________________________________
项目“J:\Code\Kernel_v2\build\b4-debug\ock_ControlProtocol.vcxproj”正在生成“J:\Code\Kernel_v2\build\b4-debug\ock_Data.vcxproj”(GetNativeManifest 目标):

__________________________________________________
项目“J:\Code\Kernel_v2\build\b4-debug\ock_Data.vcxproj”正在生成“J:\Code\Kernel_v2\build\b4-debug\ock_Adapter_LocalIPC.vcxproj”(GetNativeManifest 目标):

__________________________________________________
项目“J:\Code\Kernel_v2\build\b4-debug\ock_Adapter_LocalIPC.vcxproj”正在生成“J:\Code\Kernel_v2\build\b4-debug\ZERO_CHECK.vcxproj”(GetProjectInfoForReference 目标):

__________________________________________________
项目“J:\Code\Kernel_v2\build\b4-debug\ZERO_CHECK.vcxproj”正在生成“J:\Code\Kernel_v2\build\b4-debug\ock_ControlProtocol.vcxproj”(GetProjectInfoForReference 目标):

__________________________________________________
项目“J:\Code\Kernel_v2\build\b4-debug\ock_ControlProtocol.vcxproj”正在生成“J:\Code\Kernel_v2\build\b4-debug\ock_Data.vcxproj”(GetProjectInfoForReference 目标):

__________________________________________________
项目“J:\Code\Kernel_v2\build\b4-debug\ock_Data.vcxproj”正在生成“J:\Code\Kernel_v2\build\b4-debug\ock_Adapter_LocalIPC.vcxproj”(GetProjectInfoForReference 目标):

J:/Code/Kernel_v2/build/msvc-validation/e8697b7e3597a578/bin/CL.exe /c /IJ:\Code\Kernel_v2\packages\adapters\local_ipc\include /IJ:\Code\Kernel_v2\packages\control\protocol\include /IJ:\Code\Kernel_v2\packages\contracts\include /IJ:\Code\Kernel_v2\packages\foundation\include /IJ:\Code\Kernel_v2\packages\dynamic\data\include /Z7 /nologo /W1 /WX- /diagnostics:column /Od /Ob0 /D _MBCS /D WIN32 /D _WINDOWS /D "CMAKE_INTDIR=\"Debug\"" /EHsc /RTC1 /MDd /GS /fp:precise /Zc:wchar_t /Zc:forScope /Zc:inline /std:c++20 /permissive- /Fo"ock_ipc_peer.dir\Debug\\" /Fd"ock_ipc_peer.dir\Debug\vc143.pdb" /external:W0 /Gd /TP /errorReport:queue  /external:I "J:/Code/Kernel_v2/build/d0.06-a/cache/sources/expected-fe3b18aecb84/include" /utf-8 /Zc:__cplusplus J:\Code\Kernel_v2\tests\integration\windows_ipc\peer.cpp
peer.cpp
J:/Code/Kernel_v2/build/msvc-validation/e8697b7e3597a578/bin/link.exe /ERRORREPORT:QUEUE /OUT:"J:\Code\Kernel_v2\build\b4-debug\tests\integration\windows_ipc\Debug\ock_ipc_peer.exe" /INCREMENTAL /ILK:"ock_ipc_peer.dir\Debug\ock_ipc_peer.ilk" /NOLOGO ..\..\..\Debug\ock_Adapter_LocalIPC.lib ..\..\..\Debug\ock_ControlProtocol.lib ..\..\..\Debug\ock_Data.lib advapi32.lib kernel32.lib user32.lib gdi32.lib winspool.lib shell32.lib ole32.lib oleaut32.lib uuid.lib comdlg32.lib advapi32.lib /MANIFEST /MANIFESTUAC:"level='asInvoker' uiAccess='false'" /manifest:embed /DEBUG /PDB:"J:/Code/Kernel_v2/build/b4-debug/tests/integration/windows_ipc/Debug/ock_ipc_peer.pdb" /SUBSYSTEM:CONSOLE /TLBID:1 /DYNAMICBASE /NXCOMPAT /IMPLIB:"J:/Code/Kernel_v2/build/b4-debug/tests/integration/windows_ipc/Debug/ock_ipc_peer.lib" /MACHINE:X64  /machine:x64 ock_ipc_peer.dir\Debug\peer.obj
ock_ipc_peer.vcxproj -> J:\Code\Kernel_v2\build\b4-debug\tests\integration\windows_ipc\Debug\ock_ipc_peer.exe
适用于 .NET Framework MSBuild 版本 17.14.23+b0019275e

__________________________________________________
项目“J:\Code\Kernel_v2\build\b4-debug\tests\integration\windows_ipc\ock_ipc_observation_peer.vcxproj”(默认目标):

__________________________________________________
项目“J:\Code\Kernel_v2\build\b4-debug\tests\integration\windows_ipc\ock_ipc_observation_peer.vcxproj”正在生成“J:\Code\Kernel_v2\build\b4-debug\ZERO_CHECK.vcxproj”(默认目标):

__________________________________________________
项目“J:\Code\Kernel_v2\build\b4-debug\ZERO_CHECK.vcxproj”正在生成“J:\Code\Kernel_v2\build\b4-debug\ock_Adapter_LocalIPC.vcxproj”(默认目标):

__________________________________________________
项目“J:\Code\Kernel_v2\build\b4-debug\ock_Adapter_LocalIPC.vcxproj”正在生成“J:\Code\Kernel_v2\build\b4-debug\ZERO_CHECK.vcxproj”(默认目标):

__________________________________________________
项目“J:\Code\Kernel_v2\build\b4-debug\ZERO_CHECK.vcxproj”正在生成“J:\Code\Kernel_v2\build\b4-debug\ock_ControlProtocol.vcxproj”(默认目标):

__________________________________________________
项目“J:\Code\Kernel_v2\build\b4-debug\ock_ControlProtocol.vcxproj”正在生成“J:\Code\Kernel_v2\build\b4-debug\ZERO_CHECK.vcxproj”(默认目标):

__________________________________________________
项目“J:\Code\Kernel_v2\build\b4-debug\ZERO_CHECK.vcxproj”正在生成“J:\Code\Kernel_v2\build\b4-debug\ock_Data.vcxproj”(默认目标):

__________________________________________________
项目“J:\Code\Kernel_v2\build\b4-debug\ock_Data.vcxproj”正在生成“J:\Code\Kernel_v2\build\b4-debug\ZERO_CHECK.vcxproj”(默认目标):

__________________________________________________
项目“J:\Code\Kernel_v2\build\b4-debug\ZERO_CHECK.vcxproj”正在生成“J:\Code\Kernel_v2\build\b4-debug\ZERO_CHECK.vcxproj”(GetNativeManifest 目标):

__________________________________________________
项目“J:\Code\Kernel_v2\build\b4-debug\ZERO_CHECK.vcxproj”正在生成“J:\Code\Kernel_v2\build\b4-debug\ZERO_CHECK.vcxproj”(GetProjectInfoForReference 目标):

ock_Data.vcxproj -> J:\Code\Kernel_v2\build\b4-debug\Debug\ock_Data.lib
__________________________________________________
项目“J:\Code\Kernel_v2\build\b4-debug\ZERO_CHECK.vcxproj”正在生成“J:\Code\Kernel_v2\build\b4-debug\ZERO_CHECK.vcxproj”(GetCopyToOutputDirectoryItems 目标):

__________________________________________________
项目“J:\Code\Kernel_v2\build\b4-debug\ZERO_CHECK.vcxproj”正在生成“J:\Code\Kernel_v2\build\b4-debug\ock_Data.vcxproj”(默认目标):

__________________________________________________
项目“J:\Code\Kernel_v2\build\b4-debug\ock_Data.vcxproj”正在生成“J:\Code\Kernel_v2\build\b4-debug\ock_Data.vcxproj”(默认目标):

__________________________________________________
项目“J:\Code\Kernel_v2\build\b4-debug\ock_Data.vcxproj”正在生成“J:\Code\Kernel_v2\build\b4-debug\ZERO_CHECK.vcxproj”(GetNativeManifest 目标):

__________________________________________________
项目“J:\Code\Kernel_v2\build\b4-debug\ZERO_CHECK.vcxproj”正在生成“J:\Code\Kernel_v2\build\b4-debug\ock_Data.vcxproj”(GetNativeManifest 目标):

__________________________________________________
项目“J:\Code\Kernel_v2\build\b4-debug\ock_Data.vcxproj”正在生成“J:\Code\Kernel_v2\build\b4-debug\ZERO_CHECK.vcxproj”(GetProjectInfoForReference 目标):

__________________________________________________
项目“J:\Code\Kernel_v2\build\b4-debug\ZERO_CHECK.vcxproj”正在生成“J:\Code\Kernel_v2\build\b4-debug\ock_Data.vcxproj”(GetProjectInfoForReference 目标):

ock_ControlProtocol.vcxproj -> J:\Code\Kernel_v2\build\b4-debug\Debug\ock_ControlProtocol.lib
__________________________________________________
项目“J:\Code\Kernel_v2\build\b4-debug\ock_Data.vcxproj”正在生成“J:\Code\Kernel_v2\build\b4-debug\ZERO_CHECK.vcxproj”(GetCopyToOutputDirectoryItems 目标):

__________________________________________________
项目“J:\Code\Kernel_v2\build\b4-debug\ZERO_CHECK.vcxproj”正在生成“J:\Code\Kernel_v2\build\b4-debug\ock_Data.vcxproj”(GetCopyToOutputDirectoryItems 目标):

__________________________________________________
项目“J:\Code\Kernel_v2\build\b4-debug\ock_Data.vcxproj”正在生成“J:\Code\Kernel_v2\build\b4-debug\ock_ControlProtocol.vcxproj”(默认目标):

__________________________________________________
项目“J:\Code\Kernel_v2\build\b4-debug\ock_ControlProtocol.vcxproj”正在生成“J:\Code\Kernel_v2\build\b4-debug\ZERO_CHECK.vcxproj”(GetNativeManifest 目标):

__________________________________________________
项目“J:\Code\Kernel_v2\build\b4-debug\ZERO_CHECK.vcxproj”正在生成“J:\Code\Kernel_v2\build\b4-debug\ock_Data.vcxproj”(GetNativeManifest 目标):

__________________________________________________
项目“J:\Code\Kernel_v2\build\b4-debug\ock_Data.vcxproj”正在生成“J:\Code\Kernel_v2\build\b4-debug\ock_ControlProtocol.vcxproj”(GetNativeManifest 目标):

__________________________________________________
项目“J:\Code\Kernel_v2\build\b4-debug\ock_ControlProtocol.vcxproj”正在生成“J:\Code\Kernel_v2\build\b4-debug\ZERO_CHECK.vcxproj”(GetProjectInfoForReference 目标):

__________________________________________________
项目“J:\Code\Kernel_v2\build\b4-debug\ZERO_CHECK.vcxproj”正在生成“J:\Code\Kernel_v2\build\b4-debug\ock_Data.vcxproj”(GetProjectInfoForReference 目标):

__________________________________________________
项目“J:\Code\Kernel_v2\build\b4-debug\ock_Data.vcxproj”正在生成“J:\Code\Kernel_v2\build\b4-debug\ock_ControlProtocol.vcxproj”(GetProjectInfoForReference 目标):

ock_Adapter_LocalIPC.vcxproj -> J:\Code\Kernel_v2\build\b4-debug\Debug\ock_Adapter_LocalIPC.lib
__________________________________________________
项目“J:\Code\Kernel_v2\build\b4-debug\ock_ControlProtocol.vcxproj”正在生成“J:\Code\Kernel_v2\build\b4-debug\ZERO_CHECK.vcxproj”(GetCopyToOutputDirectoryItems 目标):

__________________________________________________
项目“J:\Code\Kernel_v2\build\b4-debug\ZERO_CHECK.vcxproj”正在生成“J:\Code\Kernel_v2\build\b4-debug\ock_ControlProtocol.vcxproj”(GetCopyToOutputDirectoryItems 目标):

__________________________________________________
项目“J:\Code\Kernel_v2\build\b4-debug\ock_ControlProtocol.vcxproj”正在生成“J:\Code\Kernel_v2\build\b4-debug\ock_Data.vcxproj”(GetCopyToOutputDirectoryItems 目标):

__________________________________________________
项目“J:\Code\Kernel_v2\build\b4-debug\ock_Data.vcxproj”正在生成“J:\Code\Kernel_v2\build\b4-debug\ock_Control.vcxproj”(默认目标):

__________________________________________________
项目“J:\Code\Kernel_v2\build\b4-debug\ock_Control.vcxproj”正在生成“J:\Code\Kernel_v2\build\b4-debug\ZERO_CHECK.vcxproj”(默认目标):

__________________________________________________
项目“J:\Code\Kernel_v2\build\b4-debug\ZERO_CHECK.vcxproj”正在生成“J:\Code\Kernel_v2\build\b4-debug\ock_ControlProtocol.vcxproj”(默认目标):

__________________________________________________
项目“J:\Code\Kernel_v2\build\b4-debug\ock_ControlProtocol.vcxproj”正在生成“J:\Code\Kernel_v2\build\b4-debug\ock_Data.vcxproj”(默认目标):

__________________________________________________
项目“J:\Code\Kernel_v2\build\b4-debug\ock_Data.vcxproj”正在生成“J:\Code\Kernel_v2\build\b4-debug\ock_Dynamic.vcxproj”(默认目标):

__________________________________________________
项目“J:\Code\Kernel_v2\build\b4-debug\ock_Dynamic.vcxproj”正在生成“J:\Code\Kernel_v2\build\b4-debug\ZERO_CHECK.vcxproj”(默认目标):

__________________________________________________
项目“J:\Code\Kernel_v2\build\b4-debug\ZERO_CHECK.vcxproj”正在生成“J:\Code\Kernel_v2\build\b4-debug\ock_Data.vcxproj”(默认目标):

__________________________________________________
项目“J:\Code\Kernel_v2\build\b4-debug\ock_Data.vcxproj”正在生成“J:\Code\Kernel_v2\build\b4-debug\ock_Runtime.vcxproj”(默认目标):

__________________________________________________
项目“J:\Code\Kernel_v2\build\b4-debug\ock_Runtime.vcxproj”正在生成“J:\Code\Kernel_v2\build\b4-debug\ZERO_CHECK.vcxproj”(默认目标):

__________________________________________________
项目“J:\Code\Kernel_v2\build\b4-debug\ZERO_CHECK.vcxproj”正在生成“J:\Code\Kernel_v2\build\b4-debug\ZERO_CHECK.vcxproj”(GetNativeManifest 目标):

__________________________________________________
项目“J:\Code\Kernel_v2\build\b4-debug\ZERO_CHECK.vcxproj”正在生成“J:\Code\Kernel_v2\build\b4-debug\ZERO_CHECK.vcxproj”(GetProjectInfoForReference 目标):

ock_Runtime.vcxproj -> J:\Code\Kernel_v2\build\b4-debug\Debug\ock_Runtime.lib
__________________________________________________
项目“J:\Code\Kernel_v2\build\b4-debug\ZERO_CHECK.vcxproj”正在生成“J:\Code\Kernel_v2\build\b4-debug\ZERO_CHECK.vcxproj”(GetCopyToOutputDirectoryItems 目标):

__________________________________________________
项目“J:\Code\Kernel_v2\build\b4-debug\ZERO_CHECK.vcxproj”正在生成“J:\Code\Kernel_v2\build\b4-debug\ock_Runtime.vcxproj”(默认目标):

__________________________________________________
项目“J:\Code\Kernel_v2\build\b4-debug\ock_Runtime.vcxproj”正在生成“J:\Code\Kernel_v2\build\b4-debug\ock_Runtime.vcxproj”(默认目标):

__________________________________________________
项目“J:\Code\Kernel_v2\build\b4-debug\ock_Runtime.vcxproj”正在生成“J:\Code\Kernel_v2\build\b4-debug\ZERO_CHECK.vcxproj”(GetNativeManifest 目标):

__________________________________________________
项目“J:\Code\Kernel_v2\build\b4-debug\ZERO_CHECK.vcxproj”正在生成“J:\Code\Kernel_v2\build\b4-debug\ock_Data.vcxproj”(GetNativeManifest 目标):

__________________________________________________
项目“J:\Code\Kernel_v2\build\b4-debug\ock_Data.vcxproj”正在生成“J:\Code\Kernel_v2\build\b4-debug\ock_Runtime.vcxproj”(GetNativeManifest 目标):

__________________________________________________
项目“J:\Code\Kernel_v2\build\b4-debug\ock_Runtime.vcxproj”正在生成“J:\Code\Kernel_v2\build\b4-debug\ZERO_CHECK.vcxproj”(GetProjectInfoForReference 目标):

__________________________________________________
项目“J:\Code\Kernel_v2\build\b4-debug\ZERO_CHECK.vcxproj”正在生成“J:\Code\Kernel_v2\build\b4-debug\ock_Data.vcxproj”(GetProjectInfoForReference 目标):

__________________________________________________
项目“J:\Code\Kernel_v2\build\b4-debug\ock_Data.vcxproj”正在生成“J:\Code\Kernel_v2\build\b4-debug\ock_Runtime.vcxproj”(GetProjectInfoForReference 目标):

ock_Dynamic.vcxproj -> J:\Code\Kernel_v2\build\b4-debug\Debug\ock_Dynamic.lib
__________________________________________________
项目“J:\Code\Kernel_v2\build\b4-debug\ock_Runtime.vcxproj”正在生成“J:\Code\Kernel_v2\build\b4-debug\ZERO_CHECK.vcxproj”(GetCopyToOutputDirectoryItems 目标):

__________________________________________________
项目“J:\Code\Kernel_v2\build\b4-debug\ZERO_CHECK.vcxproj”正在生成“J:\Code\Kernel_v2\build\b4-debug\ock_Data.vcxproj”(GetCopyToOutputDirectoryItems 目标):

__________________________________________________
项目“J:\Code\Kernel_v2\build\b4-debug\ock_Data.vcxproj”正在生成“J:\Code\Kernel_v2\build\b4-debug\ock_Runtime.vcxproj”(GetCopyToOutputDirectoryItems 目标):

__________________________________________________
项目“J:\Code\Kernel_v2\build\b4-debug\ock_Runtime.vcxproj”正在生成“J:\Code\Kernel_v2\build\b4-debug\ock_Dynamic.vcxproj”(默认目标):

__________________________________________________
项目“J:\Code\Kernel_v2\build\b4-debug\ock_Dynamic.vcxproj”正在生成“J:\Code\Kernel_v2\build\b4-debug\ZERO_CHECK.vcxproj”(GetNativeManifest 目标):

__________________________________________________
项目“J:\Code\Kernel_v2\build\b4-debug\ZERO_CHECK.vcxproj”正在生成“J:\Code\Kernel_v2\build\b4-debug\ock_ControlProtocol.vcxproj”(GetNativeManifest 目标):

__________________________________________________
项目“J:\Code\Kernel_v2\build\b4-debug\ock_ControlProtocol.vcxproj”正在生成“J:\Code\Kernel_v2\build\b4-debug\ock_Data.vcxproj”(GetNativeManifest 目标):

__________________________________________________
项目“J:\Code\Kernel_v2\build\b4-debug\ock_Data.vcxproj”正在生成“J:\Code\Kernel_v2\build\b4-debug\ock_Runtime.vcxproj”(GetNativeManifest 目标):

__________________________________________________
项目“J:\Code\Kernel_v2\build\b4-debug\ock_Runtime.vcxproj”正在生成“J:\Code\Kernel_v2\build\b4-debug\ock_Dynamic.vcxproj”(GetNativeManifest 目标):

__________________________________________________
项目“J:\Code\Kernel_v2\build\b4-debug\ock_Dynamic.vcxproj”正在生成“J:\Code\Kernel_v2\build\b4-debug\ZERO_CHECK.vcxproj”(GetProjectInfoForReference 目标):

__________________________________________________
项目“J:\Code\Kernel_v2\build\b4-debug\ZERO_CHECK.vcxproj”正在生成“J:\Code\Kernel_v2\build\b4-debug\ock_ControlProtocol.vcxproj”(GetProjectInfoForReference 目标):

__________________________________________________
项目“J:\Code\Kernel_v2\build\b4-debug\ock_ControlProtocol.vcxproj”正在生成“J:\Code\Kernel_v2\build\b4-debug\ock_Data.vcxproj”(GetProjectInfoForReference 目标):

__________________________________________________
项目“J:\Code\Kernel_v2\build\b4-debug\ock_Data.vcxproj”正在生成“J:\Code\Kernel_v2\build\b4-debug\ock_Runtime.vcxproj”(GetProjectInfoForReference 目标):

__________________________________________________
项目“J:\Code\Kernel_v2\build\b4-debug\ock_Runtime.vcxproj”正在生成“J:\Code\Kernel_v2\build\b4-debug\ock_Dynamic.vcxproj”(GetProjectInfoForReference 目标):

ock_Control.vcxproj -> J:\Code\Kernel_v2\build\b4-debug\Debug\ock_Control.lib
__________________________________________________
项目“J:\Code\Kernel_v2\build\b4-debug\ock_Dynamic.vcxproj”正在生成“J:\Code\Kernel_v2\build\b4-debug\ZERO_CHECK.vcxproj”(GetCopyToOutputDirectoryItems 目标):

__________________________________________________
项目“J:\Code\Kernel_v2\build\b4-debug\ZERO_CHECK.vcxproj”正在生成“J:\Code\Kernel_v2\build\b4-debug\ock_ControlProtocol.vcxproj”(GetCopyToOutputDirectoryItems 目标):

__________________________________________________
项目“J:\Code\Kernel_v2\build\b4-debug\ock_ControlProtocol.vcxproj”正在生成“J:\Code\Kernel_v2\build\b4-debug\ock_Data.vcxproj”(GetCopyToOutputDirectoryItems 目标):

__________________________________________________
项目“J:\Code\Kernel_v2\build\b4-debug\ock_Data.vcxproj”正在生成“J:\Code\Kernel_v2\build\b4-debug\ock_Dynamic.vcxproj”(GetCopyToOutputDirectoryItems 目标):

__________________________________________________
项目“J:\Code\Kernel_v2\build\b4-debug\ock_Dynamic.vcxproj”正在生成“J:\Code\Kernel_v2\build\b4-debug\ock_Runtime.vcxproj”(GetCopyToOutputDirectoryItems 目标):

__________________________________________________
项目“J:\Code\Kernel_v2\build\b4-debug\ock_Runtime.vcxproj”正在生成“J:\Code\Kernel_v2\build\b4-debug\ZERO_CHECK.vcxproj”(GetNativeManifest 目标):

__________________________________________________
项目“J:\Code\Kernel_v2\build\b4-debug\ZERO_CHECK.vcxproj”正在生成“J:\Code\Kernel_v2\build\b4-debug\ock_ControlProtocol.vcxproj”(GetNativeManifest 目标):

__________________________________________________
项目“J:\Code\Kernel_v2\build\b4-debug\ock_ControlProtocol.vcxproj”正在生成“J:\Code\Kernel_v2\build\b4-debug\ock_Data.vcxproj”(GetNativeManifest 目标):

__________________________________________________
项目“J:\Code\Kernel_v2\build\b4-debug\ock_Data.vcxproj”正在生成“J:\Code\Kernel_v2\build\b4-debug\ock_Dynamic.vcxproj”(GetNativeManifest 目标):

__________________________________________________
项目“J:\Code\Kernel_v2\build\b4-debug\ock_Dynamic.vcxproj”正在生成“J:\Code\Kernel_v2\build\b4-debug\ock_Runtime.vcxproj”(GetNativeManifest 目标):

__________________________________________________
项目“J:\Code\Kernel_v2\build\b4-debug\ock_Runtime.vcxproj”正在生成“J:\Code\Kernel_v2\build\b4-debug\ock_Adapter_LocalIPC.vcxproj”(GetNativeManifest 目标):

__________________________________________________
项目“J:\Code\Kernel_v2\build\b4-debug\ock_Adapter_LocalIPC.vcxproj”正在生成“J:\Code\Kernel_v2\build\b4-debug\ock_Control.vcxproj”(GetNativeManifest 目标):

__________________________________________________
项目“J:\Code\Kernel_v2\build\b4-debug\ock_Control.vcxproj”正在生成“J:\Code\Kernel_v2\build\b4-debug\ZERO_CHECK.vcxproj”(GetProjectInfoForReference 目标):

__________________________________________________
项目“J:\Code\Kernel_v2\build\b4-debug\ZERO_CHECK.vcxproj”正在生成“J:\Code\Kernel_v2\build\b4-debug\ock_ControlProtocol.vcxproj”(GetProjectInfoForReference 目标):

__________________________________________________
项目“J:\Code\Kernel_v2\build\b4-debug\ock_ControlProtocol.vcxproj”正在生成“J:\Code\Kernel_v2\build\b4-debug\ock_Data.vcxproj”(GetProjectInfoForReference 目标):

__________________________________________________
项目“J:\Code\Kernel_v2\build\b4-debug\ock_Data.vcxproj”正在生成“J:\Code\Kernel_v2\build\b4-debug\ock_Dynamic.vcxproj”(GetProjectInfoForReference 目标):

__________________________________________________
项目“J:\Code\Kernel_v2\build\b4-debug\ock_Dynamic.vcxproj”正在生成“J:\Code\Kernel_v2\build\b4-debug\ock_Runtime.vcxproj”(GetProjectInfoForReference 目标):

__________________________________________________
项目“J:\Code\Kernel_v2\build\b4-debug\ock_Runtime.vcxproj”正在生成“J:\Code\Kernel_v2\build\b4-debug\ock_Adapter_LocalIPC.vcxproj”(GetProjectInfoForReference 目标):

__________________________________________________
项目“J:\Code\Kernel_v2\build\b4-debug\ock_Adapter_LocalIPC.vcxproj”正在生成“J:\Code\Kernel_v2\build\b4-debug\ock_Control.vcxproj”(GetProjectInfoForReference 目标):

J:/Code/Kernel_v2/build/msvc-validation/e8697b7e3597a578/bin/CL.exe /c /IJ:\Code\Kernel_v2 /IJ:\Code\Kernel_v2\packages\control\server\include /IJ:\Code\Kernel_v2\packages\runtime\include /IJ:\Code\Kernel_v2\packages\contracts\include /IJ:\Code\Kernel_v2\packages\foundation\include /IJ:\Code\Kernel_v2\packages\dynamic\include /IJ:\Code\Kernel_v2\packages\dynamic\data\include /IJ:\Code\Kernel_v2\packages\control\protocol\include /IJ:\Code\Kernel_v2\packages\adapters\local_ipc\include /Z7 /nologo /W1 /WX- /diagnostics:column /Od /Ob0 /D _MBCS /D WIN32 /D _WINDOWS /D "CMAKE_INTDIR=\"Debug\"" /EHsc /RTC1 /MDd /GS /fp:precise /Zc:wchar_t /Zc:forScope /Zc:inline /std:c++20 /permissive- /Fo"ock_ipc_observation_peer.dir\Debug\\" /Fd"ock_ipc_observation_peer.dir\Debug\vc143.pdb" /external:W0 /Gd /TP /errorReport:queue  /external:I "J:/Code/Kernel_v2/build/d0.06-a/cache/sources/expected-fe3b18aecb84/include" /utf-8 /Zc:__cplusplus J:\Code\Kernel_v2\tests\integration\windows_ipc\observation_peer.cpp
observation_peer.cpp
J:/Code/Kernel_v2/build/msvc-validation/e8697b7e3597a578/bin/link.exe /ERRORREPORT:QUEUE /OUT:"J:\Code\Kernel_v2\build\b4-debug\tests\integration\windows_ipc\Debug\ock_ipc_observation_peer.exe" /INCREMENTAL /ILK:"ock_ipc_observation_peer.dir\Debug\ock_ipc_observation_peer.ilk" /NOLOGO ..\..\..\Debug\ock_Control.lib ..\..\..\Debug\ock_Adapter_LocalIPC.lib ..\..\..\Debug\ock_Dynamic.lib ..\..\..\Debug\ock_Runtime.lib bcrypt.lib ..\..\..\Debug\ock_ControlProtocol.lib ..\..\..\Debug\ock_Data.lib advapi32.lib kernel32.lib user32.lib gdi32.lib winspool.lib shell32.lib ole32.lib oleaut32.lib uuid.lib comdlg32.lib advapi32.lib /MANIFEST /MANIFESTUAC:"level='asInvoker' uiAccess='false'" /manifest:embed /DEBUG /PDB:"J:/Code/Kernel_v2/build/b4-debug/tests/integration/windows_ipc/Debug/ock_ipc_observation_peer.pdb" /SUBSYSTEM:CONSOLE /TLBID:1 /DYNAMICBASE /NXCOMPAT /IMPLIB:"J:/Code/Kernel_v2/build/b4-debug/tests/integration/windows_ipc/Debug/ock_ipc_observation_peer.lib" /MACHINE:X64  /machine:x64 ock_ipc_observation_peer.dir\Debug\observation_peer.obj
ock_ipc_observation_peer.vcxproj -> J:\Code\Kernel_v2\build\b4-debug\tests\integration\windows_ipc\Debug\ock_ipc_observation_peer.exe
