Internal ctest changing into directory: J:/Code/Kernel_v2/build/b4-debug
Test project J:/Code/Kernel_v2/build/b4-debug
    Start 100: T02.native.registered_compute
1/7 Test #100: T02.native.registered_compute ....   Passed    0.06 sec
    Start 101: T02.native.registered_read
2/7 Test #101: T02.native.registered_read .......   Passed    0.06 sec
    Start 103: T03.native.cancel_and_budget
3/7 Test #103: T03.native.cancel_and_budget .....   Passed    0.07 sec
    Start 110: T03.native.resource_lifetime
4/7 Test #110: T03.native.resource_lifetime .....   Passed    0.07 sec
    Start 114: T06.native.authority_origin
5/7 Test #114: T06.native.authority_origin ......   Passed    0.08 sec
    Start 121: T06.native.revoke_and_regrant
6/7 Test #121: T06.native.revoke_and_regrant ....   Passed    0.10 sec
    Start 127: T23.native.allocation_steady
7/7 Test #127: T23.native.allocation_steady .....   Passed    0.19 sec

100% tests passed, 0 tests failed out of 7

Label Time Summary:
D1.05    =   0.62 sec*proc (7 tests)

Total Test time (real) =   0.63 sec
