适用于 .NET Framework MSBuild 版本 17.14.23+b0019275e

  1>Checking Build System
  Building Custom Rule J:/Code/Kernel_v2/CMakeLists.txt
  Building Custom Rule J:/Code/Kernel_v2/tests/unit/foundation/CMakeLists.txt
  Building Custom Rule J:/Code/Kernel_v2/tests/compile/contracts/CMakeLists.txt
  registry.cpp
  Building Custom Rule J:/Code/Kernel_v2/CMakeLists.txt
  Building Custom Rule J:/Code/Kernel_v2/CMakeLists.txt
  Building Custom Rule J:/Code/Kernel_v2/CMakeLists.txt
  foundation_tests.cpp
  contracts_tests.cpp
  toolchain.cpp
  expected.cpp
  sdk_metadata.cpp
  ock_probe_toolchain.vcxproj -> J:\Code\Kernel_v2\build\d1.06-debug\Debug\ock_probe_toolchain.exe
  ock_foundation_tests.vcxproj -> J:\Code\Kernel_v2\build\d1.06-debug\tests\unit\foundation\Debug\ock_foundation_tests.exe
  ock_probe_expected.vcxproj -> J:\Code\Kernel_v2\build\d1.06-debug\Debug\ock_probe_expected.exe
  {"actual_cases": ["T03.foundation.code_only_no_allocation", "T03.foundation.value_operations_no_allocation", "T03.foundation.layout_statistics", "T04.foundation.result_move_only_value", "T04.foundation.result_move_only_error", "T04.foundation.result_void", "T04.foundation.result_error_propagation", "T04.foundation.result_bad_access", "T04.foundation.exception_not_business_failure", "T04.foundation.static_error_domain", "T04.foundation.error_details_ownership", "T04.foundation.error_details_budget", "T04.foundation.display_utf8", "T04.foundation.checked_arithmetic", "T04.foundation.checked_narrowing", "T04.foundation.checked_count_atomic_update", "T04.foundation.invariant_fail_fast", "T05.foundation.name_ascii_bounds", "T05.foundation.name_case_and_ownership", "T05.foundation.tagged_identity_types", "T05.foundation.identity_canonical_codec", "T05.foundation.bound_handle_generation", "T05.foundation.runtime_epoch_separation"], "count": 23}
J:\Code\Kernel_v2\tests\compile\contracts\contracts_tests.cpp(665,5): warning C4297: “ThrowReceiver::candidate_ready”: 假定函数不引发异常，但确实发生了 [J:\Code\Kernel_v2\build\d1.06-debug\tests\compile\contracts\ock_contracts_tests.vcxproj]
      J:\Code\Kernel_v2\tests\compile\contracts\contracts_tests.cpp(665,5):
      在函数上指定了 __declspec(nothrow)、throw()、noexcept(true)或 noexcept
  
  policy.cpp
  ock_sdk_metadata_probe.vcxproj -> J:\Code\Kernel_v2\build\d1.06-debug\Debug\ock_sdk_metadata_probe.exe
  ock_contracts_tests.vcxproj -> J:\Code\Kernel_v2\build\d1.06-debug\tests\compile\contracts\Debug\ock_contracts_tests.exe
  Traceback (most recent call last):
    File "J:\Code\Kernel_v2\tests\compile\contracts\discover.py", line 59, in <module>
      main()
    File "J:\Code\Kernel_v2\tests\compile\contracts\discover.py", line 27, in main
      from fixture import check_discovered
  ModuleNotFoundError: No module named 'fixture'
E:\vs2022IDE\MSBuild\Microsoft\VC\v170\Microsoft.CppCommon.targets(166,5): error MSB3073: 命令“setlocal [J:\Code\Kernel_v2\build\d1.06-debug\tests\compile\contracts\ock_contracts_tests.vcxproj]
E:\vs2022IDE\MSBuild\Microsoft\VC\v170\Microsoft.CppCommon.targets(166,5): error MSB3073: J:\Code\Kernel_v2\build\runtime\python311\python.exe -X utf8 J:/Code/Kernel_v2/tests/compile/contracts/discover.py --binary J:/Code/Kernel_v2/build/d1.06-debug/tests/compile/contracts/Debug/ock_contracts_tests.exe --output J:/Code/Kernel_v2/build/d1.06-debug/tests/compile/contracts/contracts-tests-Debug.cmake --runtime-dir J:/Code/Kernel_v2/build/msvc-validation/92241fea3fabcb5a/bin --includes "J:/Code/Kernel_v2/packages/contracts/include|J:/Code/Kernel_v2/packages/foundation/include|J:/Code/Kernel_v2/build/d0.06-a/cache/sources/expected-fe3b18aecb84/include" --generator "Visual Studio 17 2022" --platform x64 --toolset v143,version=14.44.35207 --sdk 10.0.26100.0 --config Debug --work J:/Code/Kernel_v2/build/d1.06-debug/tests/compile/contracts/child-runs --profile J:/Code/Kernel_v2/build/d1.06-debug/tests/compile/contracts/compile-profile-Debug.txt [J:\Code\Kernel_v2\build\d1.06-debug\tests\compile\contracts\ock_contracts_tests.vcxproj]
E:\vs2022IDE\MSBuild\Microsoft\VC\v170\Microsoft.CppCommon.targets(166,5): error MSB3073: if %errorlevel% neq 0 goto :cmEnd [J:\Code\Kernel_v2\build\d1.06-debug\tests\compile\contracts\ock_contracts_tests.vcxproj]
E:\vs2022IDE\MSBuild\Microsoft\VC\v170\Microsoft.CppCommon.targets(166,5): error MSB3073: :cmEnd [J:\Code\Kernel_v2\build\d1.06-debug\tests\compile\contracts\ock_contracts_tests.vcxproj]
E:\vs2022IDE\MSBuild\Microsoft\VC\v170\Microsoft.CppCommon.targets(166,5): error MSB3073: endlocal & call :cmErrorLevel %errorlevel% & goto :cmDone [J:\Code\Kernel_v2\build\d1.06-debug\tests\compile\contracts\ock_contracts_tests.vcxproj]
E:\vs2022IDE\MSBuild\Microsoft\VC\v170\Microsoft.CppCommon.targets(166,5): error MSB3073: :cmErrorLevel [J:\Code\Kernel_v2\build\d1.06-debug\tests\compile\contracts\ock_contracts_tests.vcxproj]
E:\vs2022IDE\MSBuild\Microsoft\VC\v170\Microsoft.CppCommon.targets(166,5): error MSB3073: exit /b %1 [J:\Code\Kernel_v2\build\d1.06-debug\tests\compile\contracts\ock_contracts_tests.vcxproj]
E:\vs2022IDE\MSBuild\Microsoft\VC\v170\Microsoft.CppCommon.targets(166,5): error MSB3073: :cmDone [J:\Code\Kernel_v2\build\d1.06-debug\tests\compile\contracts\ock_contracts_tests.vcxproj]
E:\vs2022IDE\MSBuild\Microsoft\VC\v170\Microsoft.CppCommon.targets(166,5): error MSB3073: if %errorlevel% neq 0 goto :VCEnd [J:\Code\Kernel_v2\build\d1.06-debug\tests\compile\contracts\ock_contracts_tests.vcxproj]
E:\vs2022IDE\MSBuild\Microsoft\VC\v170\Microsoft.CppCommon.targets(166,5): error MSB3073: :VCEnd”已退出，代码为 1。 [J:\Code\Kernel_v2\build\d1.06-debug\tests\compile\contracts\ock_contracts_tests.vcxproj]
  invocation.cpp
  host.cpp
  logging.cpp
  正在生成代码...
  ock_Runtime.vcxproj -> J:\Code\Kernel_v2\build\d1.06-debug\Debug\ock_Runtime.lib
  Building Custom Rule J:/Code/Kernel_v2/tests/contract/registration/CMakeLists.txt
  Building Custom Rule J:/Code/Kernel_v2/examples/native_service/CMakeLists.txt
  Building Custom Rule J:/Code/Kernel_v2/tests/contract/authorization/CMakeLists.txt
  registration_tests.cpp
  Building Custom Rule J:/Code/Kernel_v2/tests/conformance/logging/CMakeLists.txt
  policy_tests.cpp
  main.cpp
  Building Custom Rule J:/Code/Kernel_v2/tests/contract/host/CMakeLists.txt
  logging_tests.cpp
  Building Custom Rule J:/Code/Kernel_v2/tests/contract/host/CMakeLists.txt
  host_tests.cpp
  fault_main.cpp
  allocation_probe.cpp
  正在生成代码...
  ock_logging_tests.vcxproj -> J:\Code\Kernel_v2\build\d1.06-debug\tests\conformance\logging\Debug\ock_logging_tests.exe
  fault_allocations.cpp
  fault_host_unit.cpp
  ock_registration_tests.vcxproj -> J:\Code\Kernel_v2\build\d1.06-debug\tests\contract\registration\Debug\ock_registration_tests.exe
  {"actual_cases": ["T02.registration.atomic_candidate_contract", "T02.registration.batch_k_failure_atomic", "T02.registration.callback_exception_cleanup", "T02.registration.declared_operations_complete", "T02.registration.error_budget_sticky", "T02.registration.exact_operation_versions", "T02.registration.execution_capabilities", "T02.registration.ignored_errors_sticky", "T02.registration.manifest_owned_budget", "T02.registration.module_cycles_rejected", "T02.registration.module_dag_order", "T02.registration.module_identity_versions", "T02.registration.provider_binding", "T02.registration.schema_capability_absent", "T02.registration.service_binding", "T02.registration.shape_compile_contract", "T05.registration.exact_fingerprint", "T05.registration.failure_preserves_catalog", "T05.registration.publish_once_freeze", "T05.registration.registry_generation", "T05.registration.snapshot_lifetime", "T05.registration.typed_binding_success", "T24.registration.cold_docs_separation", "T24.registration.handler_not_exposed", "T24.registration.internal_component_boundary"], "count": 25}
  ock_native_service.vcxproj -> J:\Code\Kernel_v2\build\d1.06-debug\examples\native_service\Debug\ock_native_service.exe
  ock_policy_tests.vcxproj -> J:\Code\Kernel_v2\build\d1.06-debug\tests\contract\authorization\Debug\ock_policy_tests.exe
  {"actual_cases": ["T07.policy.authentication_source", "T07.policy.cancel_arbitration", "T07.policy.consume_before_revoke", "T07.policy.delegation_shrink", "T07.policy.exception_atomicity", "T07.policy.expiry_boundary", "T07.policy.generation_exhaustion", "T07.policy.group_members_complete", "T07.policy.group_substitution", "T07.policy.operation_exact_contract", "T07.policy.owned_inputs_budget", "T07.policy.owner_scope", "T07.policy.permit_concurrent", "T07.policy.permit_once", "T07.policy.permit_origin_binding", "T07.policy.recursive_delegation_denied", "T07.policy.revoke_before_consume", "T07.policy.scope_four_way", "T07.policy.service_principal", "T07.policy.session_isolation", "T07.policy.target_frozen_set", "T07.policy.target_issued_identity", "T07.policy.target_lifecycle", "T19.policy.page_binding_isolation", "T19.policy.page_owner_authorization", "T19.policy.page_revoke_live_keyset", "T19.policy.query_field_projection", "T19.policy.subscription_connection_cleanup", "T19.policy.subscription_scope_atomic", "T20.policy.failed_start_not_started", "T20.policy.internal_component_boundary", "T20.policy.queued_revoke_drop", "T20.policy.transmission_start_arbitration", "T20.policy.unknown_start_no_retry", "T20.policy.unsubscribe_inflight"], "count": 35}
  Building Custom Rule J:/Code/Kernel_v2/tests/contract/native/CMakeLists.txt
  native_tests.cpp
  allocation_probe.cpp
  正在生成代码...
  ock_host_tests.vcxproj -> J:\Code\Kernel_v2\build\d1.06-debug\tests\contract\host\Debug\ock_host_tests.exe
  正在生成代码...
  
  正在搜索库
      正在搜索 ..\..\..\Debug\ock_Runtime.lib:
      正在搜索 E:\Windows Kits\10\lib\10.0.26100.0\um\x64\bcrypt.lib:
      正在搜索 E:\Windows Kits\10\lib\10.0.26100.0\um\x64\kernel32.lib:
      正在搜索 E:\Windows Kits\10\lib\10.0.26100.0\um\x64\user32.lib:
      正在搜索 E:\Windows Kits\10\lib\10.0.26100.0\um\x64\gdi32.lib:
      正在搜索 E:\Windows Kits\10\lib\10.0.26100.0\um\x64\winspool.lib:
      正在搜索 E:\Windows Kits\10\lib\10.0.26100.0\um\x64\shell32.lib:
      正在搜索 E:\Windows Kits\10\lib\10.0.26100.0\um\x64\ole32.lib:
      正在搜索 E:\Windows Kits\10\lib\10.0.26100.0\um\x64\oleaut32.lib:
      正在搜索 E:\Windows Kits\10\lib\10.0.26100.0\um\x64\uuid.lib:
      正在搜索 E:\Windows Kits\10\lib\10.0.26100.0\um\x64\comdlg32.lib:
      正在搜索 E:\Windows Kits\10\lib\10.0.26100.0\um\x64\advapi32.lib:
      正在搜索 E:\vs2022IDE\VC\Tools\MSVC\14.44.35207\lib\x64\msvcprtd.lib:
      正在搜索 E:\vs2022IDE\VC\Tools\MSVC\14.44.35207\lib\x64\MSVCRTD.lib:
      正在搜索 E:\vs2022IDE\VC\Tools\MSVC\14.44.35207\lib\x64\OLDNAMES.lib:
      正在搜索 E:\vs2022IDE\VC\Tools\MSVC\14.44.35207\lib\x64\vcruntimed.lib:
      正在搜索 E:\Windows Kits\10\lib\10.0.26100.0\ucrt\x64\ucrtd.lib:
      正在搜索 ..\..\..\Debug\ock_Runtime.lib:
      正在搜索 E:\Windows Kits\10\lib\10.0.26100.0\um\x64\bcrypt.lib:
      正在搜索 E:\Windows Kits\10\lib\10.0.26100.0\um\x64\kernel32.lib:
      正在搜索 E:\Windows Kits\10\lib\10.0.26100.0\um\x64\user32.lib:
      正在搜索 E:\Windows Kits\10\lib\10.0.26100.0\um\x64\gdi32.lib:
      正在搜索 E:\Windows Kits\10\lib\10.0.26100.0\um\x64\winspool.lib:
      正在搜索 E:\Windows Kits\10\lib\10.0.26100.0\um\x64\shell32.lib:
      正在搜索 E:\Windows Kits\10\lib\10.0.26100.0\um\x64\ole32.lib:
      正在搜索 E:\Windows Kits\10\lib\10.0.26100.0\um\x64\oleaut32.lib:
      正在搜索 E:\Windows Kits\10\lib\10.0.26100.0\um\x64\uuid.lib:
      正在搜索 E:\Windows Kits\10\lib\10.0.26100.0\um\x64\comdlg32.lib:
      正在搜索 E:\Windows Kits\10\lib\10.0.26100.0\um\x64\advapi32.lib:
      正在搜索 E:\vs2022IDE\VC\Tools\MSVC\14.44.35207\lib\x64\msvcprtd.lib:
      正在搜索 E:\vs2022IDE\VC\Tools\MSVC\14.44.35207\lib\x64\MSVCRTD.lib:
      正在搜索 E:\vs2022IDE\VC\Tools\MSVC\14.44.35207\lib\x64\OLDNAMES.lib:
      正在搜索 E:\vs2022IDE\VC\Tools\MSVC\14.44.35207\lib\x64\vcruntimed.lib:
      正在搜索 E:\Windows Kits\10\lib\10.0.26100.0\ucrt\x64\ucrtd.lib:
      正在搜索 ..\..\..\Debug\ock_Runtime.lib:
      正在搜索 E:\Windows Kits\10\lib\10.0.26100.0\um\x64\bcrypt.lib:
  
  已完成库搜索
  
  正在搜索库
      正在搜索 ..\..\..\Debug\ock_Runtime.lib:
      正在搜索 E:\Windows Kits\10\lib\10.0.26100.0\um\x64\bcrypt.lib:
      正在搜索 E:\Windows Kits\10\lib\10.0.26100.0\um\x64\kernel32.lib:
      正在搜索 E:\Windows Kits\10\lib\10.0.26100.0\um\x64\user32.lib:
      正在搜索 E:\Windows Kits\10\lib\10.0.26100.0\um\x64\gdi32.lib:
      正在搜索 E:\Windows Kits\10\lib\10.0.26100.0\um\x64\winspool.lib:
      正在搜索 E:\Windows Kits\10\lib\10.0.26100.0\um\x64\shell32.lib:
      正在搜索 E:\Windows Kits\10\lib\10.0.26100.0\um\x64\ole32.lib:
      正在搜索 E:\Windows Kits\10\lib\10.0.26100.0\um\x64\oleaut32.lib:
      正在搜索 E:\Windows Kits\10\lib\10.0.26100.0\um\x64\uuid.lib:
      正在搜索 E:\Windows Kits\10\lib\10.0.26100.0\um\x64\comdlg32.lib:
      正在搜索 E:\Windows Kits\10\lib\10.0.26100.0\um\x64\advapi32.lib:
      正在搜索 E:\vs2022IDE\VC\Tools\MSVC\14.44.35207\lib\x64\msvcprtd.lib:
      正在搜索 E:\vs2022IDE\VC\Tools\MSVC\14.44.35207\lib\x64\MSVCRTD.lib:
      正在搜索 E:\vs2022IDE\VC\Tools\MSVC\14.44.35207\lib\x64\OLDNAMES.lib:
      正在搜索 E:\vs2022IDE\VC\Tools\MSVC\14.44.35207\lib\x64\vcruntimed.lib:
      正在搜索 E:\Windows Kits\10\lib\10.0.26100.0\ucrt\x64\ucrtd.lib:
  
  已完成库搜索
  
  正在搜索库
      正在搜索 ..\..\..\Debug\ock_Runtime.lib:
      正在搜索 E:\Windows Kits\10\lib\10.0.26100.0\um\x64\bcrypt.lib:
      正在搜索 E:\Windows Kits\10\lib\10.0.26100.0\um\x64\kernel32.lib:
      正在搜索 E:\Windows Kits\10\lib\10.0.26100.0\um\x64\user32.lib:
      正在搜索 E:\Windows Kits\10\lib\10.0.26100.0\um\x64\gdi32.lib:
      正在搜索 E:\Windows Kits\10\lib\10.0.26100.0\um\x64\winspool.lib:
      正在搜索 E:\Windows Kits\10\lib\10.0.26100.0\um\x64\shell32.lib:
      正在搜索 E:\Windows Kits\10\lib\10.0.26100.0\um\x64\ole32.lib:
      正在搜索 E:\Windows Kits\10\lib\10.0.26100.0\um\x64\oleaut32.lib:
      正在搜索 E:\Windows Kits\10\lib\10.0.26100.0\um\x64\uuid.lib:
      正在搜索 E:\Windows Kits\10\lib\10.0.26100.0\um\x64\comdlg32.lib:
      正在搜索 E:\Windows Kits\10\lib\10.0.26100.0\um\x64\advapi32.lib:
      正在搜索 E:\vs2022IDE\VC\Tools\MSVC\14.44.35207\lib\x64\msvcprtd.lib:
      正在搜索 E:\vs2022IDE\VC\Tools\MSVC\14.44.35207\lib\x64\MSVCRTD.lib:
      正在搜索 E:\vs2022IDE\VC\Tools\MSVC\14.44.35207\lib\x64\OLDNAMES.lib:
      正在搜索 E:\vs2022IDE\VC\Tools\MSVC\14.44.35207\lib\x64\vcruntimed.lib:
      正在搜索 E:\Windows Kits\10\lib\10.0.26100.0\ucrt\x64\ucrtd.lib:
  
  已完成库搜索
  
  正在搜索库
      正在搜索 ..\..\..\Debug\ock_Runtime.lib:
      正在搜索 E:\Windows Kits\10\lib\10.0.26100.0\um\x64\bcrypt.lib:
      正在搜索 E:\Windows Kits\10\lib\10.0.26100.0\um\x64\kernel32.lib:
      正在搜索 E:\Windows Kits\10\lib\10.0.26100.0\um\x64\user32.lib:
      正在搜索 E:\Windows Kits\10\lib\10.0.26100.0\um\x64\gdi32.lib:
      正在搜索 E:\Windows Kits\10\lib\10.0.26100.0\um\x64\winspool.lib:
      正在搜索 E:\Windows Kits\10\lib\10.0.26100.0\um\x64\shell32.lib:
      正在搜索 E:\Windows Kits\10\lib\10.0.26100.0\um\x64\ole32.lib:
      正在搜索 E:\Windows Kits\10\lib\10.0.26100.0\um\x64\oleaut32.lib:
      正在搜索 E:\Windows Kits\10\lib\10.0.26100.0\um\x64\uuid.lib:
      正在搜索 E:\Windows Kits\10\lib\10.0.26100.0\um\x64\comdlg32.lib:
      正在搜索 E:\Windows Kits\10\lib\10.0.26100.0\um\x64\advapi32.lib:
      正在搜索 E:\vs2022IDE\VC\Tools\MSVC\14.44.35207\lib\x64\msvcprtd.lib:
      正在搜索 E:\vs2022IDE\VC\Tools\MSVC\14.44.35207\lib\x64\MSVCRTD.lib:
      正在搜索 E:\vs2022IDE\VC\Tools\MSVC\14.44.35207\lib\x64\OLDNAMES.lib:
      正在搜索 E:\vs2022IDE\VC\Tools\MSVC\14.44.35207\lib\x64\vcruntimed.lib:
      正在搜索 E:\Windows Kits\10\lib\10.0.26100.0\ucrt\x64\ucrtd.lib:
  
  已完成库搜索
  
  正在搜索库
      正在搜索 ..\..\..\Debug\ock_Runtime.lib:
      正在搜索 E:\Windows Kits\10\lib\10.0.26100.0\um\x64\bcrypt.lib:
      正在搜索 E:\Windows Kits\10\lib\10.0.26100.0\um\x64\kernel32.lib:
      正在搜索 E:\Windows Kits\10\lib\10.0.26100.0\um\x64\user32.lib:
      正在搜索 E:\Windows Kits\10\lib\10.0.26100.0\um\x64\gdi32.lib:
      正在搜索 E:\Windows Kits\10\lib\10.0.26100.0\um\x64\winspool.lib:
      正在搜索 E:\Windows Kits\10\lib\10.0.26100.0\um\x64\shell32.lib:
      正在搜索 E:\Windows Kits\10\lib\10.0.26100.0\um\x64\ole32.lib:
      正在搜索 E:\Windows Kits\10\lib\10.0.26100.0\um\x64\oleaut32.lib:
      正在搜索 E:\Windows Kits\10\lib\10.0.26100.0\um\x64\uuid.lib:
      正在搜索 E:\Windows Kits\10\lib\10.0.26100.0\um\x64\comdlg32.lib:
      正在搜索 E:\Windows Kits\10\lib\10.0.26100.0\um\x64\advapi32.lib:
      正在搜索 E:\vs2022IDE\VC\Tools\MSVC\14.44.35207\lib\x64\msvcprtd.lib:
      正在搜索 E:\vs2022IDE\VC\Tools\MSVC\14.44.35207\lib\x64\MSVCRTD.lib:
      正在搜索 E:\vs2022IDE\VC\Tools\MSVC\14.44.35207\lib\x64\OLDNAMES.lib:
      正在搜索 E:\vs2022IDE\VC\Tools\MSVC\14.44.35207\lib\x64\vcruntimed.lib:
  
  已完成库搜索
  ock_host_fault_tests.vcxproj -> J:\Code\Kernel_v2\build\d1.06-debug\tests\contract\host\Debug\ock_host_fault_tests.exe
  allocation_probe.cpp
  正在生成代码...
  ock_native_tests.vcxproj -> J:\Code\Kernel_v2\build\d1.06-debug\tests\contract\native\Debug\ock_native_tests.exe
  {"actual_cases": ["T02.native.candidate_read_dispatch", "T02.native.exact_binding", "T02.native.invalid_input", "T02.native.private_dispatch", "T02.native.registered_compute", "T02.native.registered_read", "T02.native.validation_exception", "T03.native.cancel_and_budget", "T03.native.component_boundary", "T03.native.example_consumer", "T03.native.no_self_wait", "T03.native.no_task_path", "T03.native.provider_unavailable", "T03.native.reentrant_and_concurrent", "T03.native.resource_lifetime", "T03.native.thread_modes", "T03.native.thread_origin", "T06.native.admission_order", "T06.native.authority_origin", "T06.native.business_failure", "T06.native.invalid_output", "T06.native.lifecycle_replacement", "T06.native.outcome_consistency", "T06.native.permission_intersection", "T06.native.policy_contract_alignment", "T06.native.revoke_and_regrant", "T06.native.session_and_deadline", "T06.native.target_binding", "T23.native.allocation_governance", "T23.native.allocation_other_costs", "T23.native.allocation_probe", "T23.native.allocation_steady"], "count": 32}
