test_T04_plan_binding_overlap_and_constants (test_plan_contract.PlanContracts.test_T04_plan_binding_overlap_and_constants) ... ok
test_T04_plan_binding_requires_parent_and_validates_whole (test_plan_contract.PlanContracts.test_T04_plan_binding_requires_parent_and_validates_whole) ... ok
test_T04_plan_examples_and_exact_operation (test_plan_contract.PlanContracts.test_T04_plan_examples_and_exact_operation) ... ok
test_T04_plan_expression_static_types_not_hidden_by_shortcircuit (test_plan_contract.PlanContracts.test_T04_plan_expression_static_types_not_hidden_by_shortcircuit) ... FAIL
test_T04_plan_golden_nodes (test_plan_contract.PlanContracts.test_T04_plan_golden_nodes) ... ok
test_T04_plan_pointer_missing_null_and_escapes (test_plan_contract.PlanContracts.test_T04_plan_pointer_missing_null_and_escapes) ... ok
test_T04_plan_wire_rejects_return_and_unknown (test_plan_contract.PlanContracts.test_T04_plan_wire_rejects_return_and_unknown) ... ok
test_T10_plan_atomic_rejects_effect_and_ticket (test_plan_contract.PlanContracts.test_T10_plan_atomic_rejects_effect_and_ticket) ... ok
test_T10_plan_atomic_result_and_dynamic_check (test_plan_contract.PlanContracts.test_T10_plan_atomic_result_and_dynamic_check) ... ok
test_T10_plan_atomic_subset_and_partial_domain_bindings (test_plan_contract.PlanContracts.test_T10_plan_atomic_subset_and_partial_domain_bindings) ... ERROR
test_T11_plan_dateref_and_branch_ticket_lifetime (test_plan_contract.PlanContracts.test_T11_plan_dateref_and_branch_ticket_lifetime) ... ERROR
test_T11_plan_exports_and_branch_types (test_plan_contract.PlanContracts.test_T11_plan_exports_and_branch_types) ... ok
test_T11_plan_expression_types_and_shortcircuit (test_plan_contract.PlanContracts.test_T11_plan_expression_types_and_shortcircuit) ... ok
test_T11_plan_foreach_fixed_limit (test_plan_contract.PlanContracts.test_T11_plan_foreach_fixed_limit) ... ok
test_T11_plan_parallel_order_and_policy (test_plan_contract.PlanContracts.test_T11_plan_parallel_order_and_policy) ... ok
test_T11_plan_scope_single_assignment_and_forward (test_plan_contract.PlanContracts.test_T11_plan_scope_single_assignment_and_forward) ... ok
test_T11_plan_ticket_is_typed_and_consumed (test_plan_contract.PlanContracts.test_T11_plan_ticket_is_typed_and_consumed) ... ok
test_T22_plan_payload_and_control_depth (test_plan_contract.PlanContracts.test_T22_plan_payload_and_control_depth) ... ok
test_T22_plan_static_and_total_budget (test_plan_contract.PlanContracts.test_T22_plan_static_and_total_budget) ... ok

======================================================================
ERROR: test_T10_plan_atomic_subset_and_partial_domain_bindings (test_plan_contract.PlanContracts.test_T10_plan_atomic_subset_and_partial_domain_bindings)
----------------------------------------------------------------------
Traceback (most recent call last):
  File "E:\VS2019Qt5.15\3D\tests\plan\test_plan_contract.py", line 120, in test_T10_plan_atomic_subset_and_partial_domain_bindings
    PlanChecker().check(p)
  File "E:\VS2019Qt5.15\3D\tests\plan\plan_model.py", line 142, in check
    check_schema(plan);self.pending=[];self.meter=Meter();self.static_count=0
    ^^^^^^^^^^^^^^^^^^
  File "E:\VS2019Qt5.15\3D\tests\plan\plan_model.py", line 30, in check_schema
    require(error is None,'Schema: '+(error.message[:200] if error else ''))
  File "E:\VS2019Qt5.15\3D\tests\plan\plan_model.py", line 16, in require
    if not ok:raise ContractError(reason)
              ^^^^^^^^^^^^^^^^^^^^^^^^^^^
plan_model.ContractError: Schema: {'kind': 'atomic', 'id': 'edit', 'preconditions': {}, 'bindings': [{'to': '/domain/id', 'value': {'slot': '$input', 'path': '/domain/id'}}, {'to': '/preconditions/revision', 'value': {'slot': '$input'

======================================================================
ERROR: test_T11_plan_dateref_and_branch_ticket_lifetime (test_plan_contract.PlanContracts.test_T11_plan_dateref_and_branch_ticket_lifetime)
----------------------------------------------------------------------
Traceback (most recent call last):
  File "E:\VS2019Qt5.15\3D\tests\plan\test_plan_contract.py", line 128, in test_T11_plan_dateref_and_branch_ticket_lifetime
    self.assertEqual(PlanChecker().check(p)['exports']['data']['kind'],'DataRef')
                     ^^^^^^^^^^^^^^^^^^^^^^
  File "E:\VS2019Qt5.15\3D\tests\plan\plan_model.py", line 153, in check
    exports,_,cost=self.block(plan,{'$input':Value(plan['inputs'])})
                   ^^^^^^^^^^^^^^^^^^^^^^^^^^^^^^^^^^^^^^^^^^^^^^^^^
  File "E:\VS2019Qt5.15\3D\tests\plan\plan_model.py", line 173, in block
    key=(raw['op']['name'],raw['op']['version']);require(key in CATALOG,'UnsupportedDefinition')
                                                 ^^^^^^^^^^^^^^^^^^^^^^^^^^^^^^^^^^^^^^^^^^^^^^^
  File "E:\VS2019Qt5.15\3D\tests\plan\plan_model.py", line 16, in require
    if not ok:raise ContractError(reason)
              ^^^^^^^^^^^^^^^^^^^^^^^^^^^
plan_model.ContractError: UnsupportedDefinition

======================================================================
FAIL: test_T04_plan_expression_static_types_not_hidden_by_shortcircuit (test_plan_contract.PlanContracts.test_T04_plan_expression_static_types_not_hidden_by_shortcircuit)
----------------------------------------------------------------------
Traceback (most recent call last):
  File "E:\VS2019Qt5.15\3D\tests\plan\test_plan_contract.py", line 136, in test_T04_plan_expression_static_types_not_hidden_by_shortcircuit
    with self.assertRaises(ContractError):PlanChecker().check(p)
AssertionError: ContractError not raised

----------------------------------------------------------------------
Ran 19 tests in 2.988s

FAILED (failures=1, errors=2)
