Internal ctest changing into directory: E:/VS2019Qt5.15/3D/build/d1.01-debug
Test project E:/VS2019Qt5.15/3D/build/d1.01-debug
      Start  1: T24.sdk.version_header
 1/11 Test  #1: T24.sdk.version_header .......................   Passed    0.07 sec
      Start  2: T01.architecture.dependency_dag
 2/11 Test  #2: T01.architecture.dependency_dag ..............   Passed    0.19 sec
      Start  3: T01.architecture.negative_guards
 3/11 Test  #3: T01.architecture.negative_guards .............   Passed    0.48 sec
      Start  4: T24.sdk.install_and_missing_components
 4/11 Test  #4: T24.sdk.install_and_missing_components .......   Passed   71.68 sec
      Start  5: T01.dependencies.expected
 5/11 Test  #5: T01.dependencies.expected ....................   Passed    0.06 sec
      Start  6: T01.dependencies.toolchain
 6/11 Test  #6: T01.dependencies.toolchain ...................   Passed    0.06 sec
      Start  7: T01.dependencies.lock_contracts
 7/11 Test  #7: T01.dependencies.lock_contracts ..............   Passed    0.39 sec
      Start  8: T24.foundation.public_headers
 8/11 Test  #8: T24.foundation.public_headers ................   Passed   47.10 sec
      Start  9: T24.foundation.installed_consumer
 9/11 Test  #9: T24.foundation.installed_consumer ............   Passed  100.40 sec
      Start 10: T24.foundation.missing_dependency_rejected
10/11 Test #10: T24.foundation.missing_dependency_rejected ...   Passed   80.41 sec
      Start 11: T24.foundation.backend_mode_rejected
11/11 Test #11: T24.foundation.backend_mode_rejected .........   Passed   86.58 sec

100% tests passed, 0 tests failed out of 11

Label Time Summary:
D0.02      =  72.42 sec*proc (4 tests)
D0.06-a    =   0.51 sec*proc (3 tests)
D1.01      = 314.49 sec*proc (4 tests)

Total Test time (real) = 387.45 sec
