适用于 .NET Framework MSBuild 版本 17.14.23+b0019275e

  1>Checking Build System
  Building Custom Rule J:/Code/Kernel_v2/CMakeLists.txt
  ock_Data.vcxproj -> J:\Code\Kernel_v2\build\b2-sdk-release\Release\ock_Data.lib
  Building Custom Rule J:/Code/Kernel_v2/CMakeLists.txt
  Building Custom Rule J:/Code/Kernel_v2/CMakeLists.txt
  Building Custom Rule J:/Code/Kernel_v2/CMakeLists.txt
  Building Custom Rule J:/Code/Kernel_v2/CMakeLists.txt
  ock_probe_jsoncons.vcxproj -> J:\Code\Kernel_v2\build\b2-sdk-release\Release\ock_probe_jsoncons.exe
  Building Custom Rule J:/Code/Kernel_v2/CMakeLists.txt
  ock_probe_expected.vcxproj -> J:\Code\Kernel_v2\build\b2-sdk-release\Release\ock_probe_expected.exe
  ock_probe_toolchain.vcxproj -> J:\Code\Kernel_v2\build\b2-sdk-release\Release\ock_probe_toolchain.exe
  host.cpp
  ock_sdk_metadata_probe.vcxproj -> J:\Code\Kernel_v2\build\b2-sdk-release\Release\ock_sdk_metadata_probe.exe
  parser_seed_contract.vcxproj -> J:\Code\Kernel_v2\build\b2-sdk-release\tests\unit\data\Release\parser_seed_contract.exe
  payload_contract.vcxproj -> J:\Code\Kernel_v2\build\b2-sdk-release\tests\unit\data\Release\payload_contract.exe
  Building Custom Rule J:/Code/Kernel_v2/CMakeLists.txt
  ock_ControlProtocol.vcxproj -> J:\Code\Kernel_v2\build\b2-sdk-release\Release\ock_ControlProtocol.lib
  observation_wire_contract.vcxproj -> J:\Code\Kernel_v2\build\b2-sdk-release\tests\unit\data\Release\observation_wire_contract.exe
  protocol_contract.vcxproj -> J:\Code\Kernel_v2\build\b2-sdk-release\tests\unit\data\Release\protocol_contract.exe
  ock_Runtime.vcxproj -> J:\Code\Kernel_v2\build\b2-sdk-release\Release\ock_Runtime.lib
  Building Custom Rule J:/Code/Kernel_v2/tests/contract/host/CMakeLists.txt
  Building Custom Rule J:/Code/Kernel_v2/CMakeLists.txt
  Building Custom Rule J:/Code/Kernel_v2/tests/contract/host/CMakeLists.txt
  fault_main.cpp
  host_tests.cpp
  ock_Dynamic.vcxproj -> J:\Code\Kernel_v2\build\b2-sdk-release\Release\ock_Dynamic.lib
  Building Custom Rule J:/Code/Kernel_v2/CMakeLists.txt
  list_method.cpp
  schema_contract.vcxproj -> J:\Code\Kernel_v2\build\b2-sdk-release\tests\unit\data\Release\schema_contract.exe
  binding_parity.vcxproj -> J:\Code\Kernel_v2\build\b2-sdk-release\tests\unit\data\Release\binding_parity.exe
  outcome_wire_contract.vcxproj -> J:\Code\Kernel_v2\build\b2-sdk-release\tests\unit\data\Release\outcome_wire_contract.exe
  fault_allocations.cpp
  fault_host_unit.cpp
  subscription.cpp
  allocation_probe.cpp
  cursor.cpp
  正在生成代码...
  正在生成代码...
  正在生成代码...
  
  正在搜索库
      正在搜索 ..\..\..\Release\ock_Runtime.lib:
      正在搜索 E:\Windows Kits\10\lib\10.0.26100.0\um\x64\bcrypt.lib:
      正在搜索 E:\Windows Kits\10\lib\10.0.26100.0\um\x64\kernel32.lib:
      正在搜索 E:\Windows Kits\10\lib\10.0.26100.0\um\x64\user32.lib:
      正在搜索 E:\Windows Kits\10\lib\10.0.26100.0\um\x64\gdi32.lib:
      正在搜索 E:\Windows Kits\10\lib\10.0.26100.0\um\x64\winspool.lib:
      正在搜索 E:\Windows Kits\10\lib\10.0.26100.0\um\x64\shell32.lib:
      正在搜索 E:\Windows Kits\10\lib\10.0.26100.0\um\x64\ole32.lib:
      正在搜索 E:\Windows Kits\10\lib\10.0.26100.0\um\x64\oleaut32.lib:
      正在搜索 E:\Windows Kits\10\lib\10.0.26100.0\um\x64\uuid.lib:
      正在搜索 E:\Windows Kits\10\lib\10.0.26100.0\um\x64\comdlg32.lib:
      正在搜索 E:\Windows Kits\10\lib\10.0.26100.0\um\x64\advapi32.lib:
      正在搜索 E:\vs2022IDE\VC\Tools\MSVC\14.44.35207\lib\x64\msvcprt.lib:
      正在搜索 E:\vs2022IDE\VC\Tools\MSVC\14.44.35207\lib\x64\MSVCRT.lib:
      正在搜索 E:\vs2022IDE\VC\Tools\MSVC\14.44.35207\lib\x64\OLDNAMES.lib:
      正在搜索 E:\vs2022IDE\VC\Tools\MSVC\14.44.35207\lib\x64\vcruntime.lib:
      正在搜索 E:\Windows Kits\10\lib\10.0.26100.0\ucrt\x64\ucrt.lib:
      正在搜索 ..\..\..\Release\ock_Runtime.lib:
      正在搜索 E:\Windows Kits\10\lib\10.0.26100.0\um\x64\bcrypt.lib:
      正在搜索 E:\Windows Kits\10\lib\10.0.26100.0\um\x64\kernel32.lib:
      正在搜索 E:\Windows Kits\10\lib\10.0.26100.0\um\x64\user32.lib:
      正在搜索 E:\Windows Kits\10\lib\10.0.26100.0\um\x64\gdi32.lib:
      正在搜索 E:\Windows Kits\10\lib\10.0.26100.0\um\x64\winspool.lib:
      正在搜索 E:\Windows Kits\10\lib\10.0.26100.0\um\x64\shell32.lib:
      正在搜索 E:\Windows Kits\10\lib\10.0.26100.0\um\x64\ole32.lib:
      正在搜索 E:\Windows Kits\10\lib\10.0.26100.0\um\x64\oleaut32.lib:
      正在搜索 E:\Windows Kits\10\lib\10.0.26100.0\um\x64\uuid.lib:
      正在搜索 E:\Windows Kits\10\lib\10.0.26100.0\um\x64\comdlg32.lib:
      正在搜索 E:\Windows Kits\10\lib\10.0.26100.0\um\x64\advapi32.lib:
      正在搜索 E:\vs2022IDE\VC\Tools\MSVC\14.44.35207\lib\x64\msvcprt.lib:
      正在搜索 E:\vs2022IDE\VC\Tools\MSVC\14.44.35207\lib\x64\MSVCRT.lib:
      正在搜索 E:\vs2022IDE\VC\Tools\MSVC\14.44.35207\lib\x64\OLDNAMES.lib:
      正在搜索 E:\vs2022IDE\VC\Tools\MSVC\14.44.35207\lib\x64\vcruntime.lib:
      正在搜索 E:\Windows Kits\10\lib\10.0.26100.0\ucrt\x64\ucrt.lib:
      正在搜索 ..\..\..\Release\ock_Runtime.lib:
      正在搜索 E:\Windows Kits\10\lib\10.0.26100.0\um\x64\bcrypt.lib:
  
  已完成库搜索
  
  正在搜索库
      正在搜索 ..\..\..\Release\ock_Runtime.lib:
      正在搜索 E:\Windows Kits\10\lib\10.0.26100.0\um\x64\bcrypt.lib:
      正在搜索 E:\Windows Kits\10\lib\10.0.26100.0\um\x64\kernel32.lib:
      正在搜索 E:\Windows Kits\10\lib\10.0.26100.0\um\x64\user32.lib:
      正在搜索 E:\Windows Kits\10\lib\10.0.26100.0\um\x64\gdi32.lib:
      正在搜索 E:\Windows Kits\10\lib\10.0.26100.0\um\x64\winspool.lib:
      正在搜索 E:\Windows Kits\10\lib\10.0.26100.0\um\x64\shell32.lib:
      正在搜索 E:\Windows Kits\10\lib\10.0.26100.0\um\x64\ole32.lib:
      正在搜索 E:\Windows Kits\10\lib\10.0.26100.0\um\x64\oleaut32.lib:
      正在搜索 E:\Windows Kits\10\lib\10.0.26100.0\um\x64\uuid.lib:
      正在搜索 E:\Windows Kits\10\lib\10.0.26100.0\um\x64\comdlg32.lib:
      正在搜索 E:\Windows Kits\10\lib\10.0.26100.0\um\x64\advapi32.lib:
      正在搜索 E:\vs2022IDE\VC\Tools\MSVC\14.44.35207\lib\x64\msvcprt.lib:
      正在搜索 E:\vs2022IDE\VC\Tools\MSVC\14.44.35207\lib\x64\MSVCRT.lib:
      正在搜索 E:\vs2022IDE\VC\Tools\MSVC\14.44.35207\lib\x64\OLDNAMES.lib:
      正在搜索 E:\vs2022IDE\VC\Tools\MSVC\14.44.35207\lib\x64\vcruntime.lib:
      正在搜索 E:\Windows Kits\10\lib\10.0.26100.0\ucrt\x64\ucrt.lib:
  
  已完成库搜索
  
  正在搜索库
      正在搜索 ..\..\..\Release\ock_Runtime.lib:
      正在搜索 E:\Windows Kits\10\lib\10.0.26100.0\um\x64\bcrypt.lib:
      正在搜索 E:\Windows Kits\10\lib\10.0.26100.0\um\x64\kernel32.lib:
      正在搜索 E:\Windows Kits\10\lib\10.0.26100.0\um\x64\user32.lib:
      正在搜索 E:\Windows Kits\10\lib\10.0.26100.0\um\x64\gdi32.lib:
      正在搜索 E:\Windows Kits\10\lib\10.0.26100.0\um\x64\winspool.lib:
      正在搜索 E:\Windows Kits\10\lib\10.0.26100.0\um\x64\shell32.lib:
      正在搜索 E:\Windows Kits\10\lib\10.0.26100.0\um\x64\ole32.lib:
      正在搜索 E:\Windows Kits\10\lib\10.0.26100.0\um\x64\oleaut32.lib:
      正在搜索 E:\Windows Kits\10\lib\10.0.26100.0\um\x64\uuid.lib:
      正在搜索 E:\Windows Kits\10\lib\10.0.26100.0\um\x64\comdlg32.lib:
      正在搜索 E:\Windows Kits\10\lib\10.0.26100.0\um\x64\advapi32.lib:
      正在搜索 E:\vs2022IDE\VC\Tools\MSVC\14.44.35207\lib\x64\msvcprt.lib:
      正在搜索 E:\vs2022IDE\VC\Tools\MSVC\14.44.35207\lib\x64\MSVCRT.lib:
      正在搜索 E:\vs2022IDE\VC\Tools\MSVC\14.44.35207\lib\x64\OLDNAMES.lib:
      正在搜索 E:\vs2022IDE\VC\Tools\MSVC\14.44.35207\lib\x64\vcruntime.lib:
      正在搜索 E:\Windows Kits\10\lib\10.0.26100.0\ucrt\x64\ucrt.lib:
  
  已完成库搜索
  
  正在搜索库
      正在搜索 ..\..\..\Release\ock_Runtime.lib:
      正在搜索 E:\Windows Kits\10\lib\10.0.26100.0\um\x64\bcrypt.lib:
      正在搜索 E:\Windows Kits\10\lib\10.0.26100.0\um\x64\kernel32.lib:
      正在搜索 E:\Windows Kits\10\lib\10.0.26100.0\um\x64\user32.lib:
      正在搜索 E:\Windows Kits\10\lib\10.0.26100.0\um\x64\gdi32.lib:
      正在搜索 E:\Windows Kits\10\lib\10.0.26100.0\um\x64\winspool.lib:
      正在搜索 E:\Windows Kits\10\lib\10.0.26100.0\um\x64\shell32.lib:
      正在搜索 E:\Windows Kits\10\lib\10.0.26100.0\um\x64\ole32.lib:
      正在搜索 E:\Windows Kits\10\lib\10.0.26100.0\um\x64\oleaut32.lib:
      正在搜索 E:\Windows Kits\10\lib\10.0.26100.0\um\x64\uuid.lib:
      正在搜索 E:\Windows Kits\10\lib\10.0.26100.0\um\x64\comdlg32.lib:
      正在搜索 E:\Windows Kits\10\lib\10.0.26100.0\um\x64\advapi32.lib:
      正在搜索 E:\vs2022IDE\VC\Tools\MSVC\14.44.35207\lib\x64\msvcprt.lib:
      正在搜索 E:\vs2022IDE\VC\Tools\MSVC\14.44.35207\lib\x64\MSVCRT.lib:
      正在搜索 E:\vs2022IDE\VC\Tools\MSVC\14.44.35207\lib\x64\OLDNAMES.lib:
      正在搜索 E:\vs2022IDE\VC\Tools\MSVC\14.44.35207\lib\x64\vcruntime.lib:
      正在搜索 E:\Windows Kits\10\lib\10.0.26100.0\ucrt\x64\ucrt.lib:
  
  已完成库搜索
  
  正在搜索库
      正在搜索 ..\..\..\Release\ock_Runtime.lib:
      正在搜索 E:\Windows Kits\10\lib\10.0.26100.0\um\x64\bcrypt.lib:
      正在搜索 E:\Windows Kits\10\lib\10.0.26100.0\um\x64\kernel32.lib:
      正在搜索 E:\Windows Kits\10\lib\10.0.26100.0\um\x64\user32.lib:
      正在搜索 E:\Windows Kits\10\lib\10.0.26100.0\um\x64\gdi32.lib:
      正在搜索 E:\Windows Kits\10\lib\10.0.26100.0\um\x64\winspool.lib:
      正在搜索 E:\Windows Kits\10\lib\10.0.26100.0\um\x64\shell32.lib:
      正在搜索 E:\Windows Kits\10\lib\10.0.26100.0\um\x64\ole32.lib:
      正在搜索 E:\Windows Kits\10\lib\10.0.26100.0\um\x64\oleaut32.lib:
      正在搜索 E:\Windows Kits\10\lib\10.0.26100.0\um\x64\uuid.lib:
      正在搜索 E:\Windows Kits\10\lib\10.0.26100.0\um\x64\comdlg32.lib:
      正在搜索 E:\Windows Kits\10\lib\10.0.26100.0\um\x64\advapi32.lib:
      正在搜索 E:\vs2022IDE\VC\Tools\MSVC\14.44.35207\lib\x64\msvcprt.lib:
      正在搜索 E:\vs2022IDE\VC\Tools\MSVC\14.44.35207\lib\x64\MSVCRT.lib:
      正在搜索 E:\vs2022IDE\VC\Tools\MSVC\14.44.35207\lib\x64\OLDNAMES.lib:
      正在搜索 E:\vs2022IDE\VC\Tools\MSVC\14.44.35207\lib\x64\vcruntime.lib:
  
  已完成库搜索
  ock_host_fault_tests.vcxproj -> J:\Code\Kernel_v2\build\b2-sdk-release\tests\contract\host\Release\ock_host_fault_tests.exe
  ock_host_tests.vcxproj -> J:\Code\Kernel_v2\build\b2-sdk-release\tests\contract\host\Release\ock_host_tests.exe
  ock_Control.vcxproj -> J:\Code\Kernel_v2\build\b2-sdk-release\Release\ock_Control.lib
  cursor.cpp
  subscription.cpp
  catalog_contract.vcxproj -> J:\Code\Kernel_v2\build\b2-sdk-release\tests\unit\data\Release\catalog_contract.exe
  dynamic_native_contract.vcxproj -> J:\Code\Kernel_v2\build\b2-sdk-release\tests\unit\data\Release\dynamic_native_contract.exe
  router_contract.vcxproj -> J:\Code\Kernel_v2\build\b2-sdk-release\tests\unit\data\Release\router_contract.exe
  list.cpp
  get_contract.vcxproj -> J:\Code\Kernel_v2\build\b2-sdk-release\tests\unit\data\Release\get_contract.exe
  cursor_contract.vcxproj -> J:\Code\Kernel_v2\build\b2-sdk-release\tests\unit\data\Release\cursor_contract.exe
  list_contract.vcxproj -> J:\Code\Kernel_v2\build\b2-sdk-release\tests\unit\data\Release\list_contract.exe
  subscription_contract.vcxproj -> J:\Code\Kernel_v2\build\b2-sdk-release\tests\unit\data\Release\subscription_contract.exe
  Building Custom Rule J:/Code/Kernel_v2/CMakeLists.txt
