CMake is re-running because J:/Code/Kernel_v2/build/b2-sdk-debug/CMakeFiles/generate.stamp is out-of-date.
  the file 'J:/Code/Kernel_v2/cmake/TargetDependencies.cmake'
  is newer than 'J:/Code/Kernel_v2/build/b2-sdk-debug/CMakeFiles/generate.stamp.depend'
  result='-1'
-- Configuring done (6.0s)
-- Generating done (0.7s)
-- Build files have been written to: J:/Code/Kernel_v2/build/b2-sdk-debug
适用于 .NET Framework MSBuild 版本 17.14.23+b0019275e

  ock_Data.vcxproj -> J:\Code\Kernel_v2\build\b2-sdk-debug\Debug\ock_Data.lib
  ock_ControlProtocol.vcxproj -> J:\Code\Kernel_v2\build\b2-sdk-debug\Debug\ock_ControlProtocol.lib
  Building Custom Rule J:/Code/Kernel_v2/CMakeLists.txt
  client.cpp
  ock_ControlClient.vcxproj -> J:\Code\Kernel_v2\build\b2-sdk-debug\Debug\ock_ControlClient.lib
适用于 .NET Framework MSBuild 版本 17.14.23+b0019275e

  ock_Data.vcxproj -> J:\Code\Kernel_v2\build\b2-sdk-debug\Debug\ock_Data.lib
  ock_ControlProtocol.vcxproj -> J:\Code\Kernel_v2\build\b2-sdk-debug\Debug\ock_ControlProtocol.lib
  native_security.cpp
  pipe.cpp
  正在生成代码...
  ock_Adapter_LocalIPC.vcxproj -> J:\Code\Kernel_v2\build\b2-sdk-debug\Debug\ock_Adapter_LocalIPC.lib
  peer.cpp
  ock_ipc_peer.vcxproj -> J:\Code\Kernel_v2\build\b2-sdk-debug\tests\integration\windows_ipc\Debug\ock_ipc_peer.exe
