CMake is re-running because J:/Code/Kernel_v2/build/b2-data-asan/CMakeFiles/generate.stamp is out-of-date.
  the file 'J:/Code/Kernel_v2/tests/unit/data/CMakeLists.txt'
  is newer than 'J:/Code/Kernel_v2/build/b2-data-asan/CMakeFiles/generate.stamp.depend'
  result='-1'
-- Configuring done (1.5s)
-- Generating done (0.1s)
-- Build files have been written to: J:/Code/Kernel_v2/build/b2-data-asan
适用于 .NET Framework MSBuild 版本 17.14.23+b0019275e

  ock_data_contract.vcxproj -> J:\Code\Kernel_v2\build\b2-data-asan\Debug\ock_data_contract.lib
  ock_binding_contract.vcxproj -> J:\Code\Kernel_v2\build\b2-data-asan\Debug\ock_binding_contract.lib
  catalog.cpp
  policy.cpp
  正在生成代码...
  ock_catalog_contract.vcxproj -> J:\Code\Kernel_v2\build\b2-data-asan\Debug\ock_catalog_contract.lib
  protocol.cpp
  observation_wire.cpp
  正在生成代码...
  ock_protocol_contract.vcxproj -> J:\Code\Kernel_v2\build\b2-data-asan\Debug\ock_protocol_contract.lib
  Building Custom Rule J:/Code/Kernel_v2/tests/unit/data/CMakeLists.txt
  subscription.cpp
  ock_subscription_contract.vcxproj -> J:\Code\Kernel_v2\build\b2-data-asan\Debug\ock_subscription_contract.lib
  Building Custom Rule J:/Code/Kernel_v2/tests/unit/data/CMakeLists.txt
  subscription.cpp
  subscription_contract.vcxproj -> J:\Code\Kernel_v2\build\b2-data-asan\Debug\subscription_contract.exe
