Internal ctest changing into directory: J:/Code/Kernel_v2/build/b2-data-debug
Test project J:/Code/Kernel_v2/build/b2-data-debug
      Start  1: T04.binding.field_parity
 1/11 Test  #1: T04.binding.field_parity .........   Passed    0.27 sec
      Start  2: T23.binding.schema_concurrent
 2/11 Test  #2: T23.binding.schema_concurrent ....   Passed    0.43 sec
      Start  3: T05.catalog.visibility
 3/11 Test  #3: T05.catalog.visibility ...........   Passed    0.37 sec
      Start  4: T06.protocol.frames
 4/11 Test  #4: T06.protocol.frames ..............   Passed    0.34 sec
      Start  5: T20.protocol.cursor
 5/11 Test  #5: T20.protocol.cursor ..............   Passed    0.30 sec
      Start  6: T06.protocol.router
 6/11 Test  #6: T06.protocol.router ..............   Passed    0.34 sec
      Start  7: T19.protocol.observation_wire
 7/11 Test  #7: T19.protocol.observation_wire ....   Passed    0.18 sec
      Start  8: T19.protocol.subscription
 8/11 Test  #8: T19.protocol.subscription ........   Passed    0.48 sec
      Start  9: T20.protocol.list
 9/11 Test  #9: T20.protocol.list ................   Passed    0.49 sec
      Start 10: T06.binding.native
10/11 Test #10: T06.binding.native ...............   Passed    0.39 sec
      Start 11: T06.protocol.outcome
11/11 Test #11: T06.protocol.outcome .............   Passed    0.71 sec

100% tests passed, 0 tests failed out of 11

Total Test time (real) =   4.33 sec
