{
  "python": "3.11.9",
  "packages": {
    "jsonschema": {
      "version": "4.23.0",
      "verified_wheel_files": 39,
      "imported_modules": [
        {
          "module": "jsonschema",
          "path": "jsonschema/__init__.py",
          "sha256": "2e43f0b1cc92949f654cea7b641d4cee343c99b1bbf9b606e35881c1b67ea3db"
        }
      ]
    },
    "attrs": {
      "version": "26.1.0",
      "verified_wheel_files": 34,
      "imported_modules": [
        {
          "module": "attr",
          "path": "attr/__init__.py",
          "sha256": "7ce608bedd5e192a90adee2e092dec256299d26c00b82f140faa9b6b9392f7f5"
        },
        {
          "module": "attrs",
          "path": "attrs/__init__.py",
          "sha256": "47168064dc1888487e7dcbc72d936943f0d62a78bbdccfe3c443c47ed8aad597"
        }
      ]
    },
    "jsonschema-specifications": {
      "version": "2025.9.1",
      "verified_wheel_files": 27,
      "imported_modules": [
        {
          "module": "jsonschema_specifications",
          "path": "jsonschema_specifications/__init__.py",
          "sha256": "aa84c1d83298eeabcdac684c3c7ea0b6600944b8a599543e7c56704faaf2ab0d"
        }
      ]
    },
    "referencing": {
      "version": "0.37.0",
      "verified_wheel_files": 18,
      "imported_modules": [
        {
          "module": "referencing",
          "path": "referencing/__init__.py",
          "sha256": "e4864a5da007fc55b20894646939f55dca6d2df83d72f78b6fdbb99d853124ab"
        }
      ]
    },
    "rpds-py": {
      "version": "2026.6.3",
      "verified_wheel_files": 8,
      "imported_modules": [
        {
          "module": "rpds",
          "path": "rpds/__init__.py",
          "sha256": "c373205d6ee5a530880b0d0a5dbc36d105f9ef7fe46ec12758878cb0202e82f3"
        }
      ]
    },
    "typing-extensions": {
      "version": "4.16.0",
      "verified_wheel_files": 4,
      "imported_modules": [
        {
          "module": "typing_extensions",
          "path": "typing_extensions.py",
          "sha256": "4040ca1a1ecbee00d1385c12a93084d1c5bd46f0b774f07e5ae7e91c4f55e696"
        }
      ]
    }
  },
  "complete_installed_files": 144
}
