适用于 .NET Framework MSBuild 版本 17.14.23+b0019275e

  1>Checking Build System
  Building Custom Rule J:/Code/Kernel_v2/build/b2-install-f0iooyrl/consumer-source/CMakeLists.txt
  Building Custom Rule J:/Code/Kernel_v2/build/b2-install-f0iooyrl/consumer-source/CMakeLists.txt
  Building Custom Rule J:/Code/Kernel_v2/build/b2-install-f0iooyrl/consumer-source/CMakeLists.txt
  Building Custom Rule J:/Code/Kernel_v2/build/b2-install-f0iooyrl/consumer-source/CMakeLists.txt
  h13.cpp
  Building Custom Rule J:/Code/Kernel_v2/build/b2-install-f0iooyrl/consumer-source/CMakeLists.txt
  h12.cpp
  h0.cpp
  h1.cpp
  Building Custom Rule J:/Code/Kernel_v2/build/b2-install-f0iooyrl/consumer-source/CMakeLists.txt
  h14.cpp
  h15.cpp
  h1.vcxproj -> J:\Code\Kernel_v2\build\b2-install-f0iooyrl\consumer\h1.dir\Release\h1.lib
  Building Custom Rule J:/Code/Kernel_v2/build/b2-install-f0iooyrl/consumer-source/CMakeLists.txt
  Building Custom Rule J:/Code/Kernel_v2/build/b2-install-f0iooyrl/consumer-source/CMakeLists.txt
  h13.vcxproj -> J:\Code\Kernel_v2\build\b2-install-f0iooyrl\consumer\h13.dir\Release\h13.lib
  h16.cpp
  Building Custom Rule J:/Code/Kernel_v2/build/b2-install-f0iooyrl/consumer-source/CMakeLists.txt
  h17.cpp
  h18.cpp
  h0.vcxproj -> J:\Code\Kernel_v2\build\b2-install-f0iooyrl\consumer\h0.dir\Release\h0.lib
  h17.vcxproj -> J:\Code\Kernel_v2\build\b2-install-f0iooyrl\consumer\h17.dir\Release\h17.lib
  Building Custom Rule J:/Code/Kernel_v2/build/b2-install-f0iooyrl/consumer-source/CMakeLists.txt
  Building Custom Rule J:/Code/Kernel_v2/build/b2-install-f0iooyrl/consumer-source/CMakeLists.txt
  h14.vcxproj -> J:\Code\Kernel_v2\build\b2-install-f0iooyrl\consumer\h14.dir\Release\h14.lib
  h19.cpp
  Building Custom Rule J:/Code/Kernel_v2/build/b2-install-f0iooyrl/consumer-source/CMakeLists.txt
  h12.vcxproj -> J:\Code\Kernel_v2\build\b2-install-f0iooyrl\consumer\h12.dir\Release\h12.lib
  h2.cpp
  h20.cpp
  h15.vcxproj -> J:\Code\Kernel_v2\build\b2-install-f0iooyrl\consumer\h15.dir\Release\h15.lib
  Building Custom Rule J:/Code/Kernel_v2/build/b2-install-f0iooyrl/consumer-source/CMakeLists.txt
  h21.cpp
  h16.vcxproj -> J:\Code\Kernel_v2\build\b2-install-f0iooyrl\consumer\h16.dir\Release\h16.lib
  Building Custom Rule J:/Code/Kernel_v2/build/b2-install-f0iooyrl/consumer-source/CMakeLists.txt
  h19.vcxproj -> J:\Code\Kernel_v2\build\b2-install-f0iooyrl\consumer\h19.dir\Release\h19.lib
  h22.cpp
  Building Custom Rule J:/Code/Kernel_v2/build/b2-install-f0iooyrl/consumer-source/CMakeLists.txt
  h23.cpp
  h18.vcxproj -> J:\Code\Kernel_v2\build\b2-install-f0iooyrl\consumer\h18.dir\Release\h18.lib
  h20.vcxproj -> J:\Code\Kernel_v2\build\b2-install-f0iooyrl\consumer\h20.dir\Release\h20.lib
  Building Custom Rule J:/Code/Kernel_v2/build/b2-install-f0iooyrl/consumer-source/CMakeLists.txt
  h21.vcxproj -> J:\Code\Kernel_v2\build\b2-install-f0iooyrl\consumer\h21.dir\Release\h21.lib
  Building Custom Rule J:/Code/Kernel_v2/build/b2-install-f0iooyrl/consumer-source/CMakeLists.txt
  Building Custom Rule J:/Code/Kernel_v2/build/b2-install-f0iooyrl/consumer-source/CMakeLists.txt
  h25.cpp
  h24.cpp
  Building Custom Rule J:/Code/Kernel_v2/build/b2-install-f0iooyrl/consumer-source/CMakeLists.txt
  h26.cpp
  h27.cpp
  h2.vcxproj -> J:\Code\Kernel_v2\build\b2-install-f0iooyrl\consumer\h2.dir\Release\h2.lib
  h22.vcxproj -> J:\Code\Kernel_v2\build\b2-install-f0iooyrl\consumer\h22.dir\Release\h22.lib
  Building Custom Rule J:/Code/Kernel_v2/build/b2-install-f0iooyrl/consumer-source/CMakeLists.txt
  h28.cpp
  h26.vcxproj -> J:\Code\Kernel_v2\build\b2-install-f0iooyrl\consumer\h26.dir\Release\h26.lib
  h27.vcxproj -> J:\Code\Kernel_v2\build\b2-install-f0iooyrl\consumer\h27.dir\Release\h27.lib
  Building Custom Rule J:/Code/Kernel_v2/build/b2-install-f0iooyrl/consumer-source/CMakeLists.txt
  Building Custom Rule J:/Code/Kernel_v2/build/b2-install-f0iooyrl/consumer-source/CMakeLists.txt
  h29.cpp
  h3.cpp
  h23.vcxproj -> J:\Code\Kernel_v2\build\b2-install-f0iooyrl\consumer\h23.dir\Release\h23.lib
  Building Custom Rule J:/Code/Kernel_v2/build/b2-install-f0iooyrl/consumer-source/CMakeLists.txt
  Building Custom Rule J:/Code/Kernel_v2/build/b2-install-f0iooyrl/consumer-source/CMakeLists.txt
  h25.vcxproj -> J:\Code\Kernel_v2\build\b2-install-f0iooyrl\consumer\h25.dir\Release\h25.lib
  h24.vcxproj -> J:\Code\Kernel_v2\build\b2-install-f0iooyrl\consumer\h24.dir\Release\h24.lib
  Building Custom Rule J:/Code/Kernel_v2/build/b2-install-f0iooyrl/consumer-source/CMakeLists.txt
  h30.cpp
  h31.cpp
  h3.vcxproj -> J:\Code\Kernel_v2\build\b2-install-f0iooyrl\consumer\h3.dir\Release\h3.lib
  h32.cpp
  Building Custom Rule J:/Code/Kernel_v2/build/b2-install-f0iooyrl/consumer-source/CMakeLists.txt
  h33.cpp
  h28.vcxproj -> J:\Code\Kernel_v2\build\b2-install-f0iooyrl\consumer\h28.dir\Release\h28.lib
  Building Custom Rule J:/Code/Kernel_v2/build/b2-install-f0iooyrl/consumer-source/CMakeLists.txt
  h34.cpp
  h29.vcxproj -> J:\Code\Kernel_v2\build\b2-install-f0iooyrl\consumer\h29.dir\Release\h29.lib
  Building Custom Rule J:/Code/Kernel_v2/build/b2-install-f0iooyrl/consumer-source/CMakeLists.txt
  h35.cpp
  h31.vcxproj -> J:\Code\Kernel_v2\build\b2-install-f0iooyrl\consumer\h31.dir\Release\h31.lib
  Building Custom Rule J:/Code/Kernel_v2/build/b2-install-f0iooyrl/consumer-source/CMakeLists.txt
  Building Custom Rule J:/Code/Kernel_v2/build/b2-install-f0iooyrl/consumer-source/CMakeLists.txt
  h35.vcxproj -> J:\Code\Kernel_v2\build\b2-install-f0iooyrl\consumer\h35.dir\Release\h35.lib
  h30.vcxproj -> J:\Code\Kernel_v2\build\b2-install-f0iooyrl\consumer\h30.dir\Release\h30.lib
  Building Custom Rule J:/Code/Kernel_v2/build/b2-install-f0iooyrl/consumer-source/CMakeLists.txt
  h36.cpp
  Building Custom Rule J:/Code/Kernel_v2/build/b2-install-f0iooyrl/consumer-source/CMakeLists.txt
  h37.cpp
  h32.vcxproj -> J:\Code\Kernel_v2\build\b2-install-f0iooyrl\consumer\h32.dir\Release\h32.lib
  h38.cpp
  h39.cpp
  h33.vcxproj -> J:\Code\Kernel_v2\build\b2-install-f0iooyrl\consumer\h33.dir\Release\h33.lib
  Building Custom Rule J:/Code/Kernel_v2/build/b2-install-f0iooyrl/consumer-source/CMakeLists.txt
  h4.cpp
  h34.vcxproj -> J:\Code\Kernel_v2\build\b2-install-f0iooyrl\consumer\h34.dir\Release\h34.lib
  Building Custom Rule J:/Code/Kernel_v2/build/b2-install-f0iooyrl/consumer-source/CMakeLists.txt
  h40.cpp
  h4.vcxproj -> J:\Code\Kernel_v2\build\b2-install-f0iooyrl\consumer\h4.dir\Release\h4.lib
  h37.vcxproj -> J:\Code\Kernel_v2\build\b2-install-f0iooyrl\consumer\h37.dir\Release\h37.lib
  Building Custom Rule J:/Code/Kernel_v2/build/b2-install-f0iooyrl/consumer-source/CMakeLists.txt
  Building Custom Rule J:/Code/Kernel_v2/build/b2-install-f0iooyrl/consumer-source/CMakeLists.txt
  h5.cpp
  h39.vcxproj -> J:\Code\Kernel_v2\build\b2-install-f0iooyrl\consumer\h39.dir\Release\h39.lib
  h6.cpp
  h38.vcxproj -> J:\Code\Kernel_v2\build\b2-install-f0iooyrl\consumer\h38.dir\Release\h38.lib
  Building Custom Rule J:/Code/Kernel_v2/build/b2-install-f0iooyrl/consumer-source/CMakeLists.txt
  Building Custom Rule J:/Code/Kernel_v2/build/b2-install-f0iooyrl/consumer-source/CMakeLists.txt
  h7.cpp
  h8.cpp
  h36.vcxproj -> J:\Code\Kernel_v2\build\b2-install-f0iooyrl\consumer\h36.dir\Release\h36.lib
  h40.vcxproj -> J:\Code\Kernel_v2\build\b2-install-f0iooyrl\consumer\h40.dir\Release\h40.lib
  h7.vcxproj -> J:\Code\Kernel_v2\build\b2-install-f0iooyrl\consumer\h7.dir\Release\h7.lib
  h5.vcxproj -> J:\Code\Kernel_v2\build\b2-install-f0iooyrl\consumer\h5.dir\Release\h5.lib
  h6.vcxproj -> J:\Code\Kernel_v2\build\b2-install-f0iooyrl\consumer\h6.dir\Release\h6.lib
  h8.vcxproj -> J:\Code\Kernel_v2\build\b2-install-f0iooyrl\consumer\h8.dir\Release\h8.lib
  Building Custom Rule J:/Code/Kernel_v2/build/b2-install-f0iooyrl/consumer-source/CMakeLists.txt
  Building Custom Rule J:/Code/Kernel_v2/build/b2-install-f0iooyrl/consumer-source/CMakeLists.txt
  main.cpp
  thin.cpp
  installed_thin.vcxproj -> J:\Code\Kernel_v2\build\b2-install-f0iooyrl\consumer\Release\installed_thin.exe
  installed_b2.vcxproj -> J:\Code\Kernel_v2\build\b2-install-f0iooyrl\consumer\Release\installed_b2.exe
  Building Custom Rule J:/Code/Kernel_v2/build/b2-install-f0iooyrl/consumer-source/CMakeLists.txt
