适用于 .NET Framework MSBuild 版本 17.14.40+3e7442088

  1>Checking Build System
  Building Custom Rule E:/VS2019Qt5.15/3D/evidence/bootstrap/D1.05/pipeline-68a788e232c5/CMakeLists.txt
  policy.cpp
  registry.cpp
  invocation.cpp
  native_tests.cpp
  allocation_probe.cpp
  正在生成代码...
E:\VS2019Qt5.15\3D\evidence\bootstrap\D1.05\pipeline-68a788e232c5\source\tests\contract\native\lifetime_cases.hpp(27,40): error C2039: "transport_safe": 不是 "ock::runtime::invocation::detail" 的成员 [E:\VS2019Qt5.15\3D\build\d1.05-stage-68a788e232c5\native_stage.vcxproj]
  (编译源文件“../../evidence/bootstrap/D1.05/pipeline-68a788e232c5/source/tests/contract/native/native_tests.cpp”)
      E:\VS2019Qt5.15\3D\evidence\bootstrap\D1.05\pipeline-68a788e232c5\source\packages\runtime\invocation\invocation.hpp(53,11):
      参见“ock::runtime::invocation::detail”的声明
  
E:\VS2019Qt5.15\3D\evidence\bootstrap\D1.05\pipeline-68a788e232c5\source\tests\contract\native\lifetime_cases.hpp(27,40): error C2065: “transport_safe”: 未声明的标识符 [E:\VS2019Qt5.15\3D\build\d1.05-stage-68a788e232c5\native_stage.vcxproj]
  (编译源文件“../../evidence/bootstrap/D1.05/pipeline-68a788e232c5/source/tests/contract/native/native_tests.cpp”)
  
E:\VS2019Qt5.15\3D\evidence\bootstrap\D1.05\pipeline-68a788e232c5\source\tests\contract\native\lifetime_cases.hpp(27,55): error C2275: “native_test::Moving”: 应为表达式而不是类型 [E:\VS2019Qt5.15\3D\build\d1.05-stage-68a788e232c5\native_stage.vcxproj]
  (编译源文件“../../evidence/bootstrap/D1.05/pipeline-68a788e232c5/source/tests/contract/native/native_tests.cpp”)
  
E:\VS2019Qt5.15\3D\evidence\bootstrap\D1.05\pipeline-68a788e232c5\source\tests\contract\native\lifetime_cases.hpp(27,62): error C2059: 语法错误:“)” [E:\VS2019Qt5.15\3D\build\d1.05-stage-68a788e232c5\native_stage.vcxproj]
  (编译源文件“../../evidence/bootstrap/D1.05/pipeline-68a788e232c5/source/tests/contract/native/native_tests.cpp”)
  
E:\VS2019Qt5.15\3D\evidence\bootstrap\D1.05\pipeline-68a788e232c5\source\tests\contract\native\lifetime_cases.hpp(28,39): error C2039: "transport_safe": 不是 "ock::runtime::invocation::detail" 的成员 [E:\VS2019Qt5.15\3D\build\d1.05-stage-68a788e232c5\native_stage.vcxproj]
  (编译源文件“../../evidence/bootstrap/D1.05/pipeline-68a788e232c5/source/tests/contract/native/native_tests.cpp”)
      E:\VS2019Qt5.15\3D\evidence\bootstrap\D1.05\pipeline-68a788e232c5\source\packages\runtime\invocation\invocation.hpp(53,11):
      参见“ock::runtime::invocation::detail”的声明
  
E:\VS2019Qt5.15\3D\evidence\bootstrap\D1.05\pipeline-68a788e232c5\source\tests\contract\native\lifetime_cases.hpp(28,54): error C2062: 意外的类型“int”  [E:\VS2019Qt5.15\3D\build\d1.05-stage-68a788e232c5\native_stage.vcxproj]
  (编译源文件“../../evidence/bootstrap/D1.05/pipeline-68a788e232c5/source/tests/contract/native/native_tests.cpp”)
  
