适用于 .NET Framework MSBuild 版本 17.14.23+b0019275e

  ock_data_contract.vcxproj -> J:\Code\Kernel_v2\build\b2-data-debug\Debug\ock_data_contract.lib
  schema.cpp
J:\Code\Kernel_v2\build\d0.06-a\cache\sources\jsoncons-f0d3e80a95db\include\jsoncons_ext\jsonschema\draft4\schema_builder_4.hpp(148,82): error C2440: “初始化”: 无法从“const std::basic_string<char,std::char_traits<char>,ock::data::detail::Alloc<char>>”转换为“std::string” [J:\Code\Kernel_v2\build\b2-data-debug\ock_binding_contract.vcxproj]
  (编译源文件“../../packages/dynamic/binding/schema.cpp”)
      J:\Code\Kernel_v2\build\d0.06-a\cache\sources\jsoncons-f0d3e80a95db\include\jsoncons_ext\jsonschema\draft4\schema_builder_4.hpp(148,82):
      没有可用于执行该转换的用户定义的转换运算符，或者无法调用该运算符
      J:\Code\Kernel_v2\build\d0.06-a\cache\sources\jsoncons-f0d3e80a95db\include\jsoncons_ext\jsonschema\draft4\schema_builder_4.hpp(148,82):
      模板实例化上下文(最早的实例化上下文)为
          J:\Code\Kernel_v2\packages\dynamic\binding\schema.cpp(51,101):
          查看对正在编译的函数 模板 实例化“jsoncons::jsonschema::json_schema<ock::binding::Json> jsoncons::jsonschema::make_json_schema<jsoncons::basic_json<char,ock::data::detail::Policy,ock::data::detail::JsonAlloc>,ock::binding::CompiledSchema::compile::<lambda_1>>(Json,const URIResolver &,jsoncons::jsonschema::evaluation_options)”的引用
          with
          [
              Json=jsoncons::basic_json<char,ock::data::detail::Policy,ock::data::detail::JsonAlloc>,
              URIResolver=ock::binding::CompiledSchema::compile::<lambda_1>
          ]
          J:\Code\Kernel_v2\build\d0.06-a\cache\sources\jsoncons-f0d3e80a95db\include\jsoncons_ext\jsonschema\json_schema_factory.hpp(249,38):
          查看对正在编译的 类 模板 实例化“jsoncons::jsonschema::schema_builder_factory<jsoncons::basic_json<char,ock::data::detail::Policy,ock::data::detail::JsonAlloc>>”的引用
          J:\Code\Kernel_v2\build\d0.06-a\cache\sources\jsoncons-f0d3e80a95db\include\jsoncons_ext\jsonschema\json_schema_factory.hpp(102,47):
          在编译 类 模板 成员函数“std::unique_ptr<jsoncons::jsonschema::schema_builder<Json>,std::default_delete<jsoncons::jsonschema::schema_builder<Json>>> jsoncons::jsonschema::schema_builder_factory<Json>::get_builder(Json &&,const std::string_view &,const jsoncons::jsonschema::evaluation_options &,std::map<jsoncons::uri,jsoncons::jsonschema::schema_validator<Json> *,std::less<jsoncons::uri>,std::allocator<std::pair<const jsoncons::uri,jsoncons::jsonschema::schema_validator<Json> *>>> *,const std::vector<std::function<Json (const jsoncons::uri &)>,std::allocator<std::function<Json (const jsoncons::uri &)>>> &,const std::unordered_map<std::string,bool,std::hash<std::string>,std::equal_to<std::string>,std::allocator<std::pair<const std::string,bool>>> &) const”时
          with
          [
              Json=jsoncons::basic_json<char,ock::data::detail::Policy,ock::data::detail::JsonAlloc>
          ]
              J:\Code\Kernel_v2\build\d0.06-a\cache\sources\jsoncons-f0d3e80a95db\include\jsoncons_ext\jsonschema\json_schema_factory.hpp(41,29):
              请参阅 "jsoncons::jsonschema::schema_builder_factory<jsoncons::basic_json<char,ock::data::detail::Policy,ock::data::detail::JsonAlloc>>::operator ()" 中对 "jsoncons::jsonschema::schema_builder_factory<jsoncons::basic_json<char,ock::data::detail::Policy,ock::data::detail::JsonAlloc>>::get_builder" 的第一个引用
              J:\Code\Kernel_v2\build\d0.06-a\cache\sources\jsoncons-f0d3e80a95db\include\jsoncons_ext\jsonschema\json_schema_factory.hpp(253,29):
              请参阅 "jsoncons::jsonschema::make_json_schema" 中对 "jsoncons::jsonschema::schema_builder_factory<jsoncons::basic_json<char,ock::data::detail::Policy,ock::data::detail::JsonAlloc>>::operator ()" 的第一个引用
          J:\Code\Kernel_v2\build\d0.06-a\cache\sources\jsoncons-f0d3e80a95db\include\jsoncons_ext\jsonschema\json_schema_factory.hpp(131,17):
          在编译 类 模板 成员函数“std::unique_ptr<jsoncons::jsonschema::schema_builder<Json>,std::default_delete<jsoncons::jsonschema::schema_builder<Json>>> &std::unique_ptr<jsoncons::jsonschema::schema_builder<Json>,std::default_delete<jsoncons::jsonschema::schema_builder<Json>>>::operator =(std::unique_ptr<jsoncons::jsonschema::schema_builder<Json>,std::default_delete<jsoncons::jsonschema::schema_builder<Json>>> &&) noexcept”时
          with
          [
              Json=jsoncons::basic_json<char,ock::data::detail::Policy,ock::data::detail::JsonAlloc>
          ]
          J:\Code\Kernel_v2\build\d0.06-a\cache\sources\jsoncons-f0d3e80a95db\include\jsoncons_ext\jsonschema\json_schema_factory.hpp(131,102):
          在编译 类 模板 成员函数“std::unique_ptr<jsoncons::jsonschema::schema_builder<Json>,std::default_delete<jsoncons::jsonschema::schema_builder<Json>>>::unique_ptr(std::unique_ptr<_Ux,_Dx> &&) noexcept”时
          with
          [
              Json=jsoncons::basic_json<char,ock::data::detail::Policy,ock::data::detail::JsonAlloc>
          ]
          J:\Code\Kernel_v2\build\d0.06-a\cache\sources\jsoncons-f0d3e80a95db\include\jsoncons_ext\jsonschema\json_schema_factory.hpp(131,102):
          处理“std::unique_ptr<jsoncons::jsonschema::schema_builder<Json>,std::default_delete<jsoncons::jsonschema::schema_builder<Json>>>::unique_ptr(std::unique_ptr<_Ux,_Dx> &&) noexcept”的默认模板参数时
          with
          [
              Json=jsoncons::basic_json<char,ock::data::detail::Policy,ock::data::detail::JsonAlloc>
          ]
          E:\vs2022IDE\VC\Tools\MSVC\14.44.35207\include\memory(3392,20):
          查看指向正在编译的变量模板“const bool conjunction_v<std::negation<std::is_array<jsoncons::jsonschema::draft4::schema_builder_4<jsoncons::basic_json<char,ock::data::detail::Policy,ock::data::detail::Alloc<char> > > > >,std::is_convertible<jsoncons::jsonschema::draft4::schema_builder_4<jsoncons::basic_json<char,ock::data::detail::Policy,ock::data::detail::Alloc<char> > > *,jsoncons::jsonschema::schema_builder<jsoncons::basic_json<char,ock::data::detail::Policy,ock::data::detail::Alloc<char> > > *>,std::is_convertible<std::default_delete<jsoncons::jsonschema::draft4::schema_builder_4<jsoncons::basic_json<char,ock::data::detail::Policy,ock::data::detail::Alloc<char> > > >,std::default_delete<jsoncons::jsonschema::schema_builder<jsoncons::basic_json<char,ock::data::detail::Policy,ock::data::detail::Alloc<char> > > > > >”的引用
          E:\vs2022IDE\VC\Tools\MSVC\14.44.35207\include\memory(3392,20):
          查看对正在编译的 类 模板 实例化“std::is_convertible<jsoncons::jsonschema::draft4::schema_builder_4<Json> *,_Ty *>”的引用
          with
          [
              Json=jsoncons::basic_json<char,ock::data::detail::Policy,ock::data::detail::JsonAlloc>,
              _Ty=jsoncons::jsonschema::schema_builder<jsoncons::basic_json<char,ock::data::detail::Policy,ock::data::detail::JsonAlloc>>
          ]
          E:\vs2022IDE\VC\Tools\MSVC\14.44.35207\include\type_traits(323,39):
          查看对正在编译的 类 模板 实例化“jsoncons::jsonschema::draft4::schema_builder_4<Json>”的引用
          with
          [
              Json=jsoncons::basic_json<char,ock::data::detail::Policy,ock::data::detail::JsonAlloc>
          ]
          J:\Code\Kernel_v2\build\d0.06-a\cache\sources\jsoncons-f0d3e80a95db\include\jsoncons_ext\jsonschema\draft4\schema_builder_4.hpp(114,31):
          在编译 类 模板 成员函数“std::unique_ptr<jsoncons::jsonschema::schema_validator<jsoncons::basic_json<char,ock::data::detail::Policy,ock::data::detail::JsonAlloc>>,std::default_delete<jsoncons::jsonschema::schema_validator<jsoncons::basic_json<char,ock::data::detail::Policy,ock::data::detail::JsonAlloc>>>> jsoncons::jsonschema::draft4::schema_builder_4<Json>::make_schema_validator(const jsoncons::jsonschema::compilation_context &,const Json &,jsoncons::detail::span<const std::string,18446744073709551615>,jsoncons::jsonschema::draft4::schema_builder_4<Json>::anchor_uri_map_type &)”时
          with
          [
              Json=jsoncons::basic_json<char,ock::data::detail::Policy,ock::data::detail::JsonAlloc>
          ]
  
J:\Code\Kernel_v2\build\d0.06-a\cache\sources\jsoncons-f0d3e80a95db\include\jsoncons_ext\jsonschema\draft4\schema_builder_4.hpp(171,50): error C2663: “std::_Hash<std::_Uset_traits<_Kty,std::_Uhash_compare<_Kty,_Hasher,_Keyeq>,_Alloc,false>>::find”: 没有重载函数具有对 “this” 指针的有效转换 [J:\Code\Kernel_v2\build\b2-data-debug\ock_binding_contract.vcxproj]
J:\Code\Kernel_v2\build\d0.06-a\cache\sources\jsoncons-f0d3e80a95db\include\jsoncons_ext\jsonschema\draft4\schema_builder_4.hpp(171,50): error C2663:         with [J:\Code\Kernel_v2\build\b2-data-debug\ock_binding_contract.vcxproj]
J:\Code\Kernel_v2\build\d0.06-a\cache\sources\jsoncons-f0d3e80a95db\include\jsoncons_ext\jsonschema\draft4\schema_builder_4.hpp(171,50): error C2663:         [ [J:\Code\Kernel_v2\build\b2-data-debug\ock_binding_contract.vcxproj]
J:\Code\Kernel_v2\build\d0.06-a\cache\sources\jsoncons-f0d3e80a95db\include\jsoncons_ext\jsonschema\draft4\schema_builder_4.hpp(171,50): error C2663:             _Kty=std::string, [J:\Code\Kernel_v2\build\b2-data-debug\ock_binding_contract.vcxproj]
J:\Code\Kernel_v2\build\d0.06-a\cache\sources\jsoncons-f0d3e80a95db\include\jsoncons_ext\jsonschema\draft4\schema_builder_4.hpp(171,50): error C2663:             _Hasher=std::hash<std::string>, [J:\Code\Kernel_v2\build\b2-data-debug\ock_binding_contract.vcxproj]
J:\Code\Kernel_v2\build\d0.06-a\cache\sources\jsoncons-f0d3e80a95db\include\jsoncons_ext\jsonschema\draft4\schema_builder_4.hpp(171,50): error C2663:             _Keyeq=std::equal_to<std::string>, [J:\Code\Kernel_v2\build\b2-data-debug\ock_binding_contract.vcxproj]
J:\Code\Kernel_v2\build\d0.06-a\cache\sources\jsoncons-f0d3e80a95db\include\jsoncons_ext\jsonschema\draft4\schema_builder_4.hpp(171,50): error C2663:             _Alloc=std::allocator<std::basic_string<char,std::char_traits<char>,std::allocator<char>>> [J:\Code\Kernel_v2\build\b2-data-debug\ock_binding_contract.vcxproj]
J:\Code\Kernel_v2\build\d0.06-a\cache\sources\jsoncons-f0d3e80a95db\include\jsoncons_ext\jsonschema\draft4\schema_builder_4.hpp(171,50): error C2663:         ] [J:\Code\Kernel_v2\build\b2-data-debug\ock_binding_contract.vcxproj]
  (编译源文件“../../packages/dynamic/binding/schema.cpp”)
      E:\vs2022IDE\VC\Tools\MSVC\14.44.35207\include\xhash(1243,31):
      可能是“std::_List_const_iterator<std::_List_val<std::_List_simple_types<_Ty>>> std::_Hash<std::_Uset_traits<_Kty,std::_Uhash_compare<_Kty,_Hasher,_Keyeq>,_Alloc,false>>::find(const std::basic_string<char,std::char_traits<char>,std::allocator<char>> &) const”
          with
          [
              _Ty=std::basic_string<char,std::char_traits<char>,std::allocator<char>>,
              _Kty=std::string,
              _Hasher=std::hash<std::string>,
              _Keyeq=std::equal_to<std::string>,
              _Alloc=std::allocator<std::basic_string<char,std::char_traits<char>,std::allocator<char>>>
          ]
          J:\Code\Kernel_v2\build\d0.06-a\cache\sources\jsoncons-f0d3e80a95db\include\jsoncons_ext\jsonschema\draft4\schema_builder_4.hpp(171,50):
          “std::_List_const_iterator<std::_List_val<std::_List_simple_types<_Ty>>> std::_Hash<std::_Uset_traits<_Kty,std::_Uhash_compare<_Kty,_Hasher,_Keyeq>,_Alloc,false>>::find(const std::basic_string<char,std::char_traits<char>,std::allocator<char>> &) const”: 无法将参数 1 从“const std::basic_string<char,std::char_traits<char>,ock::data::detail::Alloc<char>>”转换为“const std::basic_string<char,std::char_traits<char>,std::allocator<char>> &”
          with
          [
              _Ty=std::basic_string<char,std::char_traits<char>,std::allocator<char>>,
              _Kty=std::string,
              _Hasher=std::hash<std::string>,
              _Keyeq=std::equal_to<std::string>,
              _Alloc=std::allocator<std::basic_string<char,std::char_traits<char>,std::allocator<char>>>
          ]
              J:\Code\Kernel_v2\build\d0.06-a\cache\sources\jsoncons-f0d3e80a95db\include\jsoncons_ext\jsonschema\draft4\schema_builder_4.hpp(171,63):
              原因如下: 无法从“const std::basic_string<char,std::char_traits<char>,ock::data::detail::Alloc<char>>”转换为“const std::basic_string<char,std::char_traits<char>,std::allocator<char>>”
              J:\Code\Kernel_v2\build\d0.06-a\cache\sources\jsoncons-f0d3e80a95db\include\jsoncons_ext\jsonschema\draft4\schema_builder_4.hpp(171,63):
              没有可用于执行该转换的用户定义的转换运算符，或者无法调用该运算符
      E:\vs2022IDE\VC\Tools\MSVC\14.44.35207\include\xhash(1231,25):
      或    “std::_List_const_iterator<std::_List_val<std::_List_simple_types<_Ty>>> std::_Hash<std::_Uset_traits<_Kty,std::_Uhash_compare<_Kty,_Hasher,_Keyeq>,_Alloc,false>>::find(const std::basic_string<char,std::char_traits<char>,std::allocator<char>> &)”
          with
          [
              _Ty=std::basic_string<char,std::char_traits<char>,std::allocator<char>>,
              _Kty=std::string,
              _Hasher=std::hash<std::string>,
              _Keyeq=std::equal_to<std::string>,
              _Alloc=std::allocator<std::basic_string<char,std::char_traits<char>,std::allocator<char>>>
          ]
          J:\Code\Kernel_v2\build\d0.06-a\cache\sources\jsoncons-f0d3e80a95db\include\jsoncons_ext\jsonschema\draft4\schema_builder_4.hpp(171,50):
          “std::_List_const_iterator<std::_List_val<std::_List_simple_types<_Ty>>> std::_Hash<std::_Uset_traits<_Kty,std::_Uhash_compare<_Kty,_Hasher,_Keyeq>,_Alloc,false>>::find(const std::basic_string<char,std::char_traits<char>,std::allocator<char>> &)”: 不能将“this”指针从“const std::basic_string<char,std::char_traits<char>,ock::data::detail::Alloc<char>>”转换为“std::_Hash<std::_Uset_traits<_Kty,std::_Uhash_compare<_Kty,_Hasher,_Keyeq>,_Alloc,false>> &”
          with
          [
              _Ty=std::basic_string<char,std::char_traits<char>,std::allocator<char>>,
              _Kty=std::string,
              _Hasher=std::hash<std::string>,
              _Keyeq=std::equal_to<std::string>,
              _Alloc=std::allocator<std::basic_string<char,std::char_traits<char>,std::allocator<char>>>
          ]
          and
          [
              _Kty=std::string,
              _Hasher=std::hash<std::string>,
              _Keyeq=std::equal_to<std::string>,
              _Alloc=std::allocator<std::basic_string<char,std::char_traits<char>,std::allocator<char>>>
          ]
              J:\Code\Kernel_v2\build\d0.06-a\cache\sources\jsoncons-f0d3e80a95db\include\jsoncons_ext\jsonschema\draft4\schema_builder_4.hpp(171,33):
              转换丢失限定符
      E:\vs2022IDE\VC\Tools\MSVC\14.44.35207\include\xhash(1250,31):
      或    “std::_List_const_iterator<std::_List_val<std::_List_simple_types<_Ty>>> std::_Hash<std::_Uset_traits<_Kty,std::_Uhash_compare<_Kty,_Hasher,_Keyeq>,_Alloc,false>>::find(const _KeyTy &) const”
          with
          [
              _Ty=std::basic_string<char,std::char_traits<char>,std::allocator<char>>,
              _Kty=std::string,
              _Hasher=std::hash<std::string>,
              _Keyeq=std::equal_to<std::string>,
              _Alloc=std::allocator<std::basic_string<char,std::char_traits<char>,std::allocator<char>>>
          ]
          J:\Code\Kernel_v2\build\d0.06-a\cache\sources\jsoncons-f0d3e80a95db\include\jsoncons_ext\jsonschema\draft4\schema_builder_4.hpp(171,50):
          未满足关联约束
              E:\vs2022IDE\VC\Tools\MSVC\14.44.35207\include\xhash(1249,18):
              未满足约束
      E:\vs2022IDE\VC\Tools\MSVC\14.44.35207\include\xhash(1238,25):
      或    “std::_List_const_iterator<std::_List_val<std::_List_simple_types<_Ty>>> std::_Hash<std::_Uset_traits<_Kty,std::_Uhash_compare<_Kty,_Hasher,_Keyeq>,_Alloc,false>>::find(const _KeyTy &)”
          with
          [
              _Ty=std::basic_string<char,std::char_traits<char>,std::allocator<char>>,
              _Kty=std::string,
              _Hasher=std::hash<std::string>,
              _Keyeq=std::equal_to<std::string>,
              _Alloc=std::allocator<std::basic_string<char,std::char_traits<char>,std::allocator<char>>>
          ]
          J:\Code\Kernel_v2\build\d0.06-a\cache\sources\jsoncons-f0d3e80a95db\include\jsoncons_ext\jsonschema\draft4\schema_builder_4.hpp(171,50):
          未满足关联约束
              E:\vs2022IDE\VC\Tools\MSVC\14.44.35207\include\xhash(1237,18):
              未满足约束
      J:\Code\Kernel_v2\build\d0.06-a\cache\sources\jsoncons-f0d3e80a95db\include\jsoncons_ext\jsonschema\draft4\schema_builder_4.hpp(171,50):
      尝试匹配参数列表“(const std::basic_string<char,std::char_traits<char>,ock::data::detail::Alloc<char>>)”时
  
J:\Code\Kernel_v2\build\d0.06-a\cache\sources\jsoncons-f0d3e80a95db\include\jsoncons_ext\jsonschema\draft4\schema_builder_4.hpp(171,67): error C2088: 内置运算符“==”无法应用于类型为“_T”的操作数 [J:\Code\Kernel_v2\build\b2-data-debug\ock_binding_contract.vcxproj]
J:\Code\Kernel_v2\build\d0.06-a\cache\sources\jsoncons-f0d3e80a95db\include\jsoncons_ext\jsonschema\draft4\schema_builder_4.hpp(171,67): error C2088:         with [J:\Code\Kernel_v2\build\b2-data-debug\ock_binding_contract.vcxproj]
J:\Code\Kernel_v2\build\d0.06-a\cache\sources\jsoncons-f0d3e80a95db\include\jsoncons_ext\jsonschema\draft4\schema_builder_4.hpp(171,67): error C2088:         [ [J:\Code\Kernel_v2\build\b2-data-debug\ock_binding_contract.vcxproj]
J:\Code\Kernel_v2\build\d0.06-a\cache\sources\jsoncons-f0d3e80a95db\include\jsoncons_ext\jsonschema\draft4\schema_builder_4.hpp(171,67): error C2088:             _T=std::_List_const_iterator<std::_List_val<std::_List_simple_types<std::basic_string<char,std::char_traits<char>,std::allocator<char>>>>> [J:\Code\Kernel_v2\build\b2-data-debug\ock_binding_contract.vcxproj]
J:\Code\Kernel_v2\build\d0.06-a\cache\sources\jsoncons-f0d3e80a95db\include\jsoncons_ext\jsonschema\draft4\schema_builder_4.hpp(171,67): error C2088:         ] [J:\Code\Kernel_v2\build\b2-data-debug\ock_binding_contract.vcxproj]
  (编译源文件“../../packages/dynamic/binding/schema.cpp”)
  
J:\Code\Kernel_v2\build\d0.06-a\cache\sources\jsoncons-f0d3e80a95db\include\jsoncons_ext\jsonschema\draft4\schema_builder_4.hpp(173,39): error C2664: “void jsoncons::jsonschema::schema_builder<Json>::insert_unknown_keyword(const jsoncons::jsonschema::uri_wrapper &,const std::string &,const Json &)”: 无法将参数 2 从“const std::basic_string<char,std::char_traits<char>,ock::data::detail::Alloc<char>>”转换为“const std::string &” [J:\Code\Kernel_v2\build\b2-data-debug\ock_binding_contract.vcxproj]
J:\Code\Kernel_v2\build\d0.06-a\cache\sources\jsoncons-f0d3e80a95db\include\jsoncons_ext\jsonschema\draft4\schema_builder_4.hpp(173,39): error C2664:         with [J:\Code\Kernel_v2\build\b2-data-debug\ock_binding_contract.vcxproj]
J:\Code\Kernel_v2\build\d0.06-a\cache\sources\jsoncons-f0d3e80a95db\include\jsoncons_ext\jsonschema\draft4\schema_builder_4.hpp(173,39): error C2664:         [ [J:\Code\Kernel_v2\build\b2-data-debug\ock_binding_contract.vcxproj]
J:\Code\Kernel_v2\build\d0.06-a\cache\sources\jsoncons-f0d3e80a95db\include\jsoncons_ext\jsonschema\draft4\schema_builder_4.hpp(173,39): error C2664:             Json=jsoncons::basic_json<char,ock::data::detail::Policy,ock::data::detail::JsonAlloc> [J:\Code\Kernel_v2\build\b2-data-debug\ock_binding_contract.vcxproj]
J:\Code\Kernel_v2\build\d0.06-a\cache\sources\jsoncons-f0d3e80a95db\include\jsoncons_ext\jsonschema\draft4\schema_builder_4.hpp(173,39): error C2664:         ] [J:\Code\Kernel_v2\build\b2-data-debug\ock_binding_contract.vcxproj]
  (编译源文件“../../packages/dynamic/binding/schema.cpp”)
      J:\Code\Kernel_v2\build\d0.06-a\cache\sources\jsoncons-f0d3e80a95db\include\jsoncons_ext\jsonschema\draft4\schema_builder_4.hpp(173,75):
      原因如下: 无法从“const std::basic_string<char,std::char_traits<char>,ock::data::detail::Alloc<char>>”转换为“const std::string”
      J:\Code\Kernel_v2\build\d0.06-a\cache\sources\jsoncons-f0d3e80a95db\include\jsoncons_ext\jsonschema\draft4\schema_builder_4.hpp(173,75):
      没有可用于执行该转换的用户定义的转换运算符，或者无法调用该运算符
      J:\Code\Kernel_v2\build\d0.06-a\cache\sources\jsoncons-f0d3e80a95db\include\jsoncons_ext\jsonschema\common\schema_builder.hpp(187,14):
      参见“jsoncons::jsonschema::schema_builder<Json>::insert_unknown_keyword”的声明
          with
          [
              Json=jsoncons::basic_json<char,ock::data::detail::Policy,ock::data::detail::JsonAlloc>
          ]
      J:\Code\Kernel_v2\build\d0.06-a\cache\sources\jsoncons-f0d3e80a95db\include\jsoncons_ext\jsonschema\draft4\schema_builder_4.hpp(173,39):
      尝试匹配参数列表“(const _Ty, const std::basic_string<char,std::char_traits<char>,ock::data::detail::Alloc<char>>, const jsoncons::basic_json<char,ock::data::detail::Policy,ock::data::detail::JsonAlloc>)”时
          with
          [
              _Ty=jsoncons::jsonschema::uri_wrapper
          ]
  
