allocation-point 0
env-ready
issued
update-returned
consume-returned
allocation-point 1
env-ready
issued
update-returned
consume-returned
allocation-point 2
env-ready
issued
update-returned
consume-returned
allocation-point 3
env-ready
issued
update-returned
consume-returned
allocation-point 4
env-ready
issued
update-returned
consume-returned
allocation-point 5
env-ready
issued
update-returned
consume-returned
allocation-point 6
env-ready
issued
update-returned
consume-returned
allocation-point 7
env-ready
issued
update-returned
consume-returned
allocation-point 8
env-ready
issued
update-returned
consume-returned
allocation-point 9
env-ready
issued
update-returned
consume-returned
allocation-point 10
env-ready
issued
update-returned
consume-returned
allocation-point 11
env-ready
issued
update-returned
consume-returned
allocation-point 12
env-ready
issued
update-returned
consume-returned
allocation-point 13
env-ready
issued
update-returned
consume-returned
allocation-point 14
env-ready
issued
update-returned
consume-returned
allocation-point 15
env-ready
issued
update-returned
consume-returned
allocation-point 16
env-ready
issued
update-returned
consume-returned
allocation-point 17
env-ready
issued
update-returned
consume-returned
allocation-point 18
env-ready
issued
update-returned
consume-returned
allocation-point 19
env-ready
issued
update-returned
consume-returned
owner-destruction
owner-callback-enter
