test_T23_process_crashed_exit (test_process.ProcessTests.test_T23_process_crashed_exit) ... ok
test_T23_process_launch_failure (test_process.ProcessTests.test_T23_process_launch_failure) ... ok
test_T23_process_leaked_child_rejected (test_process.ProcessTests.test_T23_process_leaked_child_rejected) ... ok
test_T23_process_nonfinite_timeout_rejected (test_process.ProcessTests.test_T23_process_nonfinite_timeout_rejected) ... ok
test_T23_process_printed_success_nonzero (test_process.ProcessTests.test_T23_process_printed_success_nonzero) ... ok
test_T23_process_raw_bytes (test_process.ProcessTests.test_T23_process_raw_bytes) ... ok
test_T23_process_timeout_tree (test_process.ProcessTests.test_T23_process_timeout_tree) ... ok
test_T23_evidence_actual_execution (test_runner.EvidenceTests.test_T23_evidence_actual_execution) ... ok
test_T23_evidence_added_source (test_runner.EvidenceTests.test_T23_evidence_added_source) ... ok
test_T23_evidence_all_rounds_retained (test_runner.EvidenceTests.test_T23_evidence_all_rounds_retained) ... ok
test_T23_evidence_binary_mutation_during_test (test_runner.EvidenceTests.test_T23_evidence_binary_mutation_during_test) ... ok
test_T23_evidence_changed_binary (test_runner.EvidenceTests.test_T23_evidence_changed_binary) ... ok
test_T23_evidence_changed_lock (test_runner.EvidenceTests.test_T23_evidence_changed_lock) ... ok
test_T23_evidence_changed_raw (test_runner.EvidenceTests.test_T23_evidence_changed_raw) ... ok
test_T23_evidence_changed_source (test_runner.EvidenceTests.test_T23_evidence_changed_source) ... ok
test_T23_evidence_configuration_mismatch (test_runner.EvidenceTests.test_T23_evidence_configuration_mismatch) ... ok
test_T23_evidence_corrupt_report (test_runner.EvidenceTests.test_T23_evidence_corrupt_report) ... ok
test_T23_evidence_failed_then_rerun (test_runner.EvidenceTests.test_T23_evidence_failed_then_rerun) ... ok
test_T23_evidence_forged_human_approval (test_runner.EvidenceTests.test_T23_evidence_forged_human_approval) ... ok
test_T23_evidence_forged_status_rejected (test_runner.EvidenceTests.test_T23_evidence_forged_status_rejected) ... ok
test_T23_evidence_missing_artifact (test_runner.EvidenceTests.test_T23_evidence_missing_artifact) ... ok
test_T23_evidence_missing_report (test_runner.EvidenceTests.test_T23_evidence_missing_report) ... ok
test_T23_evidence_old_report_not_reused (test_runner.EvidenceTests.test_T23_evidence_old_report_not_reused) ... ok
test_T23_evidence_print_success_exit_failure (test_runner.EvidenceTests.test_T23_evidence_print_success_exit_failure) ... ok
test_T23_evidence_removed_expected_case (test_runner.EvidenceTests.test_T23_evidence_removed_expected_case) ... ok
test_T23_evidence_repeat_required (test_runner.EvidenceTests.test_T23_evidence_repeat_required) ... ok
test_T23_evidence_review_required_not_waived (test_runner.EvidenceTests.test_T23_evidence_review_required_not_waived) ... ok
test_T23_evidence_schema_unknown_field (test_runner.EvidenceTests.test_T23_evidence_schema_unknown_field) ... ok
test_T23_evidence_skip_rejected (test_runner.EvidenceTests.test_T23_evidence_skip_rejected) ... ok
test_T23_evidence_source_mutation_during_test (test_runner.EvidenceTests.test_T23_evidence_source_mutation_during_test) ... ok
test_T23_evidence_wrong_filter (test_runner.EvidenceTests.test_T23_evidence_wrong_filter) ... ok
test_T23_evidence_zero_tests (test_runner.EvidenceTests.test_T23_evidence_zero_tests) ... ok

----------------------------------------------------------------------
Ran 32 tests in 91.001s

OK
