CMake is re-running because J:/Code/Kernel_v2/build/b2-data-debug/CMakeFiles/generate.stamp is out-of-date.
  the file 'J:/Code/Kernel_v2/tests/unit/data/CMakeLists.txt'
  is newer than 'J:/Code/Kernel_v2/build/b2-data-debug/CMakeFiles/generate.stamp.depend'
  result='-1'
-- Selecting Windows SDK version 10.0.26100.0 to target Windows 10.
-- Configuring done (1.6s)
-- Generating done (0.4s)
-- Build files have been written to: J:/Code/Kernel_v2/build/b2-data-debug
适用于 .NET Framework MSBuild 版本 17.14.23+b0019275e

  ock_data_contract.vcxproj -> J:\Code\Kernel_v2\build\b2-data-debug\Debug\ock_data_contract.lib
  ock_binding_contract.vcxproj -> J:\Code\Kernel_v2\build\b2-data-debug\Debug\ock_binding_contract.lib
  catalog.cpp
  policy.cpp
  正在生成代码...
  ock_catalog_contract.vcxproj -> J:\Code\Kernel_v2\build\b2-data-debug\Debug\ock_catalog_contract.lib
  ock_protocol_contract.vcxproj -> J:\Code\Kernel_v2\build\b2-data-debug\Debug\ock_protocol_contract.lib
  cursor.cpp
  ock_cursor_contract.vcxproj -> J:\Code\Kernel_v2\build\b2-data-debug\Debug\ock_cursor_contract.lib
  router.cpp
  ock_router_contract.vcxproj -> J:\Code\Kernel_v2\build\b2-data-debug\Debug\ock_router_contract.lib
  Building Custom Rule J:/Code/Kernel_v2/tests/unit/data/CMakeLists.txt
  list_method.cpp
  ock_list_contract.vcxproj -> J:\Code\Kernel_v2\build\b2-data-debug\Debug\ock_list_contract.lib
  Building Custom Rule J:/Code/Kernel_v2/tests/unit/data/CMakeLists.txt
  list.cpp
  list_contract.vcxproj -> J:\Code\Kernel_v2\build\b2-data-debug\Debug\list_contract.exe
适用于 .NET Framework MSBuild 版本 17.14.23+b0019275e

  ock_data_contract.vcxproj -> J:\Code\Kernel_v2\build\b2-data-debug\Debug\ock_data_contract.lib
  ock_protocol_contract.vcxproj -> J:\Code\Kernel_v2\build\b2-data-debug\Debug\ock_protocol_contract.lib
  ock_cursor_contract.vcxproj -> J:\Code\Kernel_v2\build\b2-data-debug\Debug\ock_cursor_contract.lib
  cursor.cpp
  cursor_contract.vcxproj -> J:\Code\Kernel_v2\build\b2-data-debug\Debug\cursor_contract.exe
