适用于 .NET Framework MSBuild 版本 17.14.23+b0019275e

  1>Checking Build System
  Building Custom Rule J:/Code/Kernel_v2/CMakeLists.txt
  Building Custom Rule J:/Code/Kernel_v2/CMakeLists.txt
  host_execution.cpp
  object_edit.cpp
  object_root.cpp
  正在生成代码...
  ock_State.vcxproj -> J:\Code\Kernel_v2\build\b6-state-final\Debug\ock_State.lib
  resource_wait_binding.cpp
  host.cpp
  invocation.cpp
  policy.cpp
  registry.cpp
  resources.cpp
  scheduler.cpp
  正在生成代码...
  ock_Runtime.vcxproj -> J:\Code\Kernel_v2\build\b6-state-final\Debug\ock_Runtime.lib
  main.cpp
  ock_settings_service.vcxproj -> J:\Code\Kernel_v2\build\b6-state-final\examples\settings_service\Debug\ock_settings_service.exe
适用于 .NET Framework MSBuild 版本 17.14.23+b0019275e

  frozen_roots.cpp
  ock_state_roots.vcxproj -> J:\Code\Kernel_v2\build\b6-state-final\tests\unit\state_roots\Debug\ock_state_roots.exe
适用于 .NET Framework MSBuild 版本 17.14.23+b0019275e

  domain_snapshots.cpp
  ock_state_snapshots.vcxproj -> J:\Code\Kernel_v2\build\b6-state-final\tests\unit\state_roots\Debug\ock_state_snapshots.exe
适用于 .NET Framework MSBuild 版本 17.14.23+b0019275e

  memory_commit.cpp
  ock_state_commit.vcxproj -> J:\Code\Kernel_v2\build\b6-state-final\tests\unit\state_roots\Debug\ock_state_commit.exe
适用于 .NET Framework MSBuild 版本 17.14.23+b0019275e

  ock_State.vcxproj -> J:\Code\Kernel_v2\build\b6-state-final\Debug\ock_State.lib
  atomic_group.cpp
  ock_state_atomic.vcxproj -> J:\Code\Kernel_v2\build\b6-state-final\tests\unit\state_roots\Debug\ock_state_atomic.exe
适用于 .NET Framework MSBuild 版本 17.14.23+b0019275e

  ock_Runtime.vcxproj -> J:\Code\Kernel_v2\build\b6-state-final\Debug\ock_Runtime.lib
  ock_State.vcxproj -> J:\Code\Kernel_v2\build\b6-state-final\Debug\ock_State.lib
  runtime_state.cpp
  ock_state_runtime.vcxproj -> J:\Code\Kernel_v2\build\b6-state-final\tests\unit\state_roots\Debug\ock_state_runtime.exe
适用于 .NET Framework MSBuild 版本 17.14.23+b0019275e

  ock_State.vcxproj -> J:\Code\Kernel_v2\build\b6-state-final\Debug\ock_State.lib
  object_roots.cpp
  ock_state_objects.vcxproj -> J:\Code\Kernel_v2\build\b6-state-final\tests\unit\state_roots\Debug\ock_state_objects.exe
适用于 .NET Framework MSBuild 版本 17.14.23+b0019275e

  ock_State.vcxproj -> J:\Code\Kernel_v2\build\b6-state-final\Debug\ock_State.lib
  state_cost.cpp
  ock_state_cost.vcxproj -> J:\Code\Kernel_v2\build\b6-state-final\tests\unit\state_roots\Debug\ock_state_cost.exe
