适用于 .NET Framework MSBuild 版本 17.14.23+b0019275e

  ock_Data.vcxproj -> J:\Code\Kernel_v2\build\b2-sdk-debug\Debug\ock_Data.lib
  ock_Runtime.vcxproj -> J:\Code\Kernel_v2\build\b2-sdk-debug\Debug\ock_Runtime.lib
  ock_Dynamic.vcxproj -> J:\Code\Kernel_v2\build\b2-sdk-debug\Debug\ock_Dynamic.lib
  ock_ControlProtocol.vcxproj -> J:\Code\Kernel_v2\build\b2-sdk-debug\Debug\ock_ControlProtocol.lib
  ock_host_fault_tests.vcxproj -> J:\Code\Kernel_v2\build\b2-sdk-debug\tests\contract\host\Debug\ock_host_fault_tests.exe
  ock_host_tests.vcxproj -> J:\Code\Kernel_v2\build\b2-sdk-debug\tests\contract\host\Debug\ock_host_tests.exe
  Building Custom Rule J:/Code/Kernel_v2/CMakeLists.txt
  Building Custom Rule J:/Code/Kernel_v2/CMakeLists.txt
  Building Custom Rule J:/Code/Kernel_v2/CMakeLists.txt
  ock_probe_jsoncons.vcxproj -> J:\Code\Kernel_v2\build\b2-sdk-debug\Debug\ock_probe_jsoncons.exe
  ock_probe_expected.vcxproj -> J:\Code\Kernel_v2\build\b2-sdk-debug\Debug\ock_probe_expected.exe
  ock_probe_toolchain.vcxproj -> J:\Code\Kernel_v2\build\b2-sdk-debug\Debug\ock_probe_toolchain.exe
  Building Custom Rule J:/Code/Kernel_v2/CMakeLists.txt
  binding_parity.vcxproj -> J:\Code\Kernel_v2\build\b2-sdk-debug\tests\unit\data\Debug\binding_parity.exe
  parser_seed_contract.vcxproj -> J:\Code\Kernel_v2\build\b2-sdk-debug\tests\unit\data\Debug\parser_seed_contract.exe
  observation_wire_contract.vcxproj -> J:\Code\Kernel_v2\build\b2-sdk-debug\tests\unit\data\Debug\observation_wire_contract.exe
  payload_contract.vcxproj -> J:\Code\Kernel_v2\build\b2-sdk-debug\tests\unit\data\Debug\payload_contract.exe
  protocol_contract.vcxproj -> J:\Code\Kernel_v2\build\b2-sdk-debug\tests\unit\data\Debug\protocol_contract.exe
  ock_sdk_metadata_probe.vcxproj -> J:\Code\Kernel_v2\build\b2-sdk-debug\Debug\ock_sdk_metadata_probe.exe
  ock_Control.vcxproj -> J:\Code\Kernel_v2\build\b2-sdk-debug\Debug\ock_Control.lib
  outcome_wire_contract.vcxproj -> J:\Code\Kernel_v2\build\b2-sdk-debug\tests\unit\data\Debug\outcome_wire_contract.exe
  cursor_contract.vcxproj -> J:\Code\Kernel_v2\build\b2-sdk-debug\tests\unit\data\Debug\cursor_contract.exe
  list_contract.vcxproj -> J:\Code\Kernel_v2\build\b2-sdk-debug\tests\unit\data\Debug\list_contract.exe
  schema_contract.vcxproj -> J:\Code\Kernel_v2\build\b2-sdk-debug\tests\unit\data\Debug\schema_contract.exe
  get_contract.vcxproj -> J:\Code\Kernel_v2\build\b2-sdk-debug\tests\unit\data\Debug\get_contract.exe
  subscription_contract.vcxproj -> J:\Code\Kernel_v2\build\b2-sdk-debug\tests\unit\data\Debug\subscription_contract.exe
  router_contract.vcxproj -> J:\Code\Kernel_v2\build\b2-sdk-debug\tests\unit\data\Debug\router_contract.exe
  catalog_contract.vcxproj -> J:\Code\Kernel_v2\build\b2-sdk-debug\tests\unit\data\Debug\catalog_contract.exe
  dynamic_native_contract.vcxproj -> J:\Code\Kernel_v2\build\b2-sdk-debug\tests\unit\data\Debug\dynamic_native_contract.exe
  Building Custom Rule J:/Code/Kernel_v2/CMakeLists.txt
