适用于 .NET Framework MSBuild 版本 17.14.40+3e7442088

  1>Checking Build System
  Building Custom Rule E:/VS2019Qt5.15/3D/tests/compile/contracts/CMakeLists.txt
  contracts_tests.cpp
E:\VS2019Qt5.15\3D\tests\conformance\core_contracts\factories.hpp(3,8): error C7568: 假定的函数模板“EffectReport”后面缺少参数列表 [E:\VS2019Qt5.15\3D\build\d1.02-debug-integration\tests\compile\contracts\ock_contracts_tests.vcxproj]
  (编译源文件“../../../../../tests/compile/contracts/contracts_tests.cpp”)
  
E:\VS2019Qt5.15\3D\tests\conformance\core_contracts\factories.hpp(3,8): error C2062: 意外的类型“<error type>”  [E:\VS2019Qt5.15\3D\build\d1.02-debug-integration\tests\compile\contracts\ock_contracts_tests.vcxproj]
  (编译源文件“../../../../../tests/compile/contracts/contracts_tests.cpp”)
  
E:\VS2019Qt5.15\3D\tests\conformance\core_contracts\factories.hpp(3,42): error C2143: 语法错误: 缺少“;”(在“{”的前面) [E:\VS2019Qt5.15\3D\build\d1.02-debug-integration\tests\compile\contracts\ock_contracts_tests.vcxproj]
  (编译源文件“../../../../../tests/compile/contracts/contracts_tests.cpp”)
  
E:\VS2019Qt5.15\3D\tests\conformance\core_contracts\factories.hpp(3,42): error C2447: “{”: 缺少函数标题(是否是老式的形式表?) [E:\VS2019Qt5.15\3D\build\d1.02-debug-integration\tests\compile\contracts\ock_contracts_tests.vcxproj]
  (编译源文件“../../../../../tests/compile/contracts/contracts_tests.cpp”)
  
E:\VS2019Qt5.15\3D\tests\conformance\core_contracts\factories.hpp(11,8): error C4430: 缺少类型说明符 - 假定为 int。注意: C++ 不支持默认 int [E:\VS2019Qt5.15\3D\build\d1.02-debug-integration\tests\compile\contracts\ock_contracts_tests.vcxproj]
  (编译源文件“../../../../../tests/compile/contracts/contracts_tests.cpp”)
  
E:\VS2019Qt5.15\3D\tests\conformance\core_contracts\factories.hpp(11,19): error C2146: 语法错误: 缺少“;”(在标识符“effect_fact”的前面) [E:\VS2019Qt5.15\3D\build\d1.02-debug-integration\tests\compile\contracts\ock_contracts_tests.vcxproj]
  (编译源文件“../../../../../tests/compile/contracts/contracts_tests.cpp”)
  
E:\VS2019Qt5.15\3D\tests\conformance\core_contracts\factories.hpp(11,31): error C2059: 语法错误:“)” [E:\VS2019Qt5.15\3D\build\d1.02-debug-integration\tests\compile\contracts\ock_contracts_tests.vcxproj]
  (编译源文件“../../../../../tests/compile/contracts/contracts_tests.cpp”)
  
E:\VS2019Qt5.15\3D\tests\conformance\core_contracts\factories.hpp(11,33): error C2143: 语法错误: 缺少“;”(在“{”的前面) [E:\VS2019Qt5.15\3D\build\d1.02-debug-integration\tests\compile\contracts\ock_contracts_tests.vcxproj]
  (编译源文件“../../../../../tests/compile/contracts/contracts_tests.cpp”)
  
E:\VS2019Qt5.15\3D\tests\conformance\core_contracts\factories.hpp(11,33): error C2447: “{”: 缺少函数标题(是否是老式的形式表?) [E:\VS2019Qt5.15\3D\build\d1.02-debug-integration\tests\compile\contracts\ock_contracts_tests.vcxproj]
  (编译源文件“../../../../../tests/compile/contracts/contracts_tests.cpp”)
  
E:\VS2019Qt5.15\3D\tests\conformance\core_contracts\factories.hpp(14,8): error C7568: 假定的函数模板“EffectReport”后面缺少参数列表 [E:\VS2019Qt5.15\3D\build\d1.02-debug-integration\tests\compile\contracts\ock_contracts_tests.vcxproj]
  (编译源文件“../../../../../tests/compile/contracts/contracts_tests.cpp”)
  
E:\VS2019Qt5.15\3D\tests\conformance\core_contracts\factories.hpp(14,8): error C2062: 意外的类型“<error type>”  [E:\VS2019Qt5.15\3D\build\d1.02-debug-integration\tests\compile\contracts\ock_contracts_tests.vcxproj]
  (编译源文件“../../../../../tests/compile/contracts/contracts_tests.cpp”)
  
E:\VS2019Qt5.15\3D\tests\conformance\core_contracts\factories.hpp(14,71): error C2143: 语法错误: 缺少“;”(在“{”的前面) [E:\VS2019Qt5.15\3D\build\d1.02-debug-integration\tests\compile\contracts\ock_contracts_tests.vcxproj]
  (编译源文件“../../../../../tests/compile/contracts/contracts_tests.cpp”)
  
E:\VS2019Qt5.15\3D\tests\conformance\core_contracts\factories.hpp(14,71): error C2447: “{”: 缺少函数标题(是否是老式的形式表?) [E:\VS2019Qt5.15\3D\build\d1.02-debug-integration\tests\compile\contracts\ock_contracts_tests.vcxproj]
  (编译源文件“../../../../../tests/compile/contracts/contracts_tests.cpp”)
  
E:\VS2019Qt5.15\3D\tests\conformance\core_contracts\factories.hpp(17,8): error C7568: 假定的函数模板“TransitionReport”后面缺少参数列表 [E:\VS2019Qt5.15\3D\build\d1.02-debug-integration\tests\compile\contracts\ock_contracts_tests.vcxproj]
  (编译源文件“../../../../../tests/compile/contracts/contracts_tests.cpp”)
  
E:\VS2019Qt5.15\3D\tests\conformance\core_contracts\factories.hpp(17,8): error C2062: 意外的类型“<error type>”  [E:\VS2019Qt5.15\3D\build\d1.02-debug-integration\tests\compile\contracts\ock_contracts_tests.vcxproj]
  (编译源文件“../../../../../tests/compile/contracts/contracts_tests.cpp”)
  
E:\VS2019Qt5.15\3D\tests\conformance\core_contracts\factories.hpp(17,50): error C2143: 语法错误: 缺少“;”(在“{”的前面) [E:\VS2019Qt5.15\3D\build\d1.02-debug-integration\tests\compile\contracts\ock_contracts_tests.vcxproj]
  (编译源文件“../../../../../tests/compile/contracts/contracts_tests.cpp”)
  
E:\VS2019Qt5.15\3D\tests\conformance\core_contracts\factories.hpp(17,50): error C2447: “{”: 缺少函数标题(是否是老式的形式表?) [E:\VS2019Qt5.15\3D\build\d1.02-debug-integration\tests\compile\contracts\ock_contracts_tests.vcxproj]
  (编译源文件“../../../../../tests/compile/contracts/contracts_tests.cpp”)
  
E:\VS2019Qt5.15\3D\tests\conformance\core_contracts\factories.hpp(26,8): error C4430: 缺少类型说明符 - 假定为 int。注意: C++ 不支持默认 int [E:\VS2019Qt5.15\3D\build\d1.02-debug-integration\tests\compile\contracts\ock_contracts_tests.vcxproj]
  (编译源文件“../../../../../tests/compile/contracts/contracts_tests.cpp”)
  
E:\VS2019Qt5.15\3D\tests\conformance\core_contracts\factories.hpp(26,22): error C2146: 语法错误: 缺少“;”(在标识符“lifecycle_fact”的前面) [E:\VS2019Qt5.15\3D\build\d1.02-debug-integration\tests\compile\contracts\ock_contracts_tests.vcxproj]
  (编译源文件“../../../../../tests/compile/contracts/contracts_tests.cpp”)
  
E:\VS2019Qt5.15\3D\tests\conformance\core_contracts\factories.hpp(26,37): error C2059: 语法错误:“)” [E:\VS2019Qt5.15\3D\build\d1.02-debug-integration\tests\compile\contracts\ock_contracts_tests.vcxproj]
  (编译源文件“../../../../../tests/compile/contracts/contracts_tests.cpp”)
  
E:\VS2019Qt5.15\3D\tests\conformance\core_contracts\factories.hpp(26,39): error C2143: 语法错误: 缺少“;”(在“{”的前面) [E:\VS2019Qt5.15\3D\build\d1.02-debug-integration\tests\compile\contracts\ock_contracts_tests.vcxproj]
  (编译源文件“../../../../../tests/compile/contracts/contracts_tests.cpp”)
  
E:\VS2019Qt5.15\3D\tests\conformance\core_contracts\factories.hpp(26,39): error C2447: “{”: 缺少函数标题(是否是老式的形式表?) [E:\VS2019Qt5.15\3D\build\d1.02-debug-integration\tests\compile\contracts\ock_contracts_tests.vcxproj]
  (编译源文件“../../../../../tests/compile/contracts/contracts_tests.cpp”)
  
E:\VS2019Qt5.15\3D\tests\conformance\core_contracts\factories.hpp(29,8): error C7568: 假定的函数模板“TransitionReport”后面缺少参数列表 [E:\VS2019Qt5.15\3D\build\d1.02-debug-integration\tests\compile\contracts\ock_contracts_tests.vcxproj]
  (编译源文件“../../../../../tests/compile/contracts/contracts_tests.cpp”)
  
E:\VS2019Qt5.15\3D\tests\conformance\core_contracts\factories.hpp(29,8): error C2062: 意外的类型“<error type>”  [E:\VS2019Qt5.15\3D\build\d1.02-debug-integration\tests\compile\contracts\ock_contracts_tests.vcxproj]
  (编译源文件“../../../../../tests/compile/contracts/contracts_tests.cpp”)
  
E:\VS2019Qt5.15\3D\tests\conformance\core_contracts\factories.hpp(29,80): error C2143: 语法错误: 缺少“;”(在“{”的前面) [E:\VS2019Qt5.15\3D\build\d1.02-debug-integration\tests\compile\contracts\ock_contracts_tests.vcxproj]
  (编译源文件“../../../../../tests/compile/contracts/contracts_tests.cpp”)
  
E:\VS2019Qt5.15\3D\tests\conformance\core_contracts\factories.hpp(29,80): error C2447: “{”: 缺少函数标题(是否是老式的形式表?) [E:\VS2019Qt5.15\3D\build\d1.02-debug-integration\tests\compile\contracts\ock_contracts_tests.vcxproj]
  (编译源文件“../../../../../tests/compile/contracts/contracts_tests.cpp”)
  
E:\VS2019Qt5.15\3D\tests\conformance\core_contracts\factories.hpp(32,8): error C4430: 缺少类型说明符 - 假定为 int。注意: C++ 不支持默认 int [E:\VS2019Qt5.15\3D\build\d1.02-debug-integration\tests\compile\contracts\ock_contracts_tests.vcxproj]
  (编译源文件“../../../../../tests/compile/contracts/contracts_tests.cpp”)
  
E:\VS2019Qt5.15\3D\tests\conformance\core_contracts\factories.hpp(32,20): error C2146: 语法错误: 缺少“;”(在标识符“unknown_fact”的前面) [E:\VS2019Qt5.15\3D\build\d1.02-debug-integration\tests\compile\contracts\ock_contracts_tests.vcxproj]
  (编译源文件“../../../../../tests/compile/contracts/contracts_tests.cpp”)
  
E:\VS2019Qt5.15\3D\tests\conformance\core_contracts\factories.hpp(32,33): error C2059: 语法错误:“)” [E:\VS2019Qt5.15\3D\build\d1.02-debug-integration\tests\compile\contracts\ock_contracts_tests.vcxproj]
  (编译源文件“../../../../../tests/compile/contracts/contracts_tests.cpp”)
  
E:\VS2019Qt5.15\3D\tests\conformance\core_contracts\factories.hpp(32,35): error C2143: 语法错误: 缺少“;”(在“{”的前面) [E:\VS2019Qt5.15\3D\build\d1.02-debug-integration\tests\compile\contracts\ock_contracts_tests.vcxproj]
  (编译源文件“../../../../../tests/compile/contracts/contracts_tests.cpp”)
  
E:\VS2019Qt5.15\3D\tests\conformance\core_contracts\factories.hpp(32,35): error C2447: “{”: 缺少函数标题(是否是老式的形式表?) [E:\VS2019Qt5.15\3D\build\d1.02-debug-integration\tests\compile\contracts\ock_contracts_tests.vcxproj]
  (编译源文件“../../../../../tests/compile/contracts/contracts_tests.cpp”)
  
E:\VS2019Qt5.15\3D\tests\conformance\core_contracts\factories.hpp(36,8): error C4430: 缺少类型说明符 - 假定为 int。注意: C++ 不支持默认 int [E:\VS2019Qt5.15\3D\build\d1.02-debug-integration\tests\compile\contracts\ock_contracts_tests.vcxproj]
  (编译源文件“../../../../../tests/compile/contracts/contracts_tests.cpp”)
  
E:\VS2019Qt5.15\3D\tests\conformance\core_contracts\factories.hpp(36,25): error C2146: 语法错误: 缺少“;”(在标识符“prepared_identity”的前面) [E:\VS2019Qt5.15\3D\build\d1.02-debug-integration\tests\compile\contracts\ock_contracts_tests.vcxproj]
  (编译源文件“../../../../../tests/compile/contracts/contracts_tests.cpp”)
  
E:\VS2019Qt5.15\3D\tests\conformance\core_contracts\factories.hpp(36,43): error C2059: 语法错误:“)” [E:\VS2019Qt5.15\3D\build\d1.02-debug-integration\tests\compile\contracts\ock_contracts_tests.vcxproj]
  (编译源文件“../../../../../tests/compile/contracts/contracts_tests.cpp”)
  
E:\VS2019Qt5.15\3D\tests\conformance\core_contracts\factories.hpp(36,45): error C2143: 语法错误: 缺少“;”(在“{”的前面) [E:\VS2019Qt5.15\3D\build\d1.02-debug-integration\tests\compile\contracts\ock_contracts_tests.vcxproj]
  (编译源文件“../../../../../tests/compile/contracts/contracts_tests.cpp”)
  
E:\VS2019Qt5.15\3D\tests\conformance\core_contracts\factories.hpp(36,45): error C2447: “{”: 缺少函数标题(是否是老式的形式表?) [E:\VS2019Qt5.15\3D\build\d1.02-debug-integration\tests\compile\contracts\ock_contracts_tests.vcxproj]
  (编译源文件“../../../../../tests/compile/contracts/contracts_tests.cpp”)
  
E:\VS2019Qt5.15\3D\tests\conformance\core_contracts\factories.hpp(39,8): error C4430: 缺少类型说明符 - 假定为 int。注意: C++ 不支持默认 int [E:\VS2019Qt5.15\3D\build\d1.02-debug-integration\tests\compile\contracts\ock_contracts_tests.vcxproj]
  (编译源文件“../../../../../tests/compile/contracts/contracts_tests.cpp”)
  
E:\VS2019Qt5.15\3D\tests\conformance\core_contracts\factories.hpp(39,22): error C2146: 语法错误: 缺少“;”(在标识符“record_request”的前面) [E:\VS2019Qt5.15\3D\build\d1.02-debug-integration\tests\compile\contracts\ock_contracts_tests.vcxproj]
  (编译源文件“../../../../../tests/compile/contracts/contracts_tests.cpp”)
  
E:\VS2019Qt5.15\3D\tests\conformance\core_contracts\factories.hpp(39,37): error C2059: 语法错误:“)” [E:\VS2019Qt5.15\3D\build\d1.02-debug-integration\tests\compile\contracts\ock_contracts_tests.vcxproj]
  (编译源文件“../../../../../tests/compile/contracts/contracts_tests.cpp”)
  
E:\VS2019Qt5.15\3D\tests\conformance\core_contracts\factories.hpp(39,39): error C2143: 语法错误: 缺少“;”(在“{”的前面) [E:\VS2019Qt5.15\3D\build\d1.02-debug-integration\tests\compile\contracts\ock_contracts_tests.vcxproj]
  (编译源文件“../../../../../tests/compile/contracts/contracts_tests.cpp”)
  
E:\VS2019Qt5.15\3D\tests\conformance\core_contracts\factories.hpp(39,39): error C2447: “{”: 缺少函数标题(是否是老式的形式表?) [E:\VS2019Qt5.15\3D\build\d1.02-debug-integration\tests\compile\contracts\ock_contracts_tests.vcxproj]
  (编译源文件“../../../../../tests/compile/contracts/contracts_tests.cpp”)
  
E:\VS2019Qt5.15\3D\tests\conformance\core_contracts\factories.hpp(43,8): error C4430: 缺少类型说明符 - 假定为 int。注意: C++ 不支持默认 int [E:\VS2019Qt5.15\3D\build\d1.02-debug-integration\tests\compile\contracts\ock_contracts_tests.vcxproj]
  (编译源文件“../../../../../tests/compile/contracts/contracts_tests.cpp”)
  
E:\VS2019Qt5.15\3D\tests\conformance\core_contracts\factories.hpp(43,21): error C2146: 语法错误: 缺少“;”(在标识符“summary”的前面) [E:\VS2019Qt5.15\3D\build\d1.02-debug-integration\tests\compile\contracts\ock_contracts_tests.vcxproj]
  (编译源文件“../../../../../tests/compile/contracts/contracts_tests.cpp”)
  
E:\VS2019Qt5.15\3D\tests\conformance\core_contracts\factories.hpp(43,29): error C2059: 语法错误:“)” [E:\VS2019Qt5.15\3D\build\d1.02-debug-integration\tests\compile\contracts\ock_contracts_tests.vcxproj]
  (编译源文件“../../../../../tests/compile/contracts/contracts_tests.cpp”)
  
E:\VS2019Qt5.15\3D\tests\conformance\core_contracts\factories.hpp(43,31): error C2143: 语法错误: 缺少“;”(在“{”的前面) [E:\VS2019Qt5.15\3D\build\d1.02-debug-integration\tests\compile\contracts\ock_contracts_tests.vcxproj]
  (编译源文件“../../../../../tests/compile/contracts/contracts_tests.cpp”)
  
E:\VS2019Qt5.15\3D\tests\conformance\core_contracts\factories.hpp(43,31): error C2447: “{”: 缺少函数标题(是否是老式的形式表?) [E:\VS2019Qt5.15\3D\build\d1.02-debug-integration\tests\compile\contracts\ock_contracts_tests.vcxproj]
  (编译源文件“../../../../../tests/compile/contracts/contracts_tests.cpp”)
  
E:\VS2019Qt5.15\3D\tests\conformance\core_contracts\factories.hpp(59,30): error C2504: “CompletionPort”: 未定义基类 [E:\VS2019Qt5.15\3D\build\d1.02-debug-integration\tests\compile\contracts\ock_contracts_tests.vcxproj]
  (编译源文件“../../../../../tests/compile/contracts/contracts_tests.cpp”)
  
E:\VS2019Qt5.15\3D\tests\conformance\core_contracts\factories.hpp(62,3): error C7568: 假定的函数模板“Result”后面缺少参数列表 [E:\VS2019Qt5.15\3D\build\d1.02-debug-integration\tests\compile\contracts\ock_contracts_tests.vcxproj]
  (编译源文件“../../../../../tests/compile/contracts/contracts_tests.cpp”)
  
E:\VS2019Qt5.15\3D\tests\conformance\core_contracts\factories.hpp(62,32): error C7568: 假定的函数模板“Result”后面缺少参数列表 [E:\VS2019Qt5.15\3D\build\d1.02-debug-integration\tests\compile\contracts\ock_contracts_tests.vcxproj]
  (编译源文件“../../../../../tests/compile/contracts/contracts_tests.cpp”)
  
E:\VS2019Qt5.15\3D\tests\conformance\core_contracts\factories.hpp(62,16): error C3668: “CountReceiver::candidate_ready”: 包含重写说明符“override”的方法没有重写任何基类方法 [E:\VS2019Qt5.15\3D\build\d1.02-debug-integration\tests\compile\contracts\ock_contracts_tests.vcxproj]
  (编译源文件“../../../../../tests/compile/contracts/contracts_tests.cpp”)
  
E:\VS2019Qt5.15\3D\tests\conformance\core_contracts\factories.hpp(67,29): error C2504: “CompletionPort”: 未定义基类 [E:\VS2019Qt5.15\3D\build\d1.02-debug-integration\tests\compile\contracts\ock_contracts_tests.vcxproj]
  (编译源文件“../../../../../tests/compile/contracts/contracts_tests.cpp”)
  
E:\VS2019Qt5.15\3D\tests\conformance\core_contracts\factories.hpp(69,30): error C2039: "shared_ptr": 不是 "std" 的成员 [E:\VS2019Qt5.15\3D\build\d1.02-debug-integration\tests\compile\contracts\ock_contracts_tests.vcxproj]
  (编译源文件“../../../../../tests/compile/contracts/contracts_tests.cpp”)
      E:\VS2019Qt5.15\3D\build\d1.02-debug-integration\tests\compile\contracts\predefined C++ types (compiler internal)(357,11):
      参见“std”的声明
  
E:\VS2019Qt5.15\3D\tests\conformance\core_contracts\factories.hpp(69,30): error C7568: 假定的函数模板“shared_ptr”后面缺少参数列表 [E:\VS2019Qt5.15\3D\build\d1.02-debug-integration\tests\compile\contracts\ock_contracts_tests.vcxproj]
  (编译源文件“../../../../../tests/compile/contracts/contracts_tests.cpp”)
  
E:\VS2019Qt5.15\3D\tests\conformance\core_contracts\factories.hpp(69,30): error C2061: 语法错误: 标识符“shared_ptr” [E:\VS2019Qt5.15\3D\build\d1.02-debug-integration\tests\compile\contracts\ock_contracts_tests.vcxproj]
  (编译源文件“../../../../../tests/compile/contracts/contracts_tests.cpp”)
  
E:\VS2019Qt5.15\3D\tests\conformance\core_contracts\factories.hpp(70,3): error C7568: 假定的函数模板“Result”后面缺少参数列表 [E:\VS2019Qt5.15\3D\build\d1.02-debug-integration\tests\compile\contracts\ock_contracts_tests.vcxproj]
  (编译源文件“../../../../../tests/compile/contracts/contracts_tests.cpp”)
  
E:\VS2019Qt5.15\3D\tests\conformance\core_contracts\factories.hpp(70,32): error C7568: 假定的函数模板“Result”后面缺少参数列表 [E:\VS2019Qt5.15\3D\build\d1.02-debug-integration\tests\compile\contracts\ock_contracts_tests.vcxproj]
  (编译源文件“../../../../../tests/compile/contracts/contracts_tests.cpp”)
  
E:\VS2019Qt5.15\3D\tests\conformance\core_contracts\factories.hpp(76,8): error C2039: "shared_ptr": 不是 "std" 的成员 [E:\VS2019Qt5.15\3D\build\d1.02-debug-integration\tests\compile\contracts\ock_contracts_tests.vcxproj]
  (编译源文件“../../../../../tests/compile/contracts/contracts_tests.cpp”)
      E:\VS2019Qt5.15\3D\build\d1.02-debug-integration\tests\compile\contracts\predefined C++ types (compiler internal)(357,11):
      参见“std”的声明
  
E:\VS2019Qt5.15\3D\tests\conformance\core_contracts\factories.hpp(76,8): error C7568: 假定的函数模板“shared_ptr”后面缺少参数列表 [E:\VS2019Qt5.15\3D\build\d1.02-debug-integration\tests\compile\contracts\ock_contracts_tests.vcxproj]
  (编译源文件“../../../../../tests/compile/contracts/contracts_tests.cpp”)
  
E:\VS2019Qt5.15\3D\tests\conformance\core_contracts\factories.hpp(76,8): error C2062: 意外的类型“<error type>”  [E:\VS2019Qt5.15\3D\build\d1.02-debug-integration\tests\compile\contracts\ock_contracts_tests.vcxproj]
  (编译源文件“../../../../../tests/compile/contracts/contracts_tests.cpp”)
  
E:\VS2019Qt5.15\3D\tests\conformance\core_contracts\factories.hpp(76,37): error C2238: 意外的标记位于“;”之前 [E:\VS2019Qt5.15\3D\build\d1.02-debug-integration\tests\compile\contracts\ock_contracts_tests.vcxproj]
  (编译源文件“../../../../../tests/compile/contracts/contracts_tests.cpp”)
  
E:\VS2019Qt5.15\3D\tests\conformance\core_contracts\factories.hpp(70,16): error C3668: “WorkReceiver::candidate_ready”: 包含重写说明符“override”的方法没有重写任何基类方法 [E:\VS2019Qt5.15\3D\build\d1.02-debug-integration\tests\compile\contracts\ock_contracts_tests.vcxproj]
  (编译源文件“../../../../../tests/compile/contracts/contracts_tests.cpp”)
  
E:\VS2019Qt5.15\3D\tests\conformance\core_contracts\factories.hpp(69,70): error C2039: "move": 不是 "std" 的成员 [E:\VS2019Qt5.15\3D\build\d1.02-debug-integration\tests\compile\contracts\ock_contracts_tests.vcxproj]
  (编译源文件“../../../../../tests/compile/contracts/contracts_tests.cpp”)
      E:\VS2019Qt5.15\3D\build\d1.02-debug-integration\tests\compile\contracts\predefined C++ types (compiler internal)(357,11):
      参见“std”的声明
      E:\VS2019Qt5.15\3D\tests\conformance\core_contracts\factories.hpp(69,70):
      是否要包括 <utility>?
  
E:\VS2019Qt5.15\3D\tests\conformance\core_contracts\factories.hpp(69,75): error C2065: “c”: 未声明的标识符 [E:\VS2019Qt5.15\3D\build\d1.02-debug-integration\tests\compile\contracts\ock_contracts_tests.vcxproj]
  (编译源文件“../../../../../tests/compile/contracts/contracts_tests.cpp”)
  
E:\VS2019Qt5.15\3D\tests\conformance\core_contracts\factories.hpp(69,70): error C3861: “move”: 找不到标识符 [E:\VS2019Qt5.15\3D\build\d1.02-debug-integration\tests\compile\contracts\ock_contracts_tests.vcxproj]
  (编译源文件“../../../../../tests/compile/contracts/contracts_tests.cpp”)
  
E:\VS2019Qt5.15\3D\tests\conformance\core_contracts\factories.hpp(69,58): error C2614: “WorkReceiver”: 非法的成员初始化:“counts”不是基或成员 [E:\VS2019Qt5.15\3D\build\d1.02-debug-integration\tests\compile\contracts\ock_contracts_tests.vcxproj]
  (编译源文件“../../../../../tests/compile/contracts/contracts_tests.cpp”)
  
E:\VS2019Qt5.15\3D\tests\conformance\core_contracts\factories.hpp(71,7): error C2065: “counts”: 未声明的标识符 [E:\VS2019Qt5.15\3D\build\d1.02-debug-integration\tests\compile\contracts\ock_contracts_tests.vcxproj]
  (编译源文件“../../../../../tests/compile/contracts/contracts_tests.cpp”)
  
E:\VS2019Qt5.15\3D\tests\conformance\core_contracts\factories.hpp(78,26): error C2504: “ReadyWork”: 未定义基类 [E:\VS2019Qt5.15\3D\build\d1.02-debug-integration\tests\compile\contracts\ock_contracts_tests.vcxproj]
  (编译源文件“../../../../../tests/compile/contracts/contracts_tests.cpp”)
  
E:\VS2019Qt5.15\3D\tests\conformance\core_contracts\factories.hpp(80,27): error C2039: "shared_ptr": 不是 "std" 的成员 [E:\VS2019Qt5.15\3D\build\d1.02-debug-integration\tests\compile\contracts\ock_contracts_tests.vcxproj]
  (编译源文件“../../../../../tests/compile/contracts/contracts_tests.cpp”)
      E:\VS2019Qt5.15\3D\build\d1.02-debug-integration\tests\compile\contracts\predefined C++ types (compiler internal)(357,11):
      参见“std”的声明
  
E:\VS2019Qt5.15\3D\tests\conformance\core_contracts\factories.hpp(80,27): error C7568: 假定的函数模板“shared_ptr”后面缺少参数列表 [E:\VS2019Qt5.15\3D\build\d1.02-debug-integration\tests\compile\contracts\ock_contracts_tests.vcxproj]
  (编译源文件“../../../../../tests/compile/contracts/contracts_tests.cpp”)
  
E:\VS2019Qt5.15\3D\tests\conformance\core_contracts\factories.hpp(80,27): error C2061: 语法错误: 标识符“shared_ptr” [E:\VS2019Qt5.15\3D\build\d1.02-debug-integration\tests\compile\contracts\ock_contracts_tests.vcxproj]
  (编译源文件“../../../../../tests/compile/contracts/contracts_tests.cpp”)
  
E:\VS2019Qt5.15\3D\tests\conformance\core_contracts\factories.hpp(98,8): error C2039: "shared_ptr": 不是 "std" 的成员 [E:\VS2019Qt5.15\3D\build\d1.02-debug-integration\tests\compile\contracts\ock_contracts_tests.vcxproj]
  (编译源文件“../../../../../tests/compile/contracts/contracts_tests.cpp”)
      E:\VS2019Qt5.15\3D\build\d1.02-debug-integration\tests\compile\contracts\predefined C++ types (compiler internal)(357,11):
      参见“std”的声明
  
E:\VS2019Qt5.15\3D\tests\conformance\core_contracts\factories.hpp(98,8): error C7568: 假定的函数模板“shared_ptr”后面缺少参数列表 [E:\VS2019Qt5.15\3D\build\d1.02-debug-integration\tests\compile\contracts\ock_contracts_tests.vcxproj]
  (编译源文件“../../../../../tests/compile/contracts/contracts_tests.cpp”)
  
E:\VS2019Qt5.15\3D\tests\conformance\core_contracts\factories.hpp(98,8): error C2062: 意外的类型“<error type>”  [E:\VS2019Qt5.15\3D\build\d1.02-debug-integration\tests\compile\contracts\ock_contracts_tests.vcxproj]
  (编译源文件“../../../../../tests/compile/contracts/contracts_tests.cpp”)
  
E:\VS2019Qt5.15\3D\tests\conformance\core_contracts\factories.hpp(98,37): error C2238: 意外的标记位于“;”之前 [E:\VS2019Qt5.15\3D\build\d1.02-debug-integration\tests\compile\contracts\ock_contracts_tests.vcxproj]
  (编译源文件“../../../../../tests/compile/contracts/contracts_tests.cpp”)
  
E:\VS2019Qt5.15\3D\tests\conformance\core_contracts\factories.hpp(99,19): error C3646: “latch”: 未知重写说明符 [E:\VS2019Qt5.15\3D\build\d1.02-debug-integration\tests\compile\contracts\ock_contracts_tests.vcxproj]
  (编译源文件“../../../../../tests/compile/contracts/contracts_tests.cpp”)
  
E:\VS2019Qt5.15\3D\tests\conformance\core_contracts\factories.hpp(99,3): error C4430: 缺少类型说明符 - 假定为 int。注意: C++ 不支持默认 int [E:\VS2019Qt5.15\3D\build\d1.02-debug-integration\tests\compile\contracts\ock_contracts_tests.vcxproj]
  (编译源文件“../../../../../tests/compile/contracts/contracts_tests.cpp”)
  
E:\VS2019Qt5.15\3D\tests\conformance\core_contracts\factories.hpp(83,4): error C3668: “CountWork::~CountWork”: 包含重写说明符“override”的方法没有重写任何基类方法 [E:\VS2019Qt5.15\3D\build\d1.02-debug-integration\tests\compile\contracts\ock_contracts_tests.vcxproj]
  (编译源文件“../../../../../tests/compile/contracts/contracts_tests.cpp”)
  
E:\VS2019Qt5.15\3D\tests\conformance\core_contracts\factories.hpp(84,8): error C3668: “CountWork::execute”: 包含重写说明符“override”的方法没有重写任何基类方法 [E:\VS2019Qt5.15\3D\build\d1.02-debug-integration\tests\compile\contracts\ock_contracts_tests.vcxproj]
  (编译源文件“../../../../../tests/compile/contracts/contracts_tests.cpp”)
  
E:\VS2019Qt5.15\3D\tests\conformance\core_contracts\factories.hpp(81,21): error C2039: "move": 不是 "std" 的成员 [E:\VS2019Qt5.15\3D\build\d1.02-debug-integration\tests\compile\contracts\ock_contracts_tests.vcxproj]
  (编译源文件“../../../../../tests/compile/contracts/contracts_tests.cpp”)
      E:\VS2019Qt5.15\3D\build\d1.02-debug-integration\tests\compile\contracts\predefined C++ types (compiler internal)(357,11):
      参见“std”的声明
      E:\VS2019Qt5.15\3D\tests\conformance\core_contracts\factories.hpp(81,21):
      是否要包括 <utility>?
  
E:\VS2019Qt5.15\3D\tests\conformance\core_contracts\factories.hpp(81,26): error C2065: “c”: 未声明的标识符 [E:\VS2019Qt5.15\3D\build\d1.02-debug-integration\tests\compile\contracts\ock_contracts_tests.vcxproj]
  (编译源文件“../../../../../tests/compile/contracts/contracts_tests.cpp”)
  
E:\VS2019Qt5.15\3D\tests\conformance\core_contracts\factories.hpp(81,21): error C3861: “move”: 找不到标识符 [E:\VS2019Qt5.15\3D\build\d1.02-debug-integration\tests\compile\contracts\ock_contracts_tests.vcxproj]
  (编译源文件“../../../../../tests/compile/contracts/contracts_tests.cpp”)
  
E:\VS2019Qt5.15\3D\tests\conformance\core_contracts\factories.hpp(81,42): error C2039: "make_shared": 不是 "std" 的成员 [E:\VS2019Qt5.15\3D\build\d1.02-debug-integration\tests\compile\contracts\ock_contracts_tests.vcxproj]
  (编译源文件“../../../../../tests/compile/contracts/contracts_tests.cpp”)
      E:\VS2019Qt5.15\3D\build\d1.02-debug-integration\tests\compile\contracts\predefined C++ types (compiler internal)(357,11):
      参见“std”的声明
  
E:\VS2019Qt5.15\3D\tests\conformance\core_contracts\factories.hpp(81,54): error C2275: “WorkReceiver”: 应为表达式而不是类型 [E:\VS2019Qt5.15\3D\build\d1.02-debug-integration\tests\compile\contracts\ock_contracts_tests.vcxproj]
  (编译源文件“../../../../../tests/compile/contracts/contracts_tests.cpp”)
  
E:\VS2019Qt5.15\3D\tests\conformance\core_contracts\factories.hpp(81,68): error C2065: “counts”: 未声明的标识符 [E:\VS2019Qt5.15\3D\build\d1.02-debug-integration\tests\compile\contracts\ock_contracts_tests.vcxproj]
  (编译源文件“../../../../../tests/compile/contracts/contracts_tests.cpp”)
  
E:\VS2019Qt5.15\3D\tests\conformance\core_contracts\factories.hpp(82,16): error C2065: “fault”: 未声明的标识符 [E:\VS2019Qt5.15\3D\build\d1.02-debug-integration\tests\compile\contracts\ock_contracts_tests.vcxproj]
  (编译源文件“../../../../../tests/compile/contracts/contracts_tests.cpp”)
  
E:\VS2019Qt5.15\3D\tests\conformance\core_contracts\factories.hpp(81,9): error C2614: “CountWork”: 非法的成员初始化:“counts”不是基或成员 [E:\VS2019Qt5.15\3D\build\d1.02-debug-integration\tests\compile\contracts\ock_contracts_tests.vcxproj]
  (编译源文件“../../../../../tests/compile/contracts/contracts_tests.cpp”)
  
E:\VS2019Qt5.15\3D\tests\conformance\core_contracts\factories.hpp(81,31): error C2614: “CountWork”: 非法的成员初始化:“latch”不是基或成员 [E:\VS2019Qt5.15\3D\build\d1.02-debug-integration\tests\compile\contracts\ock_contracts_tests.vcxproj]
  (编译源文件“../../../../../tests/compile/contracts/contracts_tests.cpp”)
  
E:\VS2019Qt5.15\3D\tests\conformance\core_contracts\factories.hpp(83,29): error C2065: “counts”: 未声明的标识符 [E:\VS2019Qt5.15\3D\build\d1.02-debug-integration\tests\compile\contracts\ock_contracts_tests.vcxproj]
  (编译源文件“../../../../../tests/compile/contracts/contracts_tests.cpp”)
  
E:\VS2019Qt5.15\3D\tests\conformance\core_contracts\factories.hpp(85,7): error C2065: “counts”: 未声明的标识符 [E:\VS2019Qt5.15\3D\build\d1.02-debug-integration\tests\compile\contracts\ock_contracts_tests.vcxproj]
  (编译源文件“../../../../../tests/compile/contracts/contracts_tests.cpp”)
  
E:\VS2019Qt5.15\3D\tests\conformance\core_contracts\factories.hpp(86,5): error C2065: “counts”: 未声明的标识符 [E:\VS2019Qt5.15\3D\build\d1.02-debug-integration\tests\compile\contracts\ock_contracts_tests.vcxproj]
  (编译源文件“../../../../../tests/compile/contracts/contracts_tests.cpp”)
  
E:\VS2019Qt5.15\3D\tests\conformance\core_contracts\factories.hpp(86,37): error C2065: “counts”: 未声明的标识符 [E:\VS2019Qt5.15\3D\build\d1.02-debug-integration\tests\compile\contracts\ock_contracts_tests.vcxproj]
  (编译源文件“../../../../../tests/compile/contracts/contracts_tests.cpp”)
  
E:\VS2019Qt5.15\3D\tests\conformance\core_contracts\factories.hpp(89,20): error C2039: "runtime_error": 不是 "std" 的成员 [E:\VS2019Qt5.15\3D\build\d1.02-debug-integration\tests\compile\contracts\ock_contracts_tests.vcxproj]
  (编译源文件“../../../../../tests/compile/contracts/contracts_tests.cpp”)
      E:\VS2019Qt5.15\3D\build\d1.02-debug-integration\tests\compile\contracts\predefined C++ types (compiler internal)(357,11):
      参见“std”的声明
  
E:\VS2019Qt5.15\3D\tests\conformance\core_contracts\factories.hpp(89,20): error C3861: “runtime_error”: 找不到标识符 [E:\VS2019Qt5.15\3D\build\d1.02-debug-integration\tests\compile\contracts\ock_contracts_tests.vcxproj]
  (编译源文件“../../../../../tests/compile/contracts/contracts_tests.cpp”)
  
E:\VS2019Qt5.15\3D\tests\conformance\core_contracts\factories.hpp(90,13): error C2065: “latch”: 未声明的标识符 [E:\VS2019Qt5.15\3D\build\d1.02-debug-integration\tests\compile\contracts\ock_contracts_tests.vcxproj]
  (编译源文件“../../../../../tests/compile/contracts/contracts_tests.cpp”)
  
E:\VS2019Qt5.15\3D\tests\conformance\core_contracts\factories.hpp(92,9): error C2065: “counts”: 未声明的标识符 [E:\VS2019Qt5.15\3D\build\d1.02-debug-integration\tests\compile\contracts\ock_contracts_tests.vcxproj]
  (编译源文件“../../../../../tests/compile/contracts/contracts_tests.cpp”)
  
E:\VS2019Qt5.15\3D\tests\conformance\core_contracts\factories.hpp(93,13): error C2065: “latch”: 未声明的标识符 [E:\VS2019Qt5.15\3D\build\d1.02-debug-integration\tests\compile\contracts\ock_contracts_tests.vcxproj]
  (编译源文件“../../../../../tests/compile/contracts/contracts_tests.cpp”)
  
E:\VS2019Qt5.15\3D\tests\conformance\core_contracts\factories.hpp(93,35): error C2653: “ContractsErrc”: 不是类或命名空间名称 [E:\VS2019Qt5.15\3D\build\d1.02-debug-integration\tests\compile\contracts\ock_contracts_tests.vcxproj]
  (编译源文件“../../../../../tests/compile/contracts/contracts_tests.cpp”)
  
E:\VS2019Qt5.15\3D\tests\conformance\core_contracts\factories.hpp(93,50): error C2065: “InvalidContract”: 未声明的标识符 [E:\VS2019Qt5.15\3D\build\d1.02-debug-integration\tests\compile\contracts\ock_contracts_tests.vcxproj]
  (编译源文件“../../../../../tests/compile/contracts/contracts_tests.cpp”)
  
E:\VS2019Qt5.15\3D\tests\conformance\core_contracts\factories.hpp(93,28): error C3861: “reject”: 找不到标识符 [E:\VS2019Qt5.15\3D\build\d1.02-debug-integration\tests\compile\contracts\ock_contracts_tests.vcxproj]
  (编译源文件“../../../../../tests/compile/contracts/contracts_tests.cpp”)
  
E:\VS2019Qt5.15\3D\tests\conformance\core_contracts\factories.hpp(102,31): error C2504: “ExecutorPort”: 未定义基类 [E:\VS2019Qt5.15\3D\build\d1.02-debug-integration\tests\compile\contracts\ock_contracts_tests.vcxproj]
  (编译源文件“../../../../../tests/compile/contracts/contracts_tests.cpp”)
  
E:\VS2019Qt5.15\3D\tests\conformance\core_contracts\factories.hpp(104,3): error C7568: 假定的函数模板“Result”后面缺少参数列表 [E:\VS2019Qt5.15\3D\build\d1.02-debug-integration\tests\compile\contracts\ock_contracts_tests.vcxproj]
  (编译源文件“../../../../../tests/compile/contracts/contracts_tests.cpp”)
  
E:\VS2019Qt5.15\3D\tests\conformance\core_contracts\factories.hpp(104,28): error C2039: "unique_ptr": 不是 "std" 的成员 [E:\VS2019Qt5.15\3D\build\d1.02-debug-integration\tests\compile\contracts\ock_contracts_tests.vcxproj]
  (编译源文件“../../../../../tests/compile/contracts/contracts_tests.cpp”)
      E:\VS2019Qt5.15\3D\build\d1.02-debug-integration\tests\compile\contracts\predefined C++ types (compiler internal)(357,11):
      参见“std”的声明
  
E:\VS2019Qt5.15\3D\tests\conformance\core_contracts\factories.hpp(104,28): error C2061: 语法错误: 标识符“unique_ptr” [E:\VS2019Qt5.15\3D\build\d1.02-debug-integration\tests\compile\contracts\ock_contracts_tests.vcxproj]
  (编译源文件“../../../../../tests/compile/contracts/contracts_tests.cpp”)
  
E:\VS2019Qt5.15\3D\tests\conformance\core_contracts\factories.hpp(104,16): error C3668: “InlineExecutor::submit”: 包含重写说明符“override”的方法没有重写任何基类方法 [E:\VS2019Qt5.15\3D\build\d1.02-debug-integration\tests\compile\contracts\ock_contracts_tests.vcxproj]
  (编译源文件“../../../../../tests/compile/contracts/contracts_tests.cpp”)
  
E:\VS2019Qt5.15\3D\tests\conformance\core_contracts\factories.hpp(105,5): error C2065: “work”: 未声明的标识符 [E:\VS2019Qt5.15\3D\build\d1.02-debug-integration\tests\compile\contracts\ock_contracts_tests.vcxproj]
  (编译源文件“../../../../../tests/compile/contracts/contracts_tests.cpp”)
  
E:\VS2019Qt5.15\3D\tests\conformance\core_contracts\factories.hpp(109,31): error C2504: “ExecutorPort”: 未定义基类 [E:\VS2019Qt5.15\3D\build\d1.02-debug-integration\tests\compile\contracts\ock_contracts_tests.vcxproj]
  (编译源文件“../../../../../tests/compile/contracts/contracts_tests.cpp”)
  
E:\VS2019Qt5.15\3D\tests\conformance\core_contracts\factories.hpp(109,31): error C1003: 错误计数超过 100；正在停止编译 [E:\VS2019Qt5.15\3D\build\d1.02-debug-integration\tests\compile\contracts\ock_contracts_tests.vcxproj]
  (编译源文件“../../../../../tests/compile/contracts/contracts_tests.cpp”)
  
