CMake is re-running because J:/Code/Kernel_v2/build/b2-data-debug/CMakeFiles/generate.stamp is out-of-date.
  the file 'J:/Code/Kernel_v2/tests/unit/data/CMakeLists.txt'
  is newer than 'J:/Code/Kernel_v2/build/b2-data-debug/CMakeFiles/generate.stamp.depend'
  result='-1'
-- Selecting Windows SDK version 10.0.26100.0 to target Windows 10.
-- Configuring done (1.6s)
-- Generating done (0.1s)
-- Build files have been written to: J:/Code/Kernel_v2/build/b2-data-debug
适用于 .NET Framework MSBuild 版本 17.14.23+b0019275e

  ock_data_contract.vcxproj -> J:\Code\Kernel_v2\build\b2-data-debug\Debug\ock_data_contract.lib
  ock_binding_contract.vcxproj -> J:\Code\Kernel_v2\build\b2-data-debug\Debug\ock_binding_contract.lib
  ock_catalog_contract.vcxproj -> J:\Code\Kernel_v2\build\b2-data-debug\Debug\ock_catalog_contract.lib
  Building Custom Rule J:/Code/Kernel_v2/tests/unit/data/CMakeLists.txt
  registry.cpp
  invocation.cpp
  host.cpp
  logging.cpp
  正在生成代码...
  ock_host_contract.vcxproj -> J:\Code\Kernel_v2\build\b2-data-debug\Debug\ock_host_contract.lib
  Building Custom Rule J:/Code/Kernel_v2/tests/unit/data/CMakeLists.txt
  native.cpp
J:\Code\Kernel_v2\tests\contract\binding_parity\native.cpp(37,86): error C2838: “Compute”: 成员声明中的限定名称非法 [J:\Code\Kernel_v2\build\b2-data-debug\dynamic_native_contract.vcxproj]
J:\Code\Kernel_v2\tests\contract\binding_parity\native.cpp(37,86): error C2065: “Compute”: 未声明的标识符 [J:\Code\Kernel_v2\build\b2-data-debug\dynamic_native_contract.vcxproj]
J:\Code\Kernel_v2\tests\contract\binding_parity\native.cpp(37,144): error C3536: “dynamic”: 初始化之前无法使用 [J:\Code\Kernel_v2\build\b2-data-debug\dynamic_native_contract.vcxproj]
J:\Code\Kernel_v2\tests\contract\binding_parity\native.cpp(38,58): error C2838: “Compute”: 成员声明中的限定名称非法 [J:\Code\Kernel_v2\build\b2-data-debug\dynamic_native_contract.vcxproj]
J:\Code\Kernel_v2\tests\contract\binding_parity\native.cpp(38,58): error C2065: “Compute”: 未声明的标识符 [J:\Code\Kernel_v2\build\b2-data-debug\dynamic_native_contract.vcxproj]
J:\Code\Kernel_v2\tests\contract\binding_parity\native.cpp(38,115): error C3536: “native”: 初始化之前无法使用 [J:\Code\Kernel_v2\build\b2-data-debug\dynamic_native_contract.vcxproj]
J:\Code\Kernel_v2\tests\contract\binding_parity\native.cpp(44,3): error C3536: “dynamic_reply”: 初始化之前无法使用 [J:\Code\Kernel_v2\build\b2-data-debug\dynamic_native_contract.vcxproj]
J:\Code\Kernel_v2\tests\contract\binding_parity\native.cpp(44,3): error C3536: “native_reply”: 初始化之前无法使用 [J:\Code\Kernel_v2\build\b2-data-debug\dynamic_native_contract.vcxproj]
J:\Code\Kernel_v2\tests\contract\binding_parity\native.cpp(47,5): error C2672: “std::holds_alternative”: 未找到匹配的重载函数 [J:\Code\Kernel_v2\build\b2-data-debug\dynamic_native_contract.vcxproj]
      E:\vs2022IDE\VC\Tools\MSVC\14.44.35207\include\variant(1148,27):
      可能是“bool std::holds_alternative(const std::variant<_Types...> &) noexcept”
  
J:\Code\Kernel_v2\tests\contract\binding_parity\native.cpp(51,3): error C2672: “std::holds_alternative”: 未找到匹配的重载函数 [J:\Code\Kernel_v2\build\b2-data-debug\dynamic_native_contract.vcxproj]
      E:\vs2022IDE\VC\Tools\MSVC\14.44.35207\include\variant(1148,27):
      可能是“bool std::holds_alternative(const std::variant<_Types...> &) noexcept”
  
J:\Code\Kernel_v2\tests\contract\binding_parity\native.cpp(54,3): error C2672: “std::holds_alternative”: 未找到匹配的重载函数 [J:\Code\Kernel_v2\build\b2-data-debug\dynamic_native_contract.vcxproj]
      E:\vs2022IDE\VC\Tools\MSVC\14.44.35207\include\variant(1148,27):
      可能是“bool std::holds_alternative(const std::variant<_Types...> &) noexcept”
  
