Internal ctest changing into directory: J:/Code/Kernel_v2/build/b2-data-debug
Test project J:/Code/Kernel_v2/build/b2-data-debug
      Start  1: T04.data.values
 1/12 Test  #1: T04.data.values ..................   Passed    0.18 sec
      Start  2: T04.data.duplicate
 2/12 Test  #2: T04.data.duplicate ...............   Passed    0.08 sec
      Start  3: T04.data.invalid
 3/12 Test  #3: T04.data.invalid .................   Passed    0.10 sec
      Start  4: T04.data.budgets
 4/12 Test  #4: T04.data.budgets .................   Passed    0.11 sec
      Start  5: T04.data.freeze
 5/12 Test  #5: T04.data.freeze ..................   Passed    0.08 sec
      Start  6: T04.data.allocation_failures
 6/12 Test  #6: T04.data.allocation_failures .....   Passed    0.09 sec
      Start  7: T04.data.ownership
 7/12 Test  #7: T04.data.ownership ...............   Passed    0.10 sec
      Start  8: T04.data.builder_numbers
 8/12 Test  #8: T04.data.builder_numbers .........   Passed    0.06 sec
      Start  9: T04.data.encode
 9/12 Test  #9: T04.data.encode ..................   Passed    0.11 sec
      Start 10: T04.data.concurrent
10/12 Test #10: T04.data.concurrent ..............   Passed    0.14 sec
      Start 11: T04.data.buffer
11/12 Test #11: T04.data.buffer ..................   Passed    0.13 sec
      Start 12: T04.data.growth_cleanup
12/12 Test #12: T04.data.growth_cleanup ..........   Passed    0.07 sec

100% tests passed, 0 tests failed out of 12

Total Test time (real) =   1.26 sec
