{
  "scope": "D0.03 development validation only",
  "python": "3.11.9",
  "distributions": [
    {
      "name": "jsonschema",
      "version": "4.23.0",
      "files": [
        {
          "path": "bin/jsonschema.exe",
          "sha256": "d943cc52fabebb08de81e91e12342c1ca2cc3e84f03e53ca7fe0734c95e1d23d"
        },
        {
          "path": "jsonschema-4.23.0.dist-info/INSTALLER",
          "sha256": "ceebae7b8927a3227e5303cf5e0f1f7b34bb542ad7250ac03fbcde36ec2f1508"
        },
        {
          "path": "jsonschema-4.23.0.dist-info/METADATA",
          "sha256": "1ddf7a8007dd3b4bf946915e4f6e6a8f2a3b3ef8404b2e7a178270dc55144e5a"
        },
        {
          "path": "jsonschema-4.23.0.dist-info/RECORD",
          "sha256": "1262ff00cd775e224ddfeab78a3f3d9c0c6dab0b750683c8f041c4fcc65ba4b4"
        },
        {
          "path": "jsonschema-4.23.0.dist-info/REQUESTED",
          "sha256": "e3b0c44298fc1c149afbf4c8996fb92427ae41e4649b934ca495991b7852b855"
        },
        {
          "path": "jsonschema-4.23.0.dist-info/WHEEL",
          "sha256": "d7215d7625cc9af60aed0613aad44db57eba589d0ccfc3d8122114a0e514c516"
        },
        {
          "path": "jsonschema-4.23.0.dist-info/entry_points.txt",
          "sha256": "bceeeb5f816cff1215272da99c0b4a8134b17e99e8cc0550d038c29a93319d61"
        },
        {
          "path": "jsonschema-4.23.0.dist-info/licenses/COPYING",
          "sha256": "4f92a015a13c4d1a040bef018aa13430b4f1bc73b41b16bb846c346766de7439"
        },
        {
          "path": "jsonschema/__init__.py",
          "sha256": "2e43f0b1cc92949f654cea7b641d4cee343c99b1bbf9b606e35881c1b67ea3db"
        },
        {
          "path": "jsonschema/__main__.py",
          "sha256": "88bb197f6ba9501de294129394c9f22be1c7b760a79df930c318bf73a80bbd20"
        },
        {
          "path": "jsonschema/_format.py",
          "sha256": "17f300e76224ae1388c43a83f31fb4d5b1f7ee61b99e1d24c8dad65122ed59bf"
        },
        {
          "path": "jsonschema/_keywords.py",
          "sha256": "afcfc3aea01f9fa40bc109e65c4820bde89253e51a20bda9da7b8f20d7a57c57"
        },
        {
          "path": "jsonschema/_legacy_keywords.py",
          "sha256": "dad5aec113d66d84bb10097cc01202feb69b1aebf527875f60ba8d10fa528610"
        },
        {
          "path": "jsonschema/_types.py",
          "sha256": "1d0e500ffa0bf39cc5d45496daffb9aef7d8174f7aec725dc5247cf24cf0da66"
        },
        {
          "path": "jsonschema/_typing.py",
          "sha256": "35984f86404e9fd20d61993c1baf6b0deb916a6ced81708c2e1d74cfd71f4fa8"
        },
        {
          "path": "jsonschema/_utils.py",
          "sha256": "38381adefac9e8adb0306c5eae9827e22a5cf6aed94aa06cbf0294e1e99b2c41"
        },
        {
          "path": "jsonschema/benchmarks/__init__.py",
          "sha256": "034b10af10c15474b243ef2bbb72f5d613177f7abd815b81f71fd88076f847d3"
        },
        {
          "path": "jsonschema/benchmarks/const_vs_enum.py",
          "sha256": "0d5162dd60ea05a95914e89b9e3a57d6e4d2af74716b670f805728c1ded492bb"
        },
        {
          "path": "jsonschema/benchmarks/contains.py",
          "sha256": "81ec50a14ac23b0102a1f6edd7d05ea2c419ed614be8f0dd917e3d0d6c0194e8"
        },
        {
          "path": "jsonschema/benchmarks/issue232.py",
          "sha256": "dcb2d82c89411909d5bb2ca8da202ffb1932e4fe8f4451c0371e3ecc82103a81"
        },
        {
          "path": "jsonschema/benchmarks/issue232/issue.json",
          "sha256": "79a3ce663311bb9bbc4692abb00f6e93bb9c3d94b9b64286e03fe190e4d0dc79"
        },
        {
          "path": "jsonschema/benchmarks/json_schema_test_suite.py",
          "sha256": "3ef7da6e9518705e3fedcb180d37136ae103f2b9c510661b758e51a935c3d3cb"
        },
        {
          "path": "jsonschema/benchmarks/nested_schemas.py",
          "sha256": "9a8d3b771f82220992388eb608db38839c6ed45cc79252c1a644280f159870ab"
        },
        {
          "path": "jsonschema/benchmarks/subcomponents.py",
          "sha256": "7c4ca2333b1678ada977b0c4182bae63ebf31ae9f08477334415849c144b288a"
        },
        {
          "path": "jsonschema/benchmarks/unused_registry.py",
          "sha256": "87047038d73d71e7cfb58ce4a17fd36113b71b25288eb8afd3e61068adef9e3d"
        },
        {
          "path": "jsonschema/benchmarks/useless_applicator_schemas.py",
          "sha256": "1159b9f84b4e105a0b3ff56dda3e12ac2c25c74e4d84fa8db9943a2c830fd437"
        },
        {
          "path": "jsonschema/benchmarks/useless_keywords.py",
          "sha256": "6e3ff32abd6855cb4596ac9968e6c2b184e01638a23603f30b486bd58f3af261"
        },
        {
          "path": "jsonschema/benchmarks/validator_creation.py",
          "sha256": "52451094b027bacb27aff29d08875a77ac71da95f140b998b6c5e88a2aca7964"
        },
        {
          "path": "jsonschema/cli.py",
          "sha256": "486cbd24f834da681784dc6e814f225e160d8af7d28c184a4cd02057dd2dcbe3"
        },
        {
          "path": "jsonschema/exceptions.py",
          "sha256": "4711364f9c71820fc1eadb51f1ade509b672876f5152d15ee2864a3281cf0401"
        },
        {
          "path": "jsonschema/protocols.py",
          "sha256": "ee6a59c4ed607d134c0865f095dc2c48dde712e8157c8572299fc7660375bd2c"
        },
        {
          "path": "jsonschema/tests/__init__.py",
          "sha256": "e3b0c44298fc1c149afbf4c8996fb92427ae41e4649b934ca495991b7852b855"
        },
        {
          "path": "jsonschema/tests/_suite.py",
          "sha256": "4007c18f7e3331b250e7f249da8829893970f6143a22ce3776fa3f6e94b411d3"
        },
        {
          "path": "jsonschema/tests/fuzz_validate.py",
          "sha256": "7d403bc932488a1682c09a659147a165ec81f381dc5c472ab58e683c95c83bb2"
        },
        {
          "path": "jsonschema/tests/test_cli.py",
          "sha256": "b8532ed986c87db4830a7ca484b2f8f95477fa3835b6f40b267d81962c29fc1c"
        },
        {
          "path": "jsonschema/tests/test_deprecations.py",
          "sha256": "f55c4e09f5b3306d53838383f2b894fd99dde870ce41991ea73560c6c754754f"
        },
        {
          "path": "jsonschema/tests/test_exceptions.py",
          "sha256": "2600be13564564ada9b95069df95854671bc08d3a24962d8b722e387d22f14a2"
        },
        {
          "path": "jsonschema/tests/test_format.py",
          "sha256": "7959b948c69617694e3cedbc6cf03036f92242f1c240acbe327b808047217c47"
        },
        {
          "path": "jsonschema/tests/test_jsonschema_test_suite.py",
          "sha256": "6b6b1a3ecd82c30834b1d45dbbeb89f20a125cb6eaad2fa90b8f10272d0ae031"
        },
        {
          "path": "jsonschema/tests/test_types.py",
          "sha256": "705e752930e676cc74e8cac87387d72add17f5f22c560c39ba14fc09a9956bc5"
        },
        {
          "path": "jsonschema/tests/test_utils.py",
          "sha256": "b1aa3be28d4fc9833105fab07a8910378f021524baca1264e459027cc2793ec2"
        },
        {
          "path": "jsonschema/tests/test_validators.py",
          "sha256": "7a26a282c64ccc7618b27890d543f281a4b9e9ad5dfbfefef4d0b8c155c0873b"
        },
        {
          "path": "jsonschema/validators.py",
          "sha256": "1f7d45c0777207b2cfe5eba7c5d06b67d139ee1a6fa337e746565a398cb8e635"
        }
      ]
    },
    {
      "name": "attrs",
      "version": "26.1.0",
      "files": [
        {
          "path": "attr/__init__.py",
          "sha256": "7ce608bedd5e192a90adee2e092dec256299d26c00b82f140faa9b6b9392f7f5"
        },
        {
          "path": "attr/__init__.pyi",
          "sha256": "a55188980515a2fab6fd3625febfc72189c697239aa02b84871a3e12fb279d27"
        },
        {
          "path": "attr/_cmp.py",
          "sha256": "dcd9f54e3c659546225ff9c9a159c4917a0393484cd4360a8f90c4ec665ee22d"
        },
        {
          "path": "attr/_cmp.pyi",
          "sha256": "53efd153f5193b23d4110cd713a44c61041c8e4651636e704c7f7db0dd2cecc3"
        },
        {
          "path": "attr/_compat.py",
          "sha256": "c7483b88450e9c15490bbdb3c850a06f578aab2c52fbb7f62c69cdc99febf79b"
        },
        {
          "path": "attr/_config.py",
          "sha256": "746ab7c51e9f819105e9406dfcbd13f9e507201e22e37911987d0fdbcb09570f"
        },
        {
          "path": "attr/_funcs.py",
          "sha256": "231e481134dfcf9174d45fb5d8c17f0921689889f687c6faec4555cf6802b411"
        },
        {
          "path": "attr/_make.py",
          "sha256": "1fb387d9e592e429c1ccb5233451355b299f3eb985d6bf1fbf644f76df4cb980"
        },
        {
          "path": "attr/_next_gen.py",
          "sha256": "050b42525cf08368161d3617050beb118067cc152b0ef3b9eeed0fcba5023e17"
        },
        {
          "path": "attr/_typing_compat.pyi",
          "sha256": "5c33f9e13527f992a10fad9339079b9b3af0172a268540a8191a5c95be9a9510"
        },
        {
          "path": "attr/_version_info.py",
          "sha256": "c3847e1580b734afe43241945899583f87150251fd1d1682fae9b77dc8d89073"
        },
        {
          "path": "attr/_version_info.pyi",
          "sha256": "c7f3372f75ae07baff50b5c05a3c7de7db9d290e072c1f25fa1b1cd450c636f9"
        },
        {
          "path": "attr/converters.py",
          "sha256": "1a50de3b33de4c581e0412db8fd1b9ec4cf994093af2e85200b45827f7b17bce"
        },
        {
          "path": "attr/converters.pyi",
          "sha256": "a2b5366df7fe56341ada4303caf9cc415ef7a094f6591c90bb0e19475ca6d5b1"
        },
        {
          "path": "attr/exceptions.py",
          "sha256": "6f8bcc6e7a10dd5a7059986aad88bfb2c5d508af28d9ce074124b4f5c49433da"
        },
        {
          "path": "attr/exceptions.pyi",
          "sha256": "cd9abc6c2527280cbd983b41130e366613e1014207a1329e7434089c90fcf373"
        },
        {
          "path": "attr/filters.py",
          "sha256": "64188a58ba774742df099b2aed7d75a67f565fc36c952db05cce23b272ce19cf"
        },
        {
          "path": "attr/filters.pyi",
          "sha256": "dc9e411be753c65b41935ffe46e351507aefdaabb5bfcbf868334043bfe689f0"
        },
        {
          "path": "attr/py.typed",
          "sha256": "e3b0c44298fc1c149afbf4c8996fb92427ae41e4649b934ca495991b7852b855"
        },
        {
          "path": "attr/setters.py",
          "sha256": "e7e75c4fadc640adf938d1334a07d70a46c1ee93e4691faabf5e669b83d54b34"
        },
        {
          "path": "attr/setters.pyi",
          "sha256": "367564685535041e0907c13826e5f2af34d482fb4ca63f29df005d258eee8b1e"
        },
        {
          "path": "attr/validators.py",
          "sha256": "9b7411cd94c036be1fd82e1e55d528160d753605d66a4f166ade2a4131a1bdcb"
        },
        {
          "path": "attr/validators.pyi",
          "sha256": "80cd59987681724c98588d848aba51373aa6dc1d7d730e48aba0782a7a3d6023"
        },
        {
          "path": "attrs-26.1.0.dist-info/INSTALLER",
          "sha256": "ceebae7b8927a3227e5303cf5e0f1f7b34bb542ad7250ac03fbcde36ec2f1508"
        },
        {
          "path": "attrs-26.1.0.dist-info/METADATA",
          "sha256": "4cd40e690f23bf37cbcad34efd6758e062df1df07c86833f7e3ce95bf1fa38cc"
        },
        {
          "path": "attrs-26.1.0.dist-info/RECORD",
          "sha256": "8f04447f4570c82492a9e989da7bae92bb7242e3996cea3a21602ed09c73295b"
        },
        {
          "path": "attrs-26.1.0.dist-info/WHEEL",
          "sha256": "41c708c5adba6e097513ab8ccb9f1d7865a2fb469e22491a9e01dcc64da459fc"
        },
        {
          "path": "attrs-26.1.0.dist-info/licenses/LICENSE",
          "sha256": "882115c95dfc2af1eeb6714f8ec6d5cbcabf667caff8729f42420da63f714e9f"
        },
        {
          "path": "attrs/__init__.py",
          "sha256": "47168064dc1888487e7dcbc72d936943f0d62a78bbdccfe3c443c47ed8aad597"
        },
        {
          "path": "attrs/__init__.pyi",
          "sha256": "da057bf60f54c49a69192338f2101927a87f3076fbd1d66824bdf564d25e6582"
        },
        {
          "path": "attrs/converters.py",
          "sha256": "f244258eb5707d24d1bbc20dc0493c488d1e1abce659fb6c4fbaccd04ab2a213"
        },
        {
          "path": "attrs/exceptions.py",
          "sha256": "0020829a0d7dfaf0c56833d8f6f165d7df523d709030dfdb10db380c02e3ce6b"
        },
        {
          "path": "attrs/filters.py",
          "sha256": "54e50c66e83db8453a754b80d1d1758c89d42b43cbddf2e03f45414b977e0831"
        },
        {
          "path": "attrs/py.typed",
          "sha256": "e3b0c44298fc1c149afbf4c8996fb92427ae41e4649b934ca495991b7852b855"
        },
        {
          "path": "attrs/setters.py",
          "sha256": "78bd5889d6105774f687dfd2608652651d4501c1c66f54ee093cb41342efd925"
        },
        {
          "path": "attrs/validators.py",
          "sha256": "c5ccbac03e53b5391d086d5fe1759ba1c3d23b47da06393921f5497cfe92523d"
        }
      ]
    },
    {
      "name": "jsonschema-specifications",
      "version": "2025.9.1",
      "files": [
        {
          "path": "jsonschema_specifications-2025.9.1.dist-info/INSTALLER",
          "sha256": "ceebae7b8927a3227e5303cf5e0f1f7b34bb542ad7250ac03fbcde36ec2f1508"
        },
        {
          "path": "jsonschema_specifications-2025.9.1.dist-info/METADATA",
          "sha256": "35abd41757f32b4ea24756920ded47b70173d77cbc052a5a6d3ab583b2e8d89d"
        },
        {
          "path": "jsonschema_specifications-2025.9.1.dist-info/RECORD",
          "sha256": "e88bc3e0b770b2666c2708d825f388a23763fd2075f55db0c6f22e611619a199"
        },
        {
          "path": "jsonschema_specifications-2025.9.1.dist-info/WHEEL",
          "sha256": "aad0b0a12256807936d52d4a6f88a1773236ae527564a688bab4e3fe780e8724"
        },
        {
          "path": "jsonschema_specifications-2025.9.1.dist-info/licenses/COPYING",
          "sha256": "42dcd63495f87b4eb7c7757afa379bb55a53f94afd7a5f657d9adf57236e515c"
        },
        {
          "path": "jsonschema_specifications/__init__.py",
          "sha256": "aa84c1d83298eeabcdac684c3c7ea0b6600944b8a599543e7c56704faaf2ab0d"
        },
        {
          "path": "jsonschema_specifications/_core.py",
          "sha256": "b4585cd42325789dc024e2bf6e3c4ea4541376bb140a51467c5c4f054fc279b3"
        },
        {
          "path": "jsonschema_specifications/schemas/draft201909/metaschema.json",
          "sha256": "7b761b3e121f0a0ca1ea2a0b8e2cc856bcf801604b8268d71bacaa202bc0c13b"
        },
        {
          "path": "jsonschema_specifications/schemas/draft201909/vocabularies/applicator",
          "sha256": "6895100e99726fbb107058512bbec3ecfd4b24e8fd2facee3e505ee72b0d4c31"
        },
        {
          "path": "jsonschema_specifications/schemas/draft201909/vocabularies/content",
          "sha256": "9b7d4f55a4e2fdb02c430068fdffabc732addce238da3f1df2690249c3353274"
        },
        {
          "path": "jsonschema_specifications/schemas/draft201909/vocabularies/core",
          "sha256": "b5a2c4957f6495d0a5081f0409ebe8a14e4139acb203fc748471f8ede2af5b2c"
        },
        {
          "path": "jsonschema_specifications/schemas/draft201909/vocabularies/format",
          "sha256": "50ebbfe790611a849b8cc400a09c1d0e0fb6ab5c0d43a0f22201fd3625056bf4"
        },
        {
          "path": "jsonschema_specifications/schemas/draft201909/vocabularies/meta-data",
          "sha256": "d47e2445dd6a82271a298d83cc6c6cb8d4ae1e15e0dc56becd37a163ecf01286"
        },
        {
          "path": "jsonschema_specifications/schemas/draft201909/vocabularies/validation",
          "sha256": "1e526c1d335a734805fc82cf5798c12b960ad7da2517c66cda5a1b09359c3c1c"
        },
        {
          "path": "jsonschema_specifications/schemas/draft202012/metaschema.json",
          "sha256": "41da76f5afb7ce062d248f762463a92f7ca47e4e0f905b224ba6afeef91ded0f"
        },
        {
          "path": "jsonschema_specifications/schemas/draft202012/vocabularies/applicator",
          "sha256": "c4a6e4147b91fef7fea6dc058cb1bf93402f7414b76578a8b16aaf1dad6aacef"
        },
        {
          "path": "jsonschema_specifications/schemas/draft202012/vocabularies/content",
          "sha256": "08343747764e4a5814262793cf4d652057a7913863c5950d43297e8e1fdac5b6"
        },
        {
          "path": "jsonschema_specifications/schemas/draft202012/vocabularies/core",
          "sha256": "c2d12a8e4dd11d336dfc83a3f663aa4c69f0b49b3beb094ffeb25b5316f4803d"
        },
        {
          "path": "jsonschema_specifications/schemas/draft202012/vocabularies/format-annotation",
          "sha256": "abc775adfefd89d22358170d9bf93f4ebd2349563bbbedd60f02bef7c812bcc0"
        },
        {
          "path": "jsonschema_specifications/schemas/draft202012/vocabularies/format-assertion",
          "sha256": "c52242b9a1bb786b26c3e82c7add428c31f9c96e575dce99e56ea5feaa6da20c"
        },
        {
          "path": "jsonschema_specifications/schemas/draft202012/vocabularies/meta-data",
          "sha256": "8f76d6e14f41b9b92ef933b708cdc5144c8b5268651ad11918485fb1754f1c76"
        },
        {
          "path": "jsonschema_specifications/schemas/draft202012/vocabularies/unevaluated",
          "sha256": "2dbfbcb73994b670b0976492adee1fffb46c21682784d2f5a4ca561f9e2d0cb4"
        },
        {
          "path": "jsonschema_specifications/schemas/draft202012/vocabularies/validation",
          "sha256": "7010a31e541f32d2be721e2de348df75c9b36876a3ed304877fc0abda1d37a58"
        },
        {
          "path": "jsonschema_specifications/schemas/draft3/metaschema.json",
          "sha256": "2cf75f64436fb5be374a2eaa27ab8b7e1fd651c9b46daea6c67b02fd64e2458b"
        },
        {
          "path": "jsonschema_specifications/schemas/draft4/metaschema.json",
          "sha256": "e1489d0b4755f02793302591d3fcb8f07b6893a82a94f24895f8e4edf11b82e2"
        },
        {
          "path": "jsonschema_specifications/schemas/draft6/metaschema.json",
          "sha256": "c29dfce9f54835c3a06c03b3c5d5ec0eda77706568f9c4df7cfbc7566a51006d"
        },
        {
          "path": "jsonschema_specifications/schemas/draft7/metaschema.json",
          "sha256": "3d5392088261606c559b603f385329c9f1ab45b5d667eb990687453b055d405e"
        },
        {
          "path": "jsonschema_specifications/tests/__init__.py",
          "sha256": "e3b0c44298fc1c149afbf4c8996fb92427ae41e4649b934ca495991b7852b855"
        },
        {
          "path": "jsonschema_specifications/tests/test_jsonschema_specifications.py",
          "sha256": "5a46d8456e80e85a19d2b8af4a17ea54b482b00887276c7c4f1a840894d73d36"
        }
      ]
    },
    {
      "name": "referencing",
      "version": "0.37.0",
      "files": [
        {
          "path": "referencing-0.37.0.dist-info/INSTALLER",
          "sha256": "ceebae7b8927a3227e5303cf5e0f1f7b34bb542ad7250ac03fbcde36ec2f1508"
        },
        {
          "path": "referencing-0.37.0.dist-info/METADATA",
          "sha256": "c93b00e6ab1524fd60848376604c189a114374776475c25a31d57be47b29de6a"
        },
        {
          "path": "referencing-0.37.0.dist-info/RECORD",
          "sha256": "00a5ab6b92938790602eb3a65dcde1cfb8327e51c56620f33c0e4ea96dc3da56"
        },
        {
          "path": "referencing-0.37.0.dist-info/WHEEL",
          "sha256": "aad0b0a12256807936d52d4a6f88a1773236ae527564a688bab4e3fe780e8724"
        },
        {
          "path": "referencing-0.37.0.dist-info/licenses/COPYING",
          "sha256": "42dcd63495f87b4eb7c7757afa379bb55a53f94afd7a5f657d9adf57236e515c"
        },
        {
          "path": "referencing/__init__.py",
          "sha256": "e4864a5da007fc55b20894646939f55dca6d2df83d72f78b6fdbb99d853124ab"
        },
        {
          "path": "referencing/_attrs.py",
          "sha256": "6e04fe28c84354b786b56c4cfd218a61e2da6411734f691454574090e7178bc8"
        },
        {
          "path": "referencing/_attrs.pyi",
          "sha256": "836c17f9a2c4a9002f594facd2a20dd8e30602a8ce03447bd91fee49f7cef3f3"
        },
        {
          "path": "referencing/_core.py",
          "sha256": "d923c67da4efcc0dec46a6e3ff8476c02fbe7e25e8942515a4b14b249eb3759f"
        },
        {
          "path": "referencing/exceptions.py",
          "sha256": "cc581a120e9688a793e7c310b8a36c8060e71ecce9dba738a11782eac17d8073"
        },
        {
          "path": "referencing/jsonschema.py",
          "sha256": "8d767ab7ac7da13bd31cc202d2d4726858d6e6bdaa78739b62ebbb52149f2b74"
        },
        {
          "path": "referencing/py.typed",
          "sha256": "e3b0c44298fc1c149afbf4c8996fb92427ae41e4649b934ca495991b7852b855"
        },
        {
          "path": "referencing/retrieval.py",
          "sha256": "727f4478075a6936e7303742e094488621295c38df95174708e2c5af0d5984b0"
        },
        {
          "path": "referencing/tests/__init__.py",
          "sha256": "e3b0c44298fc1c149afbf4c8996fb92427ae41e4649b934ca495991b7852b855"
        },
        {
          "path": "referencing/tests/test_core.py",
          "sha256": "79aa74080688db7be33086d5c848fddaa2dd769de21c7dc0c42e7908a50de0b5"
        },
        {
          "path": "referencing/tests/test_exceptions.py",
          "sha256": "ede39d1f2a1b5ccb7bfa1e409e71fbbbc8b0dae1cf687ed4e01b3d2612e08d6a"
        },
        {
          "path": "referencing/tests/test_jsonschema.py",
          "sha256": "e109e35163803009f9c9e03c66d95d264848e78bf02962560742c3ccd771e717"
        },
        {
          "path": "referencing/tests/test_referencing_suite.py",
          "sha256": "c03eaf78c7cbb14bb4b3830b8e6ee94bc720e1c21f2fb14c044367824ef7cc22"
        },
        {
          "path": "referencing/tests/test_retrieval.py",
          "sha256": "bdc6e77c0e13a957aa5335b4ef7c0efa72dea9522fd2b41958d5afd33f649b8f"
        },
        {
          "path": "referencing/typing.py",
          "sha256": "5a351b9d9ea33c0777d5c9c214069e588544373c87b47749c8e95e96fd4663bd"
        }
      ]
    },
    {
      "name": "rpds-py",
      "version": "2026.6.3",
      "files": [
        {
          "path": "rpds/__init__.py",
          "sha256": "c373205d6ee5a530880b0d0a5dbc36d105f9ef7fe46ec12758878cb0202e82f3"
        },
        {
          "path": "rpds/__init__.pyi",
          "sha256": "002d522690504f7af41f28a432ad2324c9bd3c9829e8d2fc8818d7888e256d84"
        },
        {
          "path": "rpds/py.typed",
          "sha256": "e3b0c44298fc1c149afbf4c8996fb92427ae41e4649b934ca495991b7852b855"
        },
        {
          "path": "rpds/rpds.cp311-win_amd64.pyd",
          "sha256": "3fbd6d9aa1ce4669506a91c4321bb751895dfa4e78efb6ed1151cea8c51b238f"
        },
        {
          "path": "rpds_py-2026.6.3.dist-info/INSTALLER",
          "sha256": "ceebae7b8927a3227e5303cf5e0f1f7b34bb542ad7250ac03fbcde36ec2f1508"
        },
        {
          "path": "rpds_py-2026.6.3.dist-info/METADATA",
          "sha256": "e9deba3569d39352c663fd09d01d53a649c8ab2c28de1c37e80b3e2beaf84926"
        },
        {
          "path": "rpds_py-2026.6.3.dist-info/RECORD",
          "sha256": "9614a22ce3fce7f68821eede572c9945b923d6286e08e8a7a86a1ab5cf933ba3"
        },
        {
          "path": "rpds_py-2026.6.3.dist-info/WHEEL",
          "sha256": "8385ccb416e704296fe88425b06197b048955cc536d7b3b25bea9a86b9142518"
        },
        {
          "path": "rpds_py-2026.6.3.dist-info/licenses/LICENSE",
          "sha256": "8bcb72c82ea8ae74802293c41d93ad7d51434001b0ae45a603a5af0f507aee0a"
        },
        {
          "path": "rpds_py-2026.6.3.dist-info/sboms/rpds-py.cyclonedx.json",
          "sha256": "5fa8e62b8f860c23a9da6ddb19c215184397d1a7f2cd3d93055898d119ba0e40"
        }
      ]
    },
    {
      "name": "typing_extensions",
      "version": "4.16.0",
      "files": [
        {
          "path": "typing_extensions-4.16.0.dist-info/INSTALLER",
          "sha256": "ceebae7b8927a3227e5303cf5e0f1f7b34bb542ad7250ac03fbcde36ec2f1508"
        },
        {
          "path": "typing_extensions-4.16.0.dist-info/METADATA",
          "sha256": "b05084ca1d50879865178d9fff9fabeab61bdfb1f361bfbde95421ffc8f9be46"
        },
        {
          "path": "typing_extensions-4.16.0.dist-info/RECORD",
          "sha256": "61d86db5843e537a7a8d095771289016a5bbfe26fdeace2b655dd0c7503f042a"
        },
        {
          "path": "typing_extensions-4.16.0.dist-info/WHEEL",
          "sha256": "1b68144734c4b66791f27add5d425f3620775585718a03d0f9b110ba3a4d88db"
        },
        {
          "path": "typing_extensions-4.16.0.dist-info/licenses/LICENSE",
          "sha256": "3b2f81fe21d181c499c59a256c8e1968455d6689d269aa85373bfb6af41da3bf"
        },
        {
          "path": "typing_extensions.py",
          "sha256": "4040ca1a1ecbee00d1385c12a93084d1c5bd46f0b774f07e5ae7e91c4f55e696"
        }
      ]
    }
  ]
}
