适用于 .NET Framework MSBuild 版本 17.14.23+b0019275e

  1>Checking Build System
  ock_Data.vcxproj -> J:\Code\Kernel_v2\build\b4-release\Release\ock_Data.lib
  execution_identity.cpp
  consumer.cpp
  executor.cpp
  Building Custom Rule J:/Code/Kernel_v2/tests/compile/contracts/CMakeLists.txt
  observation_wire.cpp
  ock_probe_asio.vcxproj -> J:\Code\Kernel_v2\build\b4-release\Release\ock_probe_asio.exe
  ock_probe_cli11.vcxproj -> J:\Code\Kernel_v2\build\b4-release\Release\ock_probe_cli11.exe
  contracts_tests.cpp
  ock_probe_expected.vcxproj -> J:\Code\Kernel_v2\build\b4-release\Release\ock_probe_expected.exe
  ock_probe_jsoncons.vcxproj -> J:\Code\Kernel_v2\build\b4-release\Release\ock_probe_jsoncons.exe
  ock_probe_thread_pool.vcxproj -> J:\Code\Kernel_v2\build\b4-release\Release\ock_probe_thread_pool.exe
  ock_probe_toolchain.vcxproj -> J:\Code\Kernel_v2\build\b4-release\Release\ock_probe_toolchain.exe
  ock_sdk_metadata_probe.vcxproj -> J:\Code\Kernel_v2\build\b4-release\Release\ock_sdk_metadata_probe.exe
  parser_seed_contract.vcxproj -> J:\Code\Kernel_v2\build\b4-release\tests\unit\data\Release\parser_seed_contract.exe
  payload_contract.vcxproj -> J:\Code\Kernel_v2\build\b4-release\tests\unit\data\Release\payload_contract.exe
  host_execution.cpp
  outcome_wire.cpp
J:\Code\Kernel_v2\tests\compile\contracts\contracts_tests.cpp(691,5): warning C4297: “ThrowReceiver::candidate_ready”: 假定函数不引发异常，但确实发生了 [J:\Code\Kernel_v2\build\b4-release\tests\compile\contracts\ock_contracts_tests.vcxproj]
      J:\Code\Kernel_v2\tests\compile\contracts\contracts_tests.cpp(691,5):
      在函数上指定了 __declspec(nothrow)、throw()、noexcept(true)或 noexcept
  
  ock_executor_consumer.vcxproj -> J:\Code\Kernel_v2\build\b4-release\tests\contract\executor\Release\ock_executor_consumer.exe
  ock_Adapter_CpuPool.vcxproj -> J:\Code\Kernel_v2\build\b4-release\Release\ock_Adapter_CpuPool.lib
  lifecycle.cpp
  contract.cpp
  正在生成代码...
  ock_ControlProtocol.vcxproj -> J:\Code\Kernel_v2\build\b4-release\Release\ock_ControlProtocol.lib
  ock_Adapter_LocalIPC.vcxproj -> J:\Code\Kernel_v2\build\b4-release\Release\ock_Adapter_LocalIPC.lib
  observation_wire.cpp
  watch.cpp
  ock_contracts_tests.vcxproj -> J:\Code\Kernel_v2\build\b4-release\tests\compile\contracts\Release\ock_contracts_tests.exe
  resource_wait_binding.cpp
  {"actual_cases": ["T02.contracts.type_contract_constraints", "T02.contracts.typed_value_validation", "T02.contracts.read_shape", "T02.contracts.state_edit_shape", "T02.contracts.effect_shape", "T02.contracts.lifecycle_shape", "T02.contracts.context_capability_boundary", "T02.contracts.atomic_read_adapters", "T02.contracts.atomic_async_rejected", "T05.contracts.operation_exact_identity", "T05.contracts.typed_binding_fingerprint", "T05.contracts.binding_generation_before_access", "T05.contracts.binding_owner_lifetime", "T05.contracts.execution_identity_separation", "T06.contracts.outcome_closed_variants", "T06.contracts.known_facts_append_only", "T06.contracts.publication_proof_required", "T06.contracts.effect_report_preserves_fact", "T06.contracts.lifecycle_report_preserves_state", "T06.contracts.before_apply_and_composite_proofs", "T06.contracts.reply_phase_completion_separation", "T06.contracts.executor_inline_ownership", "T06.contracts.executor_reject_exception_cleanup", "T06.contracts.completion_once_and_drain", "T06.contracts.atomic_prepared_identity", "T06.contracts.record_evidence_boundary", "T19.contracts.summary_owned_snapshot", "T19.contracts.observation_host_version", "T19.contracts.observation_budgets", "T19.contracts.authorized_owner_filter", "T19.contracts.completion_independent_of_observation", "T19.contracts.live_keyset_progress", "T24.contracts.port_factory_contract_manifest"], "count": 33}
  ock_executor_lifecycle.vcxproj -> J:\Code\Kernel_v2\build\b4-release\tests\contract\executor\Release\ock_executor_lifecycle.exe
  protocol_contract.vcxproj -> J:\Code\Kernel_v2\build\b4-release\tests\unit\data\Release\protocol_contract.exe
  ock_executor_contract.vcxproj -> J:\Code\Kernel_v2\build\b4-release\tests\conformance\executor\Release\ock_executor_contract.exe
  ock_ipc_pressure_peer.vcxproj -> J:\Code\Kernel_v2\build\b4-release\tests\integration\windows_ipc\Release\ock_ipc_pressure_peer.exe
  host.cpp
  ock_ipc_peer.vcxproj -> J:\Code\Kernel_v2\build\b4-release\tests\integration\windows_ipc\Release\ock_ipc_peer.exe
  observation_wire_contract.vcxproj -> J:\Code\Kernel_v2\build\b4-release\tests\unit\data\Release\observation_wire_contract.exe
  ock_ControlClient.vcxproj -> J:\Code\Kernel_v2\build\b4-release\Release\ock_ControlClient.lib
  client_contract.cpp
  ock.vcxproj -> J:\Code\Kernel_v2\build\b4-release\apps\ock\Release\ock.exe
  invocation.cpp
  ock_client_contract.vcxproj -> J:\Code\Kernel_v2\build\b4-release\tests\integration\cli\Release\ock_client_contract.exe
  policy.cpp
  registry.cpp
  scheduler.cpp
  正在生成代码...
  ock_Runtime.vcxproj -> J:\Code\Kernel_v2\build\b4-release\Release\ock_Runtime.lib
  contract.cpp
  contract.cpp
  main.cpp
  catalog.cpp
  ock_Dynamic.vcxproj -> J:\Code\Kernel_v2\build\b4-release\Release\ock_Dynamic.lib
  outcome.cpp
  execution_method.cpp
  binding_parity.vcxproj -> J:\Code\Kernel_v2\build\b4-release\tests\unit\data\Release\binding_parity.exe
  schema_contract.vcxproj -> J:\Code\Kernel_v2\build\b4-release\tests\unit\data\Release\schema_contract.exe
  ock_resources_contract.vcxproj -> J:\Code\Kernel_v2\build\b4-release\tests\contract\resources\Release\ock_resources_contract.exe
  ock_scheduler_contract.vcxproj -> J:\Code\Kernel_v2\build\b4-release\tests\unit\scheduler\Release\ock_scheduler_contract.exe
  ock_native_service.vcxproj -> J:\Code\Kernel_v2\build\b4-release\examples\native_service\Release\ock_native_service.exe
  native_tests.cpp
  get_method.cpp
  outcome_wire_contract.vcxproj -> J:\Code\Kernel_v2\build\b4-release\tests\unit\data\Release\outcome_wire_contract.exe
  list_method.cpp
  observation_transport.cpp
  execution_service_cases.cpp
  subscription.cpp
  subscription_methods.cpp
  structured_cases.cpp
  catalog_methods.cpp
  async_cases.cpp
  invoke_method.cpp
  router.cpp
  session_cases.cpp
  正在生成代码...
  observation_cases.cpp
  ock_Control.vcxproj -> J:\Code\Kernel_v2\build\b4-release\Release\ock_Control.lib
  subscription.cpp
  main.cpp
  service.cpp
  submit.cpp
  cursor_contract.vcxproj -> J:\Code\Kernel_v2\build\b4-release\tests\unit\data\Release\cursor_contract.exe
  router.cpp
  service.cpp
  combined_cases.cpp
  cost_samples.cpp
  router_contract.vcxproj -> J:\Code\Kernel_v2\build\b4-release\tests\unit\data\Release\router_contract.exe
  observation_peer.cpp
  catalog.cpp
  正在生成代码...
  正在生成代码...
  post_closure_cases.cpp
  ock_ipc_observation_peer.vcxproj -> J:\Code\Kernel_v2\build\b4-release\tests\integration\windows_ipc\Release\ock_ipc_observation_peer.exe
  list.cpp
  ock_b3_cost_samples.vcxproj -> J:\Code\Kernel_v2\build\b4-release\tests\integration\cli\Release\ock_b3_cost_samples.exe
  dynamic_submit_contract.vcxproj -> J:\Code\Kernel_v2\build\b4-release\tests\unit\data\Release\dynamic_submit_contract.exe
  subscription_contract.vcxproj -> J:\Code\Kernel_v2\build\b4-release\tests\unit\data\Release\subscription_contract.exe
  control_main.cpp
  get.cpp
  ock_managed_service.vcxproj -> J:\Code\Kernel_v2\build\b4-release\examples\managed_service\Release\ock_managed_service.exe
  native.cpp
  catalog_contract.vcxproj -> J:\Code\Kernel_v2\build\b4-release\tests\unit\data\Release\catalog_contract.exe
  service.cpp
  正在生成代码...
  list_contract.vcxproj -> J:\Code\Kernel_v2\build\b4-release\tests\unit\data\Release\list_contract.exe
  get_contract.vcxproj -> J:\Code\Kernel_v2\build\b4-release\tests\unit\data\Release\get_contract.exe
  正在生成代码...
  dynamic_native_contract.vcxproj -> J:\Code\Kernel_v2\build\b4-release\tests\unit\data\Release\dynamic_native_contract.exe
  ock_stateless_service.vcxproj -> J:\Code\Kernel_v2\build\b4-release\examples\stateless_service\Release\ock_stateless_service.exe
  ock_native_tests.vcxproj -> J:\Code\Kernel_v2\build\b4-release\tests\contract\native\Release\ock_native_tests.exe
  {"actual_cases": ["T02.native.candidate_read_dispatch", "T02.native.exact_binding", "T02.native.invalid_input", "T02.native.private_dispatch", "T02.native.registered_compute", "T02.native.registered_read", "T02.native.validation_exception", "T03.native.cancel_and_budget", "T03.native.component_boundary", "T03.native.example_consumer", "T03.native.execution_admission_endurance", "T03.native.execution_admission_pins", "T03.native.execution_reclaim_protection", "T03.native.execution_service_control", "T03.native.execution_table_ownership", "T03.native.host_async_completion", "T03.native.host_async_deadline", "T03.native.host_async_drain", "T03.native.host_cached_result_sessions", "T03.native.host_combined_drain", "T03.native.host_execution_lifecycle", "T03.native.host_execution_resources", "T03.native.host_observation_drain", "T03.native.host_required_record", "T03.native.host_required_record_drain", "T03.native.host_structured_lifetime", "T03.native.managed_async_input_accounting", "T03.native.managed_execution_path", "T03.native.managed_execution_resource_wait", "T03.native.managed_record", "T03.native.managed_record_ownership", "T03.native.managed_resources", "T03.native.no_self_wait", "T03.native.no_task_path", "T03.native.observation_lease_drain", "T03.native.provider_unavailable", "T03.native.reentrant_and_concurrent", "T03.native.resource_lifetime", "T03.native.thread_modes", "T03.native.thread_origin", "T06.native.admission_order", "T06.native.authority_origin", "T06.native.business_failure", "T06.native.execution_source_observation", "T06.native.host_structured_admission", "T06.native.invalid_output", "T06.native.lifecycle_replacement", "T06.native.managed_accepted_failures", "T06.native.managed_admission", "T06.native.observation_journal", "T06.native.outcome_consistency", "T06.native.permission_intersection", "T06.native.policy_contract_alignment", "T06.native.revoke_and_regrant", "T06.native.session_and_deadline", "T06.native.target_binding", "T23.native.allocation_governance", "T23.native.allocation_other_costs", "T23.native.allocation_probe", "T23.native.allocation_steady"], "count": 60}
