test_approved_architecture_matches_manifest (test_architecture.ArchitectureTests.test_approved_architecture_matches_manifest) ... ok
test_authorized_immutable_read_is_allowed (test_architecture.ArchitectureTests.test_authorized_immutable_read_is_allowed) ... ok
test_client_has_no_server_dependency (test_architecture.ArchitectureTests.test_client_has_no_server_dependency) ... ok
test_comment_markers_inside_strings_do_not_hide_includes (test_architecture.ArchitectureTests.test_comment_markers_inside_strings_do_not_hide_includes) ... FAIL
test_dot_include_prefix_is_rejected (test_architecture.ArchitectureTests.test_dot_include_prefix_is_rejected) ... FAIL
test_dsl_is_not_a_required_release_component (test_architecture.ArchitectureTests.test_dsl_is_not_a_required_release_component) ... ok
test_generic_state_rpc_is_rejected (test_architecture.ArchitectureTests.test_generic_state_rpc_is_rejected) ... ok
test_include_comment_does_not_bypass_ownership (test_architecture.ArchitectureTests.test_include_comment_does_not_bypass_ownership) ... ok
test_macro_include_requires_explicit_review (test_architecture.ArchitectureTests.test_macro_include_requires_explicit_review) ... ok
test_multiline_comment_preserves_directive_line (test_architecture.ArchitectureTests.test_multiline_comment_preserves_directive_line) ... FAIL
test_no_runtime_component_is_marked_implemented (test_architecture.ArchitectureTests.test_no_runtime_component_is_marked_implemented) ... ok
test_observation_cannot_become_product_target (test_architecture.ArchitectureTests.test_observation_cannot_become_product_target) ... ok
test_ock_include_path_traversal_is_rejected (test_architecture.ArchitectureTests.test_ock_include_path_traversal_is_rejected) ... ok
test_public_header_cannot_expose_private_dependency (test_architecture.ArchitectureTests.test_public_header_cannot_expose_private_dependency) ... ok
test_public_header_signature_change_is_detected (test_architecture.ArchitectureTests.test_public_header_signature_change_is_detected) ... ok
test_raw_string_include_text_is_not_a_directive (test_architecture.ArchitectureTests.test_raw_string_include_text_is_not_a_directive) ... FAIL
test_runtime_can_include_core_contracts (test_architecture.ArchitectureTests.test_runtime_can_include_core_contracts) ... ok
test_runtime_cannot_depend_on_state_even_transitively (test_architecture.ArchitectureTests.test_runtime_cannot_depend_on_state_even_transitively) ... ok
test_runtime_include_to_data_rejected (test_architecture.ArchitectureTests.test_runtime_include_to_data_rejected) ... ok
test_runtime_include_to_state_rejected (test_architecture.ArchitectureTests.test_runtime_include_to_state_rejected) ... ok
test_state_only_depends_on_core_contracts (test_architecture.ArchitectureTests.test_state_only_depends_on_core_contracts) ... ok
test_target_cycle_is_rejected (test_architecture.ArchitectureTests.test_target_cycle_is_rejected) ... ok
test_test_support_cannot_enter_product_dag (test_architecture.ArchitectureTests.test_test_support_cannot_enter_product_dag) ... ok
test_ui_business_write_must_use_operation (test_architecture.ArchitectureTests.test_ui_business_write_must_use_operation) ... ok
test_unknown_ock_header_has_no_implicit_owner (test_architecture.ArchitectureTests.test_unknown_ock_header_has_no_implicit_owner) ... ok
test_unregistered_h_header_is_detected (test_architecture.ArchitectureTests.test_unregistered_h_header_is_detected) ... ok
test_version_is_independent_from_document_version (test_architecture.ArchitectureTests.test_version_is_independent_from_document_version) ... ok
test_workspace_cannot_include_runtime_private (test_architecture.ArchitectureTests.test_workspace_cannot_include_runtime_private) ... ok
test_workspace_write_cannot_bypass_operation (test_architecture.ArchitectureTests.test_workspace_write_cannot_bypass_operation) ... ok

======================================================================
FAIL: test_comment_markers_inside_strings_do_not_hide_includes (test_architecture.ArchitectureTests.test_comment_markers_inside_strings_do_not_hide_includes)
----------------------------------------------------------------------
Traceback (most recent call last):
  File "E:\VS2019Qt5.15\3D\tests\architecture\test_architecture.py", line 49, in test_comment_markers_inside_strings_do_not_hide_includes
    self.assertTrue(validate_include('Runtime',source,self.manifest))
AssertionError: [] is not true

======================================================================
FAIL: test_dot_include_prefix_is_rejected (test_architecture.ArchitectureTests.test_dot_include_prefix_is_rejected)
----------------------------------------------------------------------
Traceback (most recent call last):
  File "E:\VS2019Qt5.15\3D\tests\architecture\test_architecture.py", line 55, in test_dot_include_prefix_is_rejected
    self.assertTrue(validate_include('Runtime','#include <./ock/data/payload.hpp>',self.manifest))
AssertionError: [] is not true

======================================================================
FAIL: test_multiline_comment_preserves_directive_line (test_architecture.ArchitectureTests.test_multiline_comment_preserves_directive_line)
----------------------------------------------------------------------
Traceback (most recent call last):
  File "E:\VS2019Qt5.15\3D\tests\architecture\test_architecture.py", line 52, in test_multiline_comment_preserves_directive_line
    self.assertTrue(validate_include('Runtime','int x; /* comment\n*/ #include <ock/data/payload.hpp>',self.manifest))
AssertionError: [] is not true

======================================================================
FAIL: test_raw_string_include_text_is_not_a_directive (test_architecture.ArchitectureTests.test_raw_string_include_text_is_not_a_directive)
----------------------------------------------------------------------
Traceback (most recent call last):
  File "E:\VS2019Qt5.15\3D\tests\architecture\test_architecture.py", line 58, in test_raw_string_include_text_is_not_a_directive
    self.assertEqual([],validate_include('Runtime','const char* p = R"tag(\n#include <ock/data/payload.hpp>\n)tag";',self.manifest))
AssertionError: Lists differ: [] != ['Runtime 越层包含 Data: ock/data/payload.hpp']

Second list contains 1 additional elements.
First extra element 0:
'Runtime 越层包含 Data: ock/data/payload.hpp'

- []
+ ['Runtime 越层包含 Data: ock/data/payload.hpp']

----------------------------------------------------------------------
Ran 29 tests in 0.061s

FAILED (failures=4)
