Traceback (most recent call last):
  File "E:\VS2019Qt5.15\3D\build\review-tools-probe-70b712.py", line 23, in <module>
    results=list(pool.map(lambda _:str(prepare(lock,root)),range(8)))
            ^^^^^^^^^^^^^^^^^^^^^^^^^^^^^^^^^^^^^^^^^^^^^^^^^^^^^^^^^
  File "C:\Users\xrx10\AppData\Local\Programs\Python\Python311\Lib\concurrent\futures\_base.py", line 619, in result_iterator
    yield _result_or_cancel(fs.pop())
          ^^^^^^^^^^^^^^^^^^^^^^^^^^^
  File "C:\Users\xrx10\AppData\Local\Programs\Python\Python311\Lib\concurrent\futures\_base.py", line 317, in _result_or_cancel
    return fut.result(timeout)
           ^^^^^^^^^^^^^^^^^^^
  File "C:\Users\xrx10\AppData\Local\Programs\Python\Python311\Lib\concurrent\futures\_base.py", line 456, in result
    return self.__get_result()
           ^^^^^^^^^^^^^^^^^^^
  File "C:\Users\xrx10\AppData\Local\Programs\Python\Python311\Lib\concurrent\futures\_base.py", line 401, in __get_result
    raise self._exception
  File "C:\Users\xrx10\AppData\Local\Programs\Python\Python311\Lib\concurrent\futures\thread.py", line 58, in run
    result = self.fn(*self.args, **self.kwargs)
             ^^^^^^^^^^^^^^^^^^^^^^^^^^^^^^^^^^
  File "E:\VS2019Qt5.15\3D\build\review-tools-probe-70b712.py", line 23, in <lambda>
    results=list(pool.map(lambda _:str(prepare(lock,root)),range(8)))
                                       ^^^^^^^^^^^^^^^^^^
  File "E:\VS2019Qt5.15\3D\tools\development\msvc_isolation.py", line 86, in prepare
    try:stage.rename(target)
        ^^^^^^^^^^^^^^^^^^^^
  File "E:\VS2019Qt5.15\3D\build\review-tools-probe-70b712.py", line 17, in race
    barrier.wait(timeout=10)
  File "C:\Users\xrx10\AppData\Local\Programs\Python\Python311\Lib\threading.py", line 697, in wait
    self._wait(timeout)
  File "C:\Users\xrx10\AppData\Local\Programs\Python\Python311\Lib\threading.py", line 737, in _wait
    raise BrokenBarrierError
threading.BrokenBarrierError
