Internal ctest changing into directory: J:/Code/Kernel_v2/build/b2-data-debug
Test project J:/Code/Kernel_v2/build/b2-data-debug
    Start  2: T23.binding.schema_concurrent
1/2 Test  #2: T23.binding.schema_concurrent ....   Passed    0.41 sec
    Start 11: T06.protocol.outcome
2/2 Test #11: T06.protocol.outcome .............***Failed    0.52 sec
schema compiled
unknown validated
unknown encoded
unknown schema valid
outcome variant 0
outcome variant 1
outcome variant 2
outcome variant 3
outcome variant 4
normal && schema->validate(normal->view())


50% tests passed, 1 tests failed out of 2

Total Test time (real) =   0.94 sec

The following tests FAILED:
	 11 - T06.protocol.outcome (Failed)
