-- Installing: J:\Code\Kernel_v2\build\b2-install-3p3_yb_s\original/lib/cmake/OCK/OCKThirdPartyTargets.cmake
-- Installing: J:\Code\Kernel_v2\build\b2-install-3p3_yb_s\original/include/tl/expected.hpp
-- Installing: J:\Code\Kernel_v2\build\b2-install-3p3_yb_s\original/share/ock/licenses/tl-expected-CC0-1.0.txt
-- Installing: J:\Code\Kernel_v2\build\b2-install-3p3_yb_s\original/lib/ock_Runtime.lib
-- Installing: J:\Code\Kernel_v2\build\b2-install-3p3_yb_s\original/lib/ock_Data.lib
-- Up-to-date: J:\Code\Kernel_v2\build\b2-install-3p3_yb_s\original/include
-- Installing: J:\Code\Kernel_v2\build\b2-install-3p3_yb_s\original/include/ock
-- Installing: J:\Code\Kernel_v2\build\b2-install-3p3_yb_s\original/include/ock/data
-- Installing: J:\Code\Kernel_v2\build\b2-install-3p3_yb_s\original/include/ock/data/payload.hpp
-- Installing: J:\Code\Kernel_v2\build\b2-install-3p3_yb_s\original/lib/ock_Dynamic.lib
-- Up-to-date: J:\Code\Kernel_v2\build\b2-install-3p3_yb_s\original/include
-- Up-to-date: J:\Code\Kernel_v2\build\b2-install-3p3_yb_s\original/include/ock
-- Installing: J:\Code\Kernel_v2\build\b2-install-3p3_yb_s\original/include/ock/dynamic
-- Installing: J:\Code\Kernel_v2\build\b2-install-3p3_yb_s\original/include/ock/dynamic/binding
-- Installing: J:\Code\Kernel_v2\build\b2-install-3p3_yb_s\original/include/ock/dynamic/binding/bound_operation.hpp
-- Installing: J:\Code\Kernel_v2\build\b2-install-3p3_yb_s\original/include/ock/dynamic/binding/record.hpp
-- Installing: J:\Code\Kernel_v2\build\b2-install-3p3_yb_s\original/include/ock/dynamic/binding/registered_record.hpp
-- Installing: J:\Code\Kernel_v2\build\b2-install-3p3_yb_s\original/include/ock/dynamic/binding/schema.hpp
-- Installing: J:\Code\Kernel_v2\build\b2-install-3p3_yb_s\original/include/ock/dynamic/binding/type_contract.hpp
-- Installing: J:\Code\Kernel_v2\build\b2-install-3p3_yb_s\original/include/ock/dynamic/catalog
-- Installing: J:\Code\Kernel_v2\build\b2-install-3p3_yb_s\original/include/ock/dynamic/catalog/catalog.hpp
-- Installing: J:\Code\Kernel_v2\build\b2-install-3p3_yb_s\original/lib/ock_ControlProtocol.lib
-- Up-to-date: J:\Code\Kernel_v2\build\b2-install-3p3_yb_s\original/include
-- Up-to-date: J:\Code\Kernel_v2\build\b2-install-3p3_yb_s\original/include/ock
-- Installing: J:\Code\Kernel_v2\build\b2-install-3p3_yb_s\original/include/ock/control_protocol
-- Installing: J:\Code\Kernel_v2\build\b2-install-3p3_yb_s\original/include/ock/control_protocol/observation_wire.hpp
-- Installing: J:\Code\Kernel_v2\build\b2-install-3p3_yb_s\original/include/ock/control_protocol/outcome_wire.hpp
-- Installing: J:\Code\Kernel_v2\build\b2-install-3p3_yb_s\original/include/ock/control_protocol/protocol.hpp
-- Installing: J:\Code\Kernel_v2\build\b2-install-3p3_yb_s\original/include/ock/control_protocol/transport.hpp
-- Installing: J:\Code\Kernel_v2\build\b2-install-3p3_yb_s\original/lib/ock_Control.lib
-- Up-to-date: J:\Code\Kernel_v2\build\b2-install-3p3_yb_s\original/include
-- Up-to-date: J:\Code\Kernel_v2\build\b2-install-3p3_yb_s\original/include/ock
-- Installing: J:\Code\Kernel_v2\build\b2-install-3p3_yb_s\original/include/ock/control
-- Installing: J:\Code\Kernel_v2\build\b2-install-3p3_yb_s\original/include/ock/control/catalog_methods.hpp
-- Installing: J:\Code\Kernel_v2\build\b2-install-3p3_yb_s\original/include/ock/control/cursor.hpp
-- Installing: J:\Code\Kernel_v2\build\b2-install-3p3_yb_s\original/include/ock/control/get_method.hpp
-- Installing: J:\Code\Kernel_v2\build\b2-install-3p3_yb_s\original/include/ock/control/invoke_method.hpp
-- Installing: J:\Code\Kernel_v2\build\b2-install-3p3_yb_s\original/include/ock/control/list_method.hpp
-- Installing: J:\Code\Kernel_v2\build\b2-install-3p3_yb_s\original/include/ock/control/observation_transport.hpp
-- Installing: J:\Code\Kernel_v2\build\b2-install-3p3_yb_s\original/include/ock/control/router.hpp
-- Installing: J:\Code\Kernel_v2\build\b2-install-3p3_yb_s\original/include/ock/control/subscription.hpp
-- Installing: J:\Code\Kernel_v2\build\b2-install-3p3_yb_s\original/include/ock/control/subscription_methods.hpp
-- Installing: J:\Code\Kernel_v2\build\b2-install-3p3_yb_s\original/lib/ock_ControlClient.lib
-- Up-to-date: J:\Code\Kernel_v2\build\b2-install-3p3_yb_s\original/include
-- Up-to-date: J:\Code\Kernel_v2\build\b2-install-3p3_yb_s\original/include/ock
-- Installing: J:\Code\Kernel_v2\build\b2-install-3p3_yb_s\original/include/ock/control_client
-- Installing: J:\Code\Kernel_v2\build\b2-install-3p3_yb_s\original/include/ock/control_client/client.hpp
-- Installing: J:\Code\Kernel_v2\build\b2-install-3p3_yb_s\original/include/ock/control_client/intent.hpp
-- Installing: J:\Code\Kernel_v2\build\b2-install-3p3_yb_s\original/include/ock/control_client/watch.hpp
-- Installing: J:\Code\Kernel_v2\build\b2-install-3p3_yb_s\original/lib/ock_Adapter_LocalIPC.lib
-- Up-to-date: J:\Code\Kernel_v2\build\b2-install-3p3_yb_s\original/include
-- Up-to-date: J:\Code\Kernel_v2\build\b2-install-3p3_yb_s\original/include/ock
-- Installing: J:\Code\Kernel_v2\build\b2-install-3p3_yb_s\original/include/ock/local_ipc
-- Installing: J:\Code\Kernel_v2\build\b2-install-3p3_yb_s\original/include/ock/local_ipc/pipe.hpp
-- Installing: J:\Code\Kernel_v2\build\b2-install-3p3_yb_s\original/bin/ock.exe
-- Installing: J:\Code\Kernel_v2\build\b2-install-3p3_yb_s\original/lib/cmake/OCK/OCKTargets.cmake
-- Installing: J:\Code\Kernel_v2\build\b2-install-3p3_yb_s\original/lib/cmake/OCK/OCKTargets-release.cmake
-- Installing: J:\Code\Kernel_v2\build\b2-install-3p3_yb_s\original/lib/cmake/OCK/OCKConfig.cmake
-- Installing: J:\Code\Kernel_v2\build\b2-install-3p3_yb_s\original/lib/cmake/OCK/OCKConfigVersion.cmake
-- Up-to-date: J:\Code\Kernel_v2\build\b2-install-3p3_yb_s\original/include
-- Up-to-date: J:\Code\Kernel_v2\build\b2-install-3p3_yb_s\original/include/ock
-- Installing: J:\Code\Kernel_v2\build\b2-install-3p3_yb_s\original/include/ock/foundation
-- Installing: J:\Code\Kernel_v2\build\b2-install-3p3_yb_s\original/include/ock/foundation/foundation.hpp
-- Installing: J:\Code\Kernel_v2\build\b2-install-3p3_yb_s\original/include/ock/foundation/sdk_version.hpp
-- Up-to-date: J:\Code\Kernel_v2\build\b2-install-3p3_yb_s\original/include
-- Up-to-date: J:\Code\Kernel_v2\build\b2-install-3p3_yb_s\original/include/ock
-- Installing: J:\Code\Kernel_v2\build\b2-install-3p3_yb_s\original/include/ock/contracts
-- Installing: J:\Code\Kernel_v2\build\b2-install-3p3_yb_s\original/include/ock/contracts/context.hpp
-- Installing: J:\Code\Kernel_v2\build\b2-install-3p3_yb_s\original/include/ock/contracts/identity.hpp
-- Installing: J:\Code\Kernel_v2\build\b2-install-3p3_yb_s\original/include/ock/contracts/logging.hpp
-- Installing: J:\Code\Kernel_v2\build\b2-install-3p3_yb_s\original/include/ock/contracts/observation.hpp
-- Installing: J:\Code\Kernel_v2\build\b2-install-3p3_yb_s\original/include/ock/contracts/operation.hpp
-- Installing: J:\Code\Kernel_v2\build\b2-install-3p3_yb_s\original/include/ock/contracts/outcome.hpp
-- Installing: J:\Code\Kernel_v2\build\b2-install-3p3_yb_s\original/include/ock/contracts/ports.hpp
-- Up-to-date: J:\Code\Kernel_v2\build\b2-install-3p3_yb_s\original/include
-- Up-to-date: J:\Code\Kernel_v2\build\b2-install-3p3_yb_s\original/include/ock
-- Installing: J:\Code\Kernel_v2\build\b2-install-3p3_yb_s\original/include/ock/runtime
-- Installing: J:\Code\Kernel_v2\build\b2-install-3p3_yb_s\original/include/ock/runtime/detail
-- Installing: J:\Code\Kernel_v2\build\b2-install-3p3_yb_s\original/include/ock/runtime/detail/host.hpp
-- Installing: J:\Code\Kernel_v2\build\b2-install-3p3_yb_s\original/include/ock/runtime/detail/invocation.hpp
-- Installing: J:\Code\Kernel_v2\build\b2-install-3p3_yb_s\original/include/ock/runtime/detail/private_bridge.hpp
-- Installing: J:\Code\Kernel_v2\build\b2-install-3p3_yb_s\original/include/ock/runtime/host.hpp
-- Installing: J:\Code\Kernel_v2\build\b2-install-3p3_yb_s\original/include/ock/runtime/logging.hpp
-- Installing: J:\Code\Kernel_v2\build\b2-install-3p3_yb_s\original/include/ock/runtime/native_types.hpp
-- Installing: J:\Code\Kernel_v2\build\b2-install-3p3_yb_s\original/include/ock/runtime/policy.hpp
-- Installing: J:\Code\Kernel_v2\build\b2-install-3p3_yb_s\original/include/ock/runtime/registry.hpp
-- Installing: J:\Code\Kernel_v2\build\b2-install-3p3_yb_s\original/share/ock/schemas/catalog
-- Installing: J:\Code\Kernel_v2\build\b2-install-3p3_yb_s\original/share/ock/schemas/catalog/command-card.schema.json
-- Installing: J:\Code\Kernel_v2\build\b2-install-3p3_yb_s\original/share/ock/sdk_api_manifest.json
