T02.native.candidate_read_dispatch
T02.native.exact_binding
T02.native.invalid_input
T02.native.registered_compute
T02.native.registered_read
T02.native.validation_exception
T03.native.cancel_and_budget
T03.native.no_task_path
T03.native.provider_unavailable
T03.native.reentrant_and_concurrent
T03.native.resource_lifetime
T03.native.thread_modes
T03.native.thread_origin
T06.native.admission_order
T06.native.authority_origin
T06.native.business_failure
T06.native.invalid_output
T06.native.lifecycle_replacement
T06.native.outcome_consistency
T06.native.permission_intersection
T06.native.policy_contract_alignment
T06.native.revoke_and_regrant
T06.native.session_and_deadline
T06.native.target_binding
