Internal ctest changing into directory: J:/Code/Kernel_v2/build/b2-data-debug
Test project J:/Code/Kernel_v2/build/b2-data-debug
    Start  1: T04.binding.field_parity
1/8 Test  #1: T04.binding.field_parity .........   Passed    0.25 sec
    Start  2: T23.binding.schema_concurrent
2/8 Test  #2: T23.binding.schema_concurrent ....   Passed    0.44 sec
    Start  3: T05.catalog.visibility
3/8 Test  #3: T05.catalog.visibility ...........   Passed    0.23 sec
    Start  6: T06.protocol.router
4/8 Test  #6: T06.protocol.router ..............   Passed    0.34 sec
    Start  8: T19.protocol.subscription
5/8 Test  #8: T19.protocol.subscription ........   Passed    0.57 sec
    Start  9: T20.protocol.list
6/8 Test  #9: T20.protocol.list ................   Passed    0.45 sec
    Start 10: T06.binding.native
7/8 Test #10: T06.binding.native ...............   Passed    0.32 sec
    Start 11: T06.protocol.outcome
8/8 Test #11: T06.protocol.outcome .............   Passed    0.64 sec

100% tests passed, 0 tests failed out of 8

Total Test time (real) =   3.24 sec
