Microsoft (R) COFF/PE Dumper Version 14.44.35216.0
Copyright (C) Microsoft Corporation.  All rights reserved.


Dump of file J:\Code\Kernel_v2\build\embedded-formal-cb67dc769b5746b9b07ef558dd630ee7\consumer\Release\footprint_baseline.exe

File Type: EXECUTABLE IMAGE

  Section contains the following imports:

    KERNEL32.dll
             140003000 Import Address Table
             140003DC8 Import Name Table
                     0 time date stamp
                     0 Index of first forwarder reference

                          9D CloseHandle
                         481 QueryPerformanceCounter
                         482 QueryPerformanceFrequency
                         55C SetEvent
                         625 WaitForSingleObject
                         242 GetCurrentProcessId
                         412 MapViewOfFile
                         5FE UnmapViewOfFile
                         31A GetSystemTimeAsFileTime
                         39A InitializeSListHead
                         509 RtlCaptureContext
                         511 RtlLookupFunctionEntry
                         2A5 GetModuleHandleW
                         518 RtlVirtualUnwind
                         3B0 IsDebuggerPresent
                         246 GetCurrentThreadId
                         5FB UnhandledExceptionFilter
                         5B8 SetUnhandledExceptionFilter
                         3B8 IsProcessorFeaturePresent

    VCRUNTIME140.dll
             1400030A0 Import Address Table
             140003E68 Import Name Table
                     0 time date stamp
                     0 Index of first forwarder reference

                          1C __current_exception_context
                          1B __current_exception
                           8 __C_specific_handler
                          3B memcmp
                           1 _CxxThrowException
                          22 __std_exception_destroy
                          21 __std_exception_copy
                          3E memset
                          3C memcpy

    VCRUNTIME140_1.dll
             1400030F0 Import Address Table
             140003EB8 Import Name Table
                     0 time date stamp
                     0 Index of first forwarder reference

                           0 __CxxFrameHandler4

    api-ms-win-crt-convert-l1-1-0.dll
             140003100 Import Address Table
             140003EC8 Import Name Table
                     0 time date stamp
                     0 Index of first forwarder reference

                          64 strtoul
                          65 strtoull

    api-ms-win-crt-stdio-l1-1-0.dll
             1400031E8 Import Address Table
             140003FB0 Import Name Table
                     0 time date stamp
                     0 Index of first forwarder reference

                           1 __p__commode
                           0 __acrt_iob_func
                          54 _set_fmode
                           3 __stdio_common_vfprintf

    api-ms-win-crt-string-l1-1-0.dll
             140003210 Import Address Table
             140003FD8 Import Name Table
                     0 time date stamp
                     0 Index of first forwarder reference

                          8B strlen

    api-ms-win-crt-runtime-l1-1-0.dll
             140003150 Import Address Table
             140003F18 Import Name Table
                     0 time date stamp
                     0 Index of first forwarder reference

                          15 _c_exit
                          16 _cexit
                           5 __p___argv
                          34 _initialize_onexit_table
                          3C _register_onexit_function
                          1E _crt_atexit
                          67 terminate
                           4 __p___argc
                          33 _initialize_narrow_environment
                          23 _exit
                          55 exit
                          3D _register_thread_local_exe_atexit_callback
                          37 _initterm_e
                          36 _initterm
                          18 _configure_narrow_argv
                          42 _set_app_type
                          40 _seh_filter_exe
                          28 _get_initial_narrow_environment

    api-ms-win-crt-math-l1-1-0.dll
             140003140 Import Address Table
             140003F08 Import Name Table
                     0 time date stamp
                     0 Index of first forwarder reference

                           9 __setusermatherr

    api-ms-win-crt-locale-l1-1-0.dll
             140003130 Import Address Table
             140003EF8 Import Name Table
                     0 time date stamp
                     0 Index of first forwarder reference

                           8 _configthreadlocale

    api-ms-win-crt-heap-l1-1-0.dll
             140003118 Import Address Table
             140003EE0 Import Name Table
                     0 time date stamp
                     0 Index of first forwarder reference

                          18 free
                          16 _set_new_mode

  Summary

        1000 .data
        1000 .pdata
        2000 .rdata
        1000 .reloc
        1000 .rsrc
        2000 .text
