Preset CMake variables:

  BUILD_TESTING="ON"
  CMAKE_CXX_EXTENSIONS="OFF"
  CMAKE_CXX_STANDARD="20"
  CMAKE_CXX_STANDARD_REQUIRED="ON"
  CMAKE_MSVC_DEBUG_INFORMATION_FORMAT="Embedded"
  CMAKE_SYSTEM_VERSION="10.0.26100.0"
  CMAKE_TOOLCHAIN_FILE:FILEPATH="E:/VS2019Qt5.15/3D/cmake/LockedMSVC.cmake"
  OCK_DEPENDENCY_CACHE="E:/VS2019Qt5.15/3D/build/d0.06-a/cache"

Preset environment variables:

  MSBUILDDISABLENODEREUSE="1"

-- The CXX compiler identification is MSVC 19.44.35228.0
-- Detecting CXX compiler ABI info
-- Detecting CXX compiler ABI info - done
-- Check for working CXX compiler: E:/VS2019Qt5.15/3D/build/msvc-validation/67414627e4e76f7e/bin/cl.exe - skipped
-- Detecting CXX compile features
-- Detecting CXX compile features - done
-- Found Python3: C:/Users/xrx10/AppData/Local/Programs/Python/Python311/python.exe (found suitable version "3.11.9", minimum required is "3.11") found components: Interpreter
-- Configuring done (20.1s)
-- Generating done (0.5s)
-- Build files have been written to: E:/VS2019Qt5.15/3D/build/d1.03-debug
