适用于 .NET Framework MSBuild 版本 17.14.23+b0019275e

  payload.cpp
  policy.cpp
  sdk_metadata.cpp
  ock_probe_expected.vcxproj -> J:\Code\Kernel_v2\build\b2-sdk-release\Release\ock_probe_expected.exe
  ock_probe_jsoncons.vcxproj -> J:\Code\Kernel_v2\build\b2-sdk-release\Release\ock_probe_jsoncons.exe
  ock_probe_toolchain.vcxproj -> J:\Code\Kernel_v2\build\b2-sdk-release\Release\ock_probe_toolchain.exe
  ock_sdk_metadata_probe.vcxproj -> J:\Code\Kernel_v2\build\b2-sdk-release\Release\ock_sdk_metadata_probe.exe
  ock_Data.vcxproj -> J:\Code\Kernel_v2\build\b2-sdk-release\Release\ock_Data.lib
  observation_wire.cpp
  payload.cpp
  parser_seed_contract.vcxproj -> J:\Code\Kernel_v2\build\b2-sdk-release\tests\unit\data\Release\parser_seed_contract.exe
  ock_Runtime.vcxproj -> J:\Code\Kernel_v2\build\b2-sdk-release\Release\ock_Runtime.lib
  schema.cpp
  outcome_wire.cpp
  payload_contract.vcxproj -> J:\Code\Kernel_v2\build\b2-sdk-release\tests\unit\data\Release\payload_contract.exe
  protocol.cpp
  正在生成代码...
  ock_ControlProtocol.vcxproj -> J:\Code\Kernel_v2\build\b2-sdk-release\Release\ock_ControlProtocol.lib
  observation_wire.cpp
  frame.cpp
  protocol_contract.vcxproj -> J:\Code\Kernel_v2\build\b2-sdk-release\tests\unit\data\Release\protocol_contract.exe
  observation_wire_contract.vcxproj -> J:\Code\Kernel_v2\build\b2-sdk-release\tests\unit\data\Release\observation_wire_contract.exe
  ock_Dynamic.vcxproj -> J:\Code\Kernel_v2\build\b2-sdk-release\Release\ock_Dynamic.lib
  binding_parity.vcxproj -> J:\Code\Kernel_v2\build\b2-sdk-release\tests\unit\data\Release\binding_parity.exe
  schema_contract.vcxproj -> J:\Code\Kernel_v2\build\b2-sdk-release\tests\unit\data\Release\schema_contract.exe
  subscription.cpp
  outcome_wire_contract.vcxproj -> J:\Code\Kernel_v2\build\b2-sdk-release\tests\unit\data\Release\outcome_wire_contract.exe
  cursor.cpp
  正在生成代码...
  ock_Control.vcxproj -> J:\Code\Kernel_v2\build\b2-sdk-release\Release\ock_Control.lib
  native.cpp
  subscription.cpp
  get_contract.vcxproj -> J:\Code\Kernel_v2\build\b2-sdk-release\tests\unit\data\Release\get_contract.exe
  cursor_contract.vcxproj -> J:\Code\Kernel_v2\build\b2-sdk-release\tests\unit\data\Release\cursor_contract.exe
  router_contract.vcxproj -> J:\Code\Kernel_v2\build\b2-sdk-release\tests\unit\data\Release\router_contract.exe
  list_contract.vcxproj -> J:\Code\Kernel_v2\build\b2-sdk-release\tests\unit\data\Release\list_contract.exe
  catalog_contract.vcxproj -> J:\Code\Kernel_v2\build\b2-sdk-release\tests\unit\data\Release\catalog_contract.exe
  subscription_contract.vcxproj -> J:\Code\Kernel_v2\build\b2-sdk-release\tests\unit\data\Release\subscription_contract.exe
  dynamic_native_contract.vcxproj -> J:\Code\Kernel_v2\build\b2-sdk-release\tests\unit\data\Release\dynamic_native_contract.exe
