T07.policy.authentication_source
T07.policy.cancel_arbitration
T07.policy.consume_before_revoke
T07.policy.delegation_shrink
T07.policy.expiry_boundary
T07.policy.group_members_complete
T07.policy.group_substitution
T07.policy.operation_exact_contract
T07.policy.owned_inputs_budget
T07.policy.permit_concurrent
T07.policy.permit_once
T07.policy.permit_origin_binding
T07.policy.recursive_delegation_denied
T07.policy.revoke_before_consume
T07.policy.scope_four_way
T07.policy.service_principal
T07.policy.session_isolation
T07.policy.target_frozen_set
T07.policy.target_issued_identity
T19.policy.page_owner_authorization
T19.policy.subscription_scope_atomic
T20.policy.queued_revoke_drop
