适用于 .NET Framework MSBuild 版本 17.14.23+b0019275e

  ock_Data.vcxproj -> J:\Code\Kernel_v2\build\b4-debug\Debug\ock_Data.lib
  ock_Runtime.vcxproj -> J:\Code\Kernel_v2\build\b4-debug\Debug\ock_Runtime.lib
  ock_Dynamic.vcxproj -> J:\Code\Kernel_v2\build\b4-debug\Debug\ock_Dynamic.lib
  ock_ControlProtocol.vcxproj -> J:\Code\Kernel_v2\build\b4-debug\Debug\ock_ControlProtocol.lib
  ock_Adapter_CpuPool.vcxproj -> J:\Code\Kernel_v2\build\b4-debug\Debug\ock_Adapter_CpuPool.lib
  ock_Control.vcxproj -> J:\Code\Kernel_v2\build\b4-debug\Debug\ock_Control.lib
  ock_contracts_tests.vcxproj -> J:\Code\Kernel_v2\build\b4-debug\tests\compile\contracts\Debug\ock_contracts_tests.exe
  catalog.cpp
  watch.cpp
  consumer.cpp
  binding_parity.vcxproj -> J:\Code\Kernel_v2\build\b4-debug\tests\unit\data\Debug\binding_parity.exe
  ock_Adapter_LocalIPC.vcxproj -> J:\Code\Kernel_v2\build\b4-debug\Debug\ock_Adapter_LocalIPC.lib
  {"actual_cases": ["T02.contracts.type_contract_constraints", "T02.contracts.typed_value_validation", "T02.contracts.read_shape", "T02.contracts.state_edit_shape", "T02.contracts.effect_shape", "T02.contracts.lifecycle_shape", "T02.contracts.context_capability_boundary", "T02.contracts.atomic_read_adapters", "T02.contracts.atomic_async_rejected", "T05.contracts.operation_exact_identity", "T05.contracts.typed_binding_fingerprint", "T05.contracts.binding_generation_before_access", "T05.contracts.binding_owner_lifetime", "T05.contracts.execution_identity_separation", "T06.contracts.outcome_closed_variants", "T06.contracts.known_facts_append_only", "T06.contracts.publication_proof_required", "T06.contracts.effect_report_preserves_fact", "T06.contracts.lifecycle_report_preserves_state", "T06.contracts.before_apply_and_composite_proofs", "T06.contracts.reply_phase_completion_separation", "T06.contracts.executor_inline_ownership", "T06.contracts.executor_reject_exception_cleanup", "T06.contracts.completion_once_and_drain", "T06.contracts.atomic_prepared_identity", "T06.contracts.record_evidence_boundary", "T19.contracts.summary_owned_snapshot", "T19.contracts.observation_host_version", "T19.contracts.observation_budgets", "T19.contracts.authorized_owner_filter", "T19.contracts.completion_independent_of_observation", "T19.contracts.live_keyset_progress", "T24.contracts.port_factory_contract_manifest"], "count": 33}
  list.cpp
  observation_wire.cpp
  get.cpp
  ock_ControlClient.vcxproj -> J:\Code\Kernel_v2\build\b4-debug\Debug\ock_ControlClient.lib
  ock_executor_consumer.vcxproj -> J:\Code\Kernel_v2\build\b4-debug\tests\contract\executor\Debug\ock_executor_consumer.exe
  ock_native_service.vcxproj -> J:\Code\Kernel_v2\build\b4-debug\examples\native_service\Debug\ock_native_service.exe
  native.cpp
  cursor_contract.vcxproj -> J:\Code\Kernel_v2\build\b4-debug\tests\unit\data\Debug\cursor_contract.exe
  contract.cpp
  lifecycle.cpp
  submit.cpp
  observation_wire_contract.vcxproj -> J:\Code\Kernel_v2\build\b4-debug\tests\unit\data\Debug\observation_wire_contract.exe
  catalog_contract.vcxproj -> J:\Code\Kernel_v2\build\b4-debug\tests\unit\data\Debug\catalog_contract.exe
  ock_probe_asio.vcxproj -> J:\Code\Kernel_v2\build\b4-debug\Debug\ock_probe_asio.exe
  ock_probe_cli11.vcxproj -> J:\Code\Kernel_v2\build\b4-debug\Debug\ock_probe_cli11.exe
  ock_probe_expected.vcxproj -> J:\Code\Kernel_v2\build\b4-debug\Debug\ock_probe_expected.exe
  ock_probe_jsoncons.vcxproj -> J:\Code\Kernel_v2\build\b4-debug\Debug\ock_probe_jsoncons.exe
  ock_probe_thread_pool.vcxproj -> J:\Code\Kernel_v2\build\b4-debug\Debug\ock_probe_thread_pool.exe
  get_contract.vcxproj -> J:\Code\Kernel_v2\build\b4-debug\tests\unit\data\Debug\get_contract.exe
  ock_probe_toolchain.vcxproj -> J:\Code\Kernel_v2\build\b4-debug\Debug\ock_probe_toolchain.exe
  contract.cpp
  native_tests.cpp
  ock_executor_contract.vcxproj -> J:\Code\Kernel_v2\build\b4-debug\tests\conformance\executor\Debug\ock_executor_contract.exe
  ock_executor_lifecycle.vcxproj -> J:\Code\Kernel_v2\build\b4-debug\tests\contract\executor\Debug\ock_executor_lifecycle.exe
  contract.cpp
  list_contract.vcxproj -> J:\Code\Kernel_v2\build\b4-debug\tests\unit\data\Debug\list_contract.exe
  ock_managed_service.vcxproj -> J:\Code\Kernel_v2\build\b4-debug\examples\managed_service\Debug\ock_managed_service.exe
  service.cpp
  ock_ipc_pressure_peer.vcxproj -> J:\Code\Kernel_v2\build\b4-debug\tests\integration\windows_ipc\Debug\ock_ipc_pressure_peer.exe
  ock_ipc_peer.vcxproj -> J:\Code\Kernel_v2\build\b4-debug\tests\integration\windows_ipc\Debug\ock_ipc_peer.exe
  dynamic_native_contract.vcxproj -> J:\Code\Kernel_v2\build\b4-debug\tests\unit\data\Debug\dynamic_native_contract.exe
  ock_resources_contract.vcxproj -> J:\Code\Kernel_v2\build\b4-debug\tests\contract\resources\Debug\ock_resources_contract.exe
  observation_peer.cpp
  ock_scheduler_contract.vcxproj -> J:\Code\Kernel_v2\build\b4-debug\tests\unit\scheduler\Debug\ock_scheduler_contract.exe
  ock.vcxproj -> J:\Code\Kernel_v2\build\b4-debug\apps\ock\Debug\ock.exe
  ock_sdk_metadata_probe.vcxproj -> J:\Code\Kernel_v2\build\b4-debug\Debug\ock_sdk_metadata_probe.exe
  outcome_wire_contract.vcxproj -> J:\Code\Kernel_v2\build\b4-debug\tests\unit\data\Debug\outcome_wire_contract.exe
  parser_seed_contract.vcxproj -> J:\Code\Kernel_v2\build\b4-debug\tests\unit\data\Debug\parser_seed_contract.exe
  control_main.cpp
  cost_samples.cpp
  payload_contract.vcxproj -> J:\Code\Kernel_v2\build\b4-debug\tests\unit\data\Debug\payload_contract.exe
  protocol_contract.vcxproj -> J:\Code\Kernel_v2\build\b4-debug\tests\unit\data\Debug\protocol_contract.exe
  router.cpp
  schema_contract.vcxproj -> J:\Code\Kernel_v2\build\b4-debug\tests\unit\data\Debug\schema_contract.exe
  dynamic_submit_contract.vcxproj -> J:\Code\Kernel_v2\build\b4-debug\tests\unit\data\Debug\dynamic_submit_contract.exe
  subscription.cpp
  service.cpp
  正在生成代码...
  ock_ipc_observation_peer.vcxproj -> J:\Code\Kernel_v2\build\b4-debug\tests\integration\windows_ipc\Debug\ock_ipc_observation_peer.exe
  正在生成代码...
  ock_b3_cost_samples.vcxproj -> J:\Code\Kernel_v2\build\b4-debug\tests\integration\cli\Debug\ock_b3_cost_samples.exe
  subscription_contract.vcxproj -> J:\Code\Kernel_v2\build\b4-debug\tests\unit\data\Debug\subscription_contract.exe
  ock_native_tests.vcxproj -> J:\Code\Kernel_v2\build\b4-debug\tests\contract\native\Debug\ock_native_tests.exe
  {"actual_cases": ["T02.native.candidate_read_dispatch", "T02.native.exact_binding", "T02.native.invalid_input", "T02.native.private_dispatch", "T02.native.registered_compute", "T02.native.registered_read", "T02.native.validation_exception", "T03.native.cancel_and_budget", "T03.native.component_boundary", "T03.native.example_consumer", "T03.native.execution_admission_endurance", "T03.native.execution_admission_pins", "T03.native.execution_reclaim_protection", "T03.native.execution_service_control", "T03.native.execution_table_ownership", "T03.native.host_async_completion", "T03.native.host_async_deadline", "T03.native.host_async_drain", "T03.native.host_cached_result_sessions", "T03.native.host_combined_drain", "T03.native.host_execution_lifecycle", "T03.native.host_execution_resources", "T03.native.host_observation_drain", "T03.native.host_required_record", "T03.native.host_required_record_drain", "T03.native.host_structured_lifetime", "T03.native.managed_async_input_accounting", "T03.native.managed_execution_path", "T03.native.managed_execution_resource_wait", "T03.native.managed_record", "T03.native.managed_record_ownership", "T03.native.managed_resources", "T03.native.no_self_wait", "T03.native.no_task_path", "T03.native.observation_lease_drain", "T03.native.provider_unavailable", "T03.native.reentrant_and_concurrent", "T03.native.resource_lifetime", "T03.native.thread_modes", "T03.native.thread_origin", "T06.native.admission_order", "T06.native.authority_origin", "T06.native.business_failure", "T06.native.execution_source_observation", "T06.native.host_structured_admission", "T06.native.invalid_output", "T06.native.lifecycle_replacement", "T06.native.managed_accepted_failures", "T06.native.managed_admission", "T06.native.observation_journal", "T06.native.outcome_consistency", "T06.native.permission_intersection", "T06.native.policy_contract_alignment", "T06.native.revoke_and_regrant", "T06.native.session_and_deadline", "T06.native.target_binding", "T23.native.allocation_governance", "T23.native.allocation_other_costs", "T23.native.allocation_probe", "T23.native.allocation_steady"], "count": 60}
  client_contract.cpp
  router_contract.vcxproj -> J:\Code\Kernel_v2\build\b4-debug\tests\unit\data\Debug\router_contract.exe
  ock_stateless_service.vcxproj -> J:\Code\Kernel_v2\build\b4-debug\examples\stateless_service\Debug\ock_stateless_service.exe
  ock_client_contract.vcxproj -> J:\Code\Kernel_v2\build\b4-debug\tests\integration\cli\Debug\ock_client_contract.exe
