Internal ctest changing into directory: E:/VS2019Qt5.15/3D/build/d0.06-a/asan
Test project E:/VS2019Qt5.15/3D/build/d0.06-a/asan
    Start 1: T01.dependencies.expected
1/8 Test #1: T01.dependencies.expected .....................   Passed    1.13 sec
    Start 2: T01.dependencies.fmt
2/8 Test #2: T01.dependencies.fmt ..........................   Passed    0.96 sec
    Start 3: T01.dependencies.spdlog
3/8 Test #3: T01.dependencies.spdlog .......................   Passed    0.85 sec
    Start 4: T01.dependencies.thread_pool
4/8 Test #4: T01.dependencies.thread_pool ..................   Passed    0.90 sec
    Start 5: T01.dependencies.toolchain
5/8 Test #5: T01.dependencies.toolchain ....................   Passed    0.67 sec
    Start 6: T01.dependencies.lock_contracts
6/8 Test #6: T01.dependencies.lock_contracts ...............   Passed    1.23 sec
    Start 7: T23.dependencies.asan_healthy
7/8 Test #7: T23.dependencies.asan_healthy .................   Passed    1.09 sec
    Start 8: T23.dependencies.asan_detects_heap_overflow
8/8 Test #8: T23.dependencies.asan_detects_heap_overflow ...   Passed    2.38 sec

100% tests passed, 0 tests failed out of 8

Label Time Summary:
D0.06-a    =   9.21 sec*proc (8 tests)

Total Test time (real) =   9.29 sec
