适用于 .NET Framework MSBuild 版本 17.14.40+3e7442088

  1>Checking Build System
  Building Custom Rule E:/VS2019Qt5.15/3D/tests/contract/registration/CMakeLists.txt
  registry.cpp
E:\VS2019Qt5.15\3D\packages\runtime\registry\registry.cpp(33,15): error C2039: "text": 不是 "ock::foundation::Name" 的成员 [E:\VS2019Qt5.15\3D\build\d1.03-implementation-green\tests\contract\registration\ock_registry_internal.vcxproj]
      E:\VS2019Qt5.15\3D\packages\foundation\include\ock\foundation\foundation.hpp(139,7):
      参见“ock::foundation::Name”的声明
  
E:\VS2019Qt5.15\3D\packages\runtime\registry\registry.cpp(35,47): error C2039: "text": 不是 "ock::foundation::Name" 的成员 [E:\VS2019Qt5.15\3D\build\d1.03-implementation-green\tests\contract\registration\ock_registry_internal.vcxproj]
      E:\VS2019Qt5.15\3D\packages\foundation\include\ock\foundation\foundation.hpp(139,7):
      参见“ock::foundation::Name”的声明
  
E:\VS2019Qt5.15\3D\packages\runtime\registry\registry.cpp(32,134): error C2039: "text": 不是 "ock::foundation::Name" 的成员 [E:\VS2019Qt5.15\3D\build\d1.03-implementation-green\tests\contract\registration\ock_registry_internal.vcxproj]
      E:\VS2019Qt5.15\3D\packages\foundation\include\ock\foundation\foundation.hpp(139,7):
      参见“ock::foundation::Name”的声明
      E:\VS2019Qt5.15\3D\packages\runtime\registry\registry.cpp(32,134):
      模板实例化上下文(最早的实例化上下文)为
          E:\VS2019Qt5.15\3D\packages\runtime\registry\registry.cpp(36,3):
          查看对正在编译的函数 模板 实例化“auto ock::runtime::registry::RegistrationBatch::add::<lambda_3>::operator ()<std::vector<ock::foundation::Name,std::allocator<ock::foundation::Name>>>(const _T1 &) const”的引用
          with
          [
              _T1=std::vector<ock::foundation::Name,std::allocator<ock::foundation::Name>>
          ]
  
E:\VS2019Qt5.15\3D\packages\runtime\registry\registry.cpp(38,43): error C2039: "text": 不是 "ock::foundation::Name" 的成员 [E:\VS2019Qt5.15\3D\build\d1.03-implementation-green\tests\contract\registration\ock_registry_internal.vcxproj]
      E:\VS2019Qt5.15\3D\packages\foundation\include\ock\foundation\foundation.hpp(139,7):
      参见“ock::foundation::Name”的声明
  
E:\VS2019Qt5.15\3D\packages\runtime\registry\registry.cpp(40,53): error C2039: "text": 不是 "ock::foundation::Name" 的成员 [E:\VS2019Qt5.15\3D\build\d1.03-implementation-green\tests\contract\registration\ock_registry_internal.vcxproj]
      E:\VS2019Qt5.15\3D\packages\foundation\include\ock\foundation\foundation.hpp(139,7):
      参见“ock::foundation::Name”的声明
  
E:\VS2019Qt5.15\3D\packages\runtime\registry\registry.cpp(41,135): error C2039: "text": 不是 "ock::foundation::Name" 的成员 [E:\VS2019Qt5.15\3D\build\d1.03-implementation-green\tests\contract\registration\ock_registry_internal.vcxproj]
      E:\VS2019Qt5.15\3D\packages\foundation\include\ock\foundation\foundation.hpp(139,7):
      参见“ock::foundation::Name”的声明
      E:\VS2019Qt5.15\3D\packages\runtime\registry\registry.cpp(41,135):
      模板实例化上下文(最早的实例化上下文)为
          E:\VS2019Qt5.15\3D\packages\runtime\registry\registry.cpp(42,3):
          查看对正在编译的函数 模板 实例化“auto ock::runtime::registry::RegistrationBatch::add::<lambda_4>::operator ()<std::vector<ock::runtime::registry::ResourceRef,std::allocator<ock::runtime::registry::ResourceRef>>>(const _T1 &) const”的引用
          with
          [
              _T1=std::vector<ock::runtime::registry::ResourceRef,std::allocator<ock::runtime::registry::ResourceRef>>
          ]
  
E:\VS2019Qt5.15\3D\packages\runtime\registry\registry.cpp(41,155): error C2039: "text": 不是 "ock::foundation::Name" 的成员 [E:\VS2019Qt5.15\3D\build\d1.03-implementation-green\tests\contract\registration\ock_registry_internal.vcxproj]
      E:\VS2019Qt5.15\3D\packages\foundation\include\ock\foundation\foundation.hpp(139,7):
      参见“ock::foundation::Name”的声明
  
E:\VS2019Qt5.15\3D\packages\runtime\registry\registry.cpp(44,53): error C2039: "text": 不是 "ock::foundation::Name" 的成员 [E:\VS2019Qt5.15\3D\build\d1.03-implementation-green\tests\contract\registration\ock_registry_internal.vcxproj]
      E:\VS2019Qt5.15\3D\packages\foundation\include\ock\foundation\foundation.hpp(139,7):
      参见“ock::foundation::Name”的声明
  
E:\VS2019Qt5.15\3D\packages\runtime\registry\registry.cpp(44,77): error C2039: "text": 不是 "ock::foundation::Name" 的成员 [E:\VS2019Qt5.15\3D\build\d1.03-implementation-green\tests\contract\registration\ock_registry_internal.vcxproj]
      E:\VS2019Qt5.15\3D\packages\foundation\include\ock\foundation\foundation.hpp(139,7):
      参见“ock::foundation::Name”的声明
  
E:\VS2019Qt5.15\3D\packages\runtime\registry\registry.cpp(46,54): error C2039: "text": 不是 "ock::foundation::Name" 的成员 [E:\VS2019Qt5.15\3D\build\d1.03-implementation-green\tests\contract\registration\ock_registry_internal.vcxproj]
      E:\VS2019Qt5.15\3D\packages\foundation\include\ock\foundation\foundation.hpp(139,7):
      参见“ock::foundation::Name”的声明
  
E:\VS2019Qt5.15\3D\packages\runtime\registry\registry.cpp(46,77): error C2039: "text": 不是 "ock::foundation::Name" 的成员 [E:\VS2019Qt5.15\3D\build\d1.03-implementation-green\tests\contract\registration\ock_registry_internal.vcxproj]
      E:\VS2019Qt5.15\3D\packages\foundation\include\ock\foundation\foundation.hpp(139,7):
      参见“ock::foundation::Name”的声明
  
E:\VS2019Qt5.15\3D\packages\runtime\registry\registry.cpp(118,212): error C2039: "text": 不是 "ock::foundation::Name" 的成员 [E:\VS2019Qt5.15\3D\build\d1.03-implementation-green\tests\contract\registration\ock_registry_internal.vcxproj]
      E:\VS2019Qt5.15\3D\packages\foundation\include\ock\foundation\foundation.hpp(139,7):
      参见“ock::foundation::Name”的声明
  
E:\VS2019Qt5.15\3D\packages\runtime\registry\registry.cpp(118,253): error C2039: "text": 不是 "ock::foundation::Name" 的成员 [E:\VS2019Qt5.15\3D\build\d1.03-implementation-green\tests\contract\registration\ock_registry_internal.vcxproj]
      E:\VS2019Qt5.15\3D\packages\foundation\include\ock\foundation\foundation.hpp(139,7):
      参见“ock::foundation::Name”的声明
  
