Internal ctest changing into directory: J:/Code/Kernel_v2/build/d1.06-debug
Test project J:/Code/Kernel_v2/build/d1.06-debug
      Start 175: T03.host.ready_gate
 1/32 Test #175: T03.host.ready_gate ................................   Passed    0.26 sec
      Start 176: T03.host.start_order
 2/32 Test #176: T03.host.start_order ...............................   Passed    0.07 sec
      Start 177: T22.host.pending_report
 3/32 Test #177: T22.host.pending_report ............................   Passed    0.06 sec
      Start 178: T22.host.lifecycle_reentrancy
 4/32 Test #178: T22.host.lifecycle_reentrancy ......................   Passed    0.09 sec
      Start 179: T03.host.catalog_registration
 5/32 Test #179: T03.host.catalog_registration ......................   Passed    0.09 sec
      Start 180: T03.host.native_results
 6/32 Test #180: T03.host.native_results ............................   Passed    0.08 sec
      Start 181: T03.host.session_ownership
 7/32 Test #181: T03.host.session_ownership .........................   Passed    0.13 sec
      Start 182: T03.host.delegation_revoke
 8/32 Test #182: T03.host.delegation_revoke .........................   Passed    0.16 sec
      Start 183: T22.host.shutdown_deadline
 9/32 Test #183: T22.host.shutdown_deadline .........................   Passed    0.17 sec
      Start 184: T19.host.logging_ownership
10/32 Test #184: T19.host.logging_ownership .........................   Passed    0.10 sec
      Start 185: T22.host.admission_race
11/32 Test #185: T22.host.admission_race ............................   Passed    0.09 sec
      Start 186: T22.host.return_lifetime
12/32 Test #186: T22.host.return_lifetime ...........................   Passed    0.06 sec
      Start 187: T22.host.shutdown_order
13/32 Test #187: T22.host.shutdown_order ............................   Passed    0.05 sec
      Start 188: T23.host.steady_allocation
14/32 Test #188: T23.host.steady_allocation .........................   Passed    0.04 sec
      Start 189: T23.host.owner_reclamation
15/32 Test #189: T23.host.owner_reclamation .........................   Passed    0.04 sec
      Start 190: T22.host.destructor_guard
16/32 Test #190: T22.host.destructor_guard ..........................   Passed    0.51 sec
      Start 191: T23.host.allocation_controls
17/32 Test #191: T23.host.allocation_controls .......................   Passed    0.35 sec
      Start 192: T03.host.configuration
18/32 Test #192: T03.host.configuration .............................   Passed    0.72 sec
      Start 193: T03.host.start_failures
19/32 Test #193: T03.host.start_failures ............................   Passed    0.43 sec
      Start 194: T22.host.shutdown_errors
20/32 Test #194: T22.host.shutdown_errors ...........................   Passed    0.37 sec
      Start 195: T22.logging.memory.accept_reject_drop_accounting
21/32 Test #195: T22.logging.memory.accept_reject_drop_accounting ...   Passed    0.34 sec
      Start 196: T22.logging.memory.format_redaction
22/32 Test #196: T22.logging.memory.format_redaction ................   Passed    0.27 sec
      Start 197: T22.logging.memory.error_isolation
23/32 Test #197: T22.logging.memory.error_isolation .................   Passed    0.23 sec
      Start 198: T22.logging.memory.flush_accepted_range
24/32 Test #198: T22.logging.memory.flush_accepted_range ............   Passed    0.26 sec
      Start 199: T22.logging.memory.shutdown_callback_lifetime
25/32 Test #199: T22.logging.memory.shutdown_callback_lifetime ......   Passed    0.22 sec
      Start 200: T22.logging.test.accept_reject_drop_accounting
26/32 Test #200: T22.logging.test.accept_reject_drop_accounting .....   Passed    0.23 sec
      Start 201: T22.logging.test.format_redaction
27/32 Test #201: T22.logging.test.format_redaction ..................   Passed    0.28 sec
      Start 202: T22.logging.test.error_isolation
28/32 Test #202: T22.logging.test.error_isolation ...................   Passed    0.22 sec
      Start 203: T22.logging.test.flush_accepted_range
29/32 Test #203: T22.logging.test.flush_accepted_range ..............   Passed    0.22 sec
      Start 204: T22.logging.test.shutdown_callback_lifetime
30/32 Test #204: T22.logging.test.shutdown_callback_lifetime ........   Passed    0.25 sec
      Start 205: T19.logging.memory_pages
31/32 Test #205: T19.logging.memory_pages ...........................   Passed    0.24 sec
      Start 206: T23.logging.fixed_write_allocation
32/32 Test #206: T23.logging.fixed_write_allocation .................   Passed    0.20 sec

100% tests passed, 0 tests failed out of 32

Label Time Summary:
D1.06    =   3.86 sec*proc (20 tests)

Total Test time (real) =   6.86 sec
