Internal ctest changing into directory: J:/Code/Kernel_v2/build/b2-data-debug
Test project J:/Code/Kernel_v2/build/b2-data-debug
    Start 4: T04.data.budgets
1/1 Test #4: T04.data.budgets .................***Failed    0.22 sec
frame
token
depth
nodes
container
text
allocation minimum
allocation boundary
`main'::`2'::<lambda_1>::operator()
`main'::`2'::<lambda_1>::<lambda_invoker_cdecl>
terminate
_CxxFrameHandler4
_chkstk
RtlInitializeExtendedContext
RtlRaiseException
RaiseException
RtlCaptureContext2
jsoncons::basic_json<char,jsoncons::sorted_policy,std::scoped_allocator_adaptor<ock::data::detail::Alloc<char> > >::create_array<jsoncons::json_array<jsoncons::basic_json<char,jsoncons::sorted_policy,std::scoped_allocator_adaptor<ock::data::detail::Alloc<char> > >,std::vector> const &>
jsoncons::basic_json<char,jsoncons::sorted_policy,std::scoped_allocator_adaptor<ock::data::detail::Alloc<char> > >::uninitialized_copy_a
jsoncons::basic_json<char,jsoncons::sorted_policy,std::scoped_allocator_adaptor<ock::data::detail::Alloc<char> > >::uninitialized_move_a
jsoncons::basic_json<char,jsoncons::sorted_policy,std::scoped_allocator_adaptor<ock::data::detail::Alloc<char> > >::basic_json<char,jsoncons::sorted_policy,std::scoped_allocator_adaptor<ock::data::detail::Alloc<char> > ><std::scoped_allocator_adaptor<ock::data::detail::Alloc<char> > >
jsoncons::key_value<std::basic_string<char,std::char_traits<char>,std::scoped_allocator_adaptor<ock::data::detail::Alloc<char> > >,jsoncons::basic_json<char,jsoncons::sorted_policy,std::scoped_allocator_adaptor<ock::data::detail::Alloc<char> > > >::key_value<std::basic_string<char,std::char_traits<char>,std::scoped_allocator_adaptor<ock::data::detail::Alloc<char> > >,jsoncons::basic_json<char,jsoncons::sorted_policy,std::scoped_allocator_adaptor<ock::data::detail::Alloc<char> > > ><jsoncons::basic_json<cha
std::construct_at<jsoncons::key_value<std::basic_string<char,std::char_traits<char>,std::scoped_allocator_adaptor<ock::data::detail::Alloc<char> > >,jsoncons::basic_json<char,jsoncons::sorted_policy,std::scoped_allocator_adaptor<ock::data::detail::Alloc<char> > > >,std::basic_string<char,std::char_traits<char>,std::scoped_allocator_adaptor<ock::data::detail::Alloc<char> > >,jsoncons::basic_json<char,jsoncons::sorted_policy,std::scoped_allocator_adaptor<ock::data::detail::Alloc<char> > >,std::scoped_allocat
std::_Normal_allocator_traits<ock::data::detail::Alloc<jsoncons::key_value<std::basic_string<char,std::char_traits<char>,std::scoped_allocator_adaptor<ock::data::detail::Alloc<char> > >,jsoncons::basic_json<char,jsoncons::sorted_policy,std::scoped_allocator_adaptor<ock::data::detail::Alloc<char> > > > > >::construct<jsoncons::key_value<std::basic_string<char,std::char_traits<char>,std::scoped_allocator_adaptor<ock::data::detail::Alloc<char> > >,jsoncons::basic_json<char,jsoncons::sorted_policy,std::scoped_
`std::scoped_allocator_adaptor<ock::data::detail::Alloc<jsoncons::key_value<std::basic_string<char,std::char_traits<char>,std::scoped_allocator_adaptor<ock::data::detail::Alloc<char> > >,jsoncons::basic_json<char,jsoncons::sorted_policy,std::scoped_allocator_adaptor<ock::data::detail::Alloc<char> > > > > >::construct<jsoncons::key_value<std::basic_string<char,std::char_traits<char>,std::scoped_allocator_adaptor<ock::data::detail::Alloc<char> > >,jsoncons::basic_json<char,jsoncons::sorted_policy,std::scoped
std::invoke<`std::scoped_allocator_adaptor<ock::data::detail::Alloc<jsoncons::key_value<std::basic_string<char,std::char_traits<char>,std::scoped_allocator_adaptor<ock::data::detail::Alloc<char> > >,jsoncons::basic_json<char,jsoncons::sorted_policy,std::scoped_allocator_adaptor<ock::data::detail::Alloc<char> > > > > >::construct<jsoncons::key_value<std::basic_string<char,std::char_traits<char>,std::scoped_allocator_adaptor<ock::data::detail::Alloc<char> > >,jsoncons::basic_json<char,jsoncons::sorted_policy
std::_Apply_impl<`std::scoped_allocator_adaptor<ock::data::detail::Alloc<jsoncons::key_value<std::basic_string<char,std::char_traits<char>,std::scoped_allocator_adaptor<ock::data::detail::Alloc<char> > >,jsoncons::basic_json<char,jsoncons::sorted_policy,std::scoped_allocator_adaptor<ock::data::detail::Alloc<char> > > > > >::construct<jsoncons::key_value<std::basic_string<char,std::char_traits<char>,std::scoped_allocator_adaptor<ock::data::detail::Alloc<char> > >,jsoncons::basic_json<char,jsoncons::sorted_p
std::apply<`std::scoped_allocator_adaptor<ock::data::detail::Alloc<jsoncons::key_value<std::basic_string<char,std::char_traits<char>,std::scoped_allocator_adaptor<ock::data::detail::Alloc<char> > >,jsoncons::basic_json<char,jsoncons::sorted_policy,std::scoped_allocator_adaptor<ock::data::detail::Alloc<char> > > > > >::construct<jsoncons::key_value<std::basic_string<char,std::char_traits<char>,std::scoped_allocator_adaptor<ock::data::detail::Alloc<char> > >,jsoncons::basic_json<char,jsoncons::sorted_policy,
std::scoped_allocator_adaptor<ock::data::detail::Alloc<jsoncons::key_value<std::basic_string<char,std::char_traits<char>,std::scoped_allocator_adaptor<ock::data::detail::Alloc<char> > >,jsoncons::basic_json<char,jsoncons::sorted_policy,std::scoped_allocator_adaptor<ock::data::detail::Alloc<char> > > > > >::construct<jsoncons::key_value<std::basic_string<char,std::char_traits<char>,std::scoped_allocator_adaptor<ock::data::detail::Alloc<char> > >,jsoncons::basic_json<char,jsoncons::sorted_policy,std::scoped_
std::_Normal_allocator_traits<std::scoped_allocator_adaptor<ock::data::detail::Alloc<jsoncons::key_value<std::basic_string<char,std::char_traits<char>,std::scoped_allocator_adaptor<ock::data::detail::Alloc<char> > >,jsoncons::basic_json<char,jsoncons::sorted_policy,std::scoped_allocator_adaptor<ock::data::detail::Alloc<char> > > > > > >::construct<jsoncons::key_value<std::basic_string<char,std::char_traits<char>,std::scoped_allocator_adaptor<ock::data::detail::Alloc<char> > >,jsoncons::basic_json<char,json
std::vector<jsoncons::key_value<std::basic_string<char,std::char_traits<char>,std::scoped_allocator_adaptor<ock::data::detail::Alloc<char> > >,jsoncons::basic_json<char,jsoncons::sorted_policy,std::scoped_allocator_adaptor<ock::data::detail::Alloc<char> > > >,std::scoped_allocator_adaptor<ock::data::detail::Alloc<jsoncons::key_value<std::basic_string<char,std::char_traits<char>,std::scoped_allocator_adaptor<ock::data::detail::Alloc<char> > >,jsoncons::basic_json<char,jsoncons::sorted_policy,std::scoped_all
std::vector<jsoncons::key_value<std::basic_string<char,std::char_traits<char>,std::scoped_allocator_adaptor<ock::data::detail::Alloc<char> > >,jsoncons::basic_json<char,jsoncons::sorted_policy,std::scoped_allocator_adaptor<ock::data::detail::Alloc<char> > > >,std::scoped_allocator_adaptor<ock::data::detail::Alloc<jsoncons::key_value<std::basic_string<char,std::char_traits<char>,std::scoped_allocator_adaptor<ock::data::detail::Alloc<char> > >,jsoncons::basic_json<char,jsoncons::sorted_policy,std::scoped_all
std::vector<jsoncons::key_value<std::basic_string<char,std::char_traits<char>,std::scoped_allocator_adaptor<ock::data::detail::Alloc<char> > >,jsoncons::basic_json<char,jsoncons::sorted_policy,std::scoped_allocator_adaptor<ock::data::detail::Alloc<char> > > >,std::scoped_allocator_adaptor<ock::data::detail::Alloc<jsoncons::key_value<std::basic_string<char,std::char_traits<char>,std::scoped_allocator_adaptor<ock::data::detail::Alloc<char> > >,jsoncons::basic_json<char,jsoncons::sorted_policy,std::scoped_all
jsoncons::sorted_json_object<std::basic_string<char,std::char_traits<char>,std::scoped_allocator_adaptor<ock::data::detail::Alloc<char> > >,jsoncons::basic_json<char,jsoncons::sorted_policy,std::scoped_allocator_adaptor<ock::data::detail::Alloc<char> > >,std::vector>::uninitialized_init
jsoncons::json_decoder<jsoncons::basic_json<char,jsoncons::sorted_policy,std::scoped_allocator_adaptor<ock::data::detail::Alloc<char> > >,ock::data::detail::Alloc<char> >::visit_end_object


0% tests passed, 1 tests failed out of 1

Total Test time (real) =   0.22 sec

The following tests FAILED:
	  4 - T04.data.budgets (Failed)
