Internal ctest changing into directory: J:/Code/Kernel_v2/build/b2-data-debug
Test project J:/Code/Kernel_v2/build/b2-data-debug
    Start 11: T06.protocol.outcome
1/1 Test #11: T06.protocol.outcome .............***Failed    0.34 sec
schema compiled
unknown validated
unknown encoded
`main'::`3'::<lambda_1>::operator()
`main'::`3'::<lambda_1>::<lambda_invoker_cdecl>
terminate
ock::data::detail::Account::proxy
ock::data::detail::Alloc<std::_Container_proxy>::allocate
std::_Container_base12::_Alloc_proxy<ock::data::detail::Alloc<std::_Container_proxy> >
std::basic_string<char,std::char_traits<char>,ock::data::detail::Alloc<char> >::basic_string<char,std::char_traits<char>,ock::data::detail::Alloc<char> >
ock::data::detail::Key<char,std::char_traits<char>,ock::data::detail::Alloc<char> >::Key<char,std::char_traits<char>,ock::data::detail::Alloc<char> >
jsoncons::key_value<ock::data::detail::Key<char,std::char_traits<char>,ock::data::detail::Alloc<char> >,jsoncons::basic_json<char,ock::data::detail::Policy,ock::data::detail::Alloc<char> > >::key_value<ock::data::detail::Key<char,std::char_traits<char>,ock::data::detail::Alloc<char> >,jsoncons::basic_json<char,ock::data::detail::Policy,ock::data::detail::Alloc<char> > ><std::basic_string<char,std::char_traits<char>,std::allocator<char> > >
std::construct_at<jsoncons::key_value<ock::data::detail::Key<char,std::char_traits<char>,ock::data::detail::Alloc<char> >,jsoncons::basic_json<char,ock::data::detail::Policy,ock::data::detail::Alloc<char> > >,ock::data::detail::Key<char,std::char_traits<char>,ock::data::detail::Alloc<char> >,std::basic_string<char,std::char_traits<char>,std::allocator<char> > >
std::_Normal_allocator_traits<ock::data::detail::Alloc<jsoncons::key_value<ock::data::detail::Key<char,std::char_traits<char>,ock::data::detail::Alloc<char> >,jsoncons::basic_json<char,ock::data::detail::Policy,ock::data::detail::Alloc<char> > > > >::construct<jsoncons::key_value<ock::data::detail::Key<char,std::char_traits<char>,ock::data::detail::Alloc<char> >,jsoncons::basic_json<char,ock::data::detail::Policy,ock::data::detail::Alloc<char> > >,ock::data::detail::Key<char,std::char_traits<char>,ock::dat
std::vector<jsoncons::key_value<ock::data::detail::Key<char,std::char_traits<char>,ock::data::detail::Alloc<char> >,jsoncons::basic_json<char,ock::data::detail::Policy,ock::data::detail::Alloc<char> > >,ock::data::detail::Alloc<jsoncons::key_value<ock::data::detail::Key<char,std::char_traits<char>,ock::data::detail::Alloc<char> >,jsoncons::basic_json<char,ock::data::detail::Policy,ock::data::detail::Alloc<char> > > > >::_Emplace_reallocate<ock::data::detail::Key<char,std::char_traits<char>,ock::data::detai
std::vector<jsoncons::key_value<ock::data::detail::Key<char,std::char_traits<char>,ock::data::detail::Alloc<char> >,jsoncons::basic_json<char,ock::data::detail::Policy,ock::data::detail::Alloc<char> > >,ock::data::detail::Alloc<jsoncons::key_value<ock::data::detail::Key<char,std::char_traits<char>,ock::data::detail::Alloc<char> >,jsoncons::basic_json<char,ock::data::detail::Policy,ock::data::detail::Alloc<char> > > > >::_Emplace_one_at_back<ock::data::detail::Key<char,std::char_traits<char>,ock::data::deta
std::vector<jsoncons::key_value<ock::data::detail::Key<char,std::char_traits<char>,ock::data::detail::Alloc<char> >,jsoncons::basic_json<char,ock::data::detail::Policy,ock::data::detail::Alloc<char> > >,ock::data::detail::Alloc<jsoncons::key_value<ock::data::detail::Key<char,std::char_traits<char>,ock::data::detail::Alloc<char> >,jsoncons::basic_json<char,ock::data::detail::Policy,ock::data::detail::Alloc<char> > > > >::emplace_back<ock::data::detail::Key<char,std::char_traits<char>,ock::data::detail::Allo
jsoncons::sorted_json_object<ock::data::detail::Key<char,std::char_traits<char>,ock::data::detail::Alloc<char> >,jsoncons::basic_json<char,ock::data::detail::Policy,ock::data::detail::Alloc<char> >,std::vector>::try_emplace<ock::data::detail::Alloc<char>,std::basic_string<char,std::char_traits<char>,std::allocator<char> > >
jsoncons::basic_json<char,ock::data::detail::Policy,ock::data::detail::Alloc<char> >::try_emplace<std::basic_string<char,std::char_traits<char>,std::allocator<char> > >
jsoncons::jsonschema::properties_validator<jsoncons::basic_json<char,ock::data::detail::Policy,ock::data::detail::Alloc<char> > >::update_patch
jsoncons::jsonschema::properties_validator<jsoncons::basic_json<char,ock::data::detail::Policy,ock::data::detail::Alloc<char> > >::validate
jsoncons::jsonschema::additional_properties_validator<jsoncons::basic_json<char,ock::data::detail::Policy,ock::data::detail::Alloc<char> > >::do_validate
jsoncons::jsonschema::validator_base<jsoncons::basic_json<char,ock::data::detail::Policy,ock::data::detail::Alloc<char> > >::validate
jsoncons::jsonschema::object_schema_validator<jsoncons::basic_json<char,ock::data::detail::Policy,ock::data::detail::Alloc<char> > >::do_validate
jsoncons::jsonschema::validator_base<jsoncons::basic_json<char,ock::data::detail::Policy,ock::data::detail::Alloc<char> > >::validate
jsoncons::jsonschema::ref_validator<jsoncons::basic_json<char,ock::data::detail::Policy,ock::data::detail::Alloc<char> > >::do_validate
jsoncons::jsonschema::validator_base<jsoncons::basic_json<char,ock::data::detail::Policy,ock::data::detail::Alloc<char> > >::validate
jsoncons::jsonschema::object_schema_validator<jsoncons::basic_json<char,ock::data::detail::Policy,ock::data::detail::Alloc<char> > >::do_validate
jsoncons::jsonschema::validator_base<jsoncons::basic_json<char,ock::data::detail::Policy,ock::data::detail::Alloc<char> > >::validate
jsoncons::jsonschema::one_of_validator<jsoncons::basic_json<char,ock::data::detail::Policy,ock::data::detail::Alloc<char> > >::do_validate
jsoncons::jsonschema::validator_base<jsoncons::basic_json<char,ock::data::detail::Policy,ock::data::detail::Alloc<char> > >::validate
jsoncons::jsonschema::object_schema_validator<jsoncons::basic_json<char,ock::data::detail::Policy,ock::data::detail::Alloc<char> > >::do_validate
jsoncons::jsonschema::validator_base<jsoncons::basic_json<char,ock::data::detail::Policy,ock::data::detail::Alloc<char> > >::validate
jsoncons::jsonschema::ref_validator<jsoncons::basic_json<char,ock::data::detail::Policy,ock::data::detail::Alloc<char> > >::do_validate
jsoncons::jsonschema::validator_base<jsoncons::basic_json<char,ock::data::detail::Policy,ock::data::detail::Alloc<char> > >::validate


0% tests passed, 1 tests failed out of 1

Total Test time (real) =   0.35 sec

The following tests FAILED:
	 11 - T06.protocol.outcome (Failed)
