适用于 .NET Framework MSBuild 版本 17.14.40+3e7442088

  1>Checking Build System
  Building Custom Rule E:/VS2019Qt5.15/3D/evidence/bootstrap/D1.05/pipeline-8c074e2c7fea/CMakeLists.txt
  policy.cpp
  registry.cpp
  invocation.cpp
  native_tests.cpp
E:\VS2019Qt5.15\3D\evidence\bootstrap\D1.05\pipeline-8c074e2c7fea\source\tests\contract\native\allocation_cases.hpp(22,46): error C2039: "frees": 不是 "native_test::allocation::Counts" 的成员 [E:\VS2019Qt5.15\3D\build\d1.05-stage-8c074e2c7fea\native_stage.vcxproj]
  (编译源文件“../../evidence/bootstrap/D1.05/pipeline-8c074e2c7fea/source/tests/contract/native/native_tests.cpp”)
      E:\VS2019Qt5.15\3D\evidence\bootstrap\D1.05\pipeline-8c074e2c7fea\source\tests\contract\native\allocation_probe.hpp(4,8):
      参见“native_test::allocation::Counts”的声明
  
E:\VS2019Qt5.15\3D\evidence\bootstrap\D1.05\pipeline-8c074e2c7fea\source\tests\contract\native\allocation_cases.hpp(22,91): error C2039: "allocated_bytes": 不是 "native_test::allocation::Counts" 的成员 [E:\VS2019Qt5.15\3D\build\d1.05-stage-8c074e2c7fea\native_stage.vcxproj]
  (编译源文件“../../evidence/bootstrap/D1.05/pipeline-8c074e2c7fea/source/tests/contract/native/native_tests.cpp”)
      E:\VS2019Qt5.15\3D\evidence\bootstrap\D1.05\pipeline-8c074e2c7fea\source\tests\contract\native\allocation_probe.hpp(4,8):
      参见“native_test::allocation::Counts”的声明
  
E:\VS2019Qt5.15\3D\evidence\bootstrap\D1.05\pipeline-8c074e2c7fea\source\tests\contract\native\allocation_cases.hpp(23,48): error C2039: "released_bytes": 不是 "native_test::allocation::Counts" 的成员 [E:\VS2019Qt5.15\3D\build\d1.05-stage-8c074e2c7fea\native_stage.vcxproj]
  (编译源文件“../../evidence/bootstrap/D1.05/pipeline-8c074e2c7fea/source/tests/contract/native/native_tests.cpp”)
      E:\VS2019Qt5.15\3D\evidence\bootstrap\D1.05\pipeline-8c074e2c7fea\source\tests\contract\native\allocation_probe.hpp(4,8):
      参见“native_test::allocation::Counts”的声明
  
E:\VS2019Qt5.15\3D\evidence\bootstrap\D1.05\pipeline-8c074e2c7fea\source\tests\contract\native\allocation_cases.hpp(24,51): error C2039: "live_bytes_before": 不是 "native_test::allocation::Counts" 的成员 [E:\VS2019Qt5.15\3D\build\d1.05-stage-8c074e2c7fea\native_stage.vcxproj]
  (编译源文件“../../evidence/bootstrap/D1.05/pipeline-8c074e2c7fea/source/tests/contract/native/native_tests.cpp”)
      E:\VS2019Qt5.15\3D\evidence\bootstrap\D1.05\pipeline-8c074e2c7fea\source\tests\contract\native\allocation_probe.hpp(4,8):
      参见“native_test::allocation::Counts”的声明
  
E:\VS2019Qt5.15\3D\evidence\bootstrap\D1.05\pipeline-8c074e2c7fea\source\tests\contract\native\allocation_cases.hpp(25,50): error C2039: "live_bytes_after": 不是 "native_test::allocation::Counts" 的成员 [E:\VS2019Qt5.15\3D\build\d1.05-stage-8c074e2c7fea\native_stage.vcxproj]
  (编译源文件“../../evidence/bootstrap/D1.05/pipeline-8c074e2c7fea/source/tests/contract/native/native_tests.cpp”)
      E:\VS2019Qt5.15\3D\evidence\bootstrap\D1.05\pipeline-8c074e2c7fea\source\tests\contract\native\allocation_probe.hpp(4,8):
      参见“native_test::allocation::Counts”的声明
  
E:\VS2019Qt5.15\3D\evidence\bootstrap\D1.05\pipeline-8c074e2c7fea\source\tests\contract\native\allocation_cases.hpp(26,49): error C2039: "peak_live_bytes": 不是 "native_test::allocation::Counts" 的成员 [E:\VS2019Qt5.15\3D\build\d1.05-stage-8c074e2c7fea\native_stage.vcxproj]
  (编译源文件“../../evidence/bootstrap/D1.05/pipeline-8c074e2c7fea/source/tests/contract/native/native_tests.cpp”)
      E:\VS2019Qt5.15\3D\evidence\bootstrap\D1.05\pipeline-8c074e2c7fea\source\tests\contract\native\allocation_probe.hpp(4,8):
      参见“native_test::allocation::Counts”的声明
  
E:\VS2019Qt5.15\3D\evidence\bootstrap\D1.05\pipeline-8c074e2c7fea\source\tests\contract\native\allocation_cases.hpp(27,52): error C2039: "live_blocks_before": 不是 "native_test::allocation::Counts" 的成员 [E:\VS2019Qt5.15\3D\build\d1.05-stage-8c074e2c7fea\native_stage.vcxproj]
  (编译源文件“../../evidence/bootstrap/D1.05/pipeline-8c074e2c7fea/source/tests/contract/native/native_tests.cpp”)
      E:\VS2019Qt5.15\3D\evidence\bootstrap\D1.05\pipeline-8c074e2c7fea\source\tests\contract\native\allocation_probe.hpp(4,8):
      参见“native_test::allocation::Counts”的声明
  
E:\VS2019Qt5.15\3D\evidence\bootstrap\D1.05\pipeline-8c074e2c7fea\source\tests\contract\native\allocation_cases.hpp(28,51): error C2039: "live_blocks_after": 不是 "native_test::allocation::Counts" 的成员 [E:\VS2019Qt5.15\3D\build\d1.05-stage-8c074e2c7fea\native_stage.vcxproj]
  (编译源文件“../../evidence/bootstrap/D1.05/pipeline-8c074e2c7fea/source/tests/contract/native/native_tests.cpp”)
      E:\VS2019Qt5.15\3D\evidence\bootstrap\D1.05\pipeline-8c074e2c7fea\source\tests\contract\native\allocation_probe.hpp(4,8):
      参见“native_test::allocation::Counts”的声明
  
E:\VS2019Qt5.15\3D\evidence\bootstrap\D1.05\pipeline-8c074e2c7fea\source\tests\contract\native\allocation_cases.hpp(51,66): error C2039: "frees": 不是 "native_test::allocation::Counts" 的成员 [E:\VS2019Qt5.15\3D\build\d1.05-stage-8c074e2c7fea\native_stage.vcxproj]
  (编译源文件“../../evidence/bootstrap/D1.05/pipeline-8c074e2c7fea/source/tests/contract/native/native_tests.cpp”)
      E:\VS2019Qt5.15\3D\evidence\bootstrap\D1.05\pipeline-8c074e2c7fea\source\tests\contract\native\allocation_probe.hpp(4,8):
      参见“native_test::allocation::Counts”的声明
  
E:\VS2019Qt5.15\3D\evidence\bootstrap\D1.05\pipeline-8c074e2c7fea\source\tests\contract\native\allocation_cases.hpp(52,7): error C2039: "allocated_bytes": 不是 "native_test::allocation::Counts" 的成员 [E:\VS2019Qt5.15\3D\build\d1.05-stage-8c074e2c7fea\native_stage.vcxproj]
  (编译源文件“../../evidence/bootstrap/D1.05/pipeline-8c074e2c7fea/source/tests/contract/native/native_tests.cpp”)
      E:\VS2019Qt5.15\3D\evidence\bootstrap\D1.05\pipeline-8c074e2c7fea\source\tests\contract\native\allocation_probe.hpp(4,8):
      参见“native_test::allocation::Counts”的声明
  
E:\VS2019Qt5.15\3D\evidence\bootstrap\D1.05\pipeline-8c074e2c7fea\source\tests\contract\native\allocation_cases.hpp(52,7): error C2039: "released_bytes": 不是 "native_test::allocation::Counts" 的成员 [E:\VS2019Qt5.15\3D\build\d1.05-stage-8c074e2c7fea\native_stage.vcxproj]
  (编译源文件“../../evidence/bootstrap/D1.05/pipeline-8c074e2c7fea/source/tests/contract/native/native_tests.cpp”)
      E:\VS2019Qt5.15\3D\evidence\bootstrap\D1.05\pipeline-8c074e2c7fea\source\tests\contract\native\allocation_probe.hpp(4,8):
      参见“native_test::allocation::Counts”的声明
  
E:\VS2019Qt5.15\3D\evidence\bootstrap\D1.05\pipeline-8c074e2c7fea\source\tests\contract\native\allocation_cases.hpp(53,7): error C2039: "live_bytes_after": 不是 "native_test::allocation::Counts" 的成员 [E:\VS2019Qt5.15\3D\build\d1.05-stage-8c074e2c7fea\native_stage.vcxproj]
  (编译源文件“../../evidence/bootstrap/D1.05/pipeline-8c074e2c7fea/source/tests/contract/native/native_tests.cpp”)
      E:\VS2019Qt5.15\3D\evidence\bootstrap\D1.05\pipeline-8c074e2c7fea\source\tests\contract\native\allocation_probe.hpp(4,8):
      参见“native_test::allocation::Counts”的声明
  
E:\VS2019Qt5.15\3D\evidence\bootstrap\D1.05\pipeline-8c074e2c7fea\source\tests\contract\native\allocation_cases.hpp(53,7): error C2039: "live_bytes_before": 不是 "native_test::allocation::Counts" 的成员 [E:\VS2019Qt5.15\3D\build\d1.05-stage-8c074e2c7fea\native_stage.vcxproj]
  (编译源文件“../../evidence/bootstrap/D1.05/pipeline-8c074e2c7fea/source/tests/contract/native/native_tests.cpp”)
      E:\VS2019Qt5.15\3D\evidence\bootstrap\D1.05\pipeline-8c074e2c7fea\source\tests\contract\native\allocation_probe.hpp(4,8):
      参见“native_test::allocation::Counts”的声明
  
E:\VS2019Qt5.15\3D\evidence\bootstrap\D1.05\pipeline-8c074e2c7fea\source\tests\contract\native\allocation_cases.hpp(53,7): error C2039: "live_blocks_after": 不是 "native_test::allocation::Counts" 的成员 [E:\VS2019Qt5.15\3D\build\d1.05-stage-8c074e2c7fea\native_stage.vcxproj]
  (编译源文件“../../evidence/bootstrap/D1.05/pipeline-8c074e2c7fea/source/tests/contract/native/native_tests.cpp”)
      E:\VS2019Qt5.15\3D\evidence\bootstrap\D1.05\pipeline-8c074e2c7fea\source\tests\contract\native\allocation_probe.hpp(4,8):
      参见“native_test::allocation::Counts”的声明
  
E:\VS2019Qt5.15\3D\evidence\bootstrap\D1.05\pipeline-8c074e2c7fea\source\tests\contract\native\allocation_cases.hpp(53,7): error C2039: "live_blocks_before": 不是 "native_test::allocation::Counts" 的成员 [E:\VS2019Qt5.15\3D\build\d1.05-stage-8c074e2c7fea\native_stage.vcxproj]
  (编译源文件“../../evidence/bootstrap/D1.05/pipeline-8c074e2c7fea/source/tests/contract/native/native_tests.cpp”)
      E:\VS2019Qt5.15\3D\evidence\bootstrap\D1.05\pipeline-8c074e2c7fea\source\tests\contract\native\allocation_probe.hpp(4,8):
      参见“native_test::allocation::Counts”的声明
  
E:\VS2019Qt5.15\3D\evidence\bootstrap\D1.05\pipeline-8c074e2c7fea\source\tests\contract\native\allocation_cases.hpp(54,7): error C2039: "peak_live_bytes": 不是 "native_test::allocation::Counts" 的成员 [E:\VS2019Qt5.15\3D\build\d1.05-stage-8c074e2c7fea\native_stage.vcxproj]
  (编译源文件“../../evidence/bootstrap/D1.05/pipeline-8c074e2c7fea/source/tests/contract/native/native_tests.cpp”)
      E:\VS2019Qt5.15\3D\evidence\bootstrap\D1.05\pipeline-8c074e2c7fea\source\tests\contract\native\allocation_probe.hpp(4,8):
      参见“native_test::allocation::Counts”的声明
  
E:\VS2019Qt5.15\3D\evidence\bootstrap\D1.05\pipeline-8c074e2c7fea\source\tests\contract\native\allocation_cases.hpp(54,7): error C2039: "live_bytes_before": 不是 "native_test::allocation::Counts" 的成员 [E:\VS2019Qt5.15\3D\build\d1.05-stage-8c074e2c7fea\native_stage.vcxproj]
  (编译源文件“../../evidence/bootstrap/D1.05/pipeline-8c074e2c7fea/source/tests/contract/native/native_tests.cpp”)
      E:\VS2019Qt5.15\3D\evidence\bootstrap\D1.05\pipeline-8c074e2c7fea\source\tests\contract\native\allocation_probe.hpp(4,8):
      参见“native_test::allocation::Counts”的声明
  
E:\VS2019Qt5.15\3D\evidence\bootstrap\D1.05\pipeline-8c074e2c7fea\source\tests\contract\native\allocation_cases.hpp(55,11): error C2039: "frees": 不是 "native_test::allocation::Counts" 的成员 [E:\VS2019Qt5.15\3D\build\d1.05-stage-8c074e2c7fea\native_stage.vcxproj]
  (编译源文件“../../evidence/bootstrap/D1.05/pipeline-8c074e2c7fea/source/tests/contract/native/native_tests.cpp”)
      E:\VS2019Qt5.15\3D\evidence\bootstrap\D1.05\pipeline-8c074e2c7fea\source\tests\contract\native\allocation_probe.hpp(4,8):
      参见“native_test::allocation::Counts”的声明
  
E:\VS2019Qt5.15\3D\evidence\bootstrap\D1.05\pipeline-8c074e2c7fea\source\tests\contract\native\allocation_cases.hpp(55,11): error C2039: "allocated_bytes": 不是 "native_test::allocation::Counts" 的成员 [E:\VS2019Qt5.15\3D\build\d1.05-stage-8c074e2c7fea\native_stage.vcxproj]
  (编译源文件“../../evidence/bootstrap/D1.05/pipeline-8c074e2c7fea/source/tests/contract/native/native_tests.cpp”)
      E:\VS2019Qt5.15\3D\evidence\bootstrap\D1.05\pipeline-8c074e2c7fea\source\tests\contract\native\allocation_probe.hpp(4,8):
      参见“native_test::allocation::Counts”的声明
  
E:\VS2019Qt5.15\3D\evidence\bootstrap\D1.05\pipeline-8c074e2c7fea\source\tests\contract\native\allocation_cases.hpp(55,11): error C2039: "released_bytes": 不是 "native_test::allocation::Counts" 的成员 [E:\VS2019Qt5.15\3D\build\d1.05-stage-8c074e2c7fea\native_stage.vcxproj]
  (编译源文件“../../evidence/bootstrap/D1.05/pipeline-8c074e2c7fea/source/tests/contract/native/native_tests.cpp”)
      E:\VS2019Qt5.15\3D\evidence\bootstrap\D1.05\pipeline-8c074e2c7fea\source\tests\contract\native\allocation_probe.hpp(4,8):
      参见“native_test::allocation::Counts”的声明
  
E:\VS2019Qt5.15\3D\evidence\bootstrap\D1.05\pipeline-8c074e2c7fea\source\tests\contract\native\allocation_cases.hpp(56,7): error C2039: "live_bytes_after": 不是 "native_test::allocation::Counts" 的成员 [E:\VS2019Qt5.15\3D\build\d1.05-stage-8c074e2c7fea\native_stage.vcxproj]
  (编译源文件“../../evidence/bootstrap/D1.05/pipeline-8c074e2c7fea/source/tests/contract/native/native_tests.cpp”)
      E:\VS2019Qt5.15\3D\evidence\bootstrap\D1.05\pipeline-8c074e2c7fea\source\tests\contract\native\allocation_probe.hpp(4,8):
      参见“native_test::allocation::Counts”的声明
  
E:\VS2019Qt5.15\3D\evidence\bootstrap\D1.05\pipeline-8c074e2c7fea\source\tests\contract\native\allocation_cases.hpp(56,7): error C2039: "live_bytes_before": 不是 "native_test::allocation::Counts" 的成员 [E:\VS2019Qt5.15\3D\build\d1.05-stage-8c074e2c7fea\native_stage.vcxproj]
  (编译源文件“../../evidence/bootstrap/D1.05/pipeline-8c074e2c7fea/source/tests/contract/native/native_tests.cpp”)
      E:\VS2019Qt5.15\3D\evidence\bootstrap\D1.05\pipeline-8c074e2c7fea\source\tests\contract\native\allocation_probe.hpp(4,8):
      参见“native_test::allocation::Counts”的声明
  
E:\VS2019Qt5.15\3D\evidence\bootstrap\D1.05\pipeline-8c074e2c7fea\source\tests\contract\native\allocation_cases.hpp(72,11): error C2039: "frees": 不是 "native_test::allocation::Counts" 的成员 [E:\VS2019Qt5.15\3D\build\d1.05-stage-8c074e2c7fea\native_stage.vcxproj]
  (编译源文件“../../evidence/bootstrap/D1.05/pipeline-8c074e2c7fea/source/tests/contract/native/native_tests.cpp”)
      E:\VS2019Qt5.15\3D\evidence\bootstrap\D1.05\pipeline-8c074e2c7fea\source\tests\contract\native\allocation_probe.hpp(4,8):
      参见“native_test::allocation::Counts”的声明
  
E:\VS2019Qt5.15\3D\evidence\bootstrap\D1.05\pipeline-8c074e2c7fea\source\tests\contract\native\allocation_cases.hpp(72,23): error C2039: "live_bytes_before": 不是 "native_test::allocation::Counts" 的成员 [E:\VS2019Qt5.15\3D\build\d1.05-stage-8c074e2c7fea\native_stage.vcxproj]
  (编译源文件“../../evidence/bootstrap/D1.05/pipeline-8c074e2c7fea/source/tests/contract/native/native_tests.cpp”)
      E:\VS2019Qt5.15\3D\evidence\bootstrap\D1.05\pipeline-8c074e2c7fea\source\tests\contract\native\allocation_probe.hpp(4,8):
      参见“native_test::allocation::Counts”的声明
  
E:\VS2019Qt5.15\3D\evidence\bootstrap\D1.05\pipeline-8c074e2c7fea\source\tests\contract\native\allocation_cases.hpp(72,44): error C2039: "live_bytes_after": 不是 "native_test::allocation::Counts" 的成员 [E:\VS2019Qt5.15\3D\build\d1.05-stage-8c074e2c7fea\native_stage.vcxproj]
  (编译源文件“../../evidence/bootstrap/D1.05/pipeline-8c074e2c7fea/source/tests/contract/native/native_tests.cpp”)
      E:\VS2019Qt5.15\3D\evidence\bootstrap\D1.05\pipeline-8c074e2c7fea\source\tests\contract\native\allocation_probe.hpp(4,8):
      参见“native_test::allocation::Counts”的声明
  
E:\VS2019Qt5.15\3D\evidence\bootstrap\D1.05\pipeline-8c074e2c7fea\source\tests\contract\native\allocation_cases.hpp(72,64): error C2039: "peak_live_bytes": 不是 "native_test::allocation::Counts" 的成员 [E:\VS2019Qt5.15\3D\build\d1.05-stage-8c074e2c7fea\native_stage.vcxproj]
  (编译源文件“../../evidence/bootstrap/D1.05/pipeline-8c074e2c7fea/source/tests/contract/native/native_tests.cpp”)
      E:\VS2019Qt5.15\3D\evidence\bootstrap\D1.05\pipeline-8c074e2c7fea\source\tests\contract\native\allocation_probe.hpp(4,8):
      参见“native_test::allocation::Counts”的声明
  
E:\VS2019Qt5.15\3D\evidence\bootstrap\D1.05\pipeline-8c074e2c7fea\source\tests\contract\native\allocation_cases.hpp(72,83): error C2039: "live_bytes_before": 不是 "native_test::allocation::Counts" 的成员 [E:\VS2019Qt5.15\3D\build\d1.05-stage-8c074e2c7fea\native_stage.vcxproj]
  (编译源文件“../../evidence/bootstrap/D1.05/pipeline-8c074e2c7fea/source/tests/contract/native/native_tests.cpp”)
      E:\VS2019Qt5.15\3D\evidence\bootstrap\D1.05\pipeline-8c074e2c7fea\source\tests\contract\native\allocation_probe.hpp(4,8):
      参见“native_test::allocation::Counts”的声明
  
E:\VS2019Qt5.15\3D\evidence\bootstrap\D1.05\pipeline-8c074e2c7fea\source\tests\contract\native\allocation_cases.hpp(108,67): error C2039: "frees": 不是 "native_test::allocation::Counts" 的成员 [E:\VS2019Qt5.15\3D\build\d1.05-stage-8c074e2c7fea\native_stage.vcxproj]
  (编译源文件“../../evidence/bootstrap/D1.05/pipeline-8c074e2c7fea/source/tests/contract/native/native_tests.cpp”)
      E:\VS2019Qt5.15\3D\evidence\bootstrap\D1.05\pipeline-8c074e2c7fea\source\tests\contract\native\allocation_probe.hpp(4,8):
      参见“native_test::allocation::Counts”的声明
  
E:\VS2019Qt5.15\3D\evidence\bootstrap\D1.05\pipeline-8c074e2c7fea\source\tests\contract\native\allocation_cases.hpp(108,82): error C2039: "released_bytes": 不是 "native_test::allocation::Counts" 的成员 [E:\VS2019Qt5.15\3D\build\d1.05-stage-8c074e2c7fea\native_stage.vcxproj]
  (编译源文件“../../evidence/bootstrap/D1.05/pipeline-8c074e2c7fea/source/tests/contract/native/native_tests.cpp”)
      E:\VS2019Qt5.15\3D\evidence\bootstrap\D1.05\pipeline-8c074e2c7fea\source\tests\contract\native\allocation_probe.hpp(4,8):
      参见“native_test::allocation::Counts”的声明
  
E:\VS2019Qt5.15\3D\evidence\bootstrap\D1.05\pipeline-8c074e2c7fea\source\tests\contract\native\allocation_cases.hpp(109,15): error C2039: "live_bytes_after": 不是 "native_test::allocation::Counts" 的成员 [E:\VS2019Qt5.15\3D\build\d1.05-stage-8c074e2c7fea\native_stage.vcxproj]
  (编译源文件“../../evidence/bootstrap/D1.05/pipeline-8c074e2c7fea/source/tests/contract/native/native_tests.cpp”)
      E:\VS2019Qt5.15\3D\evidence\bootstrap\D1.05\pipeline-8c074e2c7fea\source\tests\contract\native\allocation_probe.hpp(4,8):
      参见“native_test::allocation::Counts”的声明
  
E:\VS2019Qt5.15\3D\evidence\bootstrap\D1.05\pipeline-8c074e2c7fea\source\tests\contract\native\allocation_cases.hpp(109,38): error C2039: "live_bytes_before": 不是 "native_test::allocation::Counts" 的成员 [E:\VS2019Qt5.15\3D\build\d1.05-stage-8c074e2c7fea\native_stage.vcxproj]
  (编译源文件“../../evidence/bootstrap/D1.05/pipeline-8c074e2c7fea/source/tests/contract/native/native_tests.cpp”)
      E:\VS2019Qt5.15\3D\evidence\bootstrap\D1.05\pipeline-8c074e2c7fea\source\tests\contract\native\allocation_probe.hpp(4,8):
      参见“native_test::allocation::Counts”的声明
  
E:\VS2019Qt5.15\3D\evidence\bootstrap\D1.05\pipeline-8c074e2c7fea\source\tests\contract\native\allocation_cases.hpp(109,63): error C2039: "live_blocks_after": 不是 "native_test::allocation::Counts" 的成员 [E:\VS2019Qt5.15\3D\build\d1.05-stage-8c074e2c7fea\native_stage.vcxproj]
  (编译源文件“../../evidence/bootstrap/D1.05/pipeline-8c074e2c7fea/source/tests/contract/native/native_tests.cpp”)
      E:\VS2019Qt5.15\3D\evidence\bootstrap\D1.05\pipeline-8c074e2c7fea\source\tests\contract\native\allocation_probe.hpp(4,8):
      参见“native_test::allocation::Counts”的声明
  
E:\VS2019Qt5.15\3D\evidence\bootstrap\D1.05\pipeline-8c074e2c7fea\source\tests\contract\native\allocation_cases.hpp(109,87): error C2039: "live_blocks_before": 不是 "native_test::allocation::Counts" 的成员 [E:\VS2019Qt5.15\3D\build\d1.05-stage-8c074e2c7fea\native_stage.vcxproj]
  (编译源文件“../../evidence/bootstrap/D1.05/pipeline-8c074e2c7fea/source/tests/contract/native/native_tests.cpp”)
      E:\VS2019Qt5.15\3D\evidence\bootstrap\D1.05\pipeline-8c074e2c7fea\source\tests\contract\native\allocation_probe.hpp(4,8):
      参见“native_test::allocation::Counts”的声明
  
E:\VS2019Qt5.15\3D\evidence\bootstrap\D1.05\pipeline-8c074e2c7fea\source\tests\contract\native\allocation_cases.hpp(108,14): error C2737: “reclaimed”: 必须初始化 const 对象 [E:\VS2019Qt5.15\3D\build\d1.05-stage-8c074e2c7fea\native_stage.vcxproj]
  (编译源文件“../../evidence/bootstrap/D1.05/pipeline-8c074e2c7fea/source/tests/contract/native/native_tests.cpp”)
  
  allocation_probe.cpp
  正在生成代码...
