Internal ctest changing into directory: J:/Code/Kernel_v2/build/b4-debug
UpdateCTestConfiguration  from :J:/Code/Kernel_v2/build/b4-debug/DartConfiguration.tcl
Parse Config file:J:/Code/Kernel_v2/build/b4-debug/DartConfiguration.tcl
UpdateCTestConfiguration  from :J:/Code/Kernel_v2/build/b4-debug/DartConfiguration.tcl
Parse Config file:J:/Code/Kernel_v2/build/b4-debug/DartConfiguration.tcl
Test project J:/Code/Kernel_v2/build/b4-debug
Constructing a list of tests
Done constructing a list of tests
Updating test list for fixtures
Added 0 tests to meet fixture requirements
Checking test dependency graph...
Checking test dependency graph end
test 99
    Start  99: T20.cli.managed_slow

99: Test command: J:\Code\Kernel_v2\build\runtime\python311\python.exe "-X" "utf8" "J:/Code/Kernel_v2/tests/integration/cli/managed_slow.py" "J:/Code/Kernel_v2/build/b4-debug/examples/managed_service/Debug/ock_managed_service.exe" "J:/Code/Kernel_v2/build/b4-debug/apps/ock/Debug/ock.exe"
99: Working Directory: J:/Code/Kernel_v2/build/b4-debug/tests/integration/cli
99: Environment variable modifications: 
99:  PATH=path_list_prepend:J:/Code/Kernel_v2/build/msvc-validation/e8697b7e3597a578/bin
99: Test timeout computed to be: 120
99: HOST 67884 managed-wire-03c2cdb6e1e04e908795e774b5d42707
99: DIAGNOSTICS {'sessions': 2, 'queued_bytes': 98024, 'started': 75}
99: CLI ['execution', 'get'] 0
99: CLI ['execution', 'cancel'] 0
99: CLI ['result', 'read'] 0
99: real slow observer did not block CLI get/cancel or reliable completion
99: DIAGNOSTICS {'sessions': 2, 'queued_bytes': 91098, 'started': 75}
99: DIAGNOSTICS {'sessions': 2, 'queued_bytes': 91098, 'started': 75}
99: DIAGNOSTICS {'sessions': 2, 'queued_bytes': 90690, 'started': 75}
99: DIAGNOSTICS {'sessions': 2, 'queued_bytes': 90282, 'started': 75}
99: DIAGNOSTICS {'sessions': 2, 'queued_bytes': 90282, 'started': 75}
99: DIAGNOSTICS {'sessions': 2, 'queued_bytes': 89874, 'started': 75}
99: DIAGNOSTICS {'sessions': 2, 'queued_bytes': 89466, 'started': 75}
99: DIAGNOSTICS {'sessions': 2, 'queued_bytes': 89466, 'started': 75}
99: DIAGNOSTICS {'sessions': 2, 'queued_bytes': 89058, 'started': 75}
99: DIAGNOSTICS {'sessions': 2, 'queued_bytes': 88649, 'started': 75}
99: DIAGNOSTICS {'sessions': 2, 'queued_bytes': 88649, 'started': 75}
99: DIAGNOSTICS {'sessions': 2, 'queued_bytes': 88240, 'started': 75}
99: DIAGNOSTICS {'sessions': 2, 'queued_bytes': 87831, 'started': 75}
99: DIAGNOSTICS {'sessions': 2, 'queued_bytes': 87831, 'started': 75}
99: DIAGNOSTICS {'sessions': 2, 'queued_bytes': 87422, 'started': 75}
99: DIAGNOSTICS {'sessions': 2, 'queued_bytes': 87015, 'started': 75}
99: DIAGNOSTICS {'sessions': 2, 'queued_bytes': 87015, 'started': 75}
99: DIAGNOSTICS {'sessions': 2, 'queued_bytes': 86608, 'started': 75}
99: DIAGNOSTICS {'sessions': 2, 'queued_bytes': 86201, 'started': 75}
99: DIAGNOSTICS {'sessions': 2, 'queued_bytes': 86201, 'started': 75}
99: DIAGNOSTICS {'sessions': 2, 'queued_bytes': 85793, 'started': 75}
99: DIAGNOSTICS {'sessions': 2, 'queued_bytes': 85385, 'started': 75}
99: DIAGNOSTICS {'sessions': 2, 'queued_bytes': 85385, 'started': 75}
99: DIAGNOSTICS {'sessions': 2, 'queued_bytes': 84977, 'started': 75}
99: DIAGNOSTICS {'sessions': 2, 'queued_bytes': 84570, 'started': 75}
99: DIAGNOSTICS {'sessions': 2, 'queued_bytes': 84163, 'started': 75}
99: DIAGNOSTICS {'sessions': 2, 'queued_bytes': 84163, 'started': 75}
99: DIAGNOSTICS {'sessions': 2, 'queued_bytes': 83756, 'started': 75}
99: DIAGNOSTICS {'sessions': 2, 'queued_bytes': 83349, 'started': 75}
99: DIAGNOSTICS {'sessions': 2, 'queued_bytes': 83349, 'started': 75}
99: DIAGNOSTICS {'sessions': 2, 'queued_bytes': 82941, 'started': 75}
99: DIAGNOSTICS {'sessions': 2, 'queued_bytes': 82533, 'started': 75}
99: DIAGNOSTICS {'sessions': 2, 'queued_bytes': 82533, 'started': 75}
99: DIAGNOSTICS {'sessions': 2, 'queued_bytes': 82125, 'started': 75}
99: DIAGNOSTICS {'sessions': 2, 'queued_bytes': 81717, 'started': 75}
99: DIAGNOSTICS {'sessions': 2, 'queued_bytes': 81717, 'started': 75}
99: DIAGNOSTICS {'sessions': 2, 'queued_bytes': 81309, 'started': 75}
99: DIAGNOSTICS {'sessions': 2, 'queued_bytes': 80901, 'started': 75}
99: DIAGNOSTICS {'sessions': 2, 'queued_bytes': 80901, 'started': 75}
99: DIAGNOSTICS {'sessions': 2, 'queued_bytes': 80493, 'started': 75}
99: DIAGNOSTICS {'sessions': 2, 'queued_bytes': 80085, 'started': 75}
99: DIAGNOSTICS {'sessions': 2, 'queued_bytes': 79677, 'started': 75}
99: DIAGNOSTICS {'sessions': 2, 'queued_bytes': 79677, 'started': 75}
99: DIAGNOSTICS {'sessions': 2, 'queued_bytes': 79269, 'started': 75}
99: DIAGNOSTICS {'sessions': 2, 'queued_bytes': 79269, 'started': 75}
99: DIAGNOSTICS {'sessions': 2, 'queued_bytes': 78861, 'started': 75}
99: DIAGNOSTICS {'sessions': 2, 'queued_bytes': 78453, 'started': 75}
99: DIAGNOSTICS {'sessions': 2, 'queued_bytes': 78453, 'started': 75}
99: DIAGNOSTICS {'sessions': 2, 'queued_bytes': 78045, 'started': 75}
99: DIAGNOSTICS {'sessions': 2, 'queued_bytes': 77637, 'started': 75}
99: DIAGNOSTICS {'sessions': 2, 'queued_bytes': 77637, 'started': 75}
99: DIAGNOSTICS {'sessions': 2, 'queued_bytes': 77229, 'started': 75}
99: DIAGNOSTICS {'sessions': 2, 'queued_bytes': 76821, 'started': 75}
99: DIAGNOSTICS {'sessions': 2, 'queued_bytes': 76821, 'started': 75}
99: DIAGNOSTICS {'sessions': 2, 'queued_bytes': 76412, 'started': 75}
99: DIAGNOSTICS {'sessions': 2, 'queued_bytes': 76003, 'started': 75}
99: DIAGNOSTICS {'sessions': 2, 'queued_bytes': 76003, 'started': 75}
99: DIAGNOSTICS {'sessions': 2, 'queued_bytes': 75595, 'started': 75}
99: DIAGNOSTICS {'sessions': 2, 'queued_bytes': 75187, 'started': 75}
99: DIAGNOSTICS {'sessions': 2, 'queued_bytes': 74779, 'started': 75}
99: DIAGNOSTICS {'sessions': 2, 'queued_bytes': 74779, 'started': 75}
99: DIAGNOSTICS {'sessions': 2, 'queued_bytes': 74372, 'started': 75}
99: DIAGNOSTICS {'sessions': 2, 'queued_bytes': 73964, 'started': 75}
99: DIAGNOSTICS {'sessions': 2, 'queued_bytes': 73964, 'started': 75}
99: DIAGNOSTICS {'sessions': 2, 'queued_bytes': 73557, 'started': 75}
99: DIAGNOSTICS {'sessions': 2, 'queued_bytes': 73150, 'started': 75}
99: DIAGNOSTICS {'sessions': 2, 'queued_bytes': 73150, 'started': 75}
99: DIAGNOSTICS {'sessions': 2, 'queued_bytes': 72743, 'started': 75}
99: DIAGNOSTICS {'sessions': 2, 'queued_bytes': 72335, 'started': 75}
99: DIAGNOSTICS {'sessions': 2, 'queued_bytes': 72335, 'started': 75}
99: DIAGNOSTICS {'sessions': 2, 'queued_bytes': 71927, 'started': 75}
99: DIAGNOSTICS {'sessions': 2, 'queued_bytes': 71519, 'started': 75}
99: DIAGNOSTICS {'sessions': 2, 'queued_bytes': 71519, 'started': 75}
99: DIAGNOSTICS {'sessions': 2, 'queued_bytes': 71109, 'started': 75}
99: DIAGNOSTICS {'sessions': 2, 'queued_bytes': 71109, 'started': 75}
99: DIAGNOSTICS {'sessions': 2, 'queued_bytes': 70702, 'started': 75}
99: DIAGNOSTICS {'sessions': 2, 'queued_bytes': 70294, 'started': 75}
99: DIAGNOSTICS {'sessions': 2, 'queued_bytes': 69886, 'started': 75}
99: DIAGNOSTICS {'sessions': 2, 'queued_bytes': 69886, 'started': 75}
99: DIAGNOSTICS {'sessions': 2, 'queued_bytes': 69478, 'started': 75}
99: DIAGNOSTICS {'sessions': 2, 'queued_bytes': 69478, 'started': 75}
99: DIAGNOSTICS {'sessions': 2, 'queued_bytes': 69070, 'started': 75}
99: DIAGNOSTICS {'sessions': 2, 'queued_bytes': 68662, 'started': 75}
99: DIAGNOSTICS {'sessions': 2, 'queued_bytes': 68662, 'started': 75}
99: DIAGNOSTICS {'sessions': 2, 'queued_bytes': 68254, 'started': 75}
99: DIAGNOSTICS {'sessions': 2, 'queued_bytes': 67846, 'started': 75}
99: DIAGNOSTICS {'sessions': 2, 'queued_bytes': 67439, 'started': 75}
99: DIAGNOSTICS {'sessions': 2, 'queued_bytes': 67439, 'started': 75}
99: DIAGNOSTICS {'sessions': 2, 'queued_bytes': 67032, 'started': 75}
99: DIAGNOSTICS {'sessions': 2, 'queued_bytes': 66624, 'started': 75}
99: DIAGNOSTICS {'sessions': 2, 'queued_bytes': 66624, 'started': 75}
99: DIAGNOSTICS {'sessions': 2, 'queued_bytes': 66216, 'started': 75}
99: DIAGNOSTICS {'sessions': 2, 'queued_bytes': 65808, 'started': 75}
99: DIAGNOSTICS {'sessions': 2, 'queued_bytes': 65808, 'started': 75}
99: DIAGNOSTICS {'sessions': 2, 'queued_bytes': 65400, 'started': 75}
99: DIAGNOSTICS {'sessions': 2, 'queued_bytes': 64992, 'started': 75}
99: DIAGNOSTICS {'sessions': 2, 'queued_bytes': 64992, 'started': 75}
99: DIAGNOSTICS {'sessions': 2, 'queued_bytes': 64584, 'started': 75}
99: DIAGNOSTICS {'sessions': 2, 'queued_bytes': 64176, 'started': 75}
99: DIAGNOSTICS {'sessions': 2, 'queued_bytes': 64176, 'started': 75}
99: DIAGNOSTICS {'sessions': 2, 'queued_bytes': 63768, 'started': 75}
99: DIAGNOSTICS {'sessions': 2, 'queued_bytes': 63361, 'started': 75}
99: DIAGNOSTICS {'sessions': 2, 'queued_bytes': 63361, 'started': 75}
99: DIAGNOSTICS {'sessions': 2, 'queued_bytes': 62953, 'started': 75}
99: DIAGNOSTICS {'sessions': 2, 'queued_bytes': 62544, 'started': 75}
99: DIAGNOSTICS {'sessions': 2, 'queued_bytes': 62544, 'started': 75}
99: DIAGNOSTICS {'sessions': 2, 'queued_bytes': 62135, 'started': 75}
99: DIAGNOSTICS {'sessions': 2, 'queued_bytes': 61728, 'started': 75}
99: DIAGNOSTICS {'sessions': 2, 'queued_bytes': 61728, 'started': 75}
99: DIAGNOSTICS {'sessions': 2, 'queued_bytes': 61319, 'started': 75}
99: DIAGNOSTICS {'sessions': 2, 'queued_bytes': 60911, 'started': 75}
99: DIAGNOSTICS {'sessions': 2, 'queued_bytes': 60911, 'started': 75}
99: DIAGNOSTICS {'sessions': 2, 'queued_bytes': 60502, 'started': 75}
99: DIAGNOSTICS {'sessions': 2, 'queued_bytes': 60093, 'started': 75}
99: DIAGNOSTICS {'sessions': 2, 'queued_bytes': 60093, 'started': 75}
99: DIAGNOSTICS {'sessions': 2, 'queued_bytes': 59684, 'started': 75}
99: DIAGNOSTICS {'sessions': 2, 'queued_bytes': 59276, 'started': 75}
99: DIAGNOSTICS {'sessions': 2, 'queued_bytes': 59276, 'started': 75}
99: DIAGNOSTICS {'sessions': 2, 'queued_bytes': 58867, 'started': 75}
99: DIAGNOSTICS {'sessions': 2, 'queued_bytes': 58459, 'started': 75}
99: DIAGNOSTICS {'sessions': 2, 'queued_bytes': 58459, 'started': 75}
99: DIAGNOSTICS {'sessions': 2, 'queued_bytes': 58050, 'started': 75}
99: DIAGNOSTICS {'sessions': 2, 'queued_bytes': 57642, 'started': 75}
99: DIAGNOSTICS {'sessions': 2, 'queued_bytes': 57642, 'started': 75}
99: DIAGNOSTICS {'sessions': 2, 'queued_bytes': 57233, 'started': 75}
99: DIAGNOSTICS {'sessions': 2, 'queued_bytes': 56825, 'started': 75}
99: DIAGNOSTICS {'sessions': 2, 'queued_bytes': 56825, 'started': 75}
99: DIAGNOSTICS {'sessions': 2, 'queued_bytes': 56417, 'started': 75}
99: DIAGNOSTICS {'sessions': 2, 'queued_bytes': 56009, 'started': 75}
99: DIAGNOSTICS {'sessions': 2, 'queued_bytes': 56009, 'started': 75}
99: DIAGNOSTICS {'sessions': 2, 'queued_bytes': 55600, 'started': 75}
99: DIAGNOSTICS {'sessions': 2, 'queued_bytes': 55192, 'started': 75}
99: DIAGNOSTICS {'sessions': 2, 'queued_bytes': 55192, 'started': 75}
99: DIAGNOSTICS {'sessions': 2, 'queued_bytes': 54783, 'started': 75}
99: DIAGNOSTICS {'sessions': 2, 'queued_bytes': 54374, 'started': 75}
99: DIAGNOSTICS {'sessions': 2, 'queued_bytes': 54374, 'started': 75}
99: DIAGNOSTICS {'sessions': 2, 'queued_bytes': 53965, 'started': 75}
99: DIAGNOSTICS {'sessions': 2, 'queued_bytes': 53556, 'started': 75}
99: DIAGNOSTICS {'sessions': 2, 'queued_bytes': 53147, 'started': 75}
99: DIAGNOSTICS {'sessions': 2, 'queued_bytes': 53147, 'started': 75}
99: DIAGNOSTICS {'sessions': 2, 'queued_bytes': 52738, 'started': 75}
99: DIAGNOSTICS {'sessions': 2, 'queued_bytes': 52738, 'started': 75}
99: DIAGNOSTICS {'sessions': 2, 'queued_bytes': 52327, 'started': 75}
99: DIAGNOSTICS {'sessions': 2, 'queued_bytes': 51918, 'started': 75}
99: DIAGNOSTICS {'sessions': 2, 'queued_bytes': 51509, 'started': 75}
99: DIAGNOSTICS {'sessions': 2, 'queued_bytes': 51509, 'started': 75}
99: DIAGNOSTICS {'sessions': 2, 'queued_bytes': 51100, 'started': 75}
99: DIAGNOSTICS {'sessions': 2, 'queued_bytes': 50691, 'started': 75}
99: DIAGNOSTICS {'sessions': 2, 'queued_bytes': 50691, 'started': 75}
99: DIAGNOSTICS {'sessions': 2, 'queued_bytes': 50282, 'started': 75}
99: DIAGNOSTICS {'sessions': 2, 'queued_bytes': 49874, 'started': 75}
99: DIAGNOSTICS {'sessions': 2, 'queued_bytes': 49874, 'started': 75}
99: DIAGNOSTICS {'sessions': 2, 'queued_bytes': 49465, 'started': 75}
99: DIAGNOSTICS {'sessions': 2, 'queued_bytes': 49056, 'started': 75}
99: DIAGNOSTICS {'sessions': 2, 'queued_bytes': 49056, 'started': 75}
99: DIAGNOSTICS {'sessions': 2, 'queued_bytes': 48647, 'started': 75}
99: DIAGNOSTICS {'sessions': 2, 'queued_bytes': 48647, 'started': 75}
99: DIAGNOSTICS {'sessions': 2, 'queued_bytes': 48238, 'started': 75}
99: DIAGNOSTICS {'sessions': 2, 'queued_bytes': 47829, 'started': 75}
99: DIAGNOSTICS {'sessions': 2, 'queued_bytes': 47829, 'started': 75}
99: DIAGNOSTICS {'sessions': 2, 'queued_bytes': 47420, 'started': 75}
99: DIAGNOSTICS {'sessions': 2, 'queued_bytes': 47011, 'started': 75}
99: DIAGNOSTICS {'sessions': 2, 'queued_bytes': 46602, 'started': 75}
99: DIAGNOSTICS {'sessions': 2, 'queued_bytes': 46602, 'started': 75}
99: DIAGNOSTICS {'sessions': 2, 'queued_bytes': 46193, 'started': 75}
99: DIAGNOSTICS {'sessions': 2, 'queued_bytes': 45785, 'started': 75}
99: DIAGNOSTICS {'sessions': 2, 'queued_bytes': 45785, 'started': 75}
99: DIAGNOSTICS {'sessions': 2, 'queued_bytes': 45376, 'started': 75}
99: DIAGNOSTICS {'sessions': 2, 'queued_bytes': 44967, 'started': 75}
99: DIAGNOSTICS {'sessions': 2, 'queued_bytes': 44967, 'started': 75}
99: DIAGNOSTICS {'sessions': 2, 'queued_bytes': 44559, 'started': 75}
99: DIAGNOSTICS {'sessions': 2, 'queued_bytes': 44150, 'started': 75}
99: DIAGNOSTICS {'sessions': 2, 'queued_bytes': 44150, 'started': 75}
99: DIAGNOSTICS {'sessions': 2, 'queued_bytes': 43741, 'started': 75}
99: DIAGNOSTICS {'sessions': 2, 'queued_bytes': 43332, 'started': 75}
99: DIAGNOSTICS {'sessions': 2, 'queued_bytes': 43332, 'started': 75}
99: DIAGNOSTICS {'sessions': 2, 'queued_bytes': 42924, 'started': 75}
99: DIAGNOSTICS {'sessions': 2, 'queued_bytes': 42515, 'started': 75}
99: DIAGNOSTICS {'sessions': 2, 'queued_bytes': 42515, 'started': 75}
99: DIAGNOSTICS {'sessions': 2, 'queued_bytes': 42107, 'started': 75}
99: DIAGNOSTICS {'sessions': 2, 'queued_bytes': 41698, 'started': 75}
99: DIAGNOSTICS {'sessions': 2, 'queued_bytes': 41698, 'started': 75}
99: DIAGNOSTICS {'sessions': 2, 'queued_bytes': 41289, 'started': 75}
99: DIAGNOSTICS {'sessions': 2, 'queued_bytes': 40880, 'started': 75}
99: DIAGNOSTICS {'sessions': 2, 'queued_bytes': 40880, 'started': 75}
99: DIAGNOSTICS {'sessions': 2, 'queued_bytes': 40472, 'started': 75}
99: DIAGNOSTICS {'sessions': 2, 'queued_bytes': 40063, 'started': 75}
99: DIAGNOSTICS {'sessions': 2, 'queued_bytes': 39654, 'started': 75}
99: DIAGNOSTICS {'sessions': 2, 'queued_bytes': 39654, 'started': 75}
99: DIAGNOSTICS {'sessions': 2, 'queued_bytes': 39245, 'started': 75}
99: DIAGNOSTICS {'sessions': 2, 'queued_bytes': 38837, 'started': 75}
99: DIAGNOSTICS {'sessions': 2, 'queued_bytes': 38837, 'started': 75}
99: DIAGNOSTICS {'sessions': 2, 'queued_bytes': 38428, 'started': 75}
99: DIAGNOSTICS {'sessions': 2, 'queued_bytes': 38020, 'started': 75}
99: DIAGNOSTICS {'sessions': 2, 'queued_bytes': 38020, 'started': 75}
99: DIAGNOSTICS {'sessions': 2, 'queued_bytes': 37611, 'started': 75}
99: DIAGNOSTICS {'sessions': 2, 'queued_bytes': 37202, 'started': 75}
99: DIAGNOSTICS {'sessions': 2, 'queued_bytes': 37202, 'started': 75}
99: DIAGNOSTICS {'sessions': 2, 'queued_bytes': 36794, 'started': 75}
99: DIAGNOSTICS {'sessions': 2, 'queued_bytes': 36385, 'started': 75}
99: DIAGNOSTICS {'sessions': 2, 'queued_bytes': 36385, 'started': 75}
99: DIAGNOSTICS {'sessions': 2, 'queued_bytes': 35976, 'started': 75}
99: DIAGNOSTICS {'sessions': 2, 'queued_bytes': 35565, 'started': 75}
99: DIAGNOSTICS {'sessions': 2, 'queued_bytes': 35565, 'started': 75}
99: DIAGNOSTICS {'sessions': 2, 'queued_bytes': 35157, 'started': 75}
99: DIAGNOSTICS {'sessions': 2, 'queued_bytes': 34748, 'started': 75}
99: DIAGNOSTICS {'sessions': 2, 'queued_bytes': 34748, 'started': 75}
99: DIAGNOSTICS {'sessions': 2, 'queued_bytes': 34340, 'started': 75}
99: DIAGNOSTICS {'sessions': 2, 'queued_bytes': 33931, 'started': 75}
99: DIAGNOSTICS {'sessions': 2, 'queued_bytes': 33931, 'started': 75}
99: DIAGNOSTICS {'sessions': 2, 'queued_bytes': 33523, 'started': 75}
99: DIAGNOSTICS {'sessions': 2, 'queued_bytes': 33114, 'started': 75}
99: DIAGNOSTICS {'sessions': 2, 'queued_bytes': 33114, 'started': 75}
99: DIAGNOSTICS {'sessions': 2, 'queued_bytes': 32706, 'started': 75}
99: DIAGNOSTICS {'sessions': 2, 'queued_bytes': 32297, 'started': 75}
99: DIAGNOSTICS {'sessions': 2, 'queued_bytes': 32297, 'started': 75}
99: DIAGNOSTICS {'sessions': 2, 'queued_bytes': 31888, 'started': 75}
99: DIAGNOSTICS {'sessions': 2, 'queued_bytes': 31479, 'started': 75}
99: DIAGNOSTICS {'sessions': 2, 'queued_bytes': 31479, 'started': 75}
99: DIAGNOSTICS {'sessions': 2, 'queued_bytes': 31070, 'started': 75}
99: DIAGNOSTICS {'sessions': 2, 'queued_bytes': 30662, 'started': 75}
99: DIAGNOSTICS {'sessions': 2, 'queued_bytes': 30662, 'started': 75}
99: DIAGNOSTICS {'sessions': 2, 'queued_bytes': 30253, 'started': 75}
99: DIAGNOSTICS {'sessions': 2, 'queued_bytes': 29844, 'started': 75}
99: DIAGNOSTICS {'sessions': 2, 'queued_bytes': 29844, 'started': 75}
99: DIAGNOSTICS {'sessions': 2, 'queued_bytes': 29435, 'started': 75}
99: DIAGNOSTICS {'sessions': 2, 'queued_bytes': 29026, 'started': 75}
99: DIAGNOSTICS {'sessions': 2, 'queued_bytes': 29026, 'started': 75}
99: DIAGNOSTICS {'sessions': 2, 'queued_bytes': 28617, 'started': 75}
99: DIAGNOSTICS {'sessions': 2, 'queued_bytes': 28209, 'started': 75}
99: DIAGNOSTICS {'sessions': 2, 'queued_bytes': 28209, 'started': 75}
99: DIAGNOSTICS {'sessions': 2, 'queued_bytes': 27800, 'started': 75}
99: DIAGNOSTICS {'sessions': 2, 'queued_bytes': 27391, 'started': 75}
99: DIAGNOSTICS {'sessions': 2, 'queued_bytes': 27391, 'started': 75}
99: DIAGNOSTICS {'sessions': 2, 'queued_bytes': 26982, 'started': 75}
99: DIAGNOSTICS {'sessions': 2, 'queued_bytes': 26574, 'started': 75}
99: DIAGNOSTICS {'sessions': 2, 'queued_bytes': 26574, 'started': 75}
99: DIAGNOSTICS {'sessions': 2, 'queued_bytes': 26165, 'started': 75}
99: DIAGNOSTICS {'sessions': 2, 'queued_bytes': 25756, 'started': 75}
99: DIAGNOSTICS {'sessions': 2, 'queued_bytes': 25756, 'started': 75}
99: DIAGNOSTICS {'sessions': 2, 'queued_bytes': 25347, 'started': 75}
99: DIAGNOSTICS {'sessions': 2, 'queued_bytes': 0, 'started': 137}
99: DIAGNOSTICS {'sessions': 2, 'queued_bytes': 0, 'started': 164}
99: resumed real pipe delivered gap; authorized get confirmed terminal 164
99: DIAGNOSTICS {'sessions': 2, 'queued_bytes': 98045, 'started': 221}
99: DIAGNOSTICS {'restricted': 2, 'queued_bytes': 98045, 'started': 221}
99: DIAGNOSTICS {'sessions': 1, 'queued_bytes': 0, 'started': 221}
99: CLI ['execution', 'get'] 0
99: revoke with queued real events: no later first byte, queue released, buffered bytes 23301
99: Connection failure subscription ock.policy:8
99: 
1/2 Test  #99: T20.cli.managed_slow .............   Passed   16.96 sec
test 116
    Start 116: T19.protocol.subscription

116: Test command: J:\Code\Kernel_v2\build\b4-debug\tests\unit\data\Debug\subscription_contract.exe "J:/Code/Kernel_v2/schemas/rpc-v1/notifications.schema.json" "J:/Code/Kernel_v2/schemas/rpc-v1/common.schema.json"
116: Working Directory: J:/Code/Kernel_v2/build/b4-debug/tests/unit/data
116: Environment variable modifications: 
116:  PATH=path_list_prepend:J:/Code/Kernel_v2/build/msvc-validation/e8697b7e3597a578/bin
116: Test timeout computed to be: 20
116: Subscription ack ordering, loss sequence, revoke and cleanup passed
2/2 Test #116: T19.protocol.subscription ........   Passed    0.45 sec

The following tests passed:
	T20.cli.managed_slow
	T19.protocol.subscription

100% tests passed, 0 tests failed out of 2

Label Time Summary:
B5       =  16.96 sec*proc (1 test)
D3.07    =  16.96 sec*proc (1 test)

Total Test time (real) =  17.44 sec
