CMake is re-running because J:/Code/Kernel_v2/build/b2-sdk-debug/apps/ock/CMakeFiles/generate.stamp is out-of-date.
  the file 'J:/Code/Kernel_v2/apps/ock/CMakeLists.txt'
  is newer than 'J:/Code/Kernel_v2/build/b2-sdk-debug/apps/ock/CMakeFiles/generate.stamp.depend'
  result='-1'
-- Configuring done (2.1s)
-- Generating done (0.3s)
-- Build files have been written to: J:/Code/Kernel_v2/build/b2-sdk-debug
适用于 .NET Framework MSBuild 版本 17.14.23+b0019275e

  ock_Data.vcxproj -> J:\Code\Kernel_v2\build\b2-sdk-debug\Debug\ock_Data.lib
  ock_ControlProtocol.vcxproj -> J:\Code\Kernel_v2\build\b2-sdk-debug\Debug\ock_ControlProtocol.lib
  ock_Adapter_LocalIPC.vcxproj -> J:\Code\Kernel_v2\build\b2-sdk-debug\Debug\ock_Adapter_LocalIPC.lib
  ock_ControlClient.vcxproj -> J:\Code\Kernel_v2\build\b2-sdk-debug\Debug\ock_ControlClient.lib
  ock.vcxproj -> J:\Code\Kernel_v2\build\b2-sdk-debug\apps\ock\Debug\ock.exe
适用于 .NET Framework MSBuild 版本 17.14.23+b0019275e

  ock_Runtime.vcxproj -> J:\Code\Kernel_v2\build\b2-sdk-debug\Debug\ock_Runtime.lib
  host_tests.cpp
J:\Code\Kernel_v2\tests\contract\host\host_tests.cpp(348,3): error C2662: “tl::expected<std::shared_ptr<const ock::runtime::policy::VerifiedCaller>,ock::foundation::Error> ock::runtime::policy::SessionAuthority::verify(const ock::contracts::CallerDescription &)”: 不能将“this”指针从“_Ty2”转换为“ock::runtime::policy::SessionAuthority &” [J:\Code\Kernel_v2\build\b2-sdk-debug\tests\contract\host\ock_host_tests.vcxproj]
J:\Code\Kernel_v2\tests\contract\host\host_tests.cpp(348,3): error C2662:         with [J:\Code\Kernel_v2\build\b2-sdk-debug\tests\contract\host\ock_host_tests.vcxproj]
J:\Code\Kernel_v2\tests\contract\host\host_tests.cpp(348,3): error C2662:         [ [J:\Code\Kernel_v2\build\b2-sdk-debug\tests\contract\host\ock_host_tests.vcxproj]
J:\Code\Kernel_v2\tests\contract\host\host_tests.cpp(348,3): error C2662:             _Ty2=const ock::runtime::policy::SessionAuthority [J:\Code\Kernel_v2\build\b2-sdk-debug\tests\contract\host\ock_host_tests.vcxproj]
J:\Code\Kernel_v2\tests\contract\host\host_tests.cpp(348,3): error C2662:         ] [J:\Code\Kernel_v2\build\b2-sdk-debug\tests\contract\host\ock_host_tests.vcxproj]
      J:\Code\Kernel_v2\tests\contract\host\host_tests.cpp(348,3):
      转换丢失限定符
      J:\Code\Kernel_v2\packages\runtime\include\ock\runtime\policy.hpp(263,3):
      参见“ock::runtime::policy::SessionAuthority::verify”的声明
      J:\Code\Kernel_v2\tests\contract\host\host_tests.cpp(348,3):
      尝试匹配参数列表“(initializer list)”时
  
J:\Code\Kernel_v2\tests\contract\host\host_tests.cpp(352,3): error C2662: “tl::expected<std::shared_ptr<const ock::runtime::policy::VerifiedCaller>,ock::foundation::Error> ock::runtime::policy::SessionAuthority::verify(const ock::contracts::CallerDescription &)”: 不能将“this”指针从“_Ty2”转换为“ock::runtime::policy::SessionAuthority &” [J:\Code\Kernel_v2\build\b2-sdk-debug\tests\contract\host\ock_host_tests.vcxproj]
J:\Code\Kernel_v2\tests\contract\host\host_tests.cpp(352,3): error C2662:         with [J:\Code\Kernel_v2\build\b2-sdk-debug\tests\contract\host\ock_host_tests.vcxproj]
J:\Code\Kernel_v2\tests\contract\host\host_tests.cpp(352,3): error C2662:         [ [J:\Code\Kernel_v2\build\b2-sdk-debug\tests\contract\host\ock_host_tests.vcxproj]
J:\Code\Kernel_v2\tests\contract\host\host_tests.cpp(352,3): error C2662:             _Ty2=const ock::runtime::policy::SessionAuthority [J:\Code\Kernel_v2\build\b2-sdk-debug\tests\contract\host\ock_host_tests.vcxproj]
J:\Code\Kernel_v2\tests\contract\host\host_tests.cpp(352,3): error C2662:         ] [J:\Code\Kernel_v2\build\b2-sdk-debug\tests\contract\host\ock_host_tests.vcxproj]
      J:\Code\Kernel_v2\tests\contract\host\host_tests.cpp(352,3):
      转换丢失限定符
      J:\Code\Kernel_v2\packages\runtime\include\ock\runtime\policy.hpp(263,3):
      参见“ock::runtime::policy::SessionAuthority::verify”的声明
      J:\Code\Kernel_v2\tests\contract\host\host_tests.cpp(352,3):
      尝试匹配参数列表“(initializer list)”时
  
J:\Code\Kernel_v2\tests\contract\host\host_tests.cpp(352,3): error C2088: 内置运算符“!”无法应用于类型为“_T”的操作数 [J:\Code\Kernel_v2\build\b2-sdk-debug\tests\contract\host\ock_host_tests.vcxproj]
J:\Code\Kernel_v2\tests\contract\host\host_tests.cpp(352,3): error C2088:         with [J:\Code\Kernel_v2\build\b2-sdk-debug\tests\contract\host\ock_host_tests.vcxproj]
J:\Code\Kernel_v2\tests\contract\host\host_tests.cpp(352,3): error C2088:         [ [J:\Code\Kernel_v2\build\b2-sdk-debug\tests\contract\host\ock_host_tests.vcxproj]
J:\Code\Kernel_v2\tests\contract\host\host_tests.cpp(352,3): error C2088:             _T=tl::expected<std::shared_ptr<const ock::runtime::policy::VerifiedCaller>,ock::foundation::Error> [J:\Code\Kernel_v2\build\b2-sdk-debug\tests\contract\host\ock_host_tests.vcxproj]
J:\Code\Kernel_v2\tests\contract\host\host_tests.cpp(352,3): error C2088:         ] [J:\Code\Kernel_v2\build\b2-sdk-debug\tests\contract\host\ock_host_tests.vcxproj]
