-- Installing: J:\Code\Kernel_v2\evidence\G1\win-msvc-release\native_occupancy\36c70e3f853a48cb84b21866b5bd086a\prefix/lib/cmake/OCK/OCKThirdPartyTargets.cmake
-- Installing: J:\Code\Kernel_v2\evidence\G1\win-msvc-release\native_occupancy\36c70e3f853a48cb84b21866b5bd086a\prefix/include/tl/expected.hpp
-- Installing: J:\Code\Kernel_v2\evidence\G1\win-msvc-release\native_occupancy\36c70e3f853a48cb84b21866b5bd086a\prefix/share/ock/licenses/tl-expected-CC0-1.0.txt
-- Installing: J:\Code\Kernel_v2\evidence\G1\win-msvc-release\native_occupancy\36c70e3f853a48cb84b21866b5bd086a\prefix/lib/ock_Runtime.lib
-- Installing: J:\Code\Kernel_v2\evidence\G1\win-msvc-release\native_occupancy\36c70e3f853a48cb84b21866b5bd086a\prefix/lib/cmake/OCK/OCKTargets.cmake
-- Installing: J:\Code\Kernel_v2\evidence\G1\win-msvc-release\native_occupancy\36c70e3f853a48cb84b21866b5bd086a\prefix/lib/cmake/OCK/OCKTargets-release.cmake
-- Installing: J:\Code\Kernel_v2\evidence\G1\win-msvc-release\native_occupancy\36c70e3f853a48cb84b21866b5bd086a\prefix/lib/cmake/OCK/OCKConfig.cmake
-- Installing: J:\Code\Kernel_v2\evidence\G1\win-msvc-release\native_occupancy\36c70e3f853a48cb84b21866b5bd086a\prefix/lib/cmake/OCK/OCKConfigVersion.cmake
-- Up-to-date: J:\Code\Kernel_v2\evidence\G1\win-msvc-release\native_occupancy\36c70e3f853a48cb84b21866b5bd086a\prefix/include
-- Installing: J:\Code\Kernel_v2\evidence\G1\win-msvc-release\native_occupancy\36c70e3f853a48cb84b21866b5bd086a\prefix/include/ock
-- Installing: J:\Code\Kernel_v2\evidence\G1\win-msvc-release\native_occupancy\36c70e3f853a48cb84b21866b5bd086a\prefix/include/ock/foundation
-- Installing: J:\Code\Kernel_v2\evidence\G1\win-msvc-release\native_occupancy\36c70e3f853a48cb84b21866b5bd086a\prefix/include/ock/foundation/foundation.hpp
-- Installing: J:\Code\Kernel_v2\evidence\G1\win-msvc-release\native_occupancy\36c70e3f853a48cb84b21866b5bd086a\prefix/include/ock/foundation/sdk_version.hpp
-- Up-to-date: J:\Code\Kernel_v2\evidence\G1\win-msvc-release\native_occupancy\36c70e3f853a48cb84b21866b5bd086a\prefix/include
-- Up-to-date: J:\Code\Kernel_v2\evidence\G1\win-msvc-release\native_occupancy\36c70e3f853a48cb84b21866b5bd086a\prefix/include/ock
-- Installing: J:\Code\Kernel_v2\evidence\G1\win-msvc-release\native_occupancy\36c70e3f853a48cb84b21866b5bd086a\prefix/include/ock/contracts
-- Installing: J:\Code\Kernel_v2\evidence\G1\win-msvc-release\native_occupancy\36c70e3f853a48cb84b21866b5bd086a\prefix/include/ock/contracts/context.hpp
-- Installing: J:\Code\Kernel_v2\evidence\G1\win-msvc-release\native_occupancy\36c70e3f853a48cb84b21866b5bd086a\prefix/include/ock/contracts/identity.hpp
-- Installing: J:\Code\Kernel_v2\evidence\G1\win-msvc-release\native_occupancy\36c70e3f853a48cb84b21866b5bd086a\prefix/include/ock/contracts/logging.hpp
-- Installing: J:\Code\Kernel_v2\evidence\G1\win-msvc-release\native_occupancy\36c70e3f853a48cb84b21866b5bd086a\prefix/include/ock/contracts/observation.hpp
-- Installing: J:\Code\Kernel_v2\evidence\G1\win-msvc-release\native_occupancy\36c70e3f853a48cb84b21866b5bd086a\prefix/include/ock/contracts/operation.hpp
-- Installing: J:\Code\Kernel_v2\evidence\G1\win-msvc-release\native_occupancy\36c70e3f853a48cb84b21866b5bd086a\prefix/include/ock/contracts/outcome.hpp
-- Installing: J:\Code\Kernel_v2\evidence\G1\win-msvc-release\native_occupancy\36c70e3f853a48cb84b21866b5bd086a\prefix/include/ock/contracts/ports.hpp
-- Up-to-date: J:\Code\Kernel_v2\evidence\G1\win-msvc-release\native_occupancy\36c70e3f853a48cb84b21866b5bd086a\prefix/include
-- Up-to-date: J:\Code\Kernel_v2\evidence\G1\win-msvc-release\native_occupancy\36c70e3f853a48cb84b21866b5bd086a\prefix/include/ock
-- Installing: J:\Code\Kernel_v2\evidence\G1\win-msvc-release\native_occupancy\36c70e3f853a48cb84b21866b5bd086a\prefix/include/ock/runtime
-- Installing: J:\Code\Kernel_v2\evidence\G1\win-msvc-release\native_occupancy\36c70e3f853a48cb84b21866b5bd086a\prefix/include/ock/runtime/detail
-- Installing: J:\Code\Kernel_v2\evidence\G1\win-msvc-release\native_occupancy\36c70e3f853a48cb84b21866b5bd086a\prefix/include/ock/runtime/detail/host.hpp
-- Installing: J:\Code\Kernel_v2\evidence\G1\win-msvc-release\native_occupancy\36c70e3f853a48cb84b21866b5bd086a\prefix/include/ock/runtime/detail/invocation.hpp
-- Installing: J:\Code\Kernel_v2\evidence\G1\win-msvc-release\native_occupancy\36c70e3f853a48cb84b21866b5bd086a\prefix/include/ock/runtime/detail/private_bridge.hpp
-- Installing: J:\Code\Kernel_v2\evidence\G1\win-msvc-release\native_occupancy\36c70e3f853a48cb84b21866b5bd086a\prefix/include/ock/runtime/host.hpp
-- Installing: J:\Code\Kernel_v2\evidence\G1\win-msvc-release\native_occupancy\36c70e3f853a48cb84b21866b5bd086a\prefix/include/ock/runtime/logging.hpp
-- Installing: J:\Code\Kernel_v2\evidence\G1\win-msvc-release\native_occupancy\36c70e3f853a48cb84b21866b5bd086a\prefix/include/ock/runtime/native_types.hpp
-- Installing: J:\Code\Kernel_v2\evidence\G1\win-msvc-release\native_occupancy\36c70e3f853a48cb84b21866b5bd086a\prefix/include/ock/runtime/policy.hpp
-- Installing: J:\Code\Kernel_v2\evidence\G1\win-msvc-release\native_occupancy\36c70e3f853a48cb84b21866b5bd086a\prefix/include/ock/runtime/registry.hpp
-- Installing: J:\Code\Kernel_v2\evidence\G1\win-msvc-release\native_occupancy\36c70e3f853a48cb84b21866b5bd086a\prefix/share/ock/sdk_api_manifest.json
