{
  "backtraceGraph" : 
  {
    "commands" : 
    [
      "add_test",
      "include"
    ],
    "files" : 
    [
      "E:/VS2019Qt5.15/3D/build/win-msvc-debug/G0Tests.cmake",
      "E:/VS2019Qt5.15/3D/CMakeLists.txt"
    ],
    "nodes" : 
    [
      {
        "file" : 1
      },
      {
        "command" : 1,
        "file" : 1,
        "line" : 54,
        "parent" : 0
      },
      {
        "file" : 0,
        "parent" : 1
      },
      {
        "command" : 0,
        "file" : 0,
        "line" : 1,
        "parent" : 2
      },
      {
        "file" : 1
      },
      {
        "command" : 1,
        "file" : 1,
        "line" : 54,
        "parent" : 4
      },
      {
        "file" : 0,
        "parent" : 5
      },
      {
        "command" : 0,
        "file" : 0,
        "line" : 3,
        "parent" : 6
      },
      {
        "file" : 1
      },
      {
        "command" : 1,
        "file" : 1,
        "line" : 54,
        "parent" : 8
      },
      {
        "file" : 0,
        "parent" : 9
      },
      {
        "command" : 0,
        "file" : 0,
        "line" : 5,
        "parent" : 10
      },
      {
        "file" : 1
      },
      {
        "command" : 1,
        "file" : 1,
        "line" : 54,
        "parent" : 12
      },
      {
        "file" : 0,
        "parent" : 13
      },
      {
        "command" : 0,
        "file" : 0,
        "line" : 7,
        "parent" : 14
      },
      {
        "file" : 1
      },
      {
        "command" : 1,
        "file" : 1,
        "line" : 54,
        "parent" : 16
      },
      {
        "file" : 0,
        "parent" : 17
      },
      {
        "command" : 0,
        "file" : 0,
        "line" : 9,
        "parent" : 18
      },
      {
        "file" : 1
      },
      {
        "command" : 1,
        "file" : 1,
        "line" : 54,
        "parent" : 20
      },
      {
        "file" : 0,
        "parent" : 21
      },
      {
        "command" : 0,
        "file" : 0,
        "line" : 11,
        "parent" : 22
      },
      {
        "file" : 1
      },
      {
        "command" : 1,
        "file" : 1,
        "line" : 54,
        "parent" : 24
      },
      {
        "file" : 0,
        "parent" : 25
      },
      {
        "command" : 0,
        "file" : 0,
        "line" : 13,
        "parent" : 26
      },
      {
        "file" : 1
      },
      {
        "command" : 1,
        "file" : 1,
        "line" : 54,
        "parent" : 28
      },
      {
        "file" : 0,
        "parent" : 29
      },
      {
        "command" : 0,
        "file" : 0,
        "line" : 15,
        "parent" : 30
      },
      {
        "file" : 1
      },
      {
        "command" : 1,
        "file" : 1,
        "line" : 54,
        "parent" : 32
      },
      {
        "file" : 0,
        "parent" : 33
      },
      {
        "command" : 0,
        "file" : 0,
        "line" : 17,
        "parent" : 34
      },
      {
        "file" : 1
      },
      {
        "command" : 1,
        "file" : 1,
        "line" : 54,
        "parent" : 36
      },
      {
        "file" : 0,
        "parent" : 37
      },
      {
        "command" : 0,
        "file" : 0,
        "line" : 19,
        "parent" : 38
      },
      {
        "file" : 1
      },
      {
        "command" : 1,
        "file" : 1,
        "line" : 54,
        "parent" : 40
      },
      {
        "file" : 0,
        "parent" : 41
      },
      {
        "command" : 0,
        "file" : 0,
        "line" : 21,
        "parent" : 42
      },
      {
        "file" : 1
      },
      {
        "command" : 1,
        "file" : 1,
        "line" : 54,
        "parent" : 44
      },
      {
        "file" : 0,
        "parent" : 45
      },
      {
        "command" : 0,
        "file" : 0,
        "line" : 23,
        "parent" : 46
      },
      {
        "file" : 1
      },
      {
        "command" : 1,
        "file" : 1,
        "line" : 54,
        "parent" : 48
      },
      {
        "file" : 0,
        "parent" : 49
      },
      {
        "command" : 0,
        "file" : 0,
        "line" : 25,
        "parent" : 50
      },
      {
        "file" : 1
      },
      {
        "command" : 1,
        "file" : 1,
        "line" : 54,
        "parent" : 52
      },
      {
        "file" : 0,
        "parent" : 53
      },
      {
        "command" : 0,
        "file" : 0,
        "line" : 27,
        "parent" : 54
      },
      {
        "file" : 1
      },
      {
        "command" : 1,
        "file" : 1,
        "line" : 54,
        "parent" : 56
      },
      {
        "file" : 0,
        "parent" : 57
      },
      {
        "command" : 0,
        "file" : 0,
        "line" : 29,
        "parent" : 58
      },
      {
        "file" : 1
      },
      {
        "command" : 1,
        "file" : 1,
        "line" : 54,
        "parent" : 60
      },
      {
        "file" : 0,
        "parent" : 61
      },
      {
        "command" : 0,
        "file" : 0,
        "line" : 31,
        "parent" : 62
      },
      {
        "file" : 1
      },
      {
        "command" : 1,
        "file" : 1,
        "line" : 54,
        "parent" : 64
      },
      {
        "file" : 0,
        "parent" : 65
      },
      {
        "command" : 0,
        "file" : 0,
        "line" : 33,
        "parent" : 66
      },
      {
        "file" : 1
      },
      {
        "command" : 1,
        "file" : 1,
        "line" : 54,
        "parent" : 68
      },
      {
        "file" : 0,
        "parent" : 69
      },
      {
        "command" : 0,
        "file" : 0,
        "line" : 35,
        "parent" : 70
      },
      {
        "file" : 1
      },
      {
        "command" : 1,
        "file" : 1,
        "line" : 54,
        "parent" : 72
      },
      {
        "file" : 0,
        "parent" : 73
      },
      {
        "command" : 0,
        "file" : 0,
        "line" : 37,
        "parent" : 74
      },
      {
        "file" : 1
      },
      {
        "command" : 1,
        "file" : 1,
        "line" : 54,
        "parent" : 76
      },
      {
        "file" : 0,
        "parent" : 77
      },
      {
        "command" : 0,
        "file" : 0,
        "line" : 39,
        "parent" : 78
      },
      {
        "file" : 1
      },
      {
        "command" : 1,
        "file" : 1,
        "line" : 54,
        "parent" : 80
      },
      {
        "file" : 0,
        "parent" : 81
      },
      {
        "command" : 0,
        "file" : 0,
        "line" : 41,
        "parent" : 82
      },
      {
        "file" : 1
      },
      {
        "command" : 1,
        "file" : 1,
        "line" : 54,
        "parent" : 84
      },
      {
        "file" : 0,
        "parent" : 85
      },
      {
        "command" : 0,
        "file" : 0,
        "line" : 43,
        "parent" : 86
      },
      {
        "file" : 1
      },
      {
        "command" : 1,
        "file" : 1,
        "line" : 54,
        "parent" : 88
      },
      {
        "file" : 0,
        "parent" : 89
      },
      {
        "command" : 0,
        "file" : 0,
        "line" : 45,
        "parent" : 90
      },
      {
        "file" : 1
      },
      {
        "command" : 1,
        "file" : 1,
        "line" : 54,
        "parent" : 92
      },
      {
        "file" : 0,
        "parent" : 93
      },
      {
        "command" : 0,
        "file" : 0,
        "line" : 47,
        "parent" : 94
      },
      {
        "file" : 1
      },
      {
        "command" : 1,
        "file" : 1,
        "line" : 54,
        "parent" : 96
      },
      {
        "file" : 0,
        "parent" : 97
      },
      {
        "command" : 0,
        "file" : 0,
        "line" : 49,
        "parent" : 98
      },
      {
        "file" : 1
      },
      {
        "command" : 1,
        "file" : 1,
        "line" : 54,
        "parent" : 100
      },
      {
        "file" : 0,
        "parent" : 101
      },
      {
        "command" : 0,
        "file" : 0,
        "line" : 51,
        "parent" : 102
      },
      {
        "file" : 1
      },
      {
        "command" : 1,
        "file" : 1,
        "line" : 54,
        "parent" : 104
      },
      {
        "file" : 0,
        "parent" : 105
      },
      {
        "command" : 0,
        "file" : 0,
        "line" : 53,
        "parent" : 106
      },
      {
        "file" : 1
      },
      {
        "command" : 1,
        "file" : 1,
        "line" : 54,
        "parent" : 108
      },
      {
        "file" : 0,
        "parent" : 109
      },
      {
        "command" : 0,
        "file" : 0,
        "line" : 55,
        "parent" : 110
      },
      {
        "file" : 1
      },
      {
        "command" : 1,
        "file" : 1,
        "line" : 54,
        "parent" : 112
      },
      {
        "file" : 0,
        "parent" : 113
      },
      {
        "command" : 0,
        "file" : 0,
        "line" : 57,
        "parent" : 114
      },
      {
        "file" : 1
      },
      {
        "command" : 1,
        "file" : 1,
        "line" : 54,
        "parent" : 116
      },
      {
        "file" : 0,
        "parent" : 117
      },
      {
        "command" : 0,
        "file" : 0,
        "line" : 59,
        "parent" : 118
      },
      {
        "file" : 1
      },
      {
        "command" : 1,
        "file" : 1,
        "line" : 54,
        "parent" : 120
      },
      {
        "file" : 0,
        "parent" : 121
      },
      {
        "command" : 0,
        "file" : 0,
        "line" : 61,
        "parent" : 122
      },
      {
        "file" : 1
      },
      {
        "command" : 1,
        "file" : 1,
        "line" : 54,
        "parent" : 124
      },
      {
        "file" : 0,
        "parent" : 125
      },
      {
        "command" : 0,
        "file" : 0,
        "line" : 63,
        "parent" : 126
      },
      {
        "file" : 1
      },
      {
        "command" : 1,
        "file" : 1,
        "line" : 54,
        "parent" : 128
      },
      {
        "file" : 0,
        "parent" : 129
      },
      {
        "command" : 0,
        "file" : 0,
        "line" : 65,
        "parent" : 130
      },
      {
        "file" : 1
      },
      {
        "command" : 1,
        "file" : 1,
        "line" : 54,
        "parent" : 132
      },
      {
        "file" : 0,
        "parent" : 133
      },
      {
        "command" : 0,
        "file" : 0,
        "line" : 67,
        "parent" : 134
      },
      {
        "file" : 1
      },
      {
        "command" : 1,
        "file" : 1,
        "line" : 54,
        "parent" : 136
      },
      {
        "file" : 0,
        "parent" : 137
      },
      {
        "command" : 0,
        "file" : 0,
        "line" : 69,
        "parent" : 138
      },
      {
        "file" : 1
      },
      {
        "command" : 1,
        "file" : 1,
        "line" : 54,
        "parent" : 140
      },
      {
        "file" : 0,
        "parent" : 141
      },
      {
        "command" : 0,
        "file" : 0,
        "line" : 71,
        "parent" : 142
      },
      {
        "file" : 1
      },
      {
        "command" : 1,
        "file" : 1,
        "line" : 54,
        "parent" : 144
      },
      {
        "file" : 0,
        "parent" : 145
      },
      {
        "command" : 0,
        "file" : 0,
        "line" : 73,
        "parent" : 146
      },
      {
        "file" : 1
      },
      {
        "command" : 1,
        "file" : 1,
        "line" : 54,
        "parent" : 148
      },
      {
        "file" : 0,
        "parent" : 149
      },
      {
        "command" : 0,
        "file" : 0,
        "line" : 75,
        "parent" : 150
      },
      {
        "file" : 1
      },
      {
        "command" : 1,
        "file" : 1,
        "line" : 54,
        "parent" : 152
      },
      {
        "file" : 0,
        "parent" : 153
      },
      {
        "command" : 0,
        "file" : 0,
        "line" : 77,
        "parent" : 154
      },
      {
        "file" : 1
      },
      {
        "command" : 1,
        "file" : 1,
        "line" : 54,
        "parent" : 156
      },
      {
        "file" : 0,
        "parent" : 157
      },
      {
        "command" : 0,
        "file" : 0,
        "line" : 79,
        "parent" : 158
      },
      {
        "file" : 1
      },
      {
        "command" : 1,
        "file" : 1,
        "line" : 54,
        "parent" : 160
      },
      {
        "file" : 0,
        "parent" : 161
      },
      {
        "command" : 0,
        "file" : 0,
        "line" : 81,
        "parent" : 162
      },
      {
        "file" : 1
      },
      {
        "command" : 1,
        "file" : 1,
        "line" : 54,
        "parent" : 164
      },
      {
        "file" : 0,
        "parent" : 165
      },
      {
        "command" : 0,
        "file" : 0,
        "line" : 83,
        "parent" : 166
      },
      {
        "file" : 1
      },
      {
        "command" : 1,
        "file" : 1,
        "line" : 54,
        "parent" : 168
      },
      {
        "file" : 0,
        "parent" : 169
      },
      {
        "command" : 0,
        "file" : 0,
        "line" : 85,
        "parent" : 170
      },
      {
        "file" : 1
      },
      {
        "command" : 1,
        "file" : 1,
        "line" : 54,
        "parent" : 172
      },
      {
        "file" : 0,
        "parent" : 173
      },
      {
        "command" : 0,
        "file" : 0,
        "line" : 87,
        "parent" : 174
      },
      {
        "file" : 1
      },
      {
        "command" : 1,
        "file" : 1,
        "line" : 54,
        "parent" : 176
      },
      {
        "file" : 0,
        "parent" : 177
      },
      {
        "command" : 0,
        "file" : 0,
        "line" : 89,
        "parent" : 178
      },
      {
        "file" : 1
      },
      {
        "command" : 1,
        "file" : 1,
        "line" : 54,
        "parent" : 180
      },
      {
        "file" : 0,
        "parent" : 181
      },
      {
        "command" : 0,
        "file" : 0,
        "line" : 91,
        "parent" : 182
      },
      {
        "file" : 1
      },
      {
        "command" : 1,
        "file" : 1,
        "line" : 54,
        "parent" : 184
      },
      {
        "file" : 0,
        "parent" : 185
      },
      {
        "command" : 0,
        "file" : 0,
        "line" : 93,
        "parent" : 186
      },
      {
        "file" : 1
      },
      {
        "command" : 1,
        "file" : 1,
        "line" : 54,
        "parent" : 188
      },
      {
        "file" : 0,
        "parent" : 189
      },
      {
        "command" : 0,
        "file" : 0,
        "line" : 95,
        "parent" : 190
      },
      {
        "file" : 1
      },
      {
        "command" : 1,
        "file" : 1,
        "line" : 54,
        "parent" : 192
      },
      {
        "file" : 0,
        "parent" : 193
      },
      {
        "command" : 0,
        "file" : 0,
        "line" : 97,
        "parent" : 194
      },
      {
        "file" : 1
      },
      {
        "command" : 1,
        "file" : 1,
        "line" : 54,
        "parent" : 196
      },
      {
        "file" : 0,
        "parent" : 197
      },
      {
        "command" : 0,
        "file" : 0,
        "line" : 99,
        "parent" : 198
      },
      {
        "file" : 1
      },
      {
        "command" : 1,
        "file" : 1,
        "line" : 54,
        "parent" : 200
      },
      {
        "file" : 0,
        "parent" : 201
      },
      {
        "command" : 0,
        "file" : 0,
        "line" : 101,
        "parent" : 202
      },
      {
        "file" : 1
      },
      {
        "command" : 1,
        "file" : 1,
        "line" : 54,
        "parent" : 204
      },
      {
        "file" : 0,
        "parent" : 205
      },
      {
        "command" : 0,
        "file" : 0,
        "line" : 103,
        "parent" : 206
      },
      {
        "file" : 1
      },
      {
        "command" : 1,
        "file" : 1,
        "line" : 54,
        "parent" : 208
      },
      {
        "file" : 0,
        "parent" : 209
      },
      {
        "command" : 0,
        "file" : 0,
        "line" : 105,
        "parent" : 210
      },
      {
        "file" : 1
      },
      {
        "command" : 1,
        "file" : 1,
        "line" : 54,
        "parent" : 212
      },
      {
        "file" : 0,
        "parent" : 213
      },
      {
        "command" : 0,
        "file" : 0,
        "line" : 107,
        "parent" : 214
      },
      {
        "file" : 1
      },
      {
        "command" : 1,
        "file" : 1,
        "line" : 54,
        "parent" : 216
      },
      {
        "file" : 0,
        "parent" : 217
      },
      {
        "command" : 0,
        "file" : 0,
        "line" : 109,
        "parent" : 218
      },
      {
        "file" : 1
      },
      {
        "command" : 1,
        "file" : 1,
        "line" : 54,
        "parent" : 220
      },
      {
        "file" : 0,
        "parent" : 221
      },
      {
        "command" : 0,
        "file" : 0,
        "line" : 111,
        "parent" : 222
      },
      {
        "file" : 1
      },
      {
        "command" : 1,
        "file" : 1,
        "line" : 54,
        "parent" : 224
      },
      {
        "file" : 0,
        "parent" : 225
      },
      {
        "command" : 0,
        "file" : 0,
        "line" : 113,
        "parent" : 226
      },
      {
        "file" : 1
      },
      {
        "command" : 1,
        "file" : 1,
        "line" : 54,
        "parent" : 228
      },
      {
        "file" : 0,
        "parent" : 229
      },
      {
        "command" : 0,
        "file" : 0,
        "line" : 115,
        "parent" : 230
      },
      {
        "file" : 1
      },
      {
        "command" : 1,
        "file" : 1,
        "line" : 54,
        "parent" : 232
      },
      {
        "file" : 0,
        "parent" : 233
      },
      {
        "command" : 0,
        "file" : 0,
        "line" : 117,
        "parent" : 234
      },
      {
        "file" : 1
      },
      {
        "command" : 1,
        "file" : 1,
        "line" : 54,
        "parent" : 236
      },
      {
        "file" : 0,
        "parent" : 237
      },
      {
        "command" : 0,
        "file" : 0,
        "line" : 119,
        "parent" : 238
      },
      {
        "file" : 1
      },
      {
        "command" : 1,
        "file" : 1,
        "line" : 54,
        "parent" : 240
      },
      {
        "file" : 0,
        "parent" : 241
      },
      {
        "command" : 0,
        "file" : 0,
        "line" : 121,
        "parent" : 242
      },
      {
        "file" : 1
      },
      {
        "command" : 1,
        "file" : 1,
        "line" : 54,
        "parent" : 244
      },
      {
        "file" : 0,
        "parent" : 245
      },
      {
        "command" : 0,
        "file" : 0,
        "line" : 123,
        "parent" : 246
      },
      {
        "file" : 1
      },
      {
        "command" : 1,
        "file" : 1,
        "line" : 54,
        "parent" : 248
      },
      {
        "file" : 0,
        "parent" : 249
      },
      {
        "command" : 0,
        "file" : 0,
        "line" : 125,
        "parent" : 250
      }
    ]
  },
  "kind" : "ctestInfo",
  "tests" : 
  [
    {
      "backtrace" : 3,
      "command" : 
      [
        "C:/Users/xrx10/AppData/Local/Programs/Python/Python311/python.exe",
        "-X",
        "utf8",
        "E:/VS2019Qt5.15/3D/tools/testing/g0_cases.py",
        "--case",
        "commit_model.test_commit_model.CommitContracts.test_T07_permit_cancel_claim_orders"
      ],
      "config" : "Debug",
      "name" : "T07.permit.cancel_claim_orders",
      "properties" : 
      [
        {
          "name" : "ENVIRONMENT",
          "value" : 
          [
            "MSBUILDDISABLENODEREUSE=1"
          ]
        },
        {
          "name" : "LABELS",
          "value" : 
          [
            "D0.05"
          ]
        },
        {
          "name" : "TIMEOUT",
          "value" : 240.0
        },
        {
          "name" : "WORKING_DIRECTORY",
          "value" : "E:/VS2019Qt5.15/3D"
        }
      ]
    },
    {
      "backtrace" : 7,
      "command" : 
      [
        "C:/Users/xrx10/AppData/Local/Programs/Python/Python311/python.exe",
        "-X",
        "utf8",
        "E:/VS2019Qt5.15/3D/tools/testing/g0_cases.py",
        "--case",
        "commit_model.test_commit_model.CommitContracts.test_T07_permit_revoke_claim_orders"
      ],
      "config" : "Debug",
      "name" : "T07.permit.revoke_claim_orders",
      "properties" : 
      [
        {
          "name" : "ENVIRONMENT",
          "value" : 
          [
            "MSBUILDDISABLENODEREUSE=1"
          ]
        },
        {
          "name" : "LABELS",
          "value" : 
          [
            "D0.05"
          ]
        },
        {
          "name" : "TIMEOUT",
          "value" : 240.0
        },
        {
          "name" : "WORKING_DIRECTORY",
          "value" : "E:/VS2019Qt5.15/3D"
        }
      ]
    },
    {
      "backtrace" : 11,
      "command" : 
      [
        "C:/Users/xrx10/AppData/Local/Programs/Python/Python311/python.exe",
        "-X",
        "utf8",
        "E:/VS2019Qt5.15/3D/tools/testing/g0_cases.py",
        "--case",
        "commit_model.test_commit_model.CommitContracts.test_T07_permit_binding_expiry_single_use"
      ],
      "config" : "Debug",
      "name" : "T07.permit.binding_expiry_single_use",
      "properties" : 
      [
        {
          "name" : "ENVIRONMENT",
          "value" : 
          [
            "MSBUILDDISABLENODEREUSE=1"
          ]
        },
        {
          "name" : "LABELS",
          "value" : 
          [
            "D0.05"
          ]
        },
        {
          "name" : "TIMEOUT",
          "value" : 240.0
        },
        {
          "name" : "WORKING_DIRECTORY",
          "value" : "E:/VS2019Qt5.15/3D"
        }
      ]
    },
    {
      "backtrace" : 15,
      "command" : 
      [
        "C:/Users/xrx10/AppData/Local/Programs/Python/Python311/python.exe",
        "-X",
        "utf8",
        "E:/VS2019Qt5.15/3D/tools/testing/g0_cases.py",
        "--case",
        "commit_model.test_commit_model.CommitContracts.test_T07_permit_leases_do_not_authorize"
      ],
      "config" : "Debug",
      "name" : "T07.permit.leases_do_not_authorize",
      "properties" : 
      [
        {
          "name" : "ENVIRONMENT",
          "value" : 
          [
            "MSBUILDDISABLENODEREUSE=1"
          ]
        },
        {
          "name" : "LABELS",
          "value" : 
          [
            "D0.05"
          ]
        },
        {
          "name" : "TIMEOUT",
          "value" : 240.0
        },
        {
          "name" : "WORKING_DIRECTORY",
          "value" : "E:/VS2019Qt5.15/3D"
        }
      ]
    },
    {
      "backtrace" : 19,
      "command" : 
      [
        "C:/Users/xrx10/AppData/Local/Programs/Python/Python311/python.exe",
        "-X",
        "utf8",
        "E:/VS2019Qt5.15/3D/tools/testing/g0_cases.py",
        "--case",
        "commit_model.test_commit_model.CommitContracts.test_T07_commit_capacity_reserved_before_claim"
      ],
      "config" : "Debug",
      "name" : "T07.commit.capacity_reserved_before_claim",
      "properties" : 
      [
        {
          "name" : "ENVIRONMENT",
          "value" : 
          [
            "MSBUILDDISABLENODEREUSE=1"
          ]
        },
        {
          "name" : "LABELS",
          "value" : 
          [
            "D0.05"
          ]
        },
        {
          "name" : "TIMEOUT",
          "value" : 240.0
        },
        {
          "name" : "WORKING_DIRECTORY",
          "value" : "E:/VS2019Qt5.15/3D"
        }
      ]
    },
    {
      "backtrace" : 23,
      "command" : 
      [
        "C:/Users/xrx10/AppData/Local/Programs/Python/Python311/python.exe",
        "-X",
        "utf8",
        "E:/VS2019Qt5.15/3D/tools/testing/g0_cases.py",
        "--case",
        "commit_model.test_commit_model.CommitContracts.test_T07_commit_lifecycle_revision_orders"
      ],
      "config" : "Debug",
      "name" : "T07.commit.lifecycle_revision_orders",
      "properties" : 
      [
        {
          "name" : "ENVIRONMENT",
          "value" : 
          [
            "MSBUILDDISABLENODEREUSE=1"
          ]
        },
        {
          "name" : "LABELS",
          "value" : 
          [
            "D0.05"
          ]
        },
        {
          "name" : "TIMEOUT",
          "value" : 240.0
        },
        {
          "name" : "WORKING_DIRECTORY",
          "value" : "E:/VS2019Qt5.15/3D"
        }
      ]
    },
    {
      "backtrace" : 27,
      "command" : 
      [
        "C:/Users/xrx10/AppData/Local/Programs/Python/Python311/python.exe",
        "-X",
        "utf8",
        "E:/VS2019Qt5.15/3D/tools/testing/g0_cases.py",
        "--case",
        "commit_model.test_commit_model.CommitContracts.test_T14_commit_reservation_serializes_and_rejects_stale_base"
      ],
      "config" : "Debug",
      "name" : "T14.commit.reservation_serializes_and_rejects_stale_base",
      "properties" : 
      [
        {
          "name" : "ENVIRONMENT",
          "value" : 
          [
            "MSBUILDDISABLENODEREUSE=1"
          ]
        },
        {
          "name" : "LABELS",
          "value" : 
          [
            "D0.05"
          ]
        },
        {
          "name" : "TIMEOUT",
          "value" : 240.0
        },
        {
          "name" : "WORKING_DIRECTORY",
          "value" : "E:/VS2019Qt5.15/3D"
        }
      ]
    },
    {
      "backtrace" : 31,
      "command" : 
      [
        "C:/Users/xrx10/AppData/Local/Programs/Python/Python311/python.exe",
        "-X",
        "utf8",
        "E:/VS2019Qt5.15/3D/tools/testing/g0_cases.py",
        "--case",
        "commit_model.test_commit_model.CommitContracts.test_T14_commit_wait_and_lock_order"
      ],
      "config" : "Debug",
      "name" : "T14.commit.wait_and_lock_order",
      "properties" : 
      [
        {
          "name" : "ENVIRONMENT",
          "value" : 
          [
            "MSBUILDDISABLENODEREUSE=1"
          ]
        },
        {
          "name" : "LABELS",
          "value" : 
          [
            "D0.05"
          ]
        },
        {
          "name" : "TIMEOUT",
          "value" : 240.0
        },
        {
          "name" : "WORKING_DIRECTORY",
          "value" : "E:/VS2019Qt5.15/3D"
        }
      ]
    },
    {
      "backtrace" : 35,
      "command" : 
      [
        "C:/Users/xrx10/AppData/Local/Programs/Python/Python311/python.exe",
        "-X",
        "utf8",
        "E:/VS2019Qt5.15/3D/tools/testing/g0_cases.py",
        "--case",
        "commit_model.test_commit_model.CommitContracts.test_T14_commit_all_transaction_crash_windows"
      ],
      "config" : "Debug",
      "name" : "T14.commit.all_transaction_crash_windows",
      "properties" : 
      [
        {
          "name" : "ENVIRONMENT",
          "value" : 
          [
            "MSBUILDDISABLENODEREUSE=1"
          ]
        },
        {
          "name" : "LABELS",
          "value" : 
          [
            "D0.05"
          ]
        },
        {
          "name" : "TIMEOUT",
          "value" : 240.0
        },
        {
          "name" : "WORKING_DIRECTORY",
          "value" : "E:/VS2019Qt5.15/3D"
        }
      ]
    },
    {
      "backtrace" : 39,
      "command" : 
      [
        "C:/Users/xrx10/AppData/Local/Programs/Python/Python311/python.exe",
        "-X",
        "utf8",
        "E:/VS2019Qt5.15/3D/tools/testing/g0_cases.py",
        "--case",
        "commit_model.test_commit_model.CommitContracts.test_T14_commit_permit_and_durable_are_not_published"
      ],
      "config" : "Debug",
      "name" : "T14.commit.permit_and_durable_are_not_published",
      "properties" : 
      [
        {
          "name" : "ENVIRONMENT",
          "value" : 
          [
            "MSBUILDDISABLENODEREUSE=1"
          ]
        },
        {
          "name" : "LABELS",
          "value" : 
          [
            "D0.05"
          ]
        },
        {
          "name" : "TIMEOUT",
          "value" : 240.0
        },
        {
          "name" : "WORKING_DIRECTORY",
          "value" : "E:/VS2019Qt5.15/3D"
        }
      ]
    },
    {
      "backtrace" : 43,
      "command" : 
      [
        "C:/Users/xrx10/AppData/Local/Programs/Python/Python311/python.exe",
        "-X",
        "utf8",
        "E:/VS2019Qt5.15/3D/tools/testing/g0_cases.py",
        "--case",
        "commit_model.test_commit_model.CommitContracts.test_T14_commit_publication_is_one_owned_record"
      ],
      "config" : "Debug",
      "name" : "T14.commit.publication_is_one_owned_record",
      "properties" : 
      [
        {
          "name" : "ENVIRONMENT",
          "value" : 
          [
            "MSBUILDDISABLENODEREUSE=1"
          ]
        },
        {
          "name" : "LABELS",
          "value" : 
          [
            "D0.05"
          ]
        },
        {
          "name" : "TIMEOUT",
          "value" : 240.0
        },
        {
          "name" : "WORKING_DIRECTORY",
          "value" : "E:/VS2019Qt5.15/3D"
        }
      ]
    },
    {
      "backtrace" : 47,
      "command" : 
      [
        "C:/Users/xrx10/AppData/Local/Programs/Python/Python311/python.exe",
        "-X",
        "utf8",
        "E:/VS2019Qt5.15/3D/tools/testing/g0_cases.py",
        "--case",
        "commit_model.test_commit_model.CommitContracts.test_T14_commit_duplicate_and_late_callback"
      ],
      "config" : "Debug",
      "name" : "T14.commit.duplicate_and_late_callback",
      "properties" : 
      [
        {
          "name" : "ENVIRONMENT",
          "value" : 
          [
            "MSBUILDDISABLENODEREUSE=1"
          ]
        },
        {
          "name" : "LABELS",
          "value" : 
          [
            "D0.05"
          ]
        },
        {
          "name" : "TIMEOUT",
          "value" : 240.0
        },
        {
          "name" : "WORKING_DIRECTORY",
          "value" : "E:/VS2019Qt5.15/3D"
        }
      ]
    },
    {
      "backtrace" : 51,
      "command" : 
      [
        "C:/Users/xrx10/AppData/Local/Programs/Python/Python311/python.exe",
        "-X",
        "utf8",
        "E:/VS2019Qt5.15/3D/tools/testing/g0_cases.py",
        "--case",
        "commit_model.test_commit_model.CommitContracts.test_T16_commit_unknown_result_reconciles_actual_storage"
      ],
      "config" : "Debug",
      "name" : "T16.commit.unknown_result_reconciles_actual_storage",
      "properties" : 
      [
        {
          "name" : "ENVIRONMENT",
          "value" : 
          [
            "MSBUILDDISABLENODEREUSE=1"
          ]
        },
        {
          "name" : "LABELS",
          "value" : 
          [
            "D0.05"
          ]
        },
        {
          "name" : "TIMEOUT",
          "value" : 240.0
        },
        {
          "name" : "WORKING_DIRECTORY",
          "value" : "E:/VS2019Qt5.15/3D"
        }
      ]
    },
    {
      "backtrace" : 55,
      "command" : 
      [
        "C:/Users/xrx10/AppData/Local/Programs/Python/Python311/python.exe",
        "-X",
        "utf8",
        "E:/VS2019Qt5.15/3D/tools/testing/g0_cases.py",
        "--case",
        "commit_model.test_commit_model.CommitContracts.test_T16_commit_publish_failure_preserves_ledger"
      ],
      "config" : "Debug",
      "name" : "T16.commit.publish_failure_preserves_ledger",
      "properties" : 
      [
        {
          "name" : "ENVIRONMENT",
          "value" : 
          [
            "MSBUILDDISABLENODEREUSE=1"
          ]
        },
        {
          "name" : "LABELS",
          "value" : 
          [
            "D0.05"
          ]
        },
        {
          "name" : "TIMEOUT",
          "value" : 240.0
        },
        {
          "name" : "WORKING_DIRECTORY",
          "value" : "E:/VS2019Qt5.15/3D"
        }
      ]
    },
    {
      "backtrace" : 59,
      "command" : 
      [
        "C:/Users/xrx10/AppData/Local/Programs/Python/Python311/python.exe",
        "-X",
        "utf8",
        "E:/VS2019Qt5.15/3D/tools/testing/g0_cases.py",
        "--case",
        "commit_model.test_commit_model.CommitContracts.test_T16_commit_recovery_validates_before_opening"
      ],
      "config" : "Debug",
      "name" : "T16.commit.recovery_validates_before_opening",
      "properties" : 
      [
        {
          "name" : "ENVIRONMENT",
          "value" : 
          [
            "MSBUILDDISABLENODEREUSE=1"
          ]
        },
        {
          "name" : "LABELS",
          "value" : 
          [
            "D0.05"
          ]
        },
        {
          "name" : "TIMEOUT",
          "value" : 240.0
        },
        {
          "name" : "WORKING_DIRECTORY",
          "value" : "E:/VS2019Qt5.15/3D"
        }
      ]
    },
    {
      "backtrace" : 63,
      "command" : 
      [
        "C:/Users/xrx10/AppData/Local/Programs/Python/Python311/python.exe",
        "-X",
        "utf8",
        "E:/VS2019Qt5.15/3D/tools/testing/g0_cases.py",
        "--case",
        "commit_model.test_commit_model.CommitContracts.test_T07_commit_memory_commit_and_empty_delta"
      ],
      "config" : "Debug",
      "name" : "T07.commit.memory_commit_and_empty_delta",
      "properties" : 
      [
        {
          "name" : "ENVIRONMENT",
          "value" : 
          [
            "MSBUILDDISABLENODEREUSE=1"
          ]
        },
        {
          "name" : "LABELS",
          "value" : 
          [
            "D0.05"
          ]
        },
        {
          "name" : "TIMEOUT",
          "value" : 240.0
        },
        {
          "name" : "WORKING_DIRECTORY",
          "value" : "E:/VS2019Qt5.15/3D"
        }
      ]
    },
    {
      "backtrace" : 67,
      "command" : 
      [
        "C:/Users/xrx10/AppData/Local/Programs/Python/Python311/python.exe",
        "-X",
        "utf8",
        "E:/VS2019Qt5.15/3D/tools/testing/g0_cases.py",
        "--case",
        "commit_model.test_commit_model.CommitContracts.test_T07_commit_materials_prepared_before_consumption"
      ],
      "config" : "Debug",
      "name" : "T07.commit.materials_prepared_before_consumption",
      "properties" : 
      [
        {
          "name" : "ENVIRONMENT",
          "value" : 
          [
            "MSBUILDDISABLENODEREUSE=1"
          ]
        },
        {
          "name" : "LABELS",
          "value" : 
          [
            "D0.05"
          ]
        },
        {
          "name" : "TIMEOUT",
          "value" : 240.0
        },
        {
          "name" : "WORKING_DIRECTORY",
          "value" : "E:/VS2019Qt5.15/3D"
        }
      ]
    },
    {
      "backtrace" : 71,
      "command" : 
      [
        "C:/Users/xrx10/AppData/Local/Programs/Python/Python311/python.exe",
        "-X",
        "utf8",
        "E:/VS2019Qt5.15/3D/tools/testing/g0_cases.py",
        "--case",
        "commit_model.test_commit_model.CommitContracts.test_T16_effect_claim_permit_send_are_separate"
      ],
      "config" : "Debug",
      "name" : "T16.effect.claim_permit_send_are_separate",
      "properties" : 
      [
        {
          "name" : "ENVIRONMENT",
          "value" : 
          [
            "MSBUILDDISABLENODEREUSE=1"
          ]
        },
        {
          "name" : "LABELS",
          "value" : 
          [
            "D0.05"
          ]
        },
        {
          "name" : "TIMEOUT",
          "value" : 240.0
        },
        {
          "name" : "WORKING_DIRECTORY",
          "value" : "E:/VS2019Qt5.15/3D"
        }
      ]
    },
    {
      "backtrace" : 75,
      "command" : 
      [
        "C:/Users/xrx10/AppData/Local/Programs/Python/Python311/python.exe",
        "-X",
        "utf8",
        "E:/VS2019Qt5.15/3D/tools/testing/g0_cases.py",
        "--case",
        "commit_model.test_commit_model.CommitContracts.test_T07_effect_cancel_revoke_send_orders"
      ],
      "config" : "Debug",
      "name" : "T07.effect.cancel_revoke_send_orders",
      "properties" : 
      [
        {
          "name" : "ENVIRONMENT",
          "value" : 
          [
            "MSBUILDDISABLENODEREUSE=1"
          ]
        },
        {
          "name" : "LABELS",
          "value" : 
          [
            "D0.05"
          ]
        },
        {
          "name" : "TIMEOUT",
          "value" : 240.0
        },
        {
          "name" : "WORKING_DIRECTORY",
          "value" : "E:/VS2019Qt5.15/3D"
        }
      ]
    },
    {
      "backtrace" : 79,
      "command" : 
      [
        "C:/Users/xrx10/AppData/Local/Programs/Python/Python311/python.exe",
        "-X",
        "utf8",
        "E:/VS2019Qt5.15/3D/tools/testing/g0_cases.py",
        "--case",
        "commit_model.test_commit_model.CommitContracts.test_T16_effect_crash_windows_never_blind_resend"
      ],
      "config" : "Debug",
      "name" : "T16.effect.crash_windows_never_blind_resend",
      "properties" : 
      [
        {
          "name" : "ENVIRONMENT",
          "value" : 
          [
            "MSBUILDDISABLENODEREUSE=1"
          ]
        },
        {
          "name" : "LABELS",
          "value" : 
          [
            "D0.05"
          ]
        },
        {
          "name" : "TIMEOUT",
          "value" : 240.0
        },
        {
          "name" : "WORKING_DIRECTORY",
          "value" : "E:/VS2019Qt5.15/3D"
        }
      ]
    },
    {
      "backtrace" : 83,
      "command" : 
      [
        "C:/Users/xrx10/AppData/Local/Programs/Python/Python311/python.exe",
        "-X",
        "utf8",
        "E:/VS2019Qt5.15/3D/tools/testing/g0_cases.py",
        "--case",
        "commit_model.test_commit_model.CommitContracts.test_T16_effect_reconcile_and_partial_facts"
      ],
      "config" : "Debug",
      "name" : "T16.effect.reconcile_and_partial_facts",
      "properties" : 
      [
        {
          "name" : "ENVIRONMENT",
          "value" : 
          [
            "MSBUILDDISABLENODEREUSE=1"
          ]
        },
        {
          "name" : "LABELS",
          "value" : 
          [
            "D0.05"
          ]
        },
        {
          "name" : "TIMEOUT",
          "value" : 240.0
        },
        {
          "name" : "WORKING_DIRECTORY",
          "value" : "E:/VS2019Qt5.15/3D"
        }
      ]
    },
    {
      "backtrace" : 87,
      "command" : 
      [
        "C:/Users/xrx10/AppData/Local/Programs/Python/Python311/python.exe",
        "-X",
        "utf8",
        "E:/VS2019Qt5.15/3D/tools/testing/g0_cases.py",
        "--case",
        "commit_model.test_commit_model.CommitContracts.test_T16_effect_missing_evidence_stays_unknown"
      ],
      "config" : "Debug",
      "name" : "T16.effect.missing_evidence_stays_unknown",
      "properties" : 
      [
        {
          "name" : "ENVIRONMENT",
          "value" : 
          [
            "MSBUILDDISABLENODEREUSE=1"
          ]
        },
        {
          "name" : "LABELS",
          "value" : 
          [
            "D0.05"
          ]
        },
        {
          "name" : "TIMEOUT",
          "value" : 240.0
        },
        {
          "name" : "WORKING_DIRECTORY",
          "value" : "E:/VS2019Qt5.15/3D"
        }
      ]
    },
    {
      "backtrace" : 91,
      "command" : 
      [
        "C:/Users/xrx10/AppData/Local/Programs/Python/Python311/python.exe",
        "-X",
        "utf8",
        "E:/VS2019Qt5.15/3D/tools/testing/g0_cases.py",
        "--case",
        "commit_model.test_commit_model.CommitContracts.test_T16_effect_result_encoding_does_not_erase_effect"
      ],
      "config" : "Debug",
      "name" : "T16.effect.result_encoding_does_not_erase_effect",
      "properties" : 
      [
        {
          "name" : "ENVIRONMENT",
          "value" : 
          [
            "MSBUILDDISABLENODEREUSE=1"
          ]
        },
        {
          "name" : "LABELS",
          "value" : 
          [
            "D0.05"
          ]
        },
        {
          "name" : "TIMEOUT",
          "value" : 240.0
        },
        {
          "name" : "WORKING_DIRECTORY",
          "value" : "E:/VS2019Qt5.15/3D"
        }
      ]
    },
    {
      "backtrace" : 95,
      "command" : 
      [
        "C:/Users/xrx10/AppData/Local/Programs/Python/Python311/python.exe",
        "-X",
        "utf8",
        "E:/VS2019Qt5.15/3D/tools/testing/g0_cases.py",
        "--case",
        "commit_model.test_commit_model.CommitContracts.test_T14_commit_materials_frozen_after_claim"
      ],
      "config" : "Debug",
      "name" : "T14.commit.materials_frozen_after_claim",
      "properties" : 
      [
        {
          "name" : "ENVIRONMENT",
          "value" : 
          [
            "MSBUILDDISABLENODEREUSE=1"
          ]
        },
        {
          "name" : "LABELS",
          "value" : 
          [
            "D0.05"
          ]
        },
        {
          "name" : "TIMEOUT",
          "value" : 240.0
        },
        {
          "name" : "WORKING_DIRECTORY",
          "value" : "E:/VS2019Qt5.15/3D"
        }
      ]
    },
    {
      "backtrace" : 99,
      "command" : 
      [
        "C:/Users/xrx10/AppData/Local/Programs/Python/Python311/python.exe",
        "-X",
        "utf8",
        "E:/VS2019Qt5.15/3D/tools/testing/g0_cases.py",
        "--case",
        "commit_model.test_commit_model.CommitContracts.test_T16_effect_outcome_evidence_shape_matches_contract"
      ],
      "config" : "Debug",
      "name" : "T16.effect.outcome_evidence_shape_matches_contract",
      "properties" : 
      [
        {
          "name" : "ENVIRONMENT",
          "value" : 
          [
            "MSBUILDDISABLENODEREUSE=1"
          ]
        },
        {
          "name" : "LABELS",
          "value" : 
          [
            "D0.05"
          ]
        },
        {
          "name" : "TIMEOUT",
          "value" : 240.0
        },
        {
          "name" : "WORKING_DIRECTORY",
          "value" : "E:/VS2019Qt5.15/3D"
        }
      ]
    },
    {
      "backtrace" : 103,
      "command" : 
      [
        "C:/Users/xrx10/AppData/Local/Programs/Python/Python311/python.exe",
        "-X",
        "utf8",
        "E:/VS2019Qt5.15/3D/tools/testing/g0_cases.py",
        "--case",
        "commit_model.test_commit_model.CommitContracts.test_T16_effect_before_claim_crash_allows_same_identity_retry"
      ],
      "config" : "Debug",
      "name" : "T16.effect.before_claim_crash_allows_same_identity_retry",
      "properties" : 
      [
        {
          "name" : "ENVIRONMENT",
          "value" : 
          [
            "MSBUILDDISABLENODEREUSE=1"
          ]
        },
        {
          "name" : "LABELS",
          "value" : 
          [
            "D0.05"
          ]
        },
        {
          "name" : "TIMEOUT",
          "value" : 240.0
        },
        {
          "name" : "WORKING_DIRECTORY",
          "value" : "E:/VS2019Qt5.15/3D"
        }
      ]
    },
    {
      "backtrace" : 107,
      "command" : 
      [
        "C:/Users/xrx10/AppData/Local/Programs/Python/Python311/python.exe",
        "-X",
        "utf8",
        "E:/VS2019Qt5.15/3D/tools/testing/g0_cases.py",
        "--case",
        "commit_model.test_commit_model.CommitContracts.test_T07_effect_cancel_before_permit_records_no_apply"
      ],
      "config" : "Debug",
      "name" : "T07.effect.cancel_before_permit_records_no_apply",
      "properties" : 
      [
        {
          "name" : "ENVIRONMENT",
          "value" : 
          [
            "MSBUILDDISABLENODEREUSE=1"
          ]
        },
        {
          "name" : "LABELS",
          "value" : 
          [
            "D0.05"
          ]
        },
        {
          "name" : "TIMEOUT",
          "value" : 240.0
        },
        {
          "name" : "WORKING_DIRECTORY",
          "value" : "E:/VS2019Qt5.15/3D"
        }
      ]
    },
    {
      "backtrace" : 111,
      "command" : 
      [
        "C:/Users/xrx10/AppData/Local/Programs/Python/Python311/python.exe",
        "-X",
        "utf8",
        "E:/VS2019Qt5.15/3D/tools/testing/g0_cases.py",
        "--case",
        "commit_model.test_commit_model.CommitContracts.test_T14_commit_intent_and_state_share_transaction"
      ],
      "config" : "Debug",
      "name" : "T14.commit.intent_and_state_share_transaction",
      "properties" : 
      [
        {
          "name" : "ENVIRONMENT",
          "value" : 
          [
            "MSBUILDDISABLENODEREUSE=1"
          ]
        },
        {
          "name" : "LABELS",
          "value" : 
          [
            "D0.05"
          ]
        },
        {
          "name" : "TIMEOUT",
          "value" : 240.0
        },
        {
          "name" : "WORKING_DIRECTORY",
          "value" : "E:/VS2019Qt5.15/3D"
        }
      ]
    },
    {
      "backtrace" : 115,
      "command" : 
      [
        "C:/Users/xrx10/AppData/Local/Programs/Python/Python311/python.exe",
        "-X",
        "utf8",
        "E:/VS2019Qt5.15/3D/tools/testing/g0_cases.py",
        "--case",
        "commit_model.test_commit_model.CommitContracts.test_T16_commit_memory_recovery_rejected_before_mutation"
      ],
      "config" : "Debug",
      "name" : "T16.commit.memory_recovery_rejected_before_mutation",
      "properties" : 
      [
        {
          "name" : "ENVIRONMENT",
          "value" : 
          [
            "MSBUILDDISABLENODEREUSE=1"
          ]
        },
        {
          "name" : "LABELS",
          "value" : 
          [
            "D0.05"
          ]
        },
        {
          "name" : "TIMEOUT",
          "value" : 240.0
        },
        {
          "name" : "WORKING_DIRECTORY",
          "value" : "E:/VS2019Qt5.15/3D"
        }
      ]
    },
    {
      "backtrace" : 119,
      "command" : 
      [
        "C:/Users/xrx10/AppData/Local/Programs/Python/Python311/python.exe",
        "-X",
        "utf8",
        "E:/VS2019Qt5.15/3D/tools/testing/g0_cases.py",
        "--case",
        "commit_model.test_commit_model.CommitContracts.test_T14_commit_candidate_chain_validated_before_claim"
      ],
      "config" : "Debug",
      "name" : "T14.commit.candidate_chain_validated_before_claim",
      "properties" : 
      [
        {
          "name" : "ENVIRONMENT",
          "value" : 
          [
            "MSBUILDDISABLENODEREUSE=1"
          ]
        },
        {
          "name" : "LABELS",
          "value" : 
          [
            "D0.05"
          ]
        },
        {
          "name" : "TIMEOUT",
          "value" : 240.0
        },
        {
          "name" : "WORKING_DIRECTORY",
          "value" : "E:/VS2019Qt5.15/3D"
        }
      ]
    },
    {
      "backtrace" : 123,
      "command" : 
      [
        "C:/Users/xrx10/AppData/Local/Programs/Python/Python311/python.exe",
        "-X",
        "utf8",
        "E:/VS2019Qt5.15/3D/tools/testing/g0_cases.py",
        "--case",
        "commit_model.test_commit_model.CommitContracts.test_T14_commit_published_outcome_uses_frozen_material"
      ],
      "config" : "Debug",
      "name" : "T14.commit.published_outcome_uses_frozen_material",
      "properties" : 
      [
        {
          "name" : "ENVIRONMENT",
          "value" : 
          [
            "MSBUILDDISABLENODEREUSE=1"
          ]
        },
        {
          "name" : "LABELS",
          "value" : 
          [
            "D0.05"
          ]
        },
        {
          "name" : "TIMEOUT",
          "value" : 240.0
        },
        {
          "name" : "WORKING_DIRECTORY",
          "value" : "E:/VS2019Qt5.15/3D"
        }
      ]
    },
    {
      "backtrace" : 127,
      "command" : 
      [
        "C:/Users/xrx10/AppData/Local/Programs/Python/Python311/python.exe",
        "-X",
        "utf8",
        "E:/VS2019Qt5.15/3D/tools/testing/g0_cases.py",
        "--case",
        "commit_model.test_commit_model.CommitContracts.test_T07_effect_claim_material_binding_is_frozen"
      ],
      "config" : "Debug",
      "name" : "T07.effect.claim_material_binding_is_frozen",
      "properties" : 
      [
        {
          "name" : "ENVIRONMENT",
          "value" : 
          [
            "MSBUILDDISABLENODEREUSE=1"
          ]
        },
        {
          "name" : "LABELS",
          "value" : 
          [
            "D0.05"
          ]
        },
        {
          "name" : "TIMEOUT",
          "value" : 240.0
        },
        {
          "name" : "WORKING_DIRECTORY",
          "value" : "E:/VS2019Qt5.15/3D"
        }
      ]
    },
    {
      "backtrace" : 131,
      "command" : 
      [
        "C:/Users/xrx10/AppData/Local/Programs/Python/Python311/python.exe",
        "-X",
        "utf8",
        "E:/VS2019Qt5.15/3D/tools/testing/g0_cases.py",
        "--case",
        "commit_model.test_commit_model.CommitContracts.test_T16_effect_sent_facts_use_frozen_identity"
      ],
      "config" : "Debug",
      "name" : "T16.effect.sent_facts_use_frozen_identity",
      "properties" : 
      [
        {
          "name" : "ENVIRONMENT",
          "value" : 
          [
            "MSBUILDDISABLENODEREUSE=1"
          ]
        },
        {
          "name" : "LABELS",
          "value" : 
          [
            "D0.05"
          ]
        },
        {
          "name" : "TIMEOUT",
          "value" : 240.0
        },
        {
          "name" : "WORKING_DIRECTORY",
          "value" : "E:/VS2019Qt5.15/3D"
        }
      ]
    },
    {
      "backtrace" : 135,
      "command" : 
      [
        "C:/Users/xrx10/AppData/Local/Programs/Python/Python311/python.exe",
        "-X",
        "utf8",
        "E:/VS2019Qt5.15/3D/tools/testing/g0_cases.py",
        "--case",
        "commit_model.test_commit_model.CommitContracts.test_T16_effect_send_attempt_is_once_before_external_call"
      ],
      "config" : "Debug",
      "name" : "T16.effect.send_attempt_is_once_before_external_call",
      "properties" : 
      [
        {
          "name" : "ENVIRONMENT",
          "value" : 
          [
            "MSBUILDDISABLENODEREUSE=1"
          ]
        },
        {
          "name" : "LABELS",
          "value" : 
          [
            "D0.05"
          ]
        },
        {
          "name" : "TIMEOUT",
          "value" : 240.0
        },
        {
          "name" : "WORKING_DIRECTORY",
          "value" : "E:/VS2019Qt5.15/3D"
        }
      ]
    },
    {
      "backtrace" : 139,
      "command" : 
      [
        "C:/Users/xrx10/AppData/Local/Programs/Python/Python311/python.exe",
        "-X",
        "utf8",
        "E:/VS2019Qt5.15/3D/tools/testing/g0_cases.py",
        "--case",
        "dedup_model.test_dedup_model.DedupContracts.test_T15_intent_same_key_returns_existing_identity"
      ],
      "config" : "Debug",
      "name" : "T15.intent.same_key_returns_existing_identity",
      "properties" : 
      [
        {
          "name" : "ENVIRONMENT",
          "value" : 
          [
            "MSBUILDDISABLENODEREUSE=1"
          ]
        },
        {
          "name" : "LABELS",
          "value" : 
          [
            "D0.05"
          ]
        },
        {
          "name" : "TIMEOUT",
          "value" : 240.0
        },
        {
          "name" : "WORKING_DIRECTORY",
          "value" : "E:/VS2019Qt5.15/3D"
        }
      ]
    },
    {
      "backtrace" : 143,
      "command" : 
      [
        "C:/Users/xrx10/AppData/Local/Programs/Python/Python311/python.exe",
        "-X",
        "utf8",
        "E:/VS2019Qt5.15/3D/tools/testing/g0_cases.py",
        "--case",
        "dedup_model.test_dedup_model.DedupContracts.test_T15_intent_fingerprint_covers_all_semantic_fields"
      ],
      "config" : "Debug",
      "name" : "T15.intent.fingerprint_covers_all_semantic_fields",
      "properties" : 
      [
        {
          "name" : "ENVIRONMENT",
          "value" : 
          [
            "MSBUILDDISABLENODEREUSE=1"
          ]
        },
        {
          "name" : "LABELS",
          "value" : 
          [
            "D0.05"
          ]
        },
        {
          "name" : "TIMEOUT",
          "value" : 240.0
        },
        {
          "name" : "WORKING_DIRECTORY",
          "value" : "E:/VS2019Qt5.15/3D"
        }
      ]
    },
    {
      "backtrace" : 147,
      "command" : 
      [
        "C:/Users/xrx10/AppData/Local/Programs/Python/Python311/python.exe",
        "-X",
        "utf8",
        "E:/VS2019Qt5.15/3D/tools/testing/g0_cases.py",
        "--case",
        "dedup_model.test_dedup_model.DedupContracts.test_T15_intent_stable_principal_scope_and_permissions"
      ],
      "config" : "Debug",
      "name" : "T15.intent.stable_principal_scope_and_permissions",
      "properties" : 
      [
        {
          "name" : "ENVIRONMENT",
          "value" : 
          [
            "MSBUILDDISABLENODEREUSE=1"
          ]
        },
        {
          "name" : "LABELS",
          "value" : 
          [
            "D0.05"
          ]
        },
        {
          "name" : "TIMEOUT",
          "value" : 240.0
        },
        {
          "name" : "WORKING_DIRECTORY",
          "value" : "E:/VS2019Qt5.15/3D"
        }
      ]
    },
    {
      "backtrace" : 151,
      "command" : 
      [
        "C:/Users/xrx10/AppData/Local/Programs/Python/Python311/python.exe",
        "-X",
        "utf8",
        "E:/VS2019Qt5.15/3D/tools/testing/g0_cases.py",
        "--case",
        "dedup_model.test_dedup_model.DedupContracts.test_T15_intent_server_scope_and_namespace_reject_forgery"
      ],
      "config" : "Debug",
      "name" : "T15.intent.server_scope_and_namespace_reject_forgery",
      "properties" : 
      [
        {
          "name" : "ENVIRONMENT",
          "value" : 
          [
            "MSBUILDDISABLENODEREUSE=1"
          ]
        },
        {
          "name" : "LABELS",
          "value" : 
          [
            "D0.05"
          ]
        },
        {
          "name" : "TIMEOUT",
          "value" : 240.0
        },
        {
          "name" : "WORKING_DIRECTORY",
          "value" : "E:/VS2019Qt5.15/3D"
        }
      ]
    },
    {
      "backtrace" : 155,
      "command" : 
      [
        "C:/Users/xrx10/AppData/Local/Programs/Python/Python311/python.exe",
        "-X",
        "utf8",
        "E:/VS2019Qt5.15/3D/tools/testing/g0_cases.py",
        "--case",
        "dedup_model.test_dedup_model.DedupContracts.test_T15_intent_future_expired_and_existing_before_floor"
      ],
      "config" : "Debug",
      "name" : "T15.intent.future_expired_and_existing_before_floor",
      "properties" : 
      [
        {
          "name" : "ENVIRONMENT",
          "value" : 
          [
            "MSBUILDDISABLENODEREUSE=1"
          ]
        },
        {
          "name" : "LABELS",
          "value" : 
          [
            "D0.05"
          ]
        },
        {
          "name" : "TIMEOUT",
          "value" : 240.0
        },
        {
          "name" : "WORKING_DIRECTORY",
          "value" : "E:/VS2019Qt5.15/3D"
        }
      ]
    },
    {
      "backtrace" : 159,
      "command" : 
      [
        "C:/Users/xrx10/AppData/Local/Programs/Python/Python311/python.exe",
        "-X",
        "utf8",
        "E:/VS2019Qt5.15/3D/tools/testing/g0_cases.py",
        "--case",
        "dedup_model.test_dedup_model.DedupContracts.test_T14_intent_acceptance_transaction_crash_windows"
      ],
      "config" : "Debug",
      "name" : "T14.intent.acceptance_transaction_crash_windows",
      "properties" : 
      [
        {
          "name" : "ENVIRONMENT",
          "value" : 
          [
            "MSBUILDDISABLENODEREUSE=1"
          ]
        },
        {
          "name" : "LABELS",
          "value" : 
          [
            "D0.05"
          ]
        },
        {
          "name" : "TIMEOUT",
          "value" : 240.0
        },
        {
          "name" : "WORKING_DIRECTORY",
          "value" : "E:/VS2019Qt5.15/3D"
        }
      ]
    },
    {
      "backtrace" : 163,
      "command" : 
      [
        "C:/Users/xrx10/AppData/Local/Programs/Python/Python311/python.exe",
        "-X",
        "utf8",
        "E:/VS2019Qt5.15/3D/tools/testing/g0_cases.py",
        "--case",
        "dedup_model.test_dedup_model.DedupContracts.test_T15_intent_claim_gc_both_orders"
      ],
      "config" : "Debug",
      "name" : "T15.intent.claim_gc_both_orders",
      "properties" : 
      [
        {
          "name" : "ENVIRONMENT",
          "value" : 
          [
            "MSBUILDDISABLENODEREUSE=1"
          ]
        },
        {
          "name" : "LABELS",
          "value" : 
          [
            "D0.05"
          ]
        },
        {
          "name" : "TIMEOUT",
          "value" : 240.0
        },
        {
          "name" : "WORKING_DIRECTORY",
          "value" : "E:/VS2019Qt5.15/3D"
        }
      ]
    },
    {
      "backtrace" : 167,
      "command" : 
      [
        "C:/Users/xrx10/AppData/Local/Programs/Python/Python311/python.exe",
        "-X",
        "utf8",
        "E:/VS2019Qt5.15/3D/tools/testing/g0_cases.py",
        "--case",
        "dedup_model.test_dedup_model.DedupContracts.test_T15_intent_writer_transaction_prevents_interleaving"
      ],
      "config" : "Debug",
      "name" : "T15.intent.writer_transaction_prevents_interleaving",
      "properties" : 
      [
        {
          "name" : "ENVIRONMENT",
          "value" : 
          [
            "MSBUILDDISABLENODEREUSE=1"
          ]
        },
        {
          "name" : "LABELS",
          "value" : 
          [
            "D0.05"
          ]
        },
        {
          "name" : "TIMEOUT",
          "value" : 240.0
        },
        {
          "name" : "WORKING_DIRECTORY",
          "value" : "E:/VS2019Qt5.15/3D"
        }
      ]
    },
    {
      "backtrace" : 171,
      "command" : 
      [
        "C:/Users/xrx10/AppData/Local/Programs/Python/Python311/python.exe",
        "-X",
        "utf8",
        "E:/VS2019Qt5.15/3D/tools/testing/g0_cases.py",
        "--case",
        "dedup_model.test_dedup_model.DedupContracts.test_T15_gc_watermark_and_delete_crash_windows"
      ],
      "config" : "Debug",
      "name" : "T15.gc.watermark_and_delete_crash_windows",
      "properties" : 
      [
        {
          "name" : "ENVIRONMENT",
          "value" : 
          [
            "MSBUILDDISABLENODEREUSE=1"
          ]
        },
        {
          "name" : "LABELS",
          "value" : 
          [
            "D0.05"
          ]
        },
        {
          "name" : "TIMEOUT",
          "value" : 240.0
        },
        {
          "name" : "WORKING_DIRECTORY",
          "value" : "E:/VS2019Qt5.15/3D"
        }
      ]
    },
    {
      "backtrace" : 175,
      "command" : 
      [
        "C:/Users/xrx10/AppData/Local/Programs/Python/Python311/python.exe",
        "-X",
        "utf8",
        "E:/VS2019Qt5.15/3D/tools/testing/g0_cases.py",
        "--case",
        "dedup_model.test_dedup_model.DedupContracts.test_T15_gc_delete_before_watermark_is_detected"
      ],
      "config" : "Debug",
      "name" : "T15.gc.delete_before_watermark_is_detected",
      "properties" : 
      [
        {
          "name" : "ENVIRONMENT",
          "value" : 
          [
            "MSBUILDDISABLENODEREUSE=1"
          ]
        },
        {
          "name" : "LABELS",
          "value" : 
          [
            "D0.05"
          ]
        },
        {
          "name" : "TIMEOUT",
          "value" : 240.0
        },
        {
          "name" : "WORKING_DIRECTORY",
          "value" : "E:/VS2019Qt5.15/3D"
        }
      ]
    },
    {
      "backtrace" : 179,
      "command" : 
      [
        "C:/Users/xrx10/AppData/Local/Programs/Python/Python311/python.exe",
        "-X",
        "utf8",
        "E:/VS2019Qt5.15/3D/tools/testing/g0_cases.py",
        "--case",
        "dedup_model.test_dedup_model.DedupContracts.test_T15_gc_pins_inflight_unknown_and_references"
      ],
      "config" : "Debug",
      "name" : "T15.gc.pins_inflight_unknown_and_references",
      "properties" : 
      [
        {
          "name" : "ENVIRONMENT",
          "value" : 
          [
            "MSBUILDDISABLENODEREUSE=1"
          ]
        },
        {
          "name" : "LABELS",
          "value" : 
          [
            "D0.05"
          ]
        },
        {
          "name" : "TIMEOUT",
          "value" : 240.0
        },
        {
          "name" : "WORKING_DIRECTORY",
          "value" : "E:/VS2019Qt5.15/3D"
        }
      ]
    },
    {
      "backtrace" : 183,
      "command" : 
      [
        "C:/Users/xrx10/AppData/Local/Programs/Python/Python311/python.exe",
        "-X",
        "utf8",
        "E:/VS2019Qt5.15/3D/tools/testing/g0_cases.py",
        "--case",
        "dedup_model.test_dedup_model.DedupContracts.test_T15_gc_scope_watermarks_are_independent_monotonic"
      ],
      "config" : "Debug",
      "name" : "T15.gc.scope_watermarks_are_independent_monotonic",
      "properties" : 
      [
        {
          "name" : "ENVIRONMENT",
          "value" : 
          [
            "MSBUILDDISABLENODEREUSE=1"
          ]
        },
        {
          "name" : "LABELS",
          "value" : 
          [
            "D0.05"
          ]
        },
        {
          "name" : "TIMEOUT",
          "value" : 240.0
        },
        {
          "name" : "WORKING_DIRECTORY",
          "value" : "E:/VS2019Qt5.15/3D"
        }
      ]
    },
    {
      "backtrace" : 187,
      "command" : 
      [
        "C:/Users/xrx10/AppData/Local/Programs/Python/Python311/python.exe",
        "-X",
        "utf8",
        "E:/VS2019Qt5.15/3D/tools/testing/g0_cases.py",
        "--case",
        "dedup_model.test_dedup_model.DedupContracts.test_T15_intent_volatile_capacity_preserves_window"
      ],
      "config" : "Debug",
      "name" : "T15.intent.volatile_capacity_preserves_window",
      "properties" : 
      [
        {
          "name" : "ENVIRONMENT",
          "value" : 
          [
            "MSBUILDDISABLENODEREUSE=1"
          ]
        },
        {
          "name" : "LABELS",
          "value" : 
          [
            "D0.05"
          ]
        },
        {
          "name" : "TIMEOUT",
          "value" : 240.0
        },
        {
          "name" : "WORKING_DIRECTORY",
          "value" : "E:/VS2019Qt5.15/3D"
        }
      ]
    },
    {
      "backtrace" : 191,
      "command" : 
      [
        "C:/Users/xrx10/AppData/Local/Programs/Python/Python311/python.exe",
        "-X",
        "utf8",
        "E:/VS2019Qt5.15/3D/tools/testing/g0_cases.py",
        "--case",
        "dedup_model.test_dedup_model.DedupContracts.test_T15_intent_client_retry_never_changes_identity"
      ],
      "config" : "Debug",
      "name" : "T15.intent.client_retry_never_changes_identity",
      "properties" : 
      [
        {
          "name" : "ENVIRONMENT",
          "value" : 
          [
            "MSBUILDDISABLENODEREUSE=1"
          ]
        },
        {
          "name" : "LABELS",
          "value" : 
          [
            "D0.05"
          ]
        },
        {
          "name" : "TIMEOUT",
          "value" : 240.0
        },
        {
          "name" : "WORKING_DIRECTORY",
          "value" : "E:/VS2019Qt5.15/3D"
        }
      ]
    },
    {
      "backtrace" : 195,
      "command" : 
      [
        "C:/Users/xrx10/AppData/Local/Programs/Python/Python311/python.exe",
        "-X",
        "utf8",
        "E:/VS2019Qt5.15/3D/tools/testing/g0_cases.py",
        "--case",
        "dedup_model.test_dedup_model.DedupContracts.test_T15_step_internal_key_and_parameter_binding"
      ],
      "config" : "Debug",
      "name" : "T15.step.internal_key_and_parameter_binding",
      "properties" : 
      [
        {
          "name" : "ENVIRONMENT",
          "value" : 
          [
            "MSBUILDDISABLENODEREUSE=1"
          ]
        },
        {
          "name" : "LABELS",
          "value" : 
          [
            "D0.05"
          ]
        },
        {
          "name" : "TIMEOUT",
          "value" : 240.0
        },
        {
          "name" : "WORKING_DIRECTORY",
          "value" : "E:/VS2019Qt5.15/3D"
        }
      ]
    },
    {
      "backtrace" : 199,
      "command" : 
      [
        "C:/Users/xrx10/AppData/Local/Programs/Python/Python311/python.exe",
        "-X",
        "utf8",
        "E:/VS2019Qt5.15/3D/tools/testing/g0_cases.py",
        "--case",
        "dedup_model.test_dedup_model.DedupContracts.test_T15_step_branch_iteration_and_occurrence_are_identity"
      ],
      "config" : "Debug",
      "name" : "T15.step.branch_iteration_and_occurrence_are_identity",
      "properties" : 
      [
        {
          "name" : "ENVIRONMENT",
          "value" : 
          [
            "MSBUILDDISABLENODEREUSE=1"
          ]
        },
        {
          "name" : "LABELS",
          "value" : 
          [
            "D0.05"
          ]
        },
        {
          "name" : "TIMEOUT",
          "value" : 240.0
        },
        {
          "name" : "WORKING_DIRECTORY",
          "value" : "E:/VS2019Qt5.15/3D"
        }
      ]
    },
    {
      "backtrace" : 203,
      "command" : 
      [
        "C:/Users/xrx10/AppData/Local/Programs/Python/Python311/python.exe",
        "-X",
        "utf8",
        "E:/VS2019Qt5.15/3D/tools/testing/g0_cases.py",
        "--case",
        "dedup_model.test_dedup_model.DedupContracts.test_T15_step_admission_lifetime_definition_and_authorization"
      ],
      "config" : "Debug",
      "name" : "T15.step.admission_lifetime_definition_and_authorization",
      "properties" : 
      [
        {
          "name" : "ENVIRONMENT",
          "value" : 
          [
            "MSBUILDDISABLENODEREUSE=1"
          ]
        },
        {
          "name" : "LABELS",
          "value" : 
          [
            "D0.05"
          ]
        },
        {
          "name" : "TIMEOUT",
          "value" : 240.0
        },
        {
          "name" : "WORKING_DIRECTORY",
          "value" : "E:/VS2019Qt5.15/3D"
        }
      ]
    },
    {
      "backtrace" : 207,
      "command" : 
      [
        "C:/Users/xrx10/AppData/Local/Programs/Python/Python311/python.exe",
        "-X",
        "utf8",
        "E:/VS2019Qt5.15/3D/tools/testing/g0_cases.py",
        "--case",
        "dedup_model.test_dedup_model.DedupContracts.test_T15_step_external_interface_has_no_epoch_bypass"
      ],
      "config" : "Debug",
      "name" : "T15.step.external_interface_has_no_epoch_bypass",
      "properties" : 
      [
        {
          "name" : "ENVIRONMENT",
          "value" : 
          [
            "MSBUILDDISABLENODEREUSE=1"
          ]
        },
        {
          "name" : "LABELS",
          "value" : 
          [
            "D0.05"
          ]
        },
        {
          "name" : "TIMEOUT",
          "value" : 240.0
        },
        {
          "name" : "WORKING_DIRECTORY",
          "value" : "E:/VS2019Qt5.15/3D"
        }
      ]
    },
    {
      "backtrace" : 211,
      "command" : 
      [
        "C:/Users/xrx10/AppData/Local/Programs/Python/Python311/python.exe",
        "-X",
        "utf8",
        "E:/VS2019Qt5.15/3D/tools/testing/g0_cases.py",
        "--case",
        "dedup_model.test_dedup_model.DedupContracts.test_T18_restore_restart_preserves_store_and_generation"
      ],
      "config" : "Debug",
      "name" : "T18.restore.restart_preserves_store_and_generation",
      "properties" : 
      [
        {
          "name" : "ENVIRONMENT",
          "value" : 
          [
            "MSBUILDDISABLENODEREUSE=1"
          ]
        },
        {
          "name" : "LABELS",
          "value" : 
          [
            "D0.05"
          ]
        },
        {
          "name" : "TIMEOUT",
          "value" : 240.0
        },
        {
          "name" : "WORKING_DIRECTORY",
          "value" : "E:/VS2019Qt5.15/3D"
        }
      ]
    },
    {
      "backtrace" : 215,
      "command" : 
      [
        "C:/Users/xrx10/AppData/Local/Programs/Python/Python311/python.exe",
        "-X",
        "utf8",
        "E:/VS2019Qt5.15/3D/tools/testing/g0_cases.py",
        "--case",
        "dedup_model.test_dedup_model.DedupContracts.test_T18_restore_old_backup_changes_generation_and_seals_effects"
      ],
      "config" : "Debug",
      "name" : "T18.restore.old_backup_changes_generation_and_seals_effects",
      "properties" : 
      [
        {
          "name" : "ENVIRONMENT",
          "value" : 
          [
            "MSBUILDDISABLENODEREUSE=1"
          ]
        },
        {
          "name" : "LABELS",
          "value" : 
          [
            "D0.05"
          ]
        },
        {
          "name" : "TIMEOUT",
          "value" : 240.0
        },
        {
          "name" : "WORKING_DIRECTORY",
          "value" : "E:/VS2019Qt5.15/3D"
        }
      ]
    },
    {
      "backtrace" : 219,
      "command" : 
      [
        "C:/Users/xrx10/AppData/Local/Programs/Python/Python311/python.exe",
        "-X",
        "utf8",
        "E:/VS2019Qt5.15/3D/tools/testing/g0_cases.py",
        "--case",
        "dedup_model.test_dedup_model.DedupContracts.test_T18_restore_reconciliation_does_not_replay_history"
      ],
      "config" : "Debug",
      "name" : "T18.restore.reconciliation_does_not_replay_history",
      "properties" : 
      [
        {
          "name" : "ENVIRONMENT",
          "value" : 
          [
            "MSBUILDDISABLENODEREUSE=1"
          ]
        },
        {
          "name" : "LABELS",
          "value" : 
          [
            "D0.05"
          ]
        },
        {
          "name" : "TIMEOUT",
          "value" : 240.0
        },
        {
          "name" : "WORKING_DIRECTORY",
          "value" : "E:/VS2019Qt5.15/3D"
        }
      ]
    },
    {
      "backtrace" : 223,
      "command" : 
      [
        "C:/Users/xrx10/AppData/Local/Programs/Python/Python311/python.exe",
        "-X",
        "utf8",
        "E:/VS2019Qt5.15/3D/tools/testing/g0_cases.py",
        "--case",
        "dedup_model.test_dedup_model.DedupContracts.test_T18_backup_manifest_pins_and_validation"
      ],
      "config" : "Debug",
      "name" : "T18.backup.manifest_pins_and_validation",
      "properties" : 
      [
        {
          "name" : "ENVIRONMENT",
          "value" : 
          [
            "MSBUILDDISABLENODEREUSE=1"
          ]
        },
        {
          "name" : "LABELS",
          "value" : 
          [
            "D0.05"
          ]
        },
        {
          "name" : "TIMEOUT",
          "value" : 240.0
        },
        {
          "name" : "WORKING_DIRECTORY",
          "value" : "E:/VS2019Qt5.15/3D"
        }
      ]
    },
    {
      "backtrace" : 227,
      "command" : 
      [
        "C:/Users/xrx10/AppData/Local/Programs/Python/Python311/python.exe",
        "-X",
        "utf8",
        "E:/VS2019Qt5.15/3D/tools/testing/g0_cases.py",
        "--case",
        "dedup_model.test_dedup_model.DedupContracts.test_T18_restore_invalidates_child_admission"
      ],
      "config" : "Debug",
      "name" : "T18.restore.invalidates_child_admission",
      "properties" : 
      [
        {
          "name" : "ENVIRONMENT",
          "value" : 
          [
            "MSBUILDDISABLENODEREUSE=1"
          ]
        },
        {
          "name" : "LABELS",
          "value" : 
          [
            "D0.05"
          ]
        },
        {
          "name" : "TIMEOUT",
          "value" : 240.0
        },
        {
          "name" : "WORKING_DIRECTORY",
          "value" : "E:/VS2019Qt5.15/3D"
        }
      ]
    },
    {
      "backtrace" : 231,
      "command" : 
      [
        "C:/Users/xrx10/AppData/Local/Programs/Python/Python311/python.exe",
        "-X",
        "utf8",
        "E:/VS2019Qt5.15/3D/tools/testing/g0_cases.py",
        "--case",
        "dedup_model.test_dedup_model.DedupContracts.test_T15_intent_expected_manifest_matches_fixed_cases"
      ],
      "config" : "Debug",
      "name" : "T15.intent.expected_manifest_matches_fixed_cases",
      "properties" : 
      [
        {
          "name" : "ENVIRONMENT",
          "value" : 
          [
            "MSBUILDDISABLENODEREUSE=1"
          ]
        },
        {
          "name" : "LABELS",
          "value" : 
          [
            "D0.05"
          ]
        },
        {
          "name" : "TIMEOUT",
          "value" : 240.0
        },
        {
          "name" : "WORKING_DIRECTORY",
          "value" : "E:/VS2019Qt5.15/3D"
        }
      ]
    },
    {
      "backtrace" : 235,
      "command" : 
      [
        "C:/Users/xrx10/AppData/Local/Programs/Python/Python311/python.exe",
        "-X",
        "utf8",
        "E:/VS2019Qt5.15/3D/tools/testing/g0_cases.py",
        "--case",
        "dedup_model.test_dedup_model.DedupContracts.test_T18_restore_structure_checked_before_generation_change"
      ],
      "config" : "Debug",
      "name" : "T18.restore.structure_checked_before_generation_change",
      "properties" : 
      [
        {
          "name" : "ENVIRONMENT",
          "value" : 
          [
            "MSBUILDDISABLENODEREUSE=1"
          ]
        },
        {
          "name" : "LABELS",
          "value" : 
          [
            "D0.05"
          ]
        },
        {
          "name" : "TIMEOUT",
          "value" : 240.0
        },
        {
          "name" : "WORKING_DIRECTORY",
          "value" : "E:/VS2019Qt5.15/3D"
        }
      ]
    },
    {
      "backtrace" : 239,
      "command" : 
      [
        "C:/Users/xrx10/AppData/Local/Programs/Python/Python311/python.exe",
        "-X",
        "utf8",
        "E:/VS2019Qt5.15/3D/tools/testing/g0_cases.py",
        "--case",
        "dedup_model.test_dedup_model.DedupContracts.test_T18_restore_new_effect_requires_reconciliation_and_new_intent"
      ],
      "config" : "Debug",
      "name" : "T18.restore.new_effect_requires_reconciliation_and_new_intent",
      "properties" : 
      [
        {
          "name" : "ENVIRONMENT",
          "value" : 
          [
            "MSBUILDDISABLENODEREUSE=1"
          ]
        },
        {
          "name" : "LABELS",
          "value" : 
          [
            "D0.05"
          ]
        },
        {
          "name" : "TIMEOUT",
          "value" : 240.0
        },
        {
          "name" : "WORKING_DIRECTORY",
          "value" : "E:/VS2019Qt5.15/3D"
        }
      ]
    },
    {
      "backtrace" : 243,
      "command" : 
      [
        "C:/Users/xrx10/AppData/Local/Programs/Python/Python311/python.exe",
        "-X",
        "utf8",
        "E:/VS2019Qt5.15/3D/tools/testing/g0_cases.py",
        "--case",
        "dedup_model.test_dedup_model.DedupContracts.test_T15_intent_request_symbol_values_are_owned"
      ],
      "config" : "Debug",
      "name" : "T15.intent.request_symbol_values_are_owned",
      "properties" : 
      [
        {
          "name" : "ENVIRONMENT",
          "value" : 
          [
            "MSBUILDDISABLENODEREUSE=1"
          ]
        },
        {
          "name" : "LABELS",
          "value" : 
          [
            "D0.05"
          ]
        },
        {
          "name" : "TIMEOUT",
          "value" : 240.0
        },
        {
          "name" : "WORKING_DIRECTORY",
          "value" : "E:/VS2019Qt5.15/3D"
        }
      ]
    },
    {
      "backtrace" : 247,
      "command" : 
      [
        "C:/Users/xrx10/AppData/Local/Programs/Python/Python311/python.exe",
        "-X",
        "utf8",
        "E:/VS2019Qt5.15/3D/tools/testing/g0_cases.py",
        "--case",
        "dedup_model.test_dedup_model.DedupContracts.test_T15_intent_fingerprint_preserves_scalar_types"
      ],
      "config" : "Debug",
      "name" : "T15.intent.fingerprint_preserves_scalar_types",
      "properties" : 
      [
        {
          "name" : "ENVIRONMENT",
          "value" : 
          [
            "MSBUILDDISABLENODEREUSE=1"
          ]
        },
        {
          "name" : "LABELS",
          "value" : 
          [
            "D0.05"
          ]
        },
        {
          "name" : "TIMEOUT",
          "value" : 240.0
        },
        {
          "name" : "WORKING_DIRECTORY",
          "value" : "E:/VS2019Qt5.15/3D"
        }
      ]
    },
    {
      "backtrace" : 251,
      "command" : 
      [
        "C:/Users/xrx10/AppData/Local/Programs/Python/Python311/python.exe",
        "-X",
        "utf8",
        "E:/VS2019Qt5.15/3D/tools/testing/g0_cases.py",
        "--case",
        "dedup_model.test_dedup_model.DedupContracts.test_T18_restore_unknown_effect_cannot_reenter_claimed"
      ],
      "config" : "Debug",
      "name" : "T18.restore.unknown_effect_cannot_reenter_claimed",
      "properties" : 
      [
        {
          "name" : "ENVIRONMENT",
          "value" : 
          [
            "MSBUILDDISABLENODEREUSE=1"
          ]
        },
        {
          "name" : "LABELS",
          "value" : 
          [
            "D0.05"
          ]
        },
        {
          "name" : "TIMEOUT",
          "value" : 240.0
        },
        {
          "name" : "WORKING_DIRECTORY",
          "value" : "E:/VS2019Qt5.15/3D"
        }
      ]
    }
  ],
  "version" : 
  {
    "major" : 1,
    "minor" : 0
  }
}