Microsoft (R) COFF/PE Dumper Version 14.44.35216.0
Copyright (C) Microsoft Corporation.  All rights reserved.


Dump of file J:\Code\Kernel_v2\build\footprint-ea2970b36d044b548f3e41ff8feb3e87\Debug\footprint_baseline.exe

File Type: EXECUTABLE IMAGE

  Section contains the following imports:

    KERNEL32.dll
             140012000 Import Address Table
             1400124F0 Import Name Table
                     0 time date stamp
                     0 Index of first forwarder reference

                          9D CloseHandle
                         481 QueryPerformanceCounter
                         55C SetEvent
                         625 WaitForSingleObject
                         242 GetCurrentProcessId
                         412 MapViewOfFile
                         5FE UnmapViewOfFile
                         498 RaiseException
                         423 MultiByteToWideChar
                         64C WideCharToMultiByte
                         509 RtlCaptureContext
                         511 RtlLookupFunctionEntry
                         2DD GetProcAddress
                         518 RtlVirtualUnwind
                         5FB UnhandledExceptionFilter
                         5B8 SetUnhandledExceptionFilter
                         241 GetCurrentProcess
                         5D8 TerminateProcess
                         3B8 IsProcessorFeaturePresent
                         246 GetCurrentThreadId
                         31A GetSystemTimeAsFileTime
                         1D4 FreeLibrary
                         61C VirtualQuery
                         2E4 GetProcessHeap
                         380 HeapFree
                         37C HeapAlloc
                         28D GetLastError
                         2A5 GetModuleHandleW
                         301 GetStartupInfoW
                         39A InitializeSListHead
                         3B0 IsDebuggerPresent

    VCRUNTIME140D.dll
             140012180 Import Address Table
             140012670 Import Name Table
                     0 time date stamp
                     0 Index of first forwarder reference

                          2E __vcrt_GetModuleFileNameW
                          1C __current_exception_context
                          1B __current_exception
                          25 __std_type_info_destroy_list
                          2F __vcrt_GetModuleHandleW
                           8 __C_specific_handler
                          3B memcmp
                           1 _CxxThrowException
                          22 __std_exception_destroy
                          21 __std_exception_copy
                           9 __C_specific_handler_noexcept
                          31 __vcrt_LoadLibraryExW
                          3C memcpy

    VCRUNTIME140_1D.dll
             140012250 Import Address Table
             140012740 Import Name Table
                     0 time date stamp
                     0 Index of first forwarder reference

                           0 __CxxFrameHandler4

    ucrtbased.dll
             1400122B0 Import Address Table
             1400127A0 Import Name Table
                     0 time date stamp
                     0 Index of first forwarder reference

                          4D __p__commode
                         11D _free_dbg
                         52C strcpy_s
                         528 strcat_s
                          68 __stdio_common_vsprintf_s
                         2C2 _seh_filter_dll
                         172 _initialize_onexit_table
                         2B5 _register_onexit_function
                          E5 _execute_onexit_table
                          C2 _crt_atexit
                          C1 _crt_at_quick_exit
                         54B terminate
                         39C _wmakepath_s
                         3B8 _wsplitpath_s
                         564 wcscpy_s
                         2CE _set_new_mode
                          A4 _cexit
                          B5 _configthreadlocale
                          49 __p___argc
                         2CB _set_fmode
                          EA _exit
                         450 exit
                         175 _initterm_e
                         174 _initterm
                         13D _get_initial_narrow_environment
                         171 _initialize_narrow_environment
                          B6 _configure_narrow_argv
                          5B __setusermatherr
                         2C6 _set_app_type
                         2C3 _seh_filter_exe
                           5 _CrtDbgReportW
                         531 strlen
                          5C __stdio_common_vfprintf
                          35 __acrt_iob_func
                         543 strtoull
                           4 _CrtDbgReport
                         179 _invoke_watson
                          4A __p___argv
                         2B6 _register_thread_local_exe_atexit_callback
                          9F _c_exit

  Summary

        1000 .00cfg
        1000 .data
        2000 .idata
        1000 .pdata
        4000 .rdata
        1000 .reloc
        1000 .rsrc
        B000 .text
