CMake is re-running because J:/Code/Kernel_v2/build/b2-data-debug/CMakeFiles/generate.stamp is out-of-date.
  the file 'J:/Code/Kernel_v2/tests/unit/data/CMakeLists.txt'
  is newer than 'J:/Code/Kernel_v2/build/b2-data-debug/CMakeFiles/generate.stamp.depend'
  result='-1'
-- Selecting Windows SDK version 10.0.26100.0 to target Windows 10.
-- Configuring done (1.6s)
-- Generating done (0.1s)
-- Build files have been written to: J:/Code/Kernel_v2/build/b2-data-debug
适用于 .NET Framework MSBuild 版本 17.14.23+b0019275e

  ock_data_contract.vcxproj -> J:\Code\Kernel_v2\build\b2-data-debug\Debug\ock_data_contract.lib
  ock_binding_contract.vcxproj -> J:\Code\Kernel_v2\build\b2-data-debug\Debug\ock_binding_contract.lib
  ock_catalog_contract.vcxproj -> J:\Code\Kernel_v2\build\b2-data-debug\Debug\ock_catalog_contract.lib
  ock_host_contract.vcxproj -> J:\Code\Kernel_v2\build\b2-data-debug\Debug\ock_host_contract.lib
  ock_protocol_contract.vcxproj -> J:\Code\Kernel_v2\build\b2-data-debug\Debug\ock_protocol_contract.lib
  ock_router_contract.vcxproj -> J:\Code\Kernel_v2\build\b2-data-debug\Debug\ock_router_contract.lib
  Building Custom Rule J:/Code/Kernel_v2/tests/unit/data/CMakeLists.txt
  invoke_method.cpp
J:\Code\Kernel_v2\packages\control\server\include\ock\control\invoke_method.hpp(41,14): error C2039: "OperationSelector": 不是 "ock::contracts" 的成员 [J:\Code\Kernel_v2\build\b2-data-debug\ock_invoke_contract.vcxproj]
  (编译源文件“../../packages/control/server/invoke_method.cpp”)
      J:\Code\Kernel_v2\packages\contracts\include\ock\contracts\logging.hpp(8,11):
      参见“ock::contracts”的声明
  
J:\Code\Kernel_v2\packages\control\server\include\ock\control\invoke_method.hpp(41,32): error C3646: “selector_”: 未知重写说明符 [J:\Code\Kernel_v2\build\b2-data-debug\ock_invoke_contract.vcxproj]
  (编译源文件“../../packages/control/server/invoke_method.cpp”)
  
J:\Code\Kernel_v2\packages\control\server\include\ock\control\invoke_method.hpp(41,14): error C4430: 缺少类型说明符 - 假定为 int。注意: C++ 不支持默认 int [J:\Code\Kernel_v2\build\b2-data-debug\ock_invoke_contract.vcxproj]
  (编译源文件“../../packages/control/server/invoke_method.cpp”)
  
J:\Code\Kernel_v2\packages\control\server\include\ock\control\invoke_method.hpp(43,32): error C2039: "OperationSelector": 不是 "ock::contracts" 的成员 [J:\Code\Kernel_v2\build\b2-data-debug\ock_invoke_contract.vcxproj]
  (编译源文件“../../packages/control/server/invoke_method.cpp”)
      J:\Code\Kernel_v2\packages\contracts\include\ock\contracts\logging.hpp(8,11):
      参见“ock::contracts”的声明
  
J:\Code\Kernel_v2\packages\control\server\include\ock\control\invoke_method.hpp(43,32): error C2061: 语法错误: 标识符“OperationSelector” [J:\Code\Kernel_v2\build\b2-data-debug\ock_invoke_contract.vcxproj]
  (编译源文件“../../packages/control/server/invoke_method.cpp”)
  
J:\Code\Kernel_v2\packages\control\server\include\ock\control\invoke_method.hpp(44,28): error C2065: “selector”: 未声明的标识符 [J:\Code\Kernel_v2\build\b2-data-debug\ock_invoke_contract.vcxproj]
  (编译源文件“../../packages/control/server/invoke_method.cpp”)
  
J:\Code\Kernel_v2\packages\control\server\include\ock\control\invoke_method.hpp(44,58): error C2065: “invoker”: 未声明的标识符 [J:\Code\Kernel_v2\build\b2-data-debug\ock_invoke_contract.vcxproj]
  (编译源文件“../../packages/control/server/invoke_method.cpp”)
  
J:\Code\Kernel_v2\packages\control\server\include\ock\control\invoke_method.hpp(44,8): error C2614: “ock::control::InvocationBinding”: 非法的成员初始化:“selector_”不是基或成员 [J:\Code\Kernel_v2\build\b2-data-debug\ock_invoke_contract.vcxproj]
  (编译源文件“../../packages/control/server/invoke_method.cpp”)
  
J:\Code\Kernel_v2\packages\control\server\invoke_method.cpp(21,20): error C2039: "selector_": 不是 "ock::control::InvocationBinding" 的成员 [J:\Code\Kernel_v2\build\b2-data-debug\ock_invoke_contract.vcxproj]
      J:\Code\Kernel_v2\packages\control\server\include\ock\control\invoke_method.hpp(18,7):
      参见“ock::control::InvocationBinding”的声明
  
J:\Code\Kernel_v2\packages\control\server\invoke_method.cpp(21,53): error C2039: "selector_": 不是 "ock::control::InvocationBinding" 的成员 [J:\Code\Kernel_v2\build\b2-data-debug\ock_invoke_contract.vcxproj]
      J:\Code\Kernel_v2\packages\control\server\include\ock\control\invoke_method.hpp(18,7):
      参见“ock::control::InvocationBinding”的声明
  
J:\Code\Kernel_v2\packages\control\server\invoke_method.cpp(35,42): error C2039: "selector_": 不是 "ock::control::InvocationBinding" 的成员 [J:\Code\Kernel_v2\build\b2-data-debug\ock_invoke_contract.vcxproj]
      J:\Code\Kernel_v2\packages\control\server\include\ock\control\invoke_method.hpp(18,7):
      参见“ock::control::InvocationBinding”的声明
  
J:\Code\Kernel_v2\packages\control\server\invoke_method.cpp(36,16): error C2039: "selector_": 不是 "ock::control::InvocationBinding" 的成员 [J:\Code\Kernel_v2\build\b2-data-debug\ock_invoke_contract.vcxproj]
      J:\Code\Kernel_v2\packages\control\server\include\ock\control\invoke_method.hpp(18,7):
      参见“ock::control::InvocationBinding”的声明
  
