-- Installing: J:\Code\Kernel_v2\build\b2-install-y2betctj\original/lib/cmake/OCK/OCKThirdPartyTargets.cmake
-- Installing: J:\Code\Kernel_v2\build\b2-install-y2betctj\original/include/tl/expected.hpp
-- Installing: J:\Code\Kernel_v2\build\b2-install-y2betctj\original/share/ock/licenses/tl-expected-CC0-1.0.txt
-- Installing: J:\Code\Kernel_v2\build\b2-install-y2betctj\original/lib/ock_Runtime.lib
-- Installing: J:\Code\Kernel_v2\build\b2-install-y2betctj\original/lib/ock_Data.lib
-- Up-to-date: J:\Code\Kernel_v2\build\b2-install-y2betctj\original/include
-- Installing: J:\Code\Kernel_v2\build\b2-install-y2betctj\original/include/ock
-- Installing: J:\Code\Kernel_v2\build\b2-install-y2betctj\original/include/ock/data
-- Installing: J:\Code\Kernel_v2\build\b2-install-y2betctj\original/include/ock/data/payload.hpp
-- Installing: J:\Code\Kernel_v2\build\b2-install-y2betctj\original/lib/ock_Dynamic.lib
-- Up-to-date: J:\Code\Kernel_v2\build\b2-install-y2betctj\original/include
-- Up-to-date: J:\Code\Kernel_v2\build\b2-install-y2betctj\original/include/ock
-- Installing: J:\Code\Kernel_v2\build\b2-install-y2betctj\original/include/ock/dynamic
-- Installing: J:\Code\Kernel_v2\build\b2-install-y2betctj\original/include/ock/dynamic/binding
-- Installing: J:\Code\Kernel_v2\build\b2-install-y2betctj\original/include/ock/dynamic/binding/bound_operation.hpp
-- Installing: J:\Code\Kernel_v2\build\b2-install-y2betctj\original/include/ock/dynamic/binding/record.hpp
-- Installing: J:\Code\Kernel_v2\build\b2-install-y2betctj\original/include/ock/dynamic/binding/registered_record.hpp
-- Installing: J:\Code\Kernel_v2\build\b2-install-y2betctj\original/include/ock/dynamic/binding/schema.hpp
-- Installing: J:\Code\Kernel_v2\build\b2-install-y2betctj\original/include/ock/dynamic/binding/type_contract.hpp
-- Installing: J:\Code\Kernel_v2\build\b2-install-y2betctj\original/include/ock/dynamic/catalog
-- Installing: J:\Code\Kernel_v2\build\b2-install-y2betctj\original/include/ock/dynamic/catalog/catalog.hpp
-- Installing: J:\Code\Kernel_v2\build\b2-install-y2betctj\original/lib/ock_ControlProtocol.lib
-- Up-to-date: J:\Code\Kernel_v2\build\b2-install-y2betctj\original/include
-- Up-to-date: J:\Code\Kernel_v2\build\b2-install-y2betctj\original/include/ock
-- Installing: J:\Code\Kernel_v2\build\b2-install-y2betctj\original/include/ock/control_protocol
-- Installing: J:\Code\Kernel_v2\build\b2-install-y2betctj\original/include/ock/control_protocol/observation_wire.hpp
-- Installing: J:\Code\Kernel_v2\build\b2-install-y2betctj\original/include/ock/control_protocol/outcome_wire.hpp
-- Installing: J:\Code\Kernel_v2\build\b2-install-y2betctj\original/include/ock/control_protocol/protocol.hpp
-- Installing: J:\Code\Kernel_v2\build\b2-install-y2betctj\original/lib/ock_Control.lib
-- Up-to-date: J:\Code\Kernel_v2\build\b2-install-y2betctj\original/include
-- Up-to-date: J:\Code\Kernel_v2\build\b2-install-y2betctj\original/include/ock
-- Installing: J:\Code\Kernel_v2\build\b2-install-y2betctj\original/include/ock/control
-- Installing: J:\Code\Kernel_v2\build\b2-install-y2betctj\original/include/ock/control/cursor.hpp
-- Installing: J:\Code\Kernel_v2\build\b2-install-y2betctj\original/include/ock/control/invoke_method.hpp
-- Installing: J:\Code\Kernel_v2\build\b2-install-y2betctj\original/include/ock/control/list_method.hpp
-- Installing: J:\Code\Kernel_v2\build\b2-install-y2betctj\original/include/ock/control/router.hpp
-- Installing: J:\Code\Kernel_v2\build\b2-install-y2betctj\original/include/ock/control/subscription.hpp
-- Installing: J:\Code\Kernel_v2\build\b2-install-y2betctj\original/include/ock/control/subscription_methods.hpp
-- Installing: J:\Code\Kernel_v2\build\b2-install-y2betctj\original/lib/cmake/OCK/OCKTargets.cmake
-- Installing: J:\Code\Kernel_v2\build\b2-install-y2betctj\original/lib/cmake/OCK/OCKTargets-debug.cmake
-- Installing: J:\Code\Kernel_v2\build\b2-install-y2betctj\original/lib/cmake/OCK/OCKConfig.cmake
-- Installing: J:\Code\Kernel_v2\build\b2-install-y2betctj\original/lib/cmake/OCK/OCKConfigVersion.cmake
-- Up-to-date: J:\Code\Kernel_v2\build\b2-install-y2betctj\original/include
-- Up-to-date: J:\Code\Kernel_v2\build\b2-install-y2betctj\original/include/ock
-- Installing: J:\Code\Kernel_v2\build\b2-install-y2betctj\original/include/ock/foundation
-- Installing: J:\Code\Kernel_v2\build\b2-install-y2betctj\original/include/ock/foundation/foundation.hpp
-- Installing: J:\Code\Kernel_v2\build\b2-install-y2betctj\original/include/ock/foundation/sdk_version.hpp
-- Up-to-date: J:\Code\Kernel_v2\build\b2-install-y2betctj\original/include
-- Up-to-date: J:\Code\Kernel_v2\build\b2-install-y2betctj\original/include/ock
-- Installing: J:\Code\Kernel_v2\build\b2-install-y2betctj\original/include/ock/contracts
-- Installing: J:\Code\Kernel_v2\build\b2-install-y2betctj\original/include/ock/contracts/context.hpp
-- Installing: J:\Code\Kernel_v2\build\b2-install-y2betctj\original/include/ock/contracts/identity.hpp
-- Installing: J:\Code\Kernel_v2\build\b2-install-y2betctj\original/include/ock/contracts/logging.hpp
-- Installing: J:\Code\Kernel_v2\build\b2-install-y2betctj\original/include/ock/contracts/observation.hpp
-- Installing: J:\Code\Kernel_v2\build\b2-install-y2betctj\original/include/ock/contracts/operation.hpp
-- Installing: J:\Code\Kernel_v2\build\b2-install-y2betctj\original/include/ock/contracts/outcome.hpp
-- Installing: J:\Code\Kernel_v2\build\b2-install-y2betctj\original/include/ock/contracts/ports.hpp
-- Up-to-date: J:\Code\Kernel_v2\build\b2-install-y2betctj\original/include
-- Up-to-date: J:\Code\Kernel_v2\build\b2-install-y2betctj\original/include/ock
-- Installing: J:\Code\Kernel_v2\build\b2-install-y2betctj\original/include/ock/runtime
-- Installing: J:\Code\Kernel_v2\build\b2-install-y2betctj\original/include/ock/runtime/detail
-- Installing: J:\Code\Kernel_v2\build\b2-install-y2betctj\original/include/ock/runtime/detail/host.hpp
-- Installing: J:\Code\Kernel_v2\build\b2-install-y2betctj\original/include/ock/runtime/detail/invocation.hpp
-- Installing: J:\Code\Kernel_v2\build\b2-install-y2betctj\original/include/ock/runtime/detail/private_bridge.hpp
-- Installing: J:\Code\Kernel_v2\build\b2-install-y2betctj\original/include/ock/runtime/host.hpp
-- Installing: J:\Code\Kernel_v2\build\b2-install-y2betctj\original/include/ock/runtime/logging.hpp
-- Installing: J:\Code\Kernel_v2\build\b2-install-y2betctj\original/include/ock/runtime/native_types.hpp
-- Installing: J:\Code\Kernel_v2\build\b2-install-y2betctj\original/include/ock/runtime/policy.hpp
-- Installing: J:\Code\Kernel_v2\build\b2-install-y2betctj\original/include/ock/runtime/registry.hpp
-- Installing: J:\Code\Kernel_v2\build\b2-install-y2betctj\original/share/ock/sdk_api_manifest.json
