Internal ctest changing into directory: J:/Code/Kernel_v2/build/b2-data-asan
Test project J:/Code/Kernel_v2/build/b2-data-asan
      Start  1: T04.binding.field_parity
 1/18 Test  #1: T04.binding.field_parity .........   Passed    0.50 sec
      Start  2: T23.binding.schema_concurrent
 2/18 Test  #2: T23.binding.schema_concurrent ....   Passed    0.56 sec
      Start  3: T05.catalog.visibility
 3/18 Test  #3: T05.catalog.visibility ...........   Passed    0.40 sec
      Start  4: T06.protocol.frames
 4/18 Test  #4: T06.protocol.frames ..............   Passed    0.22 sec
      Start  5: T20.protocol.cursor
 5/18 Test  #5: T20.protocol.cursor ..............   Passed    0.25 sec
      Start  6: T04.data.values
 6/18 Test  #6: T04.data.values ..................   Passed    0.28 sec
      Start  7: T04.data.duplicate
 7/18 Test  #7: T04.data.duplicate ...............   Passed    0.13 sec
      Start  8: T04.data.invalid
 8/18 Test  #8: T04.data.invalid .................   Passed    0.13 sec
      Start  9: T04.data.budgets
 9/18 Test  #9: T04.data.budgets .................   Passed    0.13 sec
      Start 10: T04.data.freeze
10/18 Test #10: T04.data.freeze ..................   Passed    0.11 sec
      Start 11: T04.data.allocation_failures
11/18 Test #11: T04.data.allocation_failures .....   Passed    0.13 sec
      Start 12: T04.data.ownership
12/18 Test #12: T04.data.ownership ...............   Passed    0.10 sec
      Start 13: T04.data.builder_numbers
13/18 Test #13: T04.data.builder_numbers .........   Passed    0.09 sec
      Start 14: T04.data.encode
14/18 Test #14: T04.data.encode ..................   Passed    0.09 sec
      Start 15: T04.data.concurrent
15/18 Test #15: T04.data.concurrent ..............   Passed    0.09 sec
      Start 16: T04.data.buffer
16/18 Test #16: T04.data.buffer ..................   Passed    0.10 sec
      Start 17: T04.data.growth_cleanup
17/18 Test #17: T04.data.growth_cleanup ..........   Passed    0.13 sec
      Start 18: T12.data.view_escape
18/18 Test #18: T12.data.view_escape .............   Passed    0.33 sec

100% tests passed, 0 tests failed out of 18

Total Test time (real) =   3.81 sec
