test_inapplicable_channels_are_null_not_fabricated_zero (test_allocation_record.AllocationRecordTests.test_inapplicable_channels_are_null_not_fabricated_zero) ... ok
test_injection_requires_specific_positive_window_and_failed_record (test_allocation_record.AllocationRecordTests.test_injection_requires_specific_positive_window_and_failed_record) ... ok
test_ledger_balance_peak_and_probe_free_fact (test_allocation_record.AllocationRecordTests.test_ledger_balance_peak_and_probe_free_fact) ... ok
test_ledger_fields_are_required_nonnegative_integers (test_allocation_record.AllocationRecordTests.test_ledger_fields_are_required_nonnegative_integers) ... ok
test_missing_duplicate_false_or_nonzero_cannot_pass (test_allocation_record.AllocationRecordTests.test_missing_duplicate_false_or_nonzero_cannot_pass) ... ok
test_exact_finite_metrics (test_formal.FormalTests.test_exact_finite_metrics) ... ok
test_missing_or_changed_raw_rejected (test_formal.FormalTests.test_missing_or_changed_raw_rejected) ... ok
test_latency_rejects_periodic_and_wrong_metadata (test_latency_identity.LatencyIdentityTests.test_latency_rejects_periodic_and_wrong_metadata) ... ok
test_mode_identity (test_latency_identity.LatencyIdentityTests.test_mode_identity) ... ok
test_T23_footprint_budget_not_automatically_approved (test_observation.ObservationGuards.test_T23_footprint_budget_not_automatically_approved) ... ok
test_T23_footprint_closed_scope_never_attaches (test_observation.ObservationGuards.test_T23_footprint_closed_scope_never_attaches) ... ok
test_T23_footprint_execute_rejects_arbitrary_observer_before_launch (test_observation.ObservationGuards.test_T23_footprint_execute_rejects_arbitrary_observer_before_launch) ... ok
test_T23_footprint_finite_configuration (test_observation.ObservationGuards.test_T23_footprint_finite_configuration) ... ok
test_T23_footprint_missing_observation_never_zero_or_passed (test_observation.ObservationGuards.test_T23_footprint_missing_observation_never_zero_or_passed) ... ok
test_T23_footprint_nearest_rank_signed_pairs (test_observation.ObservationGuards.test_T23_footprint_nearest_rank_signed_pairs) ... ok
test_T23_footprint_required_module_omission (test_observation.ObservationGuards.test_T23_footprint_required_module_omission) ... ok
test_T23_footprint_strict_stage_identity (test_observation.ObservationGuards.test_T23_footprint_strict_stage_identity) ... ok
test_missing_false_or_wrong_counts_rejected (test_pair_record.PairRecordTests.test_missing_false_or_wrong_counts_rejected) ... ok
test_invalid_owned_predecessor_never_schedules_build (test_regressions.ReviewRegressions.test_invalid_owned_predecessor_never_schedules_build) ... ok
test_owned_success_requires_all_facts (test_regressions.ReviewRegressions.test_owned_success_requires_all_facts) ... ok
test_query_cannot_ack_or_reset_expired_deadline (test_regressions.ReviewRegressions.test_query_cannot_ack_or_reset_expired_deadline) ... ok
test_root_exit_checks_pending_event_without_process_query (test_regressions.ReviewRegressions.test_root_exit_checks_pending_event_without_process_query) ... ok
test_each_fixed_boundary_queries_threads_with_separate_ticks (test_sampling_v2.SamplingV2Tests.test_each_fixed_boundary_queries_threads_with_separate_ticks) ... ok
test_failure_keeps_attempt_timing_without_fake_zero (test_sampling_v2.SamplingV2Tests.test_failure_keeps_attempt_timing_without_fake_zero) ... ok
test_periodic_memory_has_no_thread_query_or_old_values (test_sampling_v2.SamplingV2Tests.test_periodic_memory_has_no_thread_query_or_old_values) ... ok
test_summary_counts_only_real_boundary_thread_queries (test_sampling_v2.SamplingV2Tests.test_summary_counts_only_real_boundary_thread_queries) ... ok
test_v2_identity_differs_from_v1_same_limits (test_sampling_v2.SamplingV2Tests.test_v2_identity_differs_from_v1_same_limits) ... ok
test_reject (test_thread_origin.ThreadOriginTests.test_reject) ... ok
test_valid (test_thread_origin.ThreadOriginTests.test_valid) ... ok

----------------------------------------------------------------------
Ran 29 tests in 0.046s

OK
