适用于 .NET Framework MSBuild 版本 17.14.23+b0019275e

  1>Checking Build System
  Building Custom Rule J:/Code/Kernel_v2/CMakeLists.txt
  ock_Data.vcxproj -> J:\Code\Kernel_v2\build\b4-asan\RelWithDebInfo\ock_Data.lib
  Building Custom Rule J:/Code/Kernel_v2/CMakeLists.txt
  Building Custom Rule J:/Code/Kernel_v2/CMakeLists.txt
  Building Custom Rule J:/Code/Kernel_v2/tests/contract/executor/CMakeLists.txt
  Building Custom Rule J:/Code/Kernel_v2/CMakeLists.txt
  ock_Adapter_CpuPool.vcxproj -> J:\Code\Kernel_v2\build\b4-asan\RelWithDebInfo\ock_Adapter_CpuPool.lib
  ock_Runtime.vcxproj -> J:\Code\Kernel_v2\build\b4-asan\RelWithDebInfo\ock_Runtime.lib
  Building Custom Rule J:/Code/Kernel_v2/CMakeLists.txt
  Building Custom Rule J:/Code/Kernel_v2/CMakeLists.txt
  consumer.cpp
  Building Custom Rule J:/Code/Kernel_v2/CMakeLists.txt
  Building Custom Rule J:/Code/Kernel_v2/CMakeLists.txt
  asan.cpp
  asio.cpp
  cli11.cpp
  expected.cpp
  jsoncons.cpp
  ock_probe_asan.vcxproj -> J:\Code\Kernel_v2\build\b4-asan\RelWithDebInfo\ock_probe_asan.exe
  Building Custom Rule J:/Code/Kernel_v2/tests/contract/executor/CMakeLists.txt
  ock_probe_expected.vcxproj -> J:\Code\Kernel_v2\build\b4-asan\RelWithDebInfo\ock_probe_expected.exe
  Building Custom Rule J:/Code/Kernel_v2/CMakeLists.txt
  lifecycle.cpp
  thread_pool.cpp
  ock_executor_consumer.vcxproj -> J:\Code\Kernel_v2\build\b4-asan\tests\contract\executor\RelWithDebInfo\ock_executor_consumer.exe
  contract.cpp
  ock_probe_asio.vcxproj -> J:\Code\Kernel_v2\build\b4-asan\RelWithDebInfo\ock_probe_asio.exe
  Building Custom Rule J:/Code/Kernel_v2/CMakeLists.txt
  toolchain.cpp
  ock_probe_cli11.vcxproj -> J:\Code\Kernel_v2\build\b4-asan\RelWithDebInfo\ock_probe_cli11.exe
  ock_probe_thread_pool.vcxproj -> J:\Code\Kernel_v2\build\b4-asan\RelWithDebInfo\ock_probe_thread_pool.exe
  contract.cpp
  contract.cpp
  ock_executor_lifecycle.vcxproj -> J:\Code\Kernel_v2\build\b4-asan\tests\contract\executor\RelWithDebInfo\ock_executor_lifecycle.exe
  ock_native_service.vcxproj -> J:\Code\Kernel_v2\build\b4-asan\examples\native_service\RelWithDebInfo\ock_native_service.exe
  Building Custom Rule J:/Code/Kernel_v2/CMakeLists.txt
  sdk_metadata.cpp
  ock_probe_toolchain.vcxproj -> J:\Code\Kernel_v2\build\b4-asan\RelWithDebInfo\ock_probe_toolchain.exe
  ock_executor_contract.vcxproj -> J:\Code\Kernel_v2\build\b4-asan\tests\conformance\executor\RelWithDebInfo\ock_executor_contract.exe
  Building Custom Rule J:/Code/Kernel_v2/tests/unit/data/CMakeLists.txt
  Building Custom Rule J:/Code/Kernel_v2/tests/unit/data/CMakeLists.txt
  Building Custom Rule J:/Code/Kernel_v2/CMakeLists.txt
  Building Custom Rule J:/Code/Kernel_v2/CMakeLists.txt
  ock_Dynamic.vcxproj -> J:\Code\Kernel_v2\build\b4-asan\RelWithDebInfo\ock_Dynamic.lib
  ock_ControlProtocol.vcxproj -> J:\Code\Kernel_v2\build\b4-asan\RelWithDebInfo\ock_ControlProtocol.lib
  parser_seeds.cpp
  ock_native_tests.vcxproj -> J:\Code\Kernel_v2\build\b4-asan\tests\contract\native\RelWithDebInfo\ock_native_tests.exe
  {"actual_cases": ["T02.native.candidate_read_dispatch", "T02.native.exact_binding", "T02.native.invalid_input", "T02.native.private_dispatch", "T02.native.registered_compute", "T02.native.registered_read", "T02.native.validation_exception", "T03.native.cancel_and_budget", "T03.native.component_boundary", "T03.native.example_consumer", "T03.native.execution_service_control", "T03.native.execution_table_ownership", "T03.native.host_async_completion", "T03.native.host_async_deadline", "T03.native.host_async_drain", "T03.native.host_cached_result_sessions", "T03.native.host_combined_drain", "T03.native.host_execution_lifecycle", "T03.native.host_execution_resources", "T03.native.host_observation_drain", "T03.native.host_required_record", "T03.native.host_required_record_drain", "T03.native.host_structured_lifetime", "T03.native.managed_execution_path", "T03.native.managed_execution_resource_wait", "T03.native.managed_record", "T03.native.managed_record_ownership", "T03.native.managed_resources", "T03.native.no_self_wait", "T03.native.no_task_path", "T03.native.observation_lease_drain", "T03.native.provider_unavailable", "T03.native.reentrant_and_concurrent", "T03.native.resource_lifetime", "T03.native.thread_modes", "T03.native.thread_origin", "T06.native.admission_order", "T06.native.authority_origin", "T06.native.business_failure", "T06.native.execution_source_observation", "T06.native.host_structured_admission", "T06.native.invalid_output", "T06.native.lifecycle_replacement", "T06.native.managed_admission", "T06.native.observation_journal", "T06.native.outcome_consistency", "T06.native.permission_intersection", "T06.native.policy_contract_alignment", "T06.native.revoke_and_regrant", "T06.native.session_and_deadline", "T06.native.target_binding", "T23.native.allocation_governance", "T23.native.allocation_other_costs", "T23.native.allocation_probe", "T23.native.allocation_steady"], "count": 55}
  ock_sdk_metadata_probe.vcxproj -> J:\Code\Kernel_v2\build\b4-asan\RelWithDebInfo\ock_sdk_metadata_probe.exe
  Building Custom Rule J:/Code/Kernel_v2/tests/unit/data/CMakeLists.txt
  payload.cpp
  Building Custom Rule J:/Code/Kernel_v2/tests/unit/data/CMakeLists.txt
  schema.cpp
  binding.cpp
  parser_seed_contract.vcxproj -> J:\Code\Kernel_v2\build\b4-asan\tests\unit\data\RelWithDebInfo\parser_seed_contract.exe
  payload_contract.vcxproj -> J:\Code\Kernel_v2\build\b4-asan\tests\unit\data\RelWithDebInfo\payload_contract.exe
  schema_contract.vcxproj -> J:\Code\Kernel_v2\build\b4-asan\tests\unit\data\RelWithDebInfo\schema_contract.exe
  ock_scheduler_contract.vcxproj -> J:\Code\Kernel_v2\build\b4-asan\tests\unit\scheduler\RelWithDebInfo\ock_scheduler_contract.exe
  binding_parity.vcxproj -> J:\Code\Kernel_v2\build\b4-asan\tests\unit\data\RelWithDebInfo\binding_parity.exe
  ock_resources_contract.vcxproj -> J:\Code\Kernel_v2\build\b4-asan\tests\contract\resources\RelWithDebInfo\ock_resources_contract.exe
  Building Custom Rule J:/Code/Kernel_v2/CMakeLists.txt
  Building Custom Rule J:/Code/Kernel_v2/tests/unit/data/CMakeLists.txt
  observation_wire.cpp
  cursor.cpp
  Building Custom Rule J:/Code/Kernel_v2/CMakeLists.txt
  Building Custom Rule J:/Code/Kernel_v2/CMakeLists.txt
  ock_Adapter_LocalIPC.vcxproj -> J:\Code\Kernel_v2\build\b4-asan\RelWithDebInfo\ock_Adapter_LocalIPC.lib
  outcome_wire_contract.vcxproj -> J:\Code\Kernel_v2\build\b4-asan\tests\unit\data\RelWithDebInfo\outcome_wire_contract.exe
  Building Custom Rule J:/Code/Kernel_v2/tests/unit/data/CMakeLists.txt
  ock_ControlClient.vcxproj -> J:\Code\Kernel_v2\build\b4-asan\RelWithDebInfo\ock_ControlClient.lib
  ock_client_contract.vcxproj -> J:\Code\Kernel_v2\build\b4-asan\tests\integration\cli\RelWithDebInfo\ock_client_contract.exe
  frame.cpp
  observation_wire_contract.vcxproj -> J:\Code\Kernel_v2\build\b4-asan\tests\unit\data\RelWithDebInfo\observation_wire_contract.exe
  ock_Control.vcxproj -> J:\Code\Kernel_v2\build\b4-asan\RelWithDebInfo\ock_Control.lib
  Building Custom Rule J:/Code/Kernel_v2/tests/unit/data/CMakeLists.txt
  protocol_contract.vcxproj -> J:\Code\Kernel_v2\build\b4-asan\tests\unit\data\RelWithDebInfo\protocol_contract.exe
  Building Custom Rule J:/Code/Kernel_v2/tests/integration/cli/CMakeLists.txt
  ock_probe_jsoncons.vcxproj -> J:\Code\Kernel_v2\build\b4-asan\RelWithDebInfo\ock_probe_jsoncons.exe
  Building Custom Rule J:/Code/Kernel_v2/tests/unit/data/CMakeLists.txt
  ock.vcxproj -> J:\Code\Kernel_v2\build\b4-asan\apps\ock\RelWithDebInfo\ock.exe
  ock_ipc_peer.vcxproj -> J:\Code\Kernel_v2\build\b4-asan\tests\integration\windows_ipc\RelWithDebInfo\ock_ipc_peer.exe
  Building Custom Rule J:/Code/Kernel_v2/tests/integration/windows_ipc/CMakeLists.txt
  pressure_peer.cpp
  cost_samples.cpp
  router.cpp
  native.cpp
  control_main.cpp
  ock_managed_service.vcxproj -> J:\Code\Kernel_v2\build\b4-asan\examples\managed_service\RelWithDebInfo\ock_managed_service.exe
  service.cpp
  ock_ipc_pressure_peer.vcxproj -> J:\Code\Kernel_v2\build\b4-asan\tests\integration\windows_ipc\RelWithDebInfo\ock_ipc_pressure_peer.exe
  service.cpp
  catalog.cpp
  subscription_contract.vcxproj -> J:\Code\Kernel_v2\build\b4-asan\tests\unit\data\RelWithDebInfo\subscription_contract.exe
  list.cpp
  router_contract.vcxproj -> J:\Code\Kernel_v2\build\b4-asan\tests\unit\data\RelWithDebInfo\router_contract.exe
  observation_peer.cpp
  get.cpp
  allocation_probe.cpp
  正在生成代码...
  正在生成代码...
  submit.cpp
  cursor.cpp
  list_contract.vcxproj -> J:\Code\Kernel_v2\build\b4-asan\tests\unit\data\RelWithDebInfo\list_contract.exe
  catalog_contract.vcxproj -> J:\Code\Kernel_v2\build\b4-asan\tests\unit\data\RelWithDebInfo\catalog_contract.exe
  cursor_contract.vcxproj -> J:\Code\Kernel_v2\build\b4-asan\tests\unit\data\RelWithDebInfo\cursor_contract.exe
  ock_ipc_observation_peer.vcxproj -> J:\Code\Kernel_v2\build\b4-asan\tests\integration\windows_ipc\RelWithDebInfo\ock_ipc_observation_peer.exe
  dynamic_native_contract.vcxproj -> J:\Code\Kernel_v2\build\b4-asan\tests\unit\data\RelWithDebInfo\dynamic_native_contract.exe
  get_contract.vcxproj -> J:\Code\Kernel_v2\build\b4-asan\tests\unit\data\RelWithDebInfo\get_contract.exe
  dynamic_submit_contract.vcxproj -> J:\Code\Kernel_v2\build\b4-asan\tests\unit\data\RelWithDebInfo\dynamic_submit_contract.exe
  ock_b3_cost_samples.vcxproj -> J:\Code\Kernel_v2\build\b4-asan\tests\integration\cli\RelWithDebInfo\ock_b3_cost_samples.exe
  ock_stateless_service.vcxproj -> J:\Code\Kernel_v2\build\b4-asan\examples\stateless_service\RelWithDebInfo\ock_stateless_service.exe
  Building Custom Rule J:/Code/Kernel_v2/CMakeLists.txt
