Internal ctest changing into directory: J:/Code/Kernel_v2/build/b4-debug
Test project J:/Code/Kernel_v2/build/b4-debug
    Start  99: T02.native.private_dispatch
1/7 Test  #99: T02.native.private_dispatch ..................   Passed   22.18 sec
    Start 106: T03.native.execution_service_control
2/7 Test #106: T03.native.execution_service_control .........   Passed    0.08 sec
    Start 108: T03.native.host_execution_lifecycle
3/7 Test #108: T03.native.host_execution_lifecycle ..........   Passed    0.08 sec
    Start 109: T03.native.managed_execution_path
4/7 Test #109: T03.native.managed_execution_path ............   Passed    0.08 sec
    Start 110: T03.native.managed_execution_resource_wait
5/7 Test #110: T03.native.managed_execution_resource_wait ...   Passed    0.08 sec
    Start 111: T03.native.managed_record
6/7 Test #111: T03.native.managed_record ....................   Passed    0.06 sec
    Start 112: T03.native.managed_record_ownership
7/7 Test #112: T03.native.managed_record_ownership ..........   Passed    0.05 sec

100% tests passed, 0 tests failed out of 7

Label Time Summary:
B5       =   0.43 sec*proc (6 tests)
D1.05    =  22.18 sec*proc (1 test)
D3.04    =   0.43 sec*proc (6 tests)

Total Test time (real) =  22.63 sec
