Preset CMake variables:

  BUILD_TESTING="ON"
  CMAKE_CXX_EXTENSIONS="OFF"
  CMAKE_CXX_STANDARD="20"
  CMAKE_CXX_STANDARD_REQUIRED="ON"
  CMAKE_MSVC_DEBUG_INFORMATION_FORMAT="Embedded"
  CMAKE_SYSTEM_VERSION="10.0.26100.0"
  OCK_BUILD_DEPENDENCY_PROBES="ON"
  OCK_BUILD_G0_TESTS="ON"
  OCK_DEPENDENCY_CACHE="E:/VS2019Qt5.15/3D/build/d0.06-a/cache"

Preset environment variables:

  MSBUILDDISABLENODEREUSE="1"

-- {fmt} version: 11.1.4
-- Build type: 
-- Build spdlog: 1.15.1
-- Build type: 
-- Google Benchmark version: v1.9.1, normalized to 1.9.1
-- Performing Test HAVE_STD_REGEX -- success
-- Performing Test HAVE_GNU_POSIX_REGEX -- failed to compile
-- Performing Test HAVE_POSIX_REGEX -- failed to compile
-- Performing Test HAVE_STEADY_CLOCK -- success
-- Performing Test HAVE_PTHREAD_AFFINITY -- failed to compile
-- Configuring done (5.1s)
-- Generating done (1.2s)
-- Build files have been written to: E:/VS2019Qt5.15/3D/build/win-msvc-debug
