{
  "backtraceGraph" : 
  {
    "commands" : 
    [
      "add_test",
      "include"
    ],
    "files" : 
    [
      "E:/VS2019Qt5.15/3D/build/win-msvc-debug/D0.04Tests.cmake",
      "E:/VS2019Qt5.15/3D/CMakeLists.txt"
    ],
    "nodes" : 
    [
      {
        "file" : 1
      },
      {
        "command" : 1,
        "file" : 1,
        "line" : 53,
        "parent" : 0
      },
      {
        "file" : 0,
        "parent" : 1
      },
      {
        "command" : 0,
        "file" : 0,
        "line" : 1,
        "parent" : 2
      },
      {
        "file" : 1
      },
      {
        "command" : 1,
        "file" : 1,
        "line" : 53,
        "parent" : 4
      },
      {
        "file" : 0,
        "parent" : 5
      },
      {
        "command" : 0,
        "file" : 0,
        "line" : 3,
        "parent" : 6
      },
      {
        "file" : 1
      },
      {
        "command" : 1,
        "file" : 1,
        "line" : 53,
        "parent" : 8
      },
      {
        "file" : 0,
        "parent" : 9
      },
      {
        "command" : 0,
        "file" : 0,
        "line" : 5,
        "parent" : 10
      },
      {
        "file" : 1
      },
      {
        "command" : 1,
        "file" : 1,
        "line" : 53,
        "parent" : 12
      },
      {
        "file" : 0,
        "parent" : 13
      },
      {
        "command" : 0,
        "file" : 0,
        "line" : 7,
        "parent" : 14
      },
      {
        "file" : 1
      },
      {
        "command" : 1,
        "file" : 1,
        "line" : 53,
        "parent" : 16
      },
      {
        "file" : 0,
        "parent" : 17
      },
      {
        "command" : 0,
        "file" : 0,
        "line" : 9,
        "parent" : 18
      },
      {
        "file" : 1
      },
      {
        "command" : 1,
        "file" : 1,
        "line" : 53,
        "parent" : 20
      },
      {
        "file" : 0,
        "parent" : 21
      },
      {
        "command" : 0,
        "file" : 0,
        "line" : 11,
        "parent" : 22
      },
      {
        "file" : 1
      },
      {
        "command" : 1,
        "file" : 1,
        "line" : 53,
        "parent" : 24
      },
      {
        "file" : 0,
        "parent" : 25
      },
      {
        "command" : 0,
        "file" : 0,
        "line" : 13,
        "parent" : 26
      },
      {
        "file" : 1
      },
      {
        "command" : 1,
        "file" : 1,
        "line" : 53,
        "parent" : 28
      },
      {
        "file" : 0,
        "parent" : 29
      },
      {
        "command" : 0,
        "file" : 0,
        "line" : 15,
        "parent" : 30
      },
      {
        "file" : 1
      },
      {
        "command" : 1,
        "file" : 1,
        "line" : 53,
        "parent" : 32
      },
      {
        "file" : 0,
        "parent" : 33
      },
      {
        "command" : 0,
        "file" : 0,
        "line" : 17,
        "parent" : 34
      },
      {
        "file" : 1
      },
      {
        "command" : 1,
        "file" : 1,
        "line" : 53,
        "parent" : 36
      },
      {
        "file" : 0,
        "parent" : 37
      },
      {
        "command" : 0,
        "file" : 0,
        "line" : 19,
        "parent" : 38
      },
      {
        "file" : 1
      },
      {
        "command" : 1,
        "file" : 1,
        "line" : 53,
        "parent" : 40
      },
      {
        "file" : 0,
        "parent" : 41
      },
      {
        "command" : 0,
        "file" : 0,
        "line" : 21,
        "parent" : 42
      },
      {
        "file" : 1
      },
      {
        "command" : 1,
        "file" : 1,
        "line" : 53,
        "parent" : 44
      },
      {
        "file" : 0,
        "parent" : 45
      },
      {
        "command" : 0,
        "file" : 0,
        "line" : 23,
        "parent" : 46
      },
      {
        "file" : 1
      },
      {
        "command" : 1,
        "file" : 1,
        "line" : 53,
        "parent" : 48
      },
      {
        "file" : 0,
        "parent" : 49
      },
      {
        "command" : 0,
        "file" : 0,
        "line" : 25,
        "parent" : 50
      },
      {
        "file" : 1
      },
      {
        "command" : 1,
        "file" : 1,
        "line" : 53,
        "parent" : 52
      },
      {
        "file" : 0,
        "parent" : 53
      },
      {
        "command" : 0,
        "file" : 0,
        "line" : 27,
        "parent" : 54
      },
      {
        "file" : 1
      },
      {
        "command" : 1,
        "file" : 1,
        "line" : 53,
        "parent" : 56
      },
      {
        "file" : 0,
        "parent" : 57
      },
      {
        "command" : 0,
        "file" : 0,
        "line" : 29,
        "parent" : 58
      },
      {
        "file" : 1
      },
      {
        "command" : 1,
        "file" : 1,
        "line" : 53,
        "parent" : 60
      },
      {
        "file" : 0,
        "parent" : 61
      },
      {
        "command" : 0,
        "file" : 0,
        "line" : 31,
        "parent" : 62
      },
      {
        "file" : 1
      },
      {
        "command" : 1,
        "file" : 1,
        "line" : 53,
        "parent" : 64
      },
      {
        "file" : 0,
        "parent" : 65
      },
      {
        "command" : 0,
        "file" : 0,
        "line" : 33,
        "parent" : 66
      },
      {
        "file" : 1
      },
      {
        "command" : 1,
        "file" : 1,
        "line" : 53,
        "parent" : 68
      },
      {
        "file" : 0,
        "parent" : 69
      },
      {
        "command" : 0,
        "file" : 0,
        "line" : 35,
        "parent" : 70
      },
      {
        "file" : 1
      },
      {
        "command" : 1,
        "file" : 1,
        "line" : 53,
        "parent" : 72
      },
      {
        "file" : 0,
        "parent" : 73
      },
      {
        "command" : 0,
        "file" : 0,
        "line" : 37,
        "parent" : 74
      },
      {
        "file" : 1
      },
      {
        "command" : 1,
        "file" : 1,
        "line" : 53,
        "parent" : 76
      },
      {
        "file" : 0,
        "parent" : 77
      },
      {
        "command" : 0,
        "file" : 0,
        "line" : 39,
        "parent" : 78
      },
      {
        "file" : 1
      },
      {
        "command" : 1,
        "file" : 1,
        "line" : 53,
        "parent" : 80
      },
      {
        "file" : 0,
        "parent" : 81
      },
      {
        "command" : 0,
        "file" : 0,
        "line" : 41,
        "parent" : 82
      },
      {
        "file" : 1
      },
      {
        "command" : 1,
        "file" : 1,
        "line" : 53,
        "parent" : 84
      },
      {
        "file" : 0,
        "parent" : 85
      },
      {
        "command" : 0,
        "file" : 0,
        "line" : 43,
        "parent" : 86
      },
      {
        "file" : 1
      },
      {
        "command" : 1,
        "file" : 1,
        "line" : 53,
        "parent" : 88
      },
      {
        "file" : 0,
        "parent" : 89
      },
      {
        "command" : 0,
        "file" : 0,
        "line" : 45,
        "parent" : 90
      },
      {
        "file" : 1
      },
      {
        "command" : 1,
        "file" : 1,
        "line" : 53,
        "parent" : 92
      },
      {
        "file" : 0,
        "parent" : 93
      },
      {
        "command" : 0,
        "file" : 0,
        "line" : 47,
        "parent" : 94
      },
      {
        "file" : 1
      },
      {
        "command" : 1,
        "file" : 1,
        "line" : 53,
        "parent" : 96
      },
      {
        "file" : 0,
        "parent" : 97
      },
      {
        "command" : 0,
        "file" : 0,
        "line" : 49,
        "parent" : 98
      },
      {
        "file" : 1
      },
      {
        "command" : 1,
        "file" : 1,
        "line" : 53,
        "parent" : 100
      },
      {
        "file" : 0,
        "parent" : 101
      },
      {
        "command" : 0,
        "file" : 0,
        "line" : 51,
        "parent" : 102
      },
      {
        "file" : 1
      },
      {
        "command" : 1,
        "file" : 1,
        "line" : 53,
        "parent" : 104
      },
      {
        "file" : 0,
        "parent" : 105
      },
      {
        "command" : 0,
        "file" : 0,
        "line" : 53,
        "parent" : 106
      },
      {
        "file" : 1
      },
      {
        "command" : 1,
        "file" : 1,
        "line" : 53,
        "parent" : 108
      },
      {
        "file" : 0,
        "parent" : 109
      },
      {
        "command" : 0,
        "file" : 0,
        "line" : 55,
        "parent" : 110
      },
      {
        "file" : 1
      },
      {
        "command" : 1,
        "file" : 1,
        "line" : 53,
        "parent" : 112
      },
      {
        "file" : 0,
        "parent" : 113
      },
      {
        "command" : 0,
        "file" : 0,
        "line" : 57,
        "parent" : 114
      },
      {
        "file" : 1
      },
      {
        "command" : 1,
        "file" : 1,
        "line" : 53,
        "parent" : 116
      },
      {
        "file" : 0,
        "parent" : 117
      },
      {
        "command" : 0,
        "file" : 0,
        "line" : 59,
        "parent" : 118
      },
      {
        "file" : 1
      },
      {
        "command" : 1,
        "file" : 1,
        "line" : 53,
        "parent" : 120
      },
      {
        "file" : 0,
        "parent" : 121
      },
      {
        "command" : 0,
        "file" : 0,
        "line" : 61,
        "parent" : 122
      },
      {
        "file" : 1
      },
      {
        "command" : 1,
        "file" : 1,
        "line" : 53,
        "parent" : 124
      },
      {
        "file" : 0,
        "parent" : 125
      },
      {
        "command" : 0,
        "file" : 0,
        "line" : 63,
        "parent" : 126
      },
      {
        "file" : 1
      },
      {
        "command" : 1,
        "file" : 1,
        "line" : 53,
        "parent" : 128
      },
      {
        "file" : 0,
        "parent" : 129
      },
      {
        "command" : 0,
        "file" : 0,
        "line" : 65,
        "parent" : 130
      },
      {
        "file" : 1
      },
      {
        "command" : 1,
        "file" : 1,
        "line" : 53,
        "parent" : 132
      },
      {
        "file" : 0,
        "parent" : 133
      },
      {
        "command" : 0,
        "file" : 0,
        "line" : 67,
        "parent" : 134
      },
      {
        "file" : 1
      },
      {
        "command" : 1,
        "file" : 1,
        "line" : 53,
        "parent" : 136
      },
      {
        "file" : 0,
        "parent" : 137
      },
      {
        "command" : 0,
        "file" : 0,
        "line" : 69,
        "parent" : 138
      },
      {
        "file" : 1
      },
      {
        "command" : 1,
        "file" : 1,
        "line" : 53,
        "parent" : 140
      },
      {
        "file" : 0,
        "parent" : 141
      },
      {
        "command" : 0,
        "file" : 0,
        "line" : 71,
        "parent" : 142
      },
      {
        "file" : 1
      },
      {
        "command" : 1,
        "file" : 1,
        "line" : 53,
        "parent" : 144
      },
      {
        "file" : 0,
        "parent" : 145
      },
      {
        "command" : 0,
        "file" : 0,
        "line" : 73,
        "parent" : 146
      },
      {
        "file" : 1
      },
      {
        "command" : 1,
        "file" : 1,
        "line" : 53,
        "parent" : 148
      },
      {
        "file" : 0,
        "parent" : 149
      },
      {
        "command" : 0,
        "file" : 0,
        "line" : 75,
        "parent" : 150
      },
      {
        "file" : 1
      },
      {
        "command" : 1,
        "file" : 1,
        "line" : 53,
        "parent" : 152
      },
      {
        "file" : 0,
        "parent" : 153
      },
      {
        "command" : 0,
        "file" : 0,
        "line" : 77,
        "parent" : 154
      },
      {
        "file" : 1
      },
      {
        "command" : 1,
        "file" : 1,
        "line" : 53,
        "parent" : 156
      },
      {
        "file" : 0,
        "parent" : 157
      },
      {
        "command" : 0,
        "file" : 0,
        "line" : 79,
        "parent" : 158
      },
      {
        "file" : 1
      },
      {
        "command" : 1,
        "file" : 1,
        "line" : 53,
        "parent" : 160
      },
      {
        "file" : 0,
        "parent" : 161
      },
      {
        "command" : 0,
        "file" : 0,
        "line" : 81,
        "parent" : 162
      },
      {
        "file" : 1
      },
      {
        "command" : 1,
        "file" : 1,
        "line" : 53,
        "parent" : 164
      },
      {
        "file" : 0,
        "parent" : 165
      },
      {
        "command" : 0,
        "file" : 0,
        "line" : 83,
        "parent" : 166
      },
      {
        "file" : 1
      },
      {
        "command" : 1,
        "file" : 1,
        "line" : 53,
        "parent" : 168
      },
      {
        "file" : 0,
        "parent" : 169
      },
      {
        "command" : 0,
        "file" : 0,
        "line" : 85,
        "parent" : 170
      },
      {
        "file" : 1
      },
      {
        "command" : 1,
        "file" : 1,
        "line" : 53,
        "parent" : 172
      },
      {
        "file" : 0,
        "parent" : 173
      },
      {
        "command" : 0,
        "file" : 0,
        "line" : 87,
        "parent" : 174
      },
      {
        "file" : 1
      },
      {
        "command" : 1,
        "file" : 1,
        "line" : 53,
        "parent" : 176
      },
      {
        "file" : 0,
        "parent" : 177
      },
      {
        "command" : 0,
        "file" : 0,
        "line" : 89,
        "parent" : 178
      },
      {
        "file" : 1
      },
      {
        "command" : 1,
        "file" : 1,
        "line" : 53,
        "parent" : 180
      },
      {
        "file" : 0,
        "parent" : 181
      },
      {
        "command" : 0,
        "file" : 0,
        "line" : 91,
        "parent" : 182
      },
      {
        "file" : 1
      },
      {
        "command" : 1,
        "file" : 1,
        "line" : 53,
        "parent" : 184
      },
      {
        "file" : 0,
        "parent" : 185
      },
      {
        "command" : 0,
        "file" : 0,
        "line" : 93,
        "parent" : 186
      },
      {
        "file" : 1
      },
      {
        "command" : 1,
        "file" : 1,
        "line" : 53,
        "parent" : 188
      },
      {
        "file" : 0,
        "parent" : 189
      },
      {
        "command" : 0,
        "file" : 0,
        "line" : 95,
        "parent" : 190
      },
      {
        "file" : 1
      },
      {
        "command" : 1,
        "file" : 1,
        "line" : 53,
        "parent" : 192
      },
      {
        "file" : 0,
        "parent" : 193
      },
      {
        "command" : 0,
        "file" : 0,
        "line" : 97,
        "parent" : 194
      },
      {
        "file" : 1
      },
      {
        "command" : 1,
        "file" : 1,
        "line" : 53,
        "parent" : 196
      },
      {
        "file" : 0,
        "parent" : 197
      },
      {
        "command" : 0,
        "file" : 0,
        "line" : 99,
        "parent" : 198
      },
      {
        "file" : 1
      },
      {
        "command" : 1,
        "file" : 1,
        "line" : 53,
        "parent" : 200
      },
      {
        "file" : 0,
        "parent" : 201
      },
      {
        "command" : 0,
        "file" : 0,
        "line" : 101,
        "parent" : 202
      },
      {
        "file" : 1
      },
      {
        "command" : 1,
        "file" : 1,
        "line" : 53,
        "parent" : 204
      },
      {
        "file" : 0,
        "parent" : 205
      },
      {
        "command" : 0,
        "file" : 0,
        "line" : 103,
        "parent" : 206
      },
      {
        "file" : 1
      },
      {
        "command" : 1,
        "file" : 1,
        "line" : 53,
        "parent" : 208
      },
      {
        "file" : 0,
        "parent" : 209
      },
      {
        "command" : 0,
        "file" : 0,
        "line" : 105,
        "parent" : 210
      }
    ]
  },
  "kind" : "ctestInfo",
  "tests" : 
  [
    {
      "backtrace" : 3,
      "command" : 
      [
        "C:/Users/xrx10/AppData/Local/Programs/Python/Python311/python.exe",
        "-X",
        "utf8",
        "E:/VS2019Qt5.15/3D/tests/plan/run_cases.py",
        "--case",
        "test_plan_contract.PlanContracts.test_T04_plan_golden_nodes"
      ],
      "config" : "Debug",
      "name" : "T04.plan.golden_nodes",
      "properties" : 
      [
        {
          "name" : "ENVIRONMENT",
          "value" : 
          [
            "MSBUILDDISABLENODEREUSE=1"
          ]
        },
        {
          "name" : "LABELS",
          "value" : 
          [
            "D0.04"
          ]
        },
        {
          "name" : "TIMEOUT",
          "value" : 30.0
        },
        {
          "name" : "WORKING_DIRECTORY",
          "value" : "E:/VS2019Qt5.15/3D/build/win-msvc-debug"
        }
      ]
    },
    {
      "backtrace" : 7,
      "command" : 
      [
        "C:/Users/xrx10/AppData/Local/Programs/Python/Python311/python.exe",
        "-X",
        "utf8",
        "E:/VS2019Qt5.15/3D/tests/plan/run_cases.py",
        "--case",
        "test_plan_contract.PlanContracts.test_T04_plan_wire_rejects_return_and_unknown"
      ],
      "config" : "Debug",
      "name" : "T04.plan.wire_rejects_return_and_unknown",
      "properties" : 
      [
        {
          "name" : "ENVIRONMENT",
          "value" : 
          [
            "MSBUILDDISABLENODEREUSE=1"
          ]
        },
        {
          "name" : "LABELS",
          "value" : 
          [
            "D0.04"
          ]
        },
        {
          "name" : "TIMEOUT",
          "value" : 30.0
        },
        {
          "name" : "WORKING_DIRECTORY",
          "value" : "E:/VS2019Qt5.15/3D/build/win-msvc-debug"
        }
      ]
    },
    {
      "backtrace" : 11,
      "command" : 
      [
        "C:/Users/xrx10/AppData/Local/Programs/Python/Python311/python.exe",
        "-X",
        "utf8",
        "E:/VS2019Qt5.15/3D/tests/plan/run_cases.py",
        "--case",
        "test_plan_contract.PlanContracts.test_T04_plan_pointer_missing_null_and_escapes"
      ],
      "config" : "Debug",
      "name" : "T04.plan.pointer_missing_null_and_escapes",
      "properties" : 
      [
        {
          "name" : "ENVIRONMENT",
          "value" : 
          [
            "MSBUILDDISABLENODEREUSE=1"
          ]
        },
        {
          "name" : "LABELS",
          "value" : 
          [
            "D0.04"
          ]
        },
        {
          "name" : "TIMEOUT",
          "value" : 30.0
        },
        {
          "name" : "WORKING_DIRECTORY",
          "value" : "E:/VS2019Qt5.15/3D/build/win-msvc-debug"
        }
      ]
    },
    {
      "backtrace" : 15,
      "command" : 
      [
        "C:/Users/xrx10/AppData/Local/Programs/Python/Python311/python.exe",
        "-X",
        "utf8",
        "E:/VS2019Qt5.15/3D/tests/plan/run_cases.py",
        "--case",
        "test_plan_contract.PlanContracts.test_T04_plan_binding_overlap_and_constants"
      ],
      "config" : "Debug",
      "name" : "T04.plan.binding_overlap_and_constants",
      "properties" : 
      [
        {
          "name" : "ENVIRONMENT",
          "value" : 
          [
            "MSBUILDDISABLENODEREUSE=1"
          ]
        },
        {
          "name" : "LABELS",
          "value" : 
          [
            "D0.04"
          ]
        },
        {
          "name" : "TIMEOUT",
          "value" : 30.0
        },
        {
          "name" : "WORKING_DIRECTORY",
          "value" : "E:/VS2019Qt5.15/3D/build/win-msvc-debug"
        }
      ]
    },
    {
      "backtrace" : 19,
      "command" : 
      [
        "C:/Users/xrx10/AppData/Local/Programs/Python/Python311/python.exe",
        "-X",
        "utf8",
        "E:/VS2019Qt5.15/3D/tests/plan/run_cases.py",
        "--case",
        "test_plan_contract.PlanContracts.test_T04_plan_binding_requires_parent_and_validates_whole"
      ],
      "config" : "Debug",
      "name" : "T04.plan.binding_requires_parent_and_validates_whole",
      "properties" : 
      [
        {
          "name" : "ENVIRONMENT",
          "value" : 
          [
            "MSBUILDDISABLENODEREUSE=1"
          ]
        },
        {
          "name" : "LABELS",
          "value" : 
          [
            "D0.04"
          ]
        },
        {
          "name" : "TIMEOUT",
          "value" : 30.0
        },
        {
          "name" : "WORKING_DIRECTORY",
          "value" : "E:/VS2019Qt5.15/3D/build/win-msvc-debug"
        }
      ]
    },
    {
      "backtrace" : 23,
      "command" : 
      [
        "C:/Users/xrx10/AppData/Local/Programs/Python/Python311/python.exe",
        "-X",
        "utf8",
        "E:/VS2019Qt5.15/3D/tests/plan/run_cases.py",
        "--case",
        "test_plan_contract.PlanContracts.test_T11_plan_scope_single_assignment_and_forward"
      ],
      "config" : "Debug",
      "name" : "T11.plan.scope_single_assignment_and_forward",
      "properties" : 
      [
        {
          "name" : "ENVIRONMENT",
          "value" : 
          [
            "MSBUILDDISABLENODEREUSE=1"
          ]
        },
        {
          "name" : "LABELS",
          "value" : 
          [
            "D0.04"
          ]
        },
        {
          "name" : "TIMEOUT",
          "value" : 30.0
        },
        {
          "name" : "WORKING_DIRECTORY",
          "value" : "E:/VS2019Qt5.15/3D/build/win-msvc-debug"
        }
      ]
    },
    {
      "backtrace" : 27,
      "command" : 
      [
        "C:/Users/xrx10/AppData/Local/Programs/Python/Python311/python.exe",
        "-X",
        "utf8",
        "E:/VS2019Qt5.15/3D/tests/plan/run_cases.py",
        "--case",
        "test_plan_contract.PlanContracts.test_T11_plan_exports_and_branch_types"
      ],
      "config" : "Debug",
      "name" : "T11.plan.exports_and_branch_types",
      "properties" : 
      [
        {
          "name" : "ENVIRONMENT",
          "value" : 
          [
            "MSBUILDDISABLENODEREUSE=1"
          ]
        },
        {
          "name" : "LABELS",
          "value" : 
          [
            "D0.04"
          ]
        },
        {
          "name" : "TIMEOUT",
          "value" : 30.0
        },
        {
          "name" : "WORKING_DIRECTORY",
          "value" : "E:/VS2019Qt5.15/3D/build/win-msvc-debug"
        }
      ]
    },
    {
      "backtrace" : 31,
      "command" : 
      [
        "C:/Users/xrx10/AppData/Local/Programs/Python/Python311/python.exe",
        "-X",
        "utf8",
        "E:/VS2019Qt5.15/3D/tests/plan/run_cases.py",
        "--case",
        "test_plan_contract.PlanContracts.test_T11_plan_ticket_is_typed_and_consumed"
      ],
      "config" : "Debug",
      "name" : "T11.plan.ticket_is_typed_and_consumed",
      "properties" : 
      [
        {
          "name" : "ENVIRONMENT",
          "value" : 
          [
            "MSBUILDDISABLENODEREUSE=1"
          ]
        },
        {
          "name" : "LABELS",
          "value" : 
          [
            "D0.04"
          ]
        },
        {
          "name" : "TIMEOUT",
          "value" : 30.0
        },
        {
          "name" : "WORKING_DIRECTORY",
          "value" : "E:/VS2019Qt5.15/3D/build/win-msvc-debug"
        }
      ]
    },
    {
      "backtrace" : 35,
      "command" : 
      [
        "C:/Users/xrx10/AppData/Local/Programs/Python/Python311/python.exe",
        "-X",
        "utf8",
        "E:/VS2019Qt5.15/3D/tests/plan/run_cases.py",
        "--case",
        "test_plan_contract.PlanContracts.test_T10_plan_atomic_result_and_dynamic_check"
      ],
      "config" : "Debug",
      "name" : "T10.plan.atomic_result_and_dynamic_check",
      "properties" : 
      [
        {
          "name" : "ENVIRONMENT",
          "value" : 
          [
            "MSBUILDDISABLENODEREUSE=1"
          ]
        },
        {
          "name" : "LABELS",
          "value" : 
          [
            "D0.04"
          ]
        },
        {
          "name" : "TIMEOUT",
          "value" : 30.0
        },
        {
          "name" : "WORKING_DIRECTORY",
          "value" : "E:/VS2019Qt5.15/3D/build/win-msvc-debug"
        }
      ]
    },
    {
      "backtrace" : 39,
      "command" : 
      [
        "C:/Users/xrx10/AppData/Local/Programs/Python/Python311/python.exe",
        "-X",
        "utf8",
        "E:/VS2019Qt5.15/3D/tests/plan/run_cases.py",
        "--case",
        "test_plan_contract.PlanContracts.test_T10_plan_atomic_rejects_effect_and_ticket"
      ],
      "config" : "Debug",
      "name" : "T10.plan.atomic_rejects_effect_and_ticket",
      "properties" : 
      [
        {
          "name" : "ENVIRONMENT",
          "value" : 
          [
            "MSBUILDDISABLENODEREUSE=1"
          ]
        },
        {
          "name" : "LABELS",
          "value" : 
          [
            "D0.04"
          ]
        },
        {
          "name" : "TIMEOUT",
          "value" : 30.0
        },
        {
          "name" : "WORKING_DIRECTORY",
          "value" : "E:/VS2019Qt5.15/3D/build/win-msvc-debug"
        }
      ]
    },
    {
      "backtrace" : 43,
      "command" : 
      [
        "C:/Users/xrx10/AppData/Local/Programs/Python/Python311/python.exe",
        "-X",
        "utf8",
        "E:/VS2019Qt5.15/3D/tests/plan/run_cases.py",
        "--case",
        "test_plan_contract.PlanContracts.test_T11_plan_expression_types_and_shortcircuit"
      ],
      "config" : "Debug",
      "name" : "T11.plan.expression_types_and_shortcircuit",
      "properties" : 
      [
        {
          "name" : "ENVIRONMENT",
          "value" : 
          [
            "MSBUILDDISABLENODEREUSE=1"
          ]
        },
        {
          "name" : "LABELS",
          "value" : 
          [
            "D0.04"
          ]
        },
        {
          "name" : "TIMEOUT",
          "value" : 30.0
        },
        {
          "name" : "WORKING_DIRECTORY",
          "value" : "E:/VS2019Qt5.15/3D/build/win-msvc-debug"
        }
      ]
    },
    {
      "backtrace" : 47,
      "command" : 
      [
        "C:/Users/xrx10/AppData/Local/Programs/Python/Python311/python.exe",
        "-X",
        "utf8",
        "E:/VS2019Qt5.15/3D/tests/plan/run_cases.py",
        "--case",
        "test_plan_contract.PlanContracts.test_T11_plan_foreach_fixed_limit"
      ],
      "config" : "Debug",
      "name" : "T11.plan.foreach_fixed_limit",
      "properties" : 
      [
        {
          "name" : "ENVIRONMENT",
          "value" : 
          [
            "MSBUILDDISABLENODEREUSE=1"
          ]
        },
        {
          "name" : "LABELS",
          "value" : 
          [
            "D0.04"
          ]
        },
        {
          "name" : "TIMEOUT",
          "value" : 30.0
        },
        {
          "name" : "WORKING_DIRECTORY",
          "value" : "E:/VS2019Qt5.15/3D/build/win-msvc-debug"
        }
      ]
    },
    {
      "backtrace" : 51,
      "command" : 
      [
        "C:/Users/xrx10/AppData/Local/Programs/Python/Python311/python.exe",
        "-X",
        "utf8",
        "E:/VS2019Qt5.15/3D/tests/plan/run_cases.py",
        "--case",
        "test_plan_contract.PlanContracts.test_T11_plan_parallel_order_and_policy"
      ],
      "config" : "Debug",
      "name" : "T11.plan.parallel_order_and_policy",
      "properties" : 
      [
        {
          "name" : "ENVIRONMENT",
          "value" : 
          [
            "MSBUILDDISABLENODEREUSE=1"
          ]
        },
        {
          "name" : "LABELS",
          "value" : 
          [
            "D0.04"
          ]
        },
        {
          "name" : "TIMEOUT",
          "value" : 30.0
        },
        {
          "name" : "WORKING_DIRECTORY",
          "value" : "E:/VS2019Qt5.15/3D/build/win-msvc-debug"
        }
      ]
    },
    {
      "backtrace" : 55,
      "command" : 
      [
        "C:/Users/xrx10/AppData/Local/Programs/Python/Python311/python.exe",
        "-X",
        "utf8",
        "E:/VS2019Qt5.15/3D/tests/plan/run_cases.py",
        "--case",
        "test_plan_contract.PlanContracts.test_T22_plan_static_and_total_budget"
      ],
      "config" : "Debug",
      "name" : "T22.plan.static_and_total_budget",
      "properties" : 
      [
        {
          "name" : "ENVIRONMENT",
          "value" : 
          [
            "MSBUILDDISABLENODEREUSE=1"
          ]
        },
        {
          "name" : "LABELS",
          "value" : 
          [
            "D0.04"
          ]
        },
        {
          "name" : "TIMEOUT",
          "value" : 30.0
        },
        {
          "name" : "WORKING_DIRECTORY",
          "value" : "E:/VS2019Qt5.15/3D/build/win-msvc-debug"
        }
      ]
    },
    {
      "backtrace" : 59,
      "command" : 
      [
        "C:/Users/xrx10/AppData/Local/Programs/Python/Python311/python.exe",
        "-X",
        "utf8",
        "E:/VS2019Qt5.15/3D/tests/plan/run_cases.py",
        "--case",
        "test_plan_contract.PlanContracts.test_T04_plan_examples_and_exact_operation"
      ],
      "config" : "Debug",
      "name" : "T04.plan.examples_and_exact_operation",
      "properties" : 
      [
        {
          "name" : "ENVIRONMENT",
          "value" : 
          [
            "MSBUILDDISABLENODEREUSE=1"
          ]
        },
        {
          "name" : "LABELS",
          "value" : 
          [
            "D0.04"
          ]
        },
        {
          "name" : "TIMEOUT",
          "value" : 30.0
        },
        {
          "name" : "WORKING_DIRECTORY",
          "value" : "E:/VS2019Qt5.15/3D/build/win-msvc-debug"
        }
      ]
    },
    {
      "backtrace" : 63,
      "command" : 
      [
        "C:/Users/xrx10/AppData/Local/Programs/Python/Python311/python.exe",
        "-X",
        "utf8",
        "E:/VS2019Qt5.15/3D/tests/plan/run_cases.py",
        "--case",
        "test_plan_contract.PlanContracts.test_T10_plan_atomic_subset_and_partial_domain_bindings"
      ],
      "config" : "Debug",
      "name" : "T10.plan.atomic_subset_and_partial_domain_bindings",
      "properties" : 
      [
        {
          "name" : "ENVIRONMENT",
          "value" : 
          [
            "MSBUILDDISABLENODEREUSE=1"
          ]
        },
        {
          "name" : "LABELS",
          "value" : 
          [
            "D0.04"
          ]
        },
        {
          "name" : "TIMEOUT",
          "value" : 30.0
        },
        {
          "name" : "WORKING_DIRECTORY",
          "value" : "E:/VS2019Qt5.15/3D/build/win-msvc-debug"
        }
      ]
    },
    {
      "backtrace" : 67,
      "command" : 
      [
        "C:/Users/xrx10/AppData/Local/Programs/Python/Python311/python.exe",
        "-X",
        "utf8",
        "E:/VS2019Qt5.15/3D/tests/plan/run_cases.py",
        "--case",
        "test_plan_contract.PlanContracts.test_T11_plan_dateref_and_branch_ticket_lifetime"
      ],
      "config" : "Debug",
      "name" : "T11.plan.dateref_and_branch_ticket_lifetime",
      "properties" : 
      [
        {
          "name" : "ENVIRONMENT",
          "value" : 
          [
            "MSBUILDDISABLENODEREUSE=1"
          ]
        },
        {
          "name" : "LABELS",
          "value" : 
          [
            "D0.04"
          ]
        },
        {
          "name" : "TIMEOUT",
          "value" : 30.0
        },
        {
          "name" : "WORKING_DIRECTORY",
          "value" : "E:/VS2019Qt5.15/3D/build/win-msvc-debug"
        }
      ]
    },
    {
      "backtrace" : 71,
      "command" : 
      [
        "C:/Users/xrx10/AppData/Local/Programs/Python/Python311/python.exe",
        "-X",
        "utf8",
        "E:/VS2019Qt5.15/3D/tests/plan/run_cases.py",
        "--case",
        "test_plan_contract.PlanContracts.test_T04_plan_expression_static_types_not_hidden_by_shortcircuit"
      ],
      "config" : "Debug",
      "name" : "T04.plan.expression_static_types_not_hidden_by_shortcircuit",
      "properties" : 
      [
        {
          "name" : "ENVIRONMENT",
          "value" : 
          [
            "MSBUILDDISABLENODEREUSE=1"
          ]
        },
        {
          "name" : "LABELS",
          "value" : 
          [
            "D0.04"
          ]
        },
        {
          "name" : "TIMEOUT",
          "value" : 30.0
        },
        {
          "name" : "WORKING_DIRECTORY",
          "value" : "E:/VS2019Qt5.15/3D/build/win-msvc-debug"
        }
      ]
    },
    {
      "backtrace" : 75,
      "command" : 
      [
        "C:/Users/xrx10/AppData/Local/Programs/Python/Python311/python.exe",
        "-X",
        "utf8",
        "E:/VS2019Qt5.15/3D/tests/plan/run_cases.py",
        "--case",
        "test_plan_contract.PlanContracts.test_T22_plan_payload_and_control_depth"
      ],
      "config" : "Debug",
      "name" : "T22.plan.payload_and_control_depth",
      "properties" : 
      [
        {
          "name" : "ENVIRONMENT",
          "value" : 
          [
            "MSBUILDDISABLENODEREUSE=1"
          ]
        },
        {
          "name" : "LABELS",
          "value" : 
          [
            "D0.04"
          ]
        },
        {
          "name" : "TIMEOUT",
          "value" : 30.0
        },
        {
          "name" : "WORKING_DIRECTORY",
          "value" : "E:/VS2019Qt5.15/3D/build/win-msvc-debug"
        }
      ]
    },
    {
      "backtrace" : 79,
      "command" : 
      [
        "C:/Users/xrx10/AppData/Local/Programs/Python/Python311/python.exe",
        "-X",
        "utf8",
        "E:/VS2019Qt5.15/3D/tests/plan/run_cases.py",
        "--case",
        "test_plan_contract.PlanContracts.test_T22_plan_loop_control_cost"
      ],
      "config" : "Debug",
      "name" : "T22.plan.loop_control_cost",
      "properties" : 
      [
        {
          "name" : "ENVIRONMENT",
          "value" : 
          [
            "MSBUILDDISABLENODEREUSE=1"
          ]
        },
        {
          "name" : "LABELS",
          "value" : 
          [
            "D0.04"
          ]
        },
        {
          "name" : "TIMEOUT",
          "value" : 30.0
        },
        {
          "name" : "WORKING_DIRECTORY",
          "value" : "E:/VS2019Qt5.15/3D/build/win-msvc-debug"
        }
      ]
    },
    {
      "backtrace" : 83,
      "command" : 
      [
        "C:/Users/xrx10/AppData/Local/Programs/Python/Python311/python.exe",
        "-X",
        "utf8",
        "E:/VS2019Qt5.15/3D/tests/plan/run_cases.py",
        "--case",
        "test_plan_contract.PlanContracts.test_T22_plan_payload_component_budgets"
      ],
      "config" : "Debug",
      "name" : "T22.plan.payload_component_budgets",
      "properties" : 
      [
        {
          "name" : "ENVIRONMENT",
          "value" : 
          [
            "MSBUILDDISABLENODEREUSE=1"
          ]
        },
        {
          "name" : "LABELS",
          "value" : 
          [
            "D0.04"
          ]
        },
        {
          "name" : "TIMEOUT",
          "value" : 30.0
        },
        {
          "name" : "WORKING_DIRECTORY",
          "value" : "E:/VS2019Qt5.15/3D/build/win-msvc-debug"
        }
      ]
    },
    {
      "backtrace" : 87,
      "command" : 
      [
        "C:/Users/xrx10/AppData/Local/Programs/Python/Python311/python.exe",
        "-X",
        "utf8",
        "E:/VS2019Qt5.15/3D/tests/plan/run_cases.py",
        "--case",
        "test_plan_contract.PlanContracts.test_T04_plan_bound_domain_and_target_validate_full_schema"
      ],
      "config" : "Debug",
      "name" : "T04.plan.bound_domain_and_target_validate_full_schema",
      "properties" : 
      [
        {
          "name" : "ENVIRONMENT",
          "value" : 
          [
            "MSBUILDDISABLENODEREUSE=1"
          ]
        },
        {
          "name" : "LABELS",
          "value" : 
          [
            "D0.04"
          ]
        },
        {
          "name" : "TIMEOUT",
          "value" : 30.0
        },
        {
          "name" : "WORKING_DIRECTORY",
          "value" : "E:/VS2019Qt5.15/3D/build/win-msvc-debug"
        }
      ]
    },
    {
      "backtrace" : 91,
      "command" : 
      [
        "C:/Users/xrx10/AppData/Local/Programs/Python/Python311/python.exe",
        "-X",
        "utf8",
        "E:/VS2019Qt5.15/3D/tests/plan/run_cases.py",
        "--case",
        "test_control_contract.ControlContracts.test_T04_control_message_golden_and_directions"
      ],
      "config" : "Debug",
      "name" : "T04.control.message_golden_and_directions",
      "properties" : 
      [
        {
          "name" : "ENVIRONMENT",
          "value" : 
          [
            "MSBUILDDISABLENODEREUSE=1"
          ]
        },
        {
          "name" : "LABELS",
          "value" : 
          [
            "D0.04"
          ]
        },
        {
          "name" : "TIMEOUT",
          "value" : 30.0
        },
        {
          "name" : "WORKING_DIRECTORY",
          "value" : "E:/VS2019Qt5.15/3D/build/win-msvc-debug"
        }
      ]
    },
    {
      "backtrace" : 95,
      "command" : 
      [
        "C:/Users/xrx10/AppData/Local/Programs/Python/Python311/python.exe",
        "-X",
        "utf8",
        "E:/VS2019Qt5.15/3D/tests/plan/run_cases.py",
        "--case",
        "test_control_contract.ControlContracts.test_T19_control_terminal_before_subscribe"
      ],
      "config" : "Debug",
      "name" : "T19.control.terminal_before_subscribe",
      "properties" : 
      [
        {
          "name" : "ENVIRONMENT",
          "value" : 
          [
            "MSBUILDDISABLENODEREUSE=1"
          ]
        },
        {
          "name" : "LABELS",
          "value" : 
          [
            "D0.04"
          ]
        },
        {
          "name" : "TIMEOUT",
          "value" : 30.0
        },
        {
          "name" : "WORKING_DIRECTORY",
          "value" : "E:/VS2019Qt5.15/3D/build/win-msvc-debug"
        }
      ]
    },
    {
      "backtrace" : 99,
      "command" : 
      [
        "C:/Users/xrx10/AppData/Local/Programs/Python/Python311/python.exe",
        "-X",
        "utf8",
        "E:/VS2019Qt5.15/3D/tests/plan/run_cases.py",
        "--case",
        "test_control_contract.ControlContracts.test_T19_control_terminal_during_establishment"
      ],
      "config" : "Debug",
      "name" : "T19.control.terminal_during_establishment",
      "properties" : 
      [
        {
          "name" : "ENVIRONMENT",
          "value" : 
          [
            "MSBUILDDISABLENODEREUSE=1"
          ]
        },
        {
          "name" : "LABELS",
          "value" : 
          [
            "D0.04"
          ]
        },
        {
          "name" : "TIMEOUT",
          "value" : 30.0
        },
        {
          "name" : "WORKING_DIRECTORY",
          "value" : "E:/VS2019Qt5.15/3D/build/win-msvc-debug"
        }
      ]
    },
    {
      "backtrace" : 103,
      "command" : 
      [
        "C:/Users/xrx10/AppData/Local/Programs/Python/Python311/python.exe",
        "-X",
        "utf8",
        "E:/VS2019Qt5.15/3D/tests/plan/run_cases.py",
        "--case",
        "test_control_contract.ControlContracts.test_T19_control_ack_before_events"
      ],
      "config" : "Debug",
      "name" : "T19.control.ack_before_events",
      "properties" : 
      [
        {
          "name" : "ENVIRONMENT",
          "value" : 
          [
            "MSBUILDDISABLENODEREUSE=1"
          ]
        },
        {
          "name" : "LABELS",
          "value" : 
          [
            "D0.04"
          ]
        },
        {
          "name" : "TIMEOUT",
          "value" : 30.0
        },
        {
          "name" : "WORKING_DIRECTORY",
          "value" : "E:/VS2019Qt5.15/3D/build/win-msvc-debug"
        }
      ]
    },
    {
      "backtrace" : 107,
      "command" : 
      [
        "C:/Users/xrx10/AppData/Local/Programs/Python/Python311/python.exe",
        "-X",
        "utf8",
        "E:/VS2019Qt5.15/3D/tests/plan/run_cases.py",
        "--case",
        "test_control_contract.ControlContracts.test_T19_control_client_stale_snapshot_and_event"
      ],
      "config" : "Debug",
      "name" : "T19.control.client_stale_snapshot_and_event",
      "properties" : 
      [
        {
          "name" : "ENVIRONMENT",
          "value" : 
          [
            "MSBUILDDISABLENODEREUSE=1"
          ]
        },
        {
          "name" : "LABELS",
          "value" : 
          [
            "D0.04"
          ]
        },
        {
          "name" : "TIMEOUT",
          "value" : 30.0
        },
        {
          "name" : "WORKING_DIRECTORY",
          "value" : "E:/VS2019Qt5.15/3D/build/win-msvc-debug"
        }
      ]
    },
    {
      "backtrace" : 111,
      "command" : 
      [
        "C:/Users/xrx10/AppData/Local/Programs/Python/Python311/python.exe",
        "-X",
        "utf8",
        "E:/VS2019Qt5.15/3D/tests/plan/run_cases.py",
        "--case",
        "test_control_contract.ControlContracts.test_T19_control_drop_without_later_notification"
      ],
      "config" : "Debug",
      "name" : "T19.control.drop_without_later_notification",
      "properties" : 
      [
        {
          "name" : "ENVIRONMENT",
          "value" : 
          [
            "MSBUILDDISABLENODEREUSE=1"
          ]
        },
        {
          "name" : "LABELS",
          "value" : 
          [
            "D0.04"
          ]
        },
        {
          "name" : "TIMEOUT",
          "value" : 30.0
        },
        {
          "name" : "WORKING_DIRECTORY",
          "value" : "E:/VS2019Qt5.15/3D/build/win-msvc-debug"
        }
      ]
    },
    {
      "backtrace" : 115,
      "command" : 
      [
        "C:/Users/xrx10/AppData/Local/Programs/Python/Python311/python.exe",
        "-X",
        "utf8",
        "E:/VS2019Qt5.15/3D/tests/plan/run_cases.py",
        "--case",
        "test_control_contract.ControlContracts.test_T19_control_coalescing_preserves_sequence"
      ],
      "config" : "Debug",
      "name" : "T19.control.coalescing_preserves_sequence",
      "properties" : 
      [
        {
          "name" : "ENVIRONMENT",
          "value" : 
          [
            "MSBUILDDISABLENODEREUSE=1"
          ]
        },
        {
          "name" : "LABELS",
          "value" : 
          [
            "D0.04"
          ]
        },
        {
          "name" : "TIMEOUT",
          "value" : 30.0
        },
        {
          "name" : "WORKING_DIRECTORY",
          "value" : "E:/VS2019Qt5.15/3D/build/win-msvc-debug"
        }
      ]
    },
    {
      "backtrace" : 119,
      "command" : 
      [
        "C:/Users/xrx10/AppData/Local/Programs/Python/Python311/python.exe",
        "-X",
        "utf8",
        "E:/VS2019Qt5.15/3D/tests/plan/run_cases.py",
        "--case",
        "test_control_contract.ControlContracts.test_T19_control_unsubscribe_connection_generation_inflight"
      ],
      "config" : "Debug",
      "name" : "T19.control.unsubscribe_connection_generation_inflight",
      "properties" : 
      [
        {
          "name" : "ENVIRONMENT",
          "value" : 
          [
            "MSBUILDDISABLENODEREUSE=1"
          ]
        },
        {
          "name" : "LABELS",
          "value" : 
          [
            "D0.04"
          ]
        },
        {
          "name" : "TIMEOUT",
          "value" : 30.0
        },
        {
          "name" : "WORKING_DIRECTORY",
          "value" : "E:/VS2019Qt5.15/3D/build/win-msvc-debug"
        }
      ]
    },
    {
      "backtrace" : 123,
      "command" : 
      [
        "C:/Users/xrx10/AppData/Local/Programs/Python/Python311/python.exe",
        "-X",
        "utf8",
        "E:/VS2019Qt5.15/3D/tests/plan/run_cases.py",
        "--case",
        "test_control_contract.ControlContracts.test_T19_control_disconnect_and_reconnect"
      ],
      "config" : "Debug",
      "name" : "T19.control.disconnect_and_reconnect",
      "properties" : 
      [
        {
          "name" : "ENVIRONMENT",
          "value" : 
          [
            "MSBUILDDISABLENODEREUSE=1"
          ]
        },
        {
          "name" : "LABELS",
          "value" : 
          [
            "D0.04"
          ]
        },
        {
          "name" : "TIMEOUT",
          "value" : 30.0
        },
        {
          "name" : "WORKING_DIRECTORY",
          "value" : "E:/VS2019Qt5.15/3D/build/win-msvc-debug"
        }
      ]
    },
    {
      "backtrace" : 127,
      "command" : 
      [
        "C:/Users/xrx10/AppData/Local/Programs/Python/Python311/python.exe",
        "-X",
        "utf8",
        "E:/VS2019Qt5.15/3D/tests/plan/run_cases.py",
        "--case",
        "test_control_contract.ControlContracts.test_T20_control_authorization_and_no_enumeration"
      ],
      "config" : "Debug",
      "name" : "T20.control.authorization_and_no_enumeration",
      "properties" : 
      [
        {
          "name" : "ENVIRONMENT",
          "value" : 
          [
            "MSBUILDDISABLENODEREUSE=1"
          ]
        },
        {
          "name" : "LABELS",
          "value" : 
          [
            "D0.04"
          ]
        },
        {
          "name" : "TIMEOUT",
          "value" : 30.0
        },
        {
          "name" : "WORKING_DIRECTORY",
          "value" : "E:/VS2019Qt5.15/3D/build/win-msvc-debug"
        }
      ]
    },
    {
      "backtrace" : 131,
      "command" : 
      [
        "C:/Users/xrx10/AppData/Local/Programs/Python/Python311/python.exe",
        "-X",
        "utf8",
        "E:/VS2019Qt5.15/3D/tests/plan/run_cases.py",
        "--case",
        "test_control_contract.ControlContracts.test_T20_control_revoke_queued_and_send_arbitration"
      ],
      "config" : "Debug",
      "name" : "T20.control.revoke_queued_and_send_arbitration",
      "properties" : 
      [
        {
          "name" : "ENVIRONMENT",
          "value" : 
          [
            "MSBUILDDISABLENODEREUSE=1"
          ]
        },
        {
          "name" : "LABELS",
          "value" : 
          [
            "D0.04"
          ]
        },
        {
          "name" : "TIMEOUT",
          "value" : 30.0
        },
        {
          "name" : "WORKING_DIRECTORY",
          "value" : "E:/VS2019Qt5.15/3D/build/win-msvc-debug"
        }
      ]
    },
    {
      "backtrace" : 135,
      "command" : 
      [
        "C:/Users/xrx10/AppData/Local/Programs/Python/Python311/python.exe",
        "-X",
        "utf8",
        "E:/VS2019Qt5.15/3D/tests/plan/run_cases.py",
        "--case",
        "test_control_contract.ControlContracts.test_T22_control_quotas_interval_and_slow_reader"
      ],
      "config" : "Debug",
      "name" : "T22.control.quotas_interval_and_slow_reader",
      "properties" : 
      [
        {
          "name" : "ENVIRONMENT",
          "value" : 
          [
            "MSBUILDDISABLENODEREUSE=1"
          ]
        },
        {
          "name" : "LABELS",
          "value" : 
          [
            "D0.04"
          ]
        },
        {
          "name" : "TIMEOUT",
          "value" : 30.0
        },
        {
          "name" : "WORKING_DIRECTORY",
          "value" : "E:/VS2019Qt5.15/3D/build/win-msvc-debug"
        }
      ]
    },
    {
      "backtrace" : 139,
      "command" : 
      [
        "C:/Users/xrx10/AppData/Local/Programs/Python/Python311/python.exe",
        "-X",
        "utf8",
        "E:/VS2019Qt5.15/3D/tests/plan/run_cases.py",
        "--case",
        "test_control_contract.ControlContracts.test_T22_control_queue_memory_and_counter_limits"
      ],
      "config" : "Debug",
      "name" : "T22.control.queue_memory_and_counter_limits",
      "properties" : 
      [
        {
          "name" : "ENVIRONMENT",
          "value" : 
          [
            "MSBUILDDISABLENODEREUSE=1"
          ]
        },
        {
          "name" : "LABELS",
          "value" : 
          [
            "D0.04"
          ]
        },
        {
          "name" : "TIMEOUT",
          "value" : 30.0
        },
        {
          "name" : "WORKING_DIRECTORY",
          "value" : "E:/VS2019Qt5.15/3D/build/win-msvc-debug"
        }
      ]
    },
    {
      "backtrace" : 143,
      "command" : 
      [
        "C:/Users/xrx10/AppData/Local/Programs/Python/Python311/python.exe",
        "-X",
        "utf8",
        "E:/VS2019Qt5.15/3D/tests/plan/run_cases.py",
        "--case",
        "test_control_contract.ControlContracts.test_T19_control_finalizing_and_projection"
      ],
      "config" : "Debug",
      "name" : "T19.control.finalizing_and_projection",
      "properties" : 
      [
        {
          "name" : "ENVIRONMENT",
          "value" : 
          [
            "MSBUILDDISABLENODEREUSE=1"
          ]
        },
        {
          "name" : "LABELS",
          "value" : 
          [
            "D0.04"
          ]
        },
        {
          "name" : "TIMEOUT",
          "value" : 30.0
        },
        {
          "name" : "WORKING_DIRECTORY",
          "value" : "E:/VS2019Qt5.15/3D/build/win-msvc-debug"
        }
      ]
    },
    {
      "backtrace" : 147,
      "command" : 
      [
        "C:/Users/xrx10/AppData/Local/Programs/Python/Python311/python.exe",
        "-X",
        "utf8",
        "E:/VS2019Qt5.15/3D/tests/plan/run_cases.py",
        "--case",
        "test_control_contract.ControlContracts.test_T19_control_cursor_golden_mac"
      ],
      "config" : "Debug",
      "name" : "T19.control.cursor_golden_mac",
      "properties" : 
      [
        {
          "name" : "ENVIRONMENT",
          "value" : 
          [
            "MSBUILDDISABLENODEREUSE=1"
          ]
        },
        {
          "name" : "LABELS",
          "value" : 
          [
            "D0.04"
          ]
        },
        {
          "name" : "TIMEOUT",
          "value" : 30.0
        },
        {
          "name" : "WORKING_DIRECTORY",
          "value" : "E:/VS2019Qt5.15/3D/build/win-msvc-debug"
        }
      ]
    },
    {
      "backtrace" : 151,
      "command" : 
      [
        "C:/Users/xrx10/AppData/Local/Programs/Python/Python311/python.exe",
        "-X",
        "utf8",
        "E:/VS2019Qt5.15/3D/tests/plan/run_cases.py",
        "--case",
        "test_control_contract.ControlContracts.test_T20_control_cursor_tamper_unknown_and_oversize"
      ],
      "config" : "Debug",
      "name" : "T20.control.cursor_tamper_unknown_and_oversize",
      "properties" : 
      [
        {
          "name" : "ENVIRONMENT",
          "value" : 
          [
            "MSBUILDDISABLENODEREUSE=1"
          ]
        },
        {
          "name" : "LABELS",
          "value" : 
          [
            "D0.04"
          ]
        },
        {
          "name" : "TIMEOUT",
          "value" : 30.0
        },
        {
          "name" : "WORKING_DIRECTORY",
          "value" : "E:/VS2019Qt5.15/3D/build/win-msvc-debug"
        }
      ]
    },
    {
      "backtrace" : 155,
      "command" : 
      [
        "C:/Users/xrx10/AppData/Local/Programs/Python/Python311/python.exe",
        "-X",
        "utf8",
        "E:/VS2019Qt5.15/3D/tests/plan/run_cases.py",
        "--case",
        "test_control_contract.ControlContracts.test_T20_control_cursor_identity_filter_and_revocation"
      ],
      "config" : "Debug",
      "name" : "T20.control.cursor_identity_filter_and_revocation",
      "properties" : 
      [
        {
          "name" : "ENVIRONMENT",
          "value" : 
          [
            "MSBUILDDISABLENODEREUSE=1"
          ]
        },
        {
          "name" : "LABELS",
          "value" : 
          [
            "D0.04"
          ]
        },
        {
          "name" : "TIMEOUT",
          "value" : 30.0
        },
        {
          "name" : "WORKING_DIRECTORY",
          "value" : "E:/VS2019Qt5.15/3D/build/win-msvc-debug"
        }
      ]
    },
    {
      "backtrace" : 159,
      "command" : 
      [
        "C:/Users/xrx10/AppData/Local/Programs/Python/Python311/python.exe",
        "-X",
        "utf8",
        "E:/VS2019Qt5.15/3D/tests/plan/run_cases.py",
        "--case",
        "test_control_contract.ControlContracts.test_T19_control_cursor_expiry_host_restore_and_no_restart"
      ],
      "config" : "Debug",
      "name" : "T19.control.cursor_expiry_host_restore_and_no_restart",
      "properties" : 
      [
        {
          "name" : "ENVIRONMENT",
          "value" : 
          [
            "MSBUILDDISABLENODEREUSE=1"
          ]
        },
        {
          "name" : "LABELS",
          "value" : 
          [
            "D0.04"
          ]
        },
        {
          "name" : "TIMEOUT",
          "value" : 30.0
        },
        {
          "name" : "WORKING_DIRECTORY",
          "value" : "E:/VS2019Qt5.15/3D/build/win-msvc-debug"
        }
      ]
    },
    {
      "backtrace" : 163,
      "command" : 
      [
        "C:/Users/xrx10/AppData/Local/Programs/Python/Python311/python.exe",
        "-X",
        "utf8",
        "E:/VS2019Qt5.15/3D/tests/plan/run_cases.py",
        "--case",
        "test_control_contract.ControlContracts.test_T19_control_list_live_keyset_add_delete_change"
      ],
      "config" : "Debug",
      "name" : "T19.control.list_live_keyset_add_delete_change",
      "properties" : 
      [
        {
          "name" : "ENVIRONMENT",
          "value" : 
          [
            "MSBUILDDISABLENODEREUSE=1"
          ]
        },
        {
          "name" : "LABELS",
          "value" : 
          [
            "D0.04"
          ]
        },
        {
          "name" : "TIMEOUT",
          "value" : 30.0
        },
        {
          "name" : "WORKING_DIRECTORY",
          "value" : "E:/VS2019Qt5.15/3D/build/win-msvc-debug"
        }
      ]
    },
    {
      "backtrace" : 167,
      "command" : 
      [
        "C:/Users/xrx10/AppData/Local/Programs/Python/Python311/python.exe",
        "-X",
        "utf8",
        "E:/VS2019Qt5.15/3D/tests/plan/run_cases.py",
        "--case",
        "test_control_contract.ControlContracts.test_T22_control_list_empty_page_advances_and_no_progress_rejected"
      ],
      "config" : "Debug",
      "name" : "T22.control.list_empty_page_advances_and_no_progress_rejected",
      "properties" : 
      [
        {
          "name" : "ENVIRONMENT",
          "value" : 
          [
            "MSBUILDDISABLENODEREUSE=1"
          ]
        },
        {
          "name" : "LABELS",
          "value" : 
          [
            "D0.04"
          ]
        },
        {
          "name" : "TIMEOUT",
          "value" : 30.0
        },
        {
          "name" : "WORKING_DIRECTORY",
          "value" : "E:/VS2019Qt5.15/3D/build/win-msvc-debug"
        }
      ]
    },
    {
      "backtrace" : 171,
      "command" : 
      [
        "C:/Users/xrx10/AppData/Local/Programs/Python/Python311/python.exe",
        "-X",
        "utf8",
        "E:/VS2019Qt5.15/3D/tests/plan/run_cases.py",
        "--case",
        "test_control_contract.ControlContracts.test_T22_control_list_cursor_zero_handles_and_bounded_frame"
      ],
      "config" : "Debug",
      "name" : "T22.control.list_cursor_zero_handles_and_bounded_frame",
      "properties" : 
      [
        {
          "name" : "ENVIRONMENT",
          "value" : 
          [
            "MSBUILDDISABLENODEREUSE=1"
          ]
        },
        {
          "name" : "LABELS",
          "value" : 
          [
            "D0.04"
          ]
        },
        {
          "name" : "TIMEOUT",
          "value" : 30.0
        },
        {
          "name" : "WORKING_DIRECTORY",
          "value" : "E:/VS2019Qt5.15/3D/build/win-msvc-debug"
        }
      ]
    },
    {
      "backtrace" : 175,
      "command" : 
      [
        "C:/Users/xrx10/AppData/Local/Programs/Python/Python311/python.exe",
        "-X",
        "utf8",
        "E:/VS2019Qt5.15/3D/tests/plan/run_cases.py",
        "--case",
        "test_control_contract.ControlContracts.test_T19_control_phase_not_delayed_by_progress_interval"
      ],
      "config" : "Debug",
      "name" : "T19.control.phase_not_delayed_by_progress_interval",
      "properties" : 
      [
        {
          "name" : "ENVIRONMENT",
          "value" : 
          [
            "MSBUILDDISABLENODEREUSE=1"
          ]
        },
        {
          "name" : "LABELS",
          "value" : 
          [
            "D0.04"
          ]
        },
        {
          "name" : "TIMEOUT",
          "value" : 30.0
        },
        {
          "name" : "WORKING_DIRECTORY",
          "value" : "E:/VS2019Qt5.15/3D/build/win-msvc-debug"
        }
      ]
    },
    {
      "backtrace" : 179,
      "command" : 
      [
        "C:/Users/xrx10/AppData/Local/Programs/Python/Python311/python.exe",
        "-X",
        "utf8",
        "E:/VS2019Qt5.15/3D/tests/plan/run_cases.py",
        "--case",
        "test_control_contract.ControlContracts.test_T20_control_failed_subscribe_and_hidden_sequence"
      ],
      "config" : "Debug",
      "name" : "T20.control.failed_subscribe_and_hidden_sequence",
      "properties" : 
      [
        {
          "name" : "ENVIRONMENT",
          "value" : 
          [
            "MSBUILDDISABLENODEREUSE=1"
          ]
        },
        {
          "name" : "LABELS",
          "value" : 
          [
            "D0.04"
          ]
        },
        {
          "name" : "TIMEOUT",
          "value" : 30.0
        },
        {
          "name" : "WORKING_DIRECTORY",
          "value" : "E:/VS2019Qt5.15/3D/build/win-msvc-debug"
        }
      ]
    },
    {
      "backtrace" : 183,
      "command" : 
      [
        "C:/Users/xrx10/AppData/Local/Programs/Python/Python311/python.exe",
        "-X",
        "utf8",
        "E:/VS2019Qt5.15/3D/tests/plan/run_cases.py",
        "--case",
        "test_control_contract.ControlContracts.test_T20_control_cursor_algorithm_and_authenticated_nonprogress"
      ],
      "config" : "Debug",
      "name" : "T20.control.cursor_algorithm_and_authenticated_nonprogress",
      "properties" : 
      [
        {
          "name" : "ENVIRONMENT",
          "value" : 
          [
            "MSBUILDDISABLENODEREUSE=1"
          ]
        },
        {
          "name" : "LABELS",
          "value" : 
          [
            "D0.04"
          ]
        },
        {
          "name" : "TIMEOUT",
          "value" : 30.0
        },
        {
          "name" : "WORKING_DIRECTORY",
          "value" : "E:/VS2019Qt5.15/3D/build/win-msvc-debug"
        }
      ]
    },
    {
      "backtrace" : 187,
      "command" : 
      [
        "C:/Users/xrx10/AppData/Local/Programs/Python/Python311/python.exe",
        "-X",
        "utf8",
        "E:/VS2019Qt5.15/3D/tests/plan/run_cases.py",
        "--case",
        "test_control_contract.ControlContracts.test_T22_control_effective_budgets_and_session_invalidation"
      ],
      "config" : "Debug",
      "name" : "T22.control.effective_budgets_and_session_invalidation",
      "properties" : 
      [
        {
          "name" : "ENVIRONMENT",
          "value" : 
          [
            "MSBUILDDISABLENODEREUSE=1"
          ]
        },
        {
          "name" : "LABELS",
          "value" : 
          [
            "D0.04"
          ]
        },
        {
          "name" : "TIMEOUT",
          "value" : 30.0
        },
        {
          "name" : "WORKING_DIRECTORY",
          "value" : "E:/VS2019Qt5.15/3D/build/win-msvc-debug"
        }
      ]
    },
    {
      "backtrace" : 191,
      "command" : 
      [
        "C:/Users/xrx10/AppData/Local/Programs/Python/Python311/python.exe",
        "-X",
        "utf8",
        "E:/VS2019Qt5.15/3D/tests/plan/run_cases.py",
        "--case",
        "test_control_contract.ControlContracts.test_T19_control_client_old_stream_rejected"
      ],
      "config" : "Debug",
      "name" : "T19.control.client_old_stream_rejected",
      "properties" : 
      [
        {
          "name" : "ENVIRONMENT",
          "value" : 
          [
            "MSBUILDDISABLENODEREUSE=1"
          ]
        },
        {
          "name" : "LABELS",
          "value" : 
          [
            "D0.04"
          ]
        },
        {
          "name" : "TIMEOUT",
          "value" : 30.0
        },
        {
          "name" : "WORKING_DIRECTORY",
          "value" : "E:/VS2019Qt5.15/3D/build/win-msvc-debug"
        }
      ]
    },
    {
      "backtrace" : 195,
      "command" : 
      [
        "C:/Users/xrx10/AppData/Local/Programs/Python/Python311/python.exe",
        "-X",
        "utf8",
        "E:/VS2019Qt5.15/3D/tests/plan/run_cases.py",
        "--case",
        "test_control_contract.ControlContracts.test_T19_control_invalid_projection_preserves_state"
      ],
      "config" : "Debug",
      "name" : "T19.control.invalid_projection_preserves_state",
      "properties" : 
      [
        {
          "name" : "ENVIRONMENT",
          "value" : 
          [
            "MSBUILDDISABLENODEREUSE=1"
          ]
        },
        {
          "name" : "LABELS",
          "value" : 
          [
            "D0.04"
          ]
        },
        {
          "name" : "TIMEOUT",
          "value" : 30.0
        },
        {
          "name" : "WORKING_DIRECTORY",
          "value" : "E:/VS2019Qt5.15/3D/build/win-msvc-debug"
        }
      ]
    },
    {
      "backtrace" : 199,
      "command" : 
      [
        "C:/Users/xrx10/AppData/Local/Programs/Python/Python311/python.exe",
        "-X",
        "utf8",
        "E:/VS2019Qt5.15/3D/tests/plan/run_cases.py",
        "--case",
        "test_control_contract.ControlContracts.test_T19_control_client_terminal_cannot_reopen"
      ],
      "config" : "Debug",
      "name" : "T19.control.client_terminal_cannot_reopen",
      "properties" : 
      [
        {
          "name" : "ENVIRONMENT",
          "value" : 
          [
            "MSBUILDDISABLENODEREUSE=1"
          ]
        },
        {
          "name" : "LABELS",
          "value" : 
          [
            "D0.04"
          ]
        },
        {
          "name" : "TIMEOUT",
          "value" : 30.0
        },
        {
          "name" : "WORKING_DIRECTORY",
          "value" : "E:/VS2019Qt5.15/3D/build/win-msvc-debug"
        }
      ]
    },
    {
      "backtrace" : 203,
      "command" : 
      [
        "C:/Users/xrx10/AppData/Local/Programs/Python/Python311/python.exe",
        "-X",
        "utf8",
        "E:/VS2019Qt5.15/3D/tests/plan/run_cases.py",
        "--case",
        "test_control_contract.ControlContracts.test_T19_control_client_old_host_snapshot_rejected"
      ],
      "config" : "Debug",
      "name" : "T19.control.client_old_host_snapshot_rejected",
      "properties" : 
      [
        {
          "name" : "ENVIRONMENT",
          "value" : 
          [
            "MSBUILDDISABLENODEREUSE=1"
          ]
        },
        {
          "name" : "LABELS",
          "value" : 
          [
            "D0.04"
          ]
        },
        {
          "name" : "TIMEOUT",
          "value" : 30.0
        },
        {
          "name" : "WORKING_DIRECTORY",
          "value" : "E:/VS2019Qt5.15/3D/build/win-msvc-debug"
        }
      ]
    },
    {
      "backtrace" : 207,
      "command" : 
      [
        "C:/Users/xrx10/AppData/Local/Programs/Python/Python311/python.exe",
        "-X",
        "utf8",
        "E:/VS2019Qt5.15/3D/tests/plan/run_cases.py",
        "--case",
        "test_control_contract.ControlContracts.test_T19_control_full_snapshot_completes_partial_same_version"
      ],
      "config" : "Debug",
      "name" : "T19.control.full_snapshot_completes_partial_same_version",
      "properties" : 
      [
        {
          "name" : "ENVIRONMENT",
          "value" : 
          [
            "MSBUILDDISABLENODEREUSE=1"
          ]
        },
        {
          "name" : "LABELS",
          "value" : 
          [
            "D0.04"
          ]
        },
        {
          "name" : "TIMEOUT",
          "value" : 30.0
        },
        {
          "name" : "WORKING_DIRECTORY",
          "value" : "E:/VS2019Qt5.15/3D/build/win-msvc-debug"
        }
      ]
    },
    {
      "backtrace" : 211,
      "command" : 
      [
        "C:/Users/xrx10/AppData/Local/Programs/Python/Python311/python.exe",
        "-X",
        "utf8",
        "E:/VS2019Qt5.15/3D/tests/plan/run_cases.py",
        "--case",
        "test_control_contract.ControlContracts.test_T19_control_client_retirement_rejects_inflight_streams"
      ],
      "config" : "Debug",
      "name" : "T19.control.client_retirement_rejects_inflight_streams",
      "properties" : 
      [
        {
          "name" : "ENVIRONMENT",
          "value" : 
          [
            "MSBUILDDISABLENODEREUSE=1"
          ]
        },
        {
          "name" : "LABELS",
          "value" : 
          [
            "D0.04"
          ]
        },
        {
          "name" : "TIMEOUT",
          "value" : 30.0
        },
        {
          "name" : "WORKING_DIRECTORY",
          "value" : "E:/VS2019Qt5.15/3D/build/win-msvc-debug"
        }
      ]
    }
  ],
  "version" : 
  {
    "major" : 1,
    "minor" : 0
  }
}