适用于 .NET Framework MSBuild 版本 17.14.40+3e7442088

  1>Checking Build System
  Building Custom Rule E:/VS2019Qt5.15/3D/tests/compile/contracts/CMakeLists.txt
  contracts_tests.cpp
  Building Custom Rule E:/VS2019Qt5.15/3D/tests/contract/authorization/CMakeLists.txt
  policy.cpp
  Building Custom Rule E:/VS2019Qt5.15/3D/tests/unit/foundation/CMakeLists.txt
  foundation_tests.cpp
E:\VS2019Qt5.15\3D\tests\compile\contracts\contracts_tests.cpp(665,5): warning C4297: “ThrowReceiver::candidate_ready”: 假定函数不引发异常，但确实发生了 [E:\VS2019Qt5.15\3D\build\d1.05-debug\tests\compile\contracts\ock_contracts_tests.vcxproj]
      E:\VS2019Qt5.15\3D\tests\compile\contracts\contracts_tests.cpp(665,5):
      在函数上指定了 __declspec(nothrow)、throw()、noexcept(true)或 noexcept
  
  ock_foundation_tests.vcxproj -> E:\VS2019Qt5.15\3D\build\d1.05-debug\tests\unit\foundation\Debug\ock_foundation_tests.exe
  Building Custom Rule E:/VS2019Qt5.15/3D/tests/contract/registration/CMakeLists.txt
  registry.cpp
  Building Custom Rule E:/VS2019Qt5.15/3D/CMakeLists.txt
  expected.cpp
  ock_contracts_tests.vcxproj -> E:\VS2019Qt5.15\3D\build\d1.05-debug\tests\compile\contracts\Debug\ock_contracts_tests.exe
  ock_policy_internal.vcxproj -> E:\VS2019Qt5.15\3D\build\d1.05-debug\tests\contract\authorization\Debug\ock_policy_internal.lib
  {"actual_cases": ["T02.contracts.type_contract_constraints", "T02.contracts.typed_value_validation", "T02.contracts.read_shape", "T02.contracts.state_edit_shape", "T02.contracts.effect_shape", "T02.contracts.lifecycle_shape", "T02.contracts.context_capability_boundary", "T02.contracts.atomic_read_adapters", "T02.contracts.atomic_async_rejected", "T05.contracts.operation_exact_identity", "T05.contracts.typed_binding_fingerprint", "T05.contracts.binding_generation_before_access", "T05.contracts.binding_owner_lifetime", "T05.contracts.execution_identity_separation", "T06.contracts.outcome_closed_variants", "T06.contracts.known_facts_append_only", "T06.contracts.publication_proof_required", "T06.contracts.effect_report_preserves_fact", "T06.contracts.lifecycle_report_preserves_state", "T06.contracts.before_apply_and_composite_proofs", "T06.contracts.reply_phase_completion_separation", "T06.contracts.executor_inline_ownership", "T06.contracts.executor_reject_exception_cleanup", "T06.contracts.completion_once_and_drain", "T06.contracts.atomic_prepared_identity", "T06.contracts.record_evidence_boundary", "T19.contracts.summary_owned_snapshot", "T19.contracts.observation_host_version", "T19.contracts.observation_budgets", "T19.contracts.authorized_owner_filter", "T19.contracts.completion_independent_of_observation", "T19.contracts.live_keyset_progress", "T24.contracts.port_factory_contract_manifest"], "count": 33}
  {"actual_cases": ["T03.foundation.code_only_no_allocation", "T03.foundation.value_operations_no_allocation", "T03.foundation.layout_statistics", "T04.foundation.result_move_only_value", "T04.foundation.result_move_only_error", "T04.foundation.result_void", "T04.foundation.result_error_propagation", "T04.foundation.result_bad_access", "T04.foundation.exception_not_business_failure", "T04.foundation.static_error_domain", "T04.foundation.error_details_ownership", "T04.foundation.error_details_budget", "T04.foundation.display_utf8", "T04.foundation.checked_arithmetic", "T04.foundation.checked_narrowing", "T04.foundation.checked_count_atomic_update", "T04.foundation.invariant_fail_fast", "T05.foundation.name_ascii_bounds", "T05.foundation.name_case_and_ownership", "T05.foundation.tagged_identity_types", "T05.foundation.identity_canonical_codec", "T05.foundation.bound_handle_generation", "T05.foundation.runtime_epoch_separation"], "count": 23}
  Building Custom Rule E:/VS2019Qt5.15/3D/tests/contract/authorization/CMakeLists.txt
  policy_tests.cpp
  ock_probe_expected.vcxproj -> E:\VS2019Qt5.15\3D\build\d1.05-debug\Debug\ock_probe_expected.exe
  Building Custom Rule E:/VS2019Qt5.15/3D/CMakeLists.txt
  toolchain.cpp
  ock_registry_internal.vcxproj -> E:\VS2019Qt5.15\3D\build\d1.05-debug\tests\contract\registration\Debug\ock_registry_internal.lib
  Building Custom Rule E:/VS2019Qt5.15/3D/tests/contract/registration/CMakeLists.txt
  Building Custom Rule E:/VS2019Qt5.15/3D/tests/contract/native/CMakeLists.txt
  invocation.cpp
  ock_probe_toolchain.vcxproj -> E:\VS2019Qt5.15\3D\build\d1.05-debug\Debug\ock_probe_toolchain.exe
  registration_tests.cpp
  ock_invocation_internal.vcxproj -> E:\VS2019Qt5.15\3D\build\d1.05-debug\tests\contract\native\Debug\ock_invocation_internal.lib
  Building Custom Rule E:/VS2019Qt5.15/3D/CMakeLists.txt
  sdk_metadata.cpp
  ock_policy_tests.vcxproj -> E:\VS2019Qt5.15\3D\build\d1.05-debug\tests\contract\authorization\Debug\ock_policy_tests.exe
  {"actual_cases": ["T07.policy.authentication_source", "T07.policy.cancel_arbitration", "T07.policy.consume_before_revoke", "T07.policy.delegation_shrink", "T07.policy.exception_atomicity", "T07.policy.expiry_boundary", "T07.policy.generation_exhaustion", "T07.policy.group_members_complete", "T07.policy.group_substitution", "T07.policy.operation_exact_contract", "T07.policy.owned_inputs_budget", "T07.policy.owner_scope", "T07.policy.permit_concurrent", "T07.policy.permit_once", "T07.policy.permit_origin_binding", "T07.policy.recursive_delegation_denied", "T07.policy.revoke_before_consume", "T07.policy.scope_four_way", "T07.policy.service_principal", "T07.policy.session_isolation", "T07.policy.target_frozen_set", "T07.policy.target_issued_identity", "T07.policy.target_lifecycle", "T19.policy.page_binding_isolation", "T19.policy.page_owner_authorization", "T19.policy.page_revoke_live_keyset", "T19.policy.query_field_projection", "T19.policy.subscription_connection_cleanup", "T19.policy.subscription_scope_atomic", "T20.policy.failed_start_not_started", "T20.policy.internal_component_boundary", "T20.policy.queued_revoke_drop", "T20.policy.transmission_start_arbitration", "T20.policy.unknown_start_no_retry", "T20.policy.unsubscribe_inflight"], "count": 35}
  Building Custom Rule E:/VS2019Qt5.15/3D/examples/native_service/CMakeLists.txt
  main.cpp
  ock_sdk_metadata_probe.vcxproj -> E:\VS2019Qt5.15\3D\build\d1.05-debug\Debug\ock_sdk_metadata_probe.exe
  ock_registration_tests.vcxproj -> E:\VS2019Qt5.15\3D\build\d1.05-debug\tests\contract\registration\Debug\ock_registration_tests.exe
  {"actual_cases": ["T02.registration.atomic_candidate_contract", "T02.registration.batch_k_failure_atomic", "T02.registration.callback_exception_cleanup", "T02.registration.declared_operations_complete", "T02.registration.error_budget_sticky", "T02.registration.exact_operation_versions", "T02.registration.execution_capabilities", "T02.registration.ignored_errors_sticky", "T02.registration.manifest_owned_budget", "T02.registration.module_cycles_rejected", "T02.registration.module_dag_order", "T02.registration.module_identity_versions", "T02.registration.provider_binding", "T02.registration.schema_capability_absent", "T02.registration.service_binding", "T02.registration.shape_compile_contract", "T05.registration.exact_fingerprint", "T05.registration.failure_preserves_catalog", "T05.registration.publish_once_freeze", "T05.registration.registry_generation", "T05.registration.snapshot_lifetime", "T05.registration.typed_binding_success", "T24.registration.cold_docs_separation", "T24.registration.handler_not_exposed", "T24.registration.internal_component_boundary"], "count": 25}
  ock_native_service.vcxproj -> E:\VS2019Qt5.15\3D\build\d1.05-debug\examples\native_service\Debug\ock_native_service.exe
  Building Custom Rule E:/VS2019Qt5.15/3D/tests/contract/native/CMakeLists.txt
  native_tests.cpp
  allocation_probe.cpp
  正在生成代码...
  ock_native_tests.vcxproj -> E:\VS2019Qt5.15\3D\build\d1.05-debug\tests\contract\native\Debug\ock_native_tests.exe
  {"actual_cases": ["T02.native.candidate_read_dispatch", "T02.native.exact_binding", "T02.native.invalid_input", "T02.native.private_dispatch", "T02.native.registered_compute", "T02.native.registered_read", "T02.native.validation_exception", "T03.native.cancel_and_budget", "T03.native.component_boundary", "T03.native.example_consumer", "T03.native.no_self_wait", "T03.native.no_task_path", "T03.native.provider_unavailable", "T03.native.reentrant_and_concurrent", "T03.native.resource_lifetime", "T03.native.thread_modes", "T03.native.thread_origin", "T06.native.admission_order", "T06.native.authority_origin", "T06.native.business_failure", "T06.native.invalid_output", "T06.native.lifecycle_replacement", "T06.native.outcome_consistency", "T06.native.permission_intersection", "T06.native.policy_contract_alignment", "T06.native.revoke_and_regrant", "T06.native.session_and_deadline", "T06.native.target_binding", "T23.native.allocation_governance", "T23.native.allocation_other_costs", "T23.native.allocation_probe", "T23.native.allocation_steady"], "count": 32}
  Building Custom Rule E:/VS2019Qt5.15/3D/CMakeLists.txt
