CMake is re-running because J:/Code/Kernel_v2/build/b4-debug/CMakeFiles/generate.stamp is out-of-date.
  the file 'J:/Code/Kernel_v2/CMakeLists.txt'
  is newer than 'J:/Code/Kernel_v2/build/b4-debug/CMakeFiles/generate.stamp.depend'
  result='-1'
-- Configuring done (2.2s)
-- Generating done (0.3s)
-- Build files have been written to: J:/Code/Kernel_v2/build/b4-debug
适用于 .NET Framework MSBuild 版本 17.14.23+b0019275e

  1>Checking Build System
  ock_Adapter_CpuPool.vcxproj -> J:\Code\Kernel_v2\build\b4-debug\Debug\ock_Adapter_CpuPool.lib
  contract.cpp
  ock_executor_contract.vcxproj -> J:\Code\Kernel_v2\build\b4-debug\tests\conformance\executor\Debug\ock_executor_contract.exe
适用于 .NET Framework MSBuild 版本 17.14.23+b0019275e

  ock_Adapter_CpuPool.vcxproj -> J:\Code\Kernel_v2\build\b4-debug\Debug\ock_Adapter_CpuPool.lib
  Building Custom Rule J:/Code/Kernel_v2/tests/contract/executor/CMakeLists.txt
  lifecycle.cpp
  ock_executor_lifecycle.vcxproj -> J:\Code\Kernel_v2\build\b4-debug\tests\contract\executor\Debug\ock_executor_lifecycle.exe
适用于 .NET Framework MSBuild 版本 17.14.23+b0019275e

  Building Custom Rule J:/Code/Kernel_v2/tests/contract/executor/CMakeLists.txt
  consumer.cpp
  ock_executor_consumer.vcxproj -> J:\Code\Kernel_v2\build\b4-debug\tests\contract\executor\Debug\ock_executor_consumer.exe
适用于 .NET Framework MSBuild 版本 17.14.23+b0019275e

  ock_Adapter_CpuPool.vcxproj -> J:\Code\Kernel_v2\build\b4-debug\Debug\ock_Adapter_CpuPool.lib
  scheduler.cpp
  ock_Runtime.vcxproj -> J:\Code\Kernel_v2\build\b4-debug\Debug\ock_Runtime.lib
  contract.cpp
  ock_scheduler_contract.vcxproj -> J:\Code\Kernel_v2\build\b4-debug\tests\unit\scheduler\Debug\ock_scheduler_contract.exe
适用于 .NET Framework MSBuild 版本 17.14.23+b0019275e

  ock_Adapter_CpuPool.vcxproj -> J:\Code\Kernel_v2\build\b4-debug\Debug\ock_Adapter_CpuPool.lib
  ock_Runtime.vcxproj -> J:\Code\Kernel_v2\build\b4-debug\Debug\ock_Runtime.lib
  contract.cpp
  ock_resources_contract.vcxproj -> J:\Code\Kernel_v2\build\b4-debug\tests\contract\resources\Debug\ock_resources_contract.exe
